<html>
<body>
<pre>
<h1>µVision Build Log</h1>
<h2>Tool Versions:</h2>
IDE-Version: µVision V5.30.0.0
Copyright (C) 2020 ARM Ltd and ARM Germany GmbH. All rights reserved.
License Information: first_name last_name, company_name, LIC=MGX30-BE3Q0-KSMYM-XJNFS-GD9AV-4XK1G
 
Tool Versions:
Toolchain:       MDK-ARM Professional  Version: 5.29.0.0
Toolchain Path:  C:\Keil\ARM\ARMCLANG\Bin
C Compiler:      ArmClang.exe V6.13.1
Assembler:       Armasm.exe V6.13.1
Linker/Locator:  ArmLink.exe V6.13.1
Library Manager: ArmAr.exe V6.13.1
Hex Converter:   FromElf.exe V6.13.1
CPU DLL:         SARMCM3.DLL V5.29.0.0
Dialog DLL:      DCM.DLL V1.17.3.0
Target DLL:      STLink\ST-LINKIII-KEIL_SWO.dll V3.0.7.0
Dialog DLL:      TCM.DLL V1.36.5.0
 
<h2>Project:</h2>
F:\ProjektiOtvoreni\KuceOdDzevadova\fw\KucaDzevadaPrvog\KucaJedan\ICBL\MDK-ARM\ICBL.uvprojx
Project File Date:  08/08/2020

<h2>Output:</h2>
*** Using Compiler 'V6.13.1', folder: 'C:\Keil\ARM\ARMCLANG\Bin'
Rebuild target 'ICBL'
Before Build - User command #1: Run\fwbuild.bat
F:\ProjektiOtvoreni\KuceOdDzevadova\fw\KucaDzevadaPrvog\KucaJedan\ICBL\MDK-ARM>for /F "tokens=1,2,3,4 delims=/ " %a in ("ned 09. 08. 2020.") do set wday=%a  & set day=%b  & set month=%c  & set year=%d 
F:\ProjektiOtvoreni\KuceOdDzevadova\fw\KucaDzevadaPrvog\KucaJedan\ICBL\MDK-ARM>set wday=ned  & set day=09.  & set month=08.  & set year=2020. 
F:\ProjektiOtvoreni\KuceOdDzevadova\fw\KucaDzevadaPrvog\KucaJedan\ICBL\MDK-ARM>for /F "tokens=1,2,3 delims=:" %a in ("02:57:14,42") do set hour=%a  & set minute=%b  & set seconds=%c 
F:\ProjektiOtvoreni\KuceOdDzevadova\fw\KucaDzevadaPrvog\KucaJedan\ICBL\MDK-ARM>set hour=02  & set minute=57  & set seconds=14,42 
F:\ProjektiOtvoreni\KuceOdDzevadova\fw\KucaDzevadaPrvog\KucaJedan\ICBL\MDK-ARM>(
echo #define FW_DATE                                	0x00200809  
 echo #define FW_TIME                        			0x00025714  
) 1>"..\..\Common\fwbuild.h" 
F:\ProjektiOtvoreni\KuceOdDzevadova\fw\KucaDzevadaPrvog\KucaJedan\ICBL\MDK-ARM>cscript ..\..\Common\fwbuild.vbs 
Microsoft (R) Windows Script Host Version 5.812
Copyright (C) Microsoft Corporation. All rights reserved.
F:\ProjektiOtvoreni\KuceOdDzevadova\fw\KucaDzevadaPrvog\KucaJedan\ICBL\MDK-ARM>..\..\Common\incbild.exe "..\..\Common\common.h" 
compiling stm32f7xx_hal_flash.c...
compiling stm32f7xx_hal_flash_ex.c...
compiling system_stm32f7xx.c...
compiling stm32f7xx_hal.c...
compiling stm32f7xx_hal_gpio.c...
compiling stm32f7xx_hal_cortex.c...
compiling stm32f7xx_hal_dma.c...
compiling stm32746g_qspi.c...
compiling stm32f7xx_hal_sdram.c...
compiling stm32f7xx_hal_crc_ex.c...
compiling stm32f7xx_hal_pwr_ex.c...
compiling stm32f7xx_hal_pwr.c...
compiling stm32f7xx_hal_crc.c...
compiling stm32f7xx_hal_rcc.c...
compiling stm32f7xx_hal_rcc_ex.c...
assembling startup_stm32f746xx.s...
compiling stm32f7xx_hal_iwdg.c...
compiling stm32f7xx_it.c...
compiling stm32f7xx_hal_qspi.c...
compiling main.c...
compiling common.c...
linking...
Program Size: Code=9544 RO-data=520 RW-data=4 ZI-data=8604  
FromELF: creating hex file...
After Build - User command #1: Run\icbl.bat
F:\ProjektiOtvoreni\KuceOdDzevadova\fw\KucaDzevadaPrvog\KucaJedan\ICBL\MDK-ARM>ECHO OFF 
".\Exe\icbl.axf" - 0 Error(s), 0 Warning(s).

<h2>Software Packages used:</h2>

Package Vendor: ARM
                http://www.keil.com/pack/ARM.CMSIS.5.7.0.pack
                ARM.CMSIS.5.7.0
                CMSIS (Cortex Microcontroller Software Interface Standard)
   * Component: CORE Version: 5.4.0

Package Vendor: Keil
                https://www.keil.com/pack/Keil.STM32F7xx_DFP.2.12.0.pack
                Keil.STM32F7xx_DFP.2.12.0
                STMicroelectronics STM32F7 Series Device Support, Drivers and Examples

<h2>Collection of Component include folders:</h2>
  .\RTE\_ICBL
  F:\Repository\Packs\ARM\CMSIS\5.7.0\CMSIS\Core\Include
  F:\Repository\Packs\Keil\STM32F7xx_DFP\2.12.0\Drivers\CMSIS\Device\ST\STM32F7xx\Include

<h2>Collection of Component Files used:</h2>

   * Component: ARM::CMSIS:CORE:5.4.0
Build Time Elapsed:  00:00:02
</pre>
</body>
</html>
