<html>
<body>
<pre>
<h1>µVision Build Log</h1>
<h2>Tool Versions:</h2>
IDE-Version: µVision V5.29.0.0
Copyright (C) 2019 ARM Ltd and ARM Germany GmbH. All rights reserved.
License Information: no_name no_last_name, no_company, LIC=7YKY8-38F3U-06HQU-SNXKD-GZ9PP-2ZWZI
 
Tool Versions:
Toolchain:       MDK-ARM Professional  Version: 5.29.0.0
Toolchain Path:  C:\Keil\ARM\ARMCC\Bin
C Compiler:      Armcc.exe V5.06 update 6 (build 750)
Assembler:       Armasm.exe V5.06 update 6 (build 750)
Linker/Locator:  ArmLink.exe V5.06 update 6 (build 750)
Library Manager: ArmAr.exe V5.06 update 6 (build 750)
Hex Converter:   FromElf.exe V5.06 update 6 (build 750)
CPU DLL:         SARMCM3.DLL V5.29.0.0
Dialog DLL:      DCM.DLL V1.17.3.0
Target DLL:      STLink\ST-LINKIII-KEIL_SWO.dll V3.0.7.0
Dialog DLL:      TCM.DLL V1.36.5.0
 
<h2>Project:</h2>
H:\ProjektiOtvoreni\KuceOdDzevadova\fw\RSBL\MDK-ARM\RSBL.uvprojx
Project File Date:  03/06/2021

<h2>Output:</h2>
*** Using Compiler 'V5.06 update 6 (build 750)', folder: 'C:\Keil\ARM\ARMCC\Bin'
Rebuild target 'RSBL'
Before Build - User command #1: Run\fwbuild.bat
H:\ProjektiOtvoreni\KuceOdDzevadova\fw\RSBL\MDK-ARM>for /F "tokens=1,2,3,4 delims=/ " %a in ("sub 06. 03. 2021.") do set wday=%a  & set day=%b  & set month=%c  & set year=%d 
H:\ProjektiOtvoreni\KuceOdDzevadova\fw\RSBL\MDK-ARM>set wday=sub  & set day=06.  & set month=03.  & set year=2021. 
H:\ProjektiOtvoreni\KuceOdDzevadova\fw\RSBL\MDK-ARM>for /F "tokens=1,2,3 delims=:" %a in ("12:22:50,93") do set hour=%a  & set minute=%b  & set seconds=%c 
H:\ProjektiOtvoreni\KuceOdDzevadova\fw\RSBL\MDK-ARM>set hour=12  & set minute=22  & set seconds=50,93 
H:\ProjektiOtvoreni\KuceOdDzevadova\fw\RSBL\MDK-ARM>(
echo #define FW_DATE                                	0x00210306  
 echo #define FW_TIME                        			0x00122250  
) 1>"..\..\Common\fwbuild.h" 
H:\ProjektiOtvoreni\KuceOdDzevadova\fw\RSBL\MDK-ARM>cscript ..\..\Common\fwbuild.vbs 
Microsoft (R) Windows Script Host Version 5.812
Copyright (C) Microsoft Corporation. All rights reserved.
H:\ProjektiOtvoreni\KuceOdDzevadova\fw\RSBL\MDK-ARM>..\..\Common\incbild.exe "..\..\Common\common.h" 
compiling stm32f7xx_hal_cortex.c...
compiling stm32f7xx_hal_dma.c...
compiling stm32f7xx_hal.c...
compiling stm32f7xx_hal_flash_ex.c...
compiling stm32f7xx_hal_flash.c...
compiling system_stm32f7xx.c...
compiling stm32746g_qspi.c...
compiling stm32f7xx_hal_sdram.c...
compiling stm32f7xx_hal_gpio.c...
compiling stm32f7xx_hal_pwr.c...
compiling stm32f7xx_hal_rcc_ex.c...
compiling stm32f7xx_hal_crc.c...
compiling stm32f7xx_hal_pwr_ex.c...
assembling startup_stm32f746xx.s...
compiling stm32f7xx_hal_rcc.c...
compiling stm32f7xx_hal_crc_ex.c...
compiling stm32f7xx_hal_iwdg.c...
compiling stm32f7xx_it.c...
compiling stm32f7xx_hal_qspi.c...
compiling main.c...
compiling common.c...
linking...
Program Size: Code=12484 RO-data=536 RW-data=20 ZI-data=8684  
FromELF: creating hex file...
After Build - User command #1: Run\rsbl.bat
H:\ProjektiOtvoreni\KuceOdDzevadova\fw\RSBL\MDK-ARM>ECHO OFF 
".\Exe\rsbl.axf" - 0 Error(s), 0 Warning(s).

<h2>Software Packages used:</h2>

Package Vendor: ARM
                http://www.keil.com/pack/ARM.CMSIS.5.7.0.pack
                ARM.CMSIS.5.7.0
                CMSIS (Cortex Microcontroller Software Interface Standard)
   * Component: CORE Version: 5.4.0

Package Vendor: Keil
                http://www.keil.com/pack/Keil.STM32F7xx_DFP.2.13.0.pack
                Keil.STM32F7xx_DFP.2.13.0
                STMicroelectronics STM32F7 Series Device Support, Drivers and Examples

<h2>Collection of Component include folders:</h2>
  .\RTE\_RSBL
  H:\Repository\Packs\ARM\CMSIS\5.7.0\CMSIS\Core\Include
  H:\Repository\Packs\Keil\STM32F7xx_DFP\2.13.0\Drivers\CMSIS\Device\ST\STM32F7xx\Include

<h2>Collection of Component Files used:</h2>

   * Component: ARM::CMSIS:CORE:5.4.0
Build Time Elapsed:  00:01:03
</pre>
</body>
</html>
