stm324xg_eval_lcd.c:1410:13:delay	16	static
stm324xg_eval_lcd.c:412:6:LCD_SetColors	8	static
stm324xg_eval_lcd.c:426:6:LCD_GetColors	0	static
stm324xg_eval_lcd.c:436:6:LCD_SetTextColor	8	static
stm324xg_eval_lcd.c:447:6:LCD_SetBackColor	8	static
stm324xg_eval_lcd.c:457:6:LCD_SetFont	0	static
stm324xg_eval_lcd.c:467:8:LCD_GetFont	0	static
stm324xg_eval_lcd.c:515:6:LCD_SetCursor	0	static
stm324xg_eval_lcd.c:497:6:LCD_Clear	8	static
stm324xg_eval_lcd.c:528:6:LCD_DrawChar	32	static
stm324xg_eval_lcd.c:567:6:LCD_DisplayChar	4	static
stm324xg_eval_lcd.c:479:6:LCD_ClearLine	24	static
stm324xg_eval_lcd.c:581:6:LCD_DisplayStringLine	24	static
stm324xg_eval_lcd.c:605:6:LCD_SetDisplayWindow	8	static
stm324xg_eval_lcd.c:637:6:LCD_WindowModeDisable	8	static
stm324xg_eval_lcd.c:652:6:LCD_DrawLine	32	static
stm324xg_eval_lcd.c:1394:13:PutPixel	0	static
stm324xg_eval_lcd.c:685:6:LCD_DrawRect	24	static
stm324xg_eval_lcd.c:701:6:LCD_DrawCircle	64	static
stm324xg_eval_lcd.c:755:6:LCD_DrawMonoPict	24	static
stm324xg_eval_lcd.c:781:6:LCD_WriteBMP	8	static
stm324xg_eval_lcd.c:819:6:LCD_DrawFullRect	32	static
stm324xg_eval_lcd.c:850:6:LCD_DrawFullCircle	48	static
stm324xg_eval_lcd.c:900:6:LCD_DrawUniLine	48	static
stm324xg_eval_lcd.c:999:13:LCD_PolyLineRelativeClosed	32	static
stm324xg_eval_lcd.c:973:6:LCD_PolyLine	16	static
stm324xg_eval_lcd.c:1029:6:LCD_ClosedPolyLine	16	static
stm324xg_eval_lcd.c:1041:6:LCD_PolyLineRelative	0	static
stm324xg_eval_lcd.c:1052:6:LCD_ClosedPolyLineRelative	0	static
stm324xg_eval_lcd.c:1064:6:LCD_FillPolyLine	472	static
stm324xg_eval_lcd.c:1172:6:LCD_WriteReg	0	static
stm324xg_eval_lcd.c:1185:10:LCD_ReadReg	0	static
stm324xg_eval_lcd.c:1198:6:LCD_WriteRAM_Prepare	0	static
stm324xg_eval_lcd.c:1208:6:LCD_WriteRAM	0	static
stm324xg_eval_lcd.c:1219:10:LCD_ReadRAM	0	static
stm324xg_eval_lcd.c:1232:6:LCD_PowerOn	24	static
stm324xg_eval_lcd.c:1256:6:LCD_DisplayOn	0	static
stm324xg_eval_lcd.c:1267:6:LCD_DisplayOff	0	static
stm324xg_eval_lcd.c:124:6:LCD_DeInit	32	static
stm324xg_eval_lcd.c:1278:6:LCD_CtrlLinesConfig	24	static
stm324xg_eval_lcd.c:1339:6:LCD_FSMCConfig	96	static
stm324xg_eval_lcd.c:233:6:LCD_Init	48	static
