stm324xg_eval_ioe.c:1391:13:IOE_GPIO_Config	24	static
stm324xg_eval_ioe.c:1462:13:IOE_DMA_Config	80	static
stm324xg_eval_ioe.c:1896:13:delay.constprop	8	static
stm324xg_eval_ioe.c:1863:9:IOE_TimeoutUserCallback	32	static
stm324xg_eval_ioe.c:1034:9:I2C_DMA_WriteDeviceRegister	32	static
stm324xg_eval_ioe.c:1136:9:I2C_DMA_ReadDeviceRegister	32	static
stm324xg_eval_ioe.c:1233:10:I2C_DMA_ReadDataBuffer	32	static
stm324xg_eval_ioe.c:1543:9:I2C_WriteDeviceRegister	32	static
stm324xg_eval_ioe.c:296:9:IOE_WriteIOPin	8	static
stm324xg_eval_ioe.c:528:9:IOE_ClearGITPending	8	static
stm324xg_eval_ioe.c:570:9:IOE_ClearIOITPending	16	static
stm324xg_eval_ioe.c:622:9:IOE_Reset	8	static
stm324xg_eval_ioe.c:1632:9:I2C_ReadDeviceRegister	24	static
stm324xg_eval_ioe.c:339:9:IOE_ReadIOPin	8	static
stm324xg_eval_ioe.c:380:18:IOE_JoyStickGetState	8	static
stm324xg_eval_ioe.c:462:10:IOE_TempSens_GetData	8	static
stm324xg_eval_ioe.c:495:12:IOE_GetGITStatus	16	static
stm324xg_eval_ioe.c:545:12:IOE_GetIOITStatus	8	static
stm324xg_eval_ioe.c:643:10:IOE_ReadID	16	static
stm324xg_eval_ioe.c:669:9:IOE_FnctCmd	16	static
stm324xg_eval_ioe.c:890:9:IOE_TempSens_Config	16	static
stm324xg_eval_ioe.c:702:9:IOE_IOPinConfig	16	static
stm324xg_eval_ioe.c:732:9:IOE_GITCmd	16	static
stm324xg_eval_ioe.c:773:9:IOE_GITConfig	16	static
stm324xg_eval_ioe.c:807:9:IOE_IOITConfig	16	static
stm324xg_eval_ioe.c:916:9:IOE_IOAFConfig	16	static
stm324xg_eval_ioe.c:836:9:IOE_TS_Config	8	static
stm324xg_eval_ioe.c:951:9:IOE_IOEdgeConfig	24	static
stm324xg_eval_ioe.c:994:9:IOE_ITOutConfig	16	static
stm324xg_eval_ioe.c:216:9:IOE_ITConfig	40	static
stm324xg_eval_ioe.c:595:9:IOE_IsOperational	8	static
stm324xg_eval_ioe.c:135:9:IOE_Config	24	static
stm324xg_eval_ioe.c:1729:10:I2C_ReadDataBuffer	24	static
stm324xg_eval_ioe.c:422:11:IOE_TS_GetState	24	static
