stm324xg_eval_sdio_sd.c:2300:17:CmdResp2Error	8	static
stm324xg_eval_sdio_sd.c:2521:17:IsCardProgramming	24	static
stm324xg_eval_sdio_sd.c:2126:17:CmdResp1Error	16	static
stm324xg_eval_sdio_sd.c:2680:17:FindSCR.isra.1	40	static
stm324xg_eval_sdio_sd.c:2407:17:SDEnWideBus	32	static
stm324xg_eval_sdio_sd.c:1849:10:SD_SendStatus.part.3	16	static
stm324xg_eval_sdio_sd.c:389:6:SD_DeInit	0	static
stm324xg_eval_sdio_sd.c:512:9:SD_Detect	16	static
stm324xg_eval_sdio_sd.c:486:13:SD_GetState	16	static
stm324xg_eval_sdio_sd.c:461:17:SD_GetStatus	8	static
stm324xg_eval_sdio_sd.c:530:10:SD_PowerON	40	static
stm324xg_eval_sdio_sd.c:674:10:SD_PowerOFF	8	static
stm324xg_eval_sdio_sd.c:690:10:SD_InitializeCards	16	static
stm324xg_eval_sdio_sd.c:779:10:SD_GetCardInfo	28	static
stm324xg_eval_sdio_sd.c:1076:10:SD_EnableWideBusOperation	16	static
stm324xg_eval_sdio_sd.c:1135:10:SD_SelectDeselect	8	static
stm324xg_eval_sdio_sd.c:400:10:SD_Init	16	static
stm324xg_eval_sdio_sd.c:1166:10:SD_ReadBlock	32	static
stm324xg_eval_sdio_sd.c:1299:10:SD_ReadMultiBlocks	32	static
stm324xg_eval_sdio_sd.c:1426:10:SD_WriteBlock	32	static
stm324xg_eval_sdio_sd.c:1561:10:SD_WriteMultiBlocks	40	static
stm324xg_eval_sdio_sd.c:1713:17:SD_GetTransferState	0	static
stm324xg_eval_sdio_sd.c:1730:10:SD_StopTransfer	8	static
stm324xg_eval_sdio_sd.c:1367:10:SD_WaitReadOperation	16	static
stm324xg_eval_sdio_sd.c:1660:10:SD_WaitWriteOperation	16	static
stm324xg_eval_sdio_sd.c:1753:10:SD_Erase	32	static
stm324xg_eval_sdio_sd.c:1849:10:SD_SendStatus	0	static
stm324xg_eval_sdio_sd.c:1884:10:SD_SendSDStatus	32	static
stm324xg_eval_sdio_sd.c:991:10:SD_GetCardStatus	16	static
stm324xg_eval_sdio_sd.c:2001:10:SD_ProcessIRQSrc	8	static
stm324xg_eval_sdio_sd.c:2046:6:SD_ProcessDMAIRQ	0	static
stm324xg_eval_sdio_sd.c:2789:9:convert_from_bytes_to_power_of_two	0	static
stm324xg_eval_sdio_sd.c:2809:10:SD_HighSpeed	104	static
