stm32l1xx_aes.c:115:6:AES_DeInit	8	static
stm32l1xx_aes.c:135:6:AES_Init	8	static
stm32l1xx_aes.c:165:6:AES_KeyInit	0	static
stm32l1xx_aes.c:184:6:AES_IVInit	0	static
stm32l1xx_aes.c:199:6:AES_Cmd	0	static
stm32l1xx_aes.c:238:6:AES_StructInit	0	static
stm32l1xx_aes.c:251:6:AES_KeyStructInit	0	static
stm32l1xx_aes.c:265:6:AES_IVStructInit	0	static
stm32l1xx_aes.c:298:6:AES_WriteSubData	0	static
stm32l1xx_aes.c:311:10:AES_ReadSubData	0	static
stm32l1xx_aes.c:327:6:AES_ReadKey	0	static
stm32l1xx_aes.c:348:6:AES_ReadIV	0	static
stm32l1xx_aes.c:430:6:AES_ITConfig	0	static
stm32l1xx_aes.c:384:6:AES_DMAConfig	0	static
stm32l1xx_aes.c:458:12:AES_GetFlagStatus	0	static
stm32l1xx_aes.c:490:6:AES_ClearFlag	0	static
stm32l1xx_aes.c:516:10:AES_GetITStatus	0	static
stm32l1xx_aes.c:578:6:AES_ClearITPendingBit	0	static
