stm32l1xx_sdio.c:248:6:SDIO_DeInit	8	static
stm32l1xx_sdio.c:261:6:SDIO_Init	8	static
stm32l1xx_sdio.c:299:6:SDIO_StructInit	0	static
stm32l1xx_sdio.c:315:6:SDIO_ClockCmd	0	static
stm32l1xx_sdio.c:331:6:SDIO_SetPowerState	0	static
stm32l1xx_sdio.c:348:10:SDIO_GetPowerState	0	static
stm32l1xx_sdio.c:376:6:SDIO_DMACmd	0	static
stm32l1xx_sdio.c:409:6:SDIO_SendCommand	8	static
stm32l1xx_sdio.c:445:6:SDIO_CmdStructInit	0	static
stm32l1xx_sdio.c:460:9:SDIO_GetCommandResponse	0	static
stm32l1xx_sdio.c:475:10:SDIO_GetResponse	8	static
stm32l1xx_sdio.c:512:6:SDIO_DataConfig	8	static
stm32l1xx_sdio.c:553:6:SDIO_DataStructInit	0	static
stm32l1xx_sdio.c:569:10:SDIO_GetDataCounter	0	static
stm32l1xx_sdio.c:579:10:SDIO_ReadData	0	static
stm32l1xx_sdio.c:589:6:SDIO_WriteData	0	static
stm32l1xx_sdio.c:599:10:SDIO_GetFIFOCount	0	static
stm32l1xx_sdio.c:628:6:SDIO_StartSDIOReadWait	0	static
stm32l1xx_sdio.c:642:6:SDIO_StopSDIOReadWait	0	static
stm32l1xx_sdio.c:658:6:SDIO_SetSDIOReadWaitMode	0	static
stm32l1xx_sdio.c:672:6:SDIO_SetSDIOOperation	0	static
stm32l1xx_sdio.c:686:6:SDIO_SendSDIOSuspendCmd	0	static
stm32l1xx_sdio.c:718:6:SDIO_CommandCompletionCmd	0	static
stm32l1xx_sdio.c:731:6:SDIO_CEATAITCmd	0	static
stm32l1xx_sdio.c:744:6:SDIO_SendCEATACmd	0	static
stm32l1xx_sdio.c:802:6:SDIO_ITConfig	0	static
stm32l1xx_sdio.c:889:6:SDIO_ClearFlag	0	static
stm32l1xx_sdio.c:928:10:SDIO_GetITStatus	0	static
stm32l1xx_sdio.c:851:12:SDIO_GetFlagStatus	0	static
stm32l1xx_sdio.c:964:6:SDIO_ClearITPendingBit	0	static
