stm32l1xx_rtc.c:2638:16:RTC_ByteToBcd2	0	static
stm32l1xx_rtc.c:2656:16:RTC_Bcd2ToByte	0	static
stm32l1xx_rtc.c:442:6:RTC_StructInit	0	static
stm32l1xx_rtc.c:464:6:RTC_WriteProtectionCmd	0	static
stm32l1xx_rtc.c:491:13:RTC_EnterInitMode	8	static
stm32l1xx_rtc.c:536:6:RTC_ExitInitMode	0	static
stm32l1xx_rtc.c:396:13:RTC_Init	16	static
stm32l1xx_rtc.c:558:13:RTC_WaitForSynchro	16	static
stm32l1xx_rtc.c:312:13:RTC_DeInit	24	static
stm32l1xx_rtc.c:601:13:RTC_RefClockCmd	16	static
stm32l1xx_rtc.c:649:6:RTC_BypassShadowCmd	0	static
stm32l1xx_rtc.c:703:13:RTC_SetTime	16	static
stm32l1xx_rtc.c:807:6:RTC_TimeStructInit	0	static
stm32l1xx_rtc.c:826:6:RTC_GetTime	16	static
stm32l1xx_rtc.c:859:10:RTC_GetSubSecond	0	static
stm32l1xx_rtc.c:884:13:RTC_SetDate	16	static
stm32l1xx_rtc.c:975:6:RTC_DateStructInit	0	static
stm32l1xx_rtc.c:994:6:RTC_GetDate	16	static
stm32l1xx_rtc.c:1054:6:RTC_SetAlarm	32	static
stm32l1xx_rtc.c:1165:6:RTC_AlarmStructInit	0	static
stm32l1xx_rtc.c:1195:6:RTC_GetAlarm	24	static
stm32l1xx_rtc.c:1249:13:RTC_AlarmCmd	16	static
stm32l1xx_rtc.c:1343:6:RTC_AlarmSubSecondConfig	8	static
stm32l1xx_rtc.c:1384:10:RTC_GetAlarmSubSecond	0	static
stm32l1xx_rtc.c:1432:6:RTC_WakeUpClockConfig	0	static
stm32l1xx_rtc.c:1459:6:RTC_SetWakeUpCounter	0	static
stm32l1xx_rtc.c:1480:10:RTC_GetWakeUpCounter	0	static
stm32l1xx_rtc.c:1492:13:RTC_WakeUpCmd	8	static
stm32l1xx_rtc.c:1568:6:RTC_DayLightSavingConfig	0	static
stm32l1xx_rtc.c:1595:10:RTC_GetStoreOperation	0	static
stm32l1xx_rtc.c:1633:6:RTC_OutputConfig	0	static
stm32l1xx_rtc.c:1684:13:RTC_CoarseCalibConfig	16	static
stm32l1xx_rtc.c:1725:13:RTC_CoarseCalibCmd	16	static
stm32l1xx_rtc.c:1772:6:RTC_CalibOutputCmd	0	static
stm32l1xx_rtc.c:1804:6:RTC_CalibOutputConfig	0	static
stm32l1xx_rtc.c:1840:13:RTC_SmoothCalibConfig	12	static
stm32l1xx_rtc.c:1916:6:RTC_TimeStampCmd	0	static
stm32l1xx_rtc.c:1960:6:RTC_GetTimeStamp	24	static
stm32l1xx_rtc.c:2004:10:RTC_GetTimeStampSubSecond	0	static
stm32l1xx_rtc.c:2042:6:RTC_TamperTriggerConfig	0	static
stm32l1xx_rtc.c:2072:6:RTC_TamperCmd	0	static
stm32l1xx_rtc.c:2103:6:RTC_TamperFilterConfig	0	static
stm32l1xx_rtc.c:2137:6:RTC_TamperSamplingFreqConfig	0	static
stm32l1xx_rtc.c:2160:6:RTC_TamperPinsPrechargeDuration	0	static
stm32l1xx_rtc.c:2180:6:RTC_TimeStampOnTamperDetectionCmd	0	static
stm32l1xx_rtc.c:2203:6:RTC_TamperPullUpCmd	0	static
stm32l1xx_rtc.c:2244:6:RTC_WriteBackupRegister	8	static
stm32l1xx_rtc.c:2265:10:RTC_ReadBackupRegister	8	static
stm32l1xx_rtc.c:2305:6:RTC_OutputTypeConfig	0	static
stm32l1xx_rtc.c:2343:13:RTC_SynchroShiftConfig	8	static
stm32l1xx_rtc.c:2463:6:RTC_ITConfig	0	static
stm32l1xx_rtc.c:2513:12:RTC_GetFlagStatus	0	static
stm32l1xx_rtc.c:2551:6:RTC_ClearFlag	0	static
stm32l1xx_rtc.c:2573:10:RTC_GetITStatus	8	static
stm32l1xx_rtc.c:2615:6:RTC_ClearITPendingBit	0	static
