stm32l1xx_gpio.c:119:6:GPIO_DeInit	8	static
stm32l1xx_gpio.c:179:6:GPIO_Init	28	static
stm32l1xx_gpio.c:234:6:GPIO_StructInit	0	static
stm32l1xx_gpio.c:255:6:GPIO_PinLockConfig	8	static
stm32l1xx_gpio.c:299:9:GPIO_ReadInputDataBit	0	static
stm32l1xx_gpio.c:323:10:GPIO_ReadInputData	0	static
stm32l1xx_gpio.c:338:9:GPIO_ReadOutputDataBit	0	static
stm32l1xx_gpio.c:362:10:GPIO_ReadOutputData	0	static
stm32l1xx_gpio.c:380:6:GPIO_SetBits	0	static
stm32l1xx_gpio.c:399:6:GPIO_ResetBits	0	static
stm32l1xx_gpio.c:419:6:GPIO_WriteBit	0	static
stm32l1xx_gpio.c:443:6:GPIO_Write	0	static
stm32l1xx_gpio.c:457:6:GPIO_ToggleBits	0	static
stm32l1xx_gpio.c:526:6:GPIO_PinAFConfig	8	static
