Component: ARM Compiler 6.13.1 Tool: armlink [5d895400]

==============================================================================

Section Cross References

    startup_stm32f429_439xx.o(RESET) refers to startup_stm32f429_439xx.o(STACK) for __initial_sp
    startup_stm32f429_439xx.o(RESET) refers to startup_stm32f429_439xx.o(.text) for Reset_Handler
    startup_stm32f429_439xx.o(RESET) refers to stm32f4xx_it.o(.text.NMI_Handler) for NMI_Handler
    startup_stm32f429_439xx.o(RESET) refers to stm32f4xx_it.o(.text.HardFault_Handler) for HardFault_Handler
    startup_stm32f429_439xx.o(RESET) refers to stm32f4xx_it.o(.text.MemManage_Handler) for MemManage_Handler
    startup_stm32f429_439xx.o(RESET) refers to stm32f4xx_it.o(.text.BusFault_Handler) for BusFault_Handler
    startup_stm32f429_439xx.o(RESET) refers to stm32f4xx_it.o(.text.UsageFault_Handler) for UsageFault_Handler
    startup_stm32f429_439xx.o(RESET) refers to stm32f4xx_it.o(.text.DebugMon_Handler) for DebugMon_Handler
    startup_stm32f429_439xx.o(RESET) refers to stm32f4xx_it.o(.text.SysTick_Handler) for SysTick_Handler
    startup_stm32f429_439xx.o(RESET) refers to stm32f4xx_it.o(.text.EXTI0_IRQHandler) for EXTI0_IRQHandler
    startup_stm32f429_439xx.o(RESET) refers to stm32f4xx_it.o(.text.EXTI1_IRQHandler) for EXTI1_IRQHandler
    startup_stm32f429_439xx.o(RESET) refers to stm32f4xx_it.o(.text.EXTI2_IRQHandler) for EXTI2_IRQHandler
    startup_stm32f429_439xx.o(RESET) refers to stm32f4xx_it.o(.text.EXTI3_IRQHandler) for EXTI3_IRQHandler
    startup_stm32f429_439xx.o(RESET) refers to stm32f4xx_it.o(.text.EXTI4_IRQHandler) for EXTI4_IRQHandler
    startup_stm32f429_439xx.o(RESET) refers to stm32f4xx_it.o(.text.CAN1_RX0_IRQHandler) for CAN1_RX0_IRQHandler
    startup_stm32f429_439xx.o(RESET) refers to stm32f4xx_it.o(.text.EXTI9_5_IRQHandler) for EXTI9_5_IRQHandler
    startup_stm32f429_439xx.o(RESET) refers to stm32f4xx_it.o(.text.TIM2_IRQHandler) for TIM2_IRQHandler
    startup_stm32f429_439xx.o(RESET) refers to stm32f4xx_it.o(.text.USART2_IRQHandler) for USART2_IRQHandler
    startup_stm32f429_439xx.o(RESET) refers to stm32f4xx_it.o(.text.USART3_IRQHandler) for USART3_IRQHandler
    startup_stm32f429_439xx.o(RESET) refers to stm32f4xx_it.o(.text.EXTI15_10_IRQHandler) for EXTI15_10_IRQHandler
    startup_stm32f429_439xx.o(RESET) refers to rtc.o(.text.RTC_Alarm_IRQHandler) for RTC_Alarm_IRQHandler
    startup_stm32f429_439xx.o(RESET) refers to fatfs_drv.o(.text.SDIO_IRQHandler) for SDIO_IRQHandler
    startup_stm32f429_439xx.o(RESET) refers to fatfs_drv.o(.text.DMA2_Stream3_IRQHandler) for DMA2_Stream3_IRQHandler
    startup_stm32f429_439xx.o(RESET) refers to stm32f4xx_it.o(.text.CAN2_RX0_IRQHandler) for CAN2_RX0_IRQHandler
    startup_stm32f429_439xx.o(.text) refers to system_stm32f4xx.o(.text.SystemInit) for SystemInit
    startup_stm32f429_439xx.o(.text) refers to entry.o(.ARM.Collect$$$$00000000) for __main
    system_stm32f4xx.o(.ARM.exidx.text.SystemInit) refers to system_stm32f4xx.o(.text.SystemInit) for [Anonymous Symbol]
    system_stm32f4xx.o(.text.SystemCoreClockUpdate) refers to system_stm32f4xx.o(.data.SystemCoreClock) for SystemCoreClock
    system_stm32f4xx.o(.text.SystemCoreClockUpdate) refers to system_stm32f4xx.o(.rodata.AHBPrescTable) for AHBPrescTable
    system_stm32f4xx.o(.ARM.exidx.text.SystemCoreClockUpdate) refers to system_stm32f4xx.o(.text.SystemCoreClockUpdate) for [Anonymous Symbol]
    misc.o(.ARM.exidx.text.NVIC_PriorityGroupConfig) refers to misc.o(.text.NVIC_PriorityGroupConfig) for [Anonymous Symbol]
    misc.o(.ARM.exidx.text.NVIC_Init) refers to misc.o(.text.NVIC_Init) for [Anonymous Symbol]
    misc.o(.ARM.exidx.text.NVIC_SetVectorTable) refers to misc.o(.text.NVIC_SetVectorTable) for [Anonymous Symbol]
    misc.o(.ARM.exidx.text.NVIC_SystemLPConfig) refers to misc.o(.text.NVIC_SystemLPConfig) for [Anonymous Symbol]
    misc.o(.ARM.exidx.text.SysTick_CLKSourceConfig) refers to misc.o(.text.SysTick_CLKSourceConfig) for [Anonymous Symbol]
    stm32f4xx_crc.o(.ARM.exidx.text.CRC_ResetDR) refers to stm32f4xx_crc.o(.text.CRC_ResetDR) for [Anonymous Symbol]
    stm32f4xx_crc.o(.ARM.exidx.text.CRC_CalcCRC) refers to stm32f4xx_crc.o(.text.CRC_CalcCRC) for [Anonymous Symbol]
    stm32f4xx_crc.o(.ARM.exidx.text.CRC_CalcBlockCRC) refers to stm32f4xx_crc.o(.text.CRC_CalcBlockCRC) for [Anonymous Symbol]
    stm32f4xx_crc.o(.ARM.exidx.text.CRC_GetCRC) refers to stm32f4xx_crc.o(.text.CRC_GetCRC) for [Anonymous Symbol]
    stm32f4xx_crc.o(.ARM.exidx.text.CRC_SetIDRegister) refers to stm32f4xx_crc.o(.text.CRC_SetIDRegister) for [Anonymous Symbol]
    stm32f4xx_crc.o(.ARM.exidx.text.CRC_GetIDRegister) refers to stm32f4xx_crc.o(.text.CRC_GetIDRegister) for [Anonymous Symbol]
    stm32f4xx_cryp.o(.text.CRYP_DeInit) refers to stm32f4xx_rcc.o(.text.RCC_AHB2PeriphResetCmd) for RCC_AHB2PeriphResetCmd
    stm32f4xx_cryp.o(.ARM.exidx.text.CRYP_DeInit) refers to stm32f4xx_cryp.o(.text.CRYP_DeInit) for [Anonymous Symbol]
[...]
    __arm_cp.22_0                            0x08001ab8   Number         4  stm32f4xx_rcc.o(.text.RCC_GetClocksFreq)
    __arm_cp.22_1                            0x08001abc   Number         4  stm32f4xx_rcc.o(.text.RCC_GetClocksFreq)
    __arm_cp.22_2                            0x08001ac0   Number         4  stm32f4xx_rcc.o(.text.RCC_GetClocksFreq)
    __arm_cp.22_3                            0x08001ac4   Number         4  stm32f4xx_rcc.o(.text.RCC_GetClocksFreq)
    [Anonymous Symbol]                       0x08001ac8   Section        0  stm32f4xx_rcc.o(.text.RCC_GetFlagStatus)
    __arm_cp.3_0                             0x08001aec   Number         4  stm32f4xx_rcc.o(.text.RCC_GetFlagStatus)
    [Anonymous Symbol]                       0x08001af0   Section        0  stm32f4xx_rcc.o(.text.RCC_LSEConfig)
    __arm_cp.6_0                             0x08001b08   Number         4  stm32f4xx_rcc.o(.text.RCC_LSEConfig)
    [Anonymous Symbol]                       0x08001b0c   Section        0  stm32f4xx_rcc.o(.text.RCC_LTDCCLKDivConfig)
    __arm_cp.31_0                            0x08001b1c   Number         4  stm32f4xx_rcc.o(.text.RCC_LTDCCLKDivConfig)
    [Anonymous Symbol]                       0x08001b20   Section        0  stm32f4xx_rcc.o(.text.RCC_PLLSAICmd)
    __arm_cp.13_0                            0x08001b28   Number         4  stm32f4xx_rcc.o(.text.RCC_PLLSAICmd)
    [Anonymous Symbol]                       0x08001b2c   Section        0  stm32f4xx_rcc.o(.text.RCC_PLLSAIConfig)
    __arm_cp.12_0                            0x08001b3c   Number         4  stm32f4xx_rcc.o(.text.RCC_PLLSAIConfig)
    [Anonymous Symbol]                       0x08001b40   Section        0  stm32f4xx_rcc.o(.text.RCC_RTCCLKCmd)
    __arm_cp.24_0                            0x08001b48   Number         4  stm32f4xx_rcc.o(.text.RCC_RTCCLKCmd)
    [Anonymous Symbol]                       0x08001b4c   Section        0  stm32f4xx_rcc.o(.text.RCC_RTCCLKConfig)
    __arm_cp.23_0                            0x08001b74   Number         4  stm32f4xx_rcc.o(.text.RCC_RTCCLKConfig)
    __arm_cp.23_1                            0x08001b78   Number         4  stm32f4xx_rcc.o(.text.RCC_RTCCLKConfig)
    [Anonymous Symbol]                       0x08001b7c   Section        0  rtc.o(.text.RTC_Alarm_IRQHandler)
    __arm_cp.2_0                             0x08001ba8   Number         4  rtc.o(.text.RTC_Alarm_IRQHandler)
    __arm_cp.2_1                             0x08001bac   Number         4  rtc.o(.text.RTC_Alarm_IRQHandler)
    [Anonymous Symbol]                       0x08001bb0   Section        0  stm32f4xx_rtc.o(.text.RTC_ClearITPendingBit)
    [Anonymous Symbol]                       0x08001bcc   Section        0  rtc.o(.text.RTC_Config)
    __arm_cp.0_0                             0x08001c78   Number         4  rtc.o(.text.RTC_Config)
    __arm_cp.0_1                             0x08001c7c   Number         4  rtc.o(.text.RTC_Config)
    __arm_cp.0_2                             0x08001c80   Number         4  rtc.o(.text.RTC_Config)
    __arm_cp.0_3                             0x08001c84   Number         4  rtc.o(.text.RTC_Config)
    [Anonymous Symbol]                       0x08001c88   Section        0  stm32f4xx_rtc.o(.text.RTC_GetITStatus)
    __arm_cp.54_0                            0x08001cb0   Number         4  stm32f4xx_rtc.o(.text.RTC_GetITStatus)
    [Anonymous Symbol]                       0x08001cb4   Section        0  stm32f4xx_rtc.o(.text.RTC_ReadBackupRegister)
    [Anonymous Symbol]                       0x08001cd0   Section        0  stm32f4xx_rtc.o(.text.RTC_WaitForSynchro)
    __arm_cp.2_0                             0x08001d0c   Number         4  stm32f4xx_rtc.o(.text.RTC_WaitForSynchro)
    [Anonymous Symbol]                       0x08001d10   Section        0  stm32f4xx_rtc.o(.text.RTC_WriteBackupRegister)
    __arm_cp.45_0                            0x08001d2c   Number         4  stm32f4xx_rtc.o(.text.RTC_WriteBackupRegister)
    SDEnWideBus                              0x08001d31   Thumb Code   444  sdio_sd.o(.text.SDEnWideBus)
    [Anonymous Symbol]                       0x08001d30   Section        0  sdio_sd.o(.text.SDEnWideBus)
    __arm_cp.20_0                            0x08001ee8   Number         4  sdio_sd.o(.text.SDEnWideBus)
    [Anonymous Symbol]                       0x08001eec   Section        0  stm32f4xx_sdio.o(.text.SDIO_ClearFlag)
    [Anonymous Symbol]                       0x08001ef4   Section        0  stm32f4xx_sdio.o(.text.SDIO_ClearITPendingBit)
    __arm_cp.29_0                            0x08001efc   Number         4  stm32f4xx_sdio.o(.text.SDIO_ClearITPendingBit)
    [Anonymous Symbol]                       0x08001f00   Section        0  stm32f4xx_sdio.o(.text.SDIO_ClockCmd)
    __arm_cp.3_0                             0x08001f08   Number         4  stm32f4xx_sdio.o(.text.SDIO_ClockCmd)
    [Anonymous Symbol]                       0x08001f0c   Section        0  stm32f4xx_sdio.o(.text.SDIO_DMACmd)
    __arm_cp.24_0                            0x08001f14   Number         4  stm32f4xx_sdio.o(.text.SDIO_DMACmd)
    [Anonymous Symbol]                       0x08001f18   Section        0  stm32f4xx_sdio.o(.text.SDIO_DataConfig)
    __arm_cp.10_0                            0x08001f3c   Number         4  stm32f4xx_sdio.o(.text.SDIO_DataConfig)
    [Anonymous Symbol]                       0x08001f40   Section        0  stm32f4xx_sdio.o(.text.SDIO_DeInit)
    [Anonymous Symbol]                       0x08001f5c   Section        0  stm32f4xx_sdio.o(.text.SDIO_GetCommandResponse)
    __arm_cp.8_0                             0x08001f64   Number         4  stm32f4xx_sdio.o(.text.SDIO_GetCommandResponse)
    [Anonymous Symbol]                       0x08001f68   Section        0  stm32f4xx_sdio.o(.text.SDIO_GetFlagStatus)
    [Anonymous Symbol]                       0x08001f74   Section        0  stm32f4xx_sdio.o(.text.SDIO_GetITStatus)
    __arm_cp.28_0                            0x08001f80   Number         4  stm32f4xx_sdio.o(.text.SDIO_GetITStatus)
    [Anonymous Symbol]                       0x08001f84   Section        0  stm32f4xx_sdio.o(.text.SDIO_GetPowerState)
    [Anonymous Symbol]                       0x08001f90   Section        0  stm32f4xx_sdio.o(.text.SDIO_GetResponse)
    __arm_cp.9_0                             0x08001fa4   Number         4  stm32f4xx_sdio.o(.text.SDIO_GetResponse)
    [Anonymous Symbol]                       0x08001fa8   Section        0  fatfs_drv.o(.text.SDIO_IRQHandler)
    [Anonymous Symbol]                       0x08001fac   Section        0  stm32f4xx_sdio.o(.text.SDIO_ITConfig)
    __arm_cp.25_0                            0x08001fc0   Number         4  stm32f4xx_sdio.o(.text.SDIO_ITConfig)
    [Anonymous Symbol]                       0x08001fc4   Section        0  stm32f4xx_sdio.o(.text.SDIO_Init)
    __arm_cp.1_0                             0x08001fe8   Number         4  stm32f4xx_sdio.o(.text.SDIO_Init)
    [Anonymous Symbol]                       0x08001fec   Section        0  stm32f4xx_sdio.o(.text.SDIO_ReadData)
    __arm_cp.13_0                            0x08001ff4   Number         4  stm32f4xx_sdio.o(.text.SDIO_ReadData)
    [Anonymous Symbol]                       0x08001ff8   Section        0  stm32f4xx_tim.o(.text.TIM_ClearITPendingBit)
    [Anonymous Symbol]                       0x08001ffe   Section        0  stm32f4xx_it.o(.text.USART2_IRQHandler)
    __tagsym$$used.0                         0x08002000   Number         0  common.o(.ARM.__at_0x08002000)
    __tagsym$$used.1                         0x08002004   Number         0  common.o(.ARM.__at_0x08002004)
    __tagsym$$used.2                         0x08002008   Number         0  common.o(.ARM.__at_0x08002008)
    __tagsym$$used.3                         0x0800200c   Number         0  common.o(.ARM.__at_0x0800200C)
    [Anonymous Symbol]                       0x08002010   Section        0  stm32f4xx_sdio.o(.text.SDIO_SendCommand)
    __arm_cp.6_0                             0x08002030   Number         4  stm32f4xx_sdio.o(.text.SDIO_SendCommand)
    [Anonymous Symbol]                       0x08002034   Section        0  stm32f4xx_sdio.o(.text.SDIO_SetPowerState)
    __arm_cp.4_0                             0x0800203c   Number         4  stm32f4xx_sdio.o(.text.SDIO_SetPowerState)
    [Anonymous Symbol]                       0x08002040   Section        0  stm32f429i_sdram.o(.text.SDRAM_GPIOConfig)
    __arm_cp.1_0                             0x080021f4   Number         4  stm32f429i_sdram.o(.text.SDRAM_GPIOConfig)
    __arm_cp.1_1                             0x080021f8   Number         4  stm32f429i_sdram.o(.text.SDRAM_GPIOConfig)
    __arm_cp.1_2                             0x080021fc   Number         4  stm32f429i_sdram.o(.text.SDRAM_GPIOConfig)
    [Anonymous Symbol]                       0x08002200   Section        0  stm32f429i_sdram.o(.text.SDRAM_Init)
    [Anonymous Symbol]                       0x08002264   Section        0  stm32f429i_sdram.o(.text.SDRAM_InitSequence)
    __arm_cp.2_0                             0x08002330   Number         4  stm32f429i_sdram.o(.text.SDRAM_InitSequence)
    [Anonymous Symbol]                       0x08002334   Section        0  sdio_sd.o(.text.SD_EnableWideBusOperation)
    [Anonymous Symbol]                       0x08002390   Section        0  sdio_sd.o(.text.SD_GetCardInfo)
    [Anonymous Symbol]                       0x08002610   Section        0  sdio_sd.o(.text.SD_GetState)
    [Anonymous Symbol]                       0x08002638   Section        0  sdio_sd.o(.text.SD_GetStatus)
    [Anonymous Symbol]                       0x08002650   Section        0  sdio_sd.o(.text.SD_Init)
    __arm_cp.5_0                             0x080026cc   Number         4  sdio_sd.o(.text.SD_Init)
    __arm_cp.5_1                             0x080026d0   Number         4  sdio_sd.o(.text.SD_Init)
    [Anonymous Symbol]                       0x080026d4   Section        0  sdio_sd.o(.text.SD_InitializeCards)
    __arm_cp.7_0                             0x080027ec   Number         4  sdio_sd.o(.text.SD_InitializeCards)
    __arm_cp.7_1                             0x080027f0   Number         4  sdio_sd.o(.text.SD_InitializeCards)
    __arm_cp.7_2                             0x080027f4   Number         4  sdio_sd.o(.text.SD_InitializeCards)
    [Anonymous Symbol]                       0x080027f8   Section        0  sdio_sd.o(.text.SD_LowLevel_DMA_RxConfig)
    [Anonymous Symbol]                       0x08002884   Section        0  sdio_sd.o(.text.SD_LowLevel_DMA_TxConfig)
    __arm_cp.2_0                             0x08002910   Number         4  sdio_sd.o(.text.SD_LowLevel_DMA_TxConfig)
    __arm_cp.2_1                             0x08002914   Number         4  sdio_sd.o(.text.SD_LowLevel_DMA_TxConfig)
    [Anonymous Symbol]                       0x08002918   Section        0  sdio_sd.o(.text.SD_LowLevel_Init)
    __arm_cp.1_0                             0x080029a0   Number         4  sdio_sd.o(.text.SD_LowLevel_Init)
    __arm_cp.1_1                             0x080029a4   Number         4  sdio_sd.o(.text.SD_LowLevel_Init)
    __arm_cp.1_2                             0x080029a8   Number         4  sdio_sd.o(.text.SD_LowLevel_Init)
    __arm_cp.1_3                             0x080029ac   Number         4  sdio_sd.o(.text.SD_LowLevel_Init)
    [Anonymous Symbol]                       0x080029b0   Section        0  sdio_sd.o(.text.SD_PowerON)
    __arm_cp.6_1                             0x08002b88   Number         4  sdio_sd.o(.text.SD_PowerON)
    __arm_cp.6_3                             0x08002b8c   Number         4  sdio_sd.o(.text.SD_PowerON)
    [Anonymous Symbol]                       0x08002b90   Section        0  sdio_sd.o(.text.SD_ProcessDMAIRQ)
    __arm_cp.32_0                            0x08002bac   Number         4  sdio_sd.o(.text.SD_ProcessDMAIRQ)
    [Anonymous Symbol]                       0x08002bb0   Section        0  sdio_sd.o(.text.SD_ProcessIRQSrc)
    [Anonymous Symbol]                       0x08002c4c   Section        0  sdio_sd.o(.text.SD_ReadMultiBlocks)
    [Anonymous Symbol]                       0x08002d0c   Section        0  sdio_sd.o(.text.SD_SelectDeselect)
    [Anonymous Symbol]                       0x08002d38   Section        0  sdio_sd.o(.text.SD_SendStatus)
    [Anonymous Symbol]                       0x08002d7c   Section        0  sdio_sd.o(.text.SD_StopTransfer)
    [Anonymous Symbol]                       0x08002da4   Section        0  sdio_sd.o(.text.SD_WaitReadOperation)
    __arm_cp.23_1                            0x08002dfc   Number         4  sdio_sd.o(.text.SD_WaitReadOperation)
    [Anonymous Symbol]                       0x08002e00   Section        0  sdio_sd.o(.text.SD_WaitWriteOperation)
    __arm_cp.27_1                            0x08002e58   Number         4  sdio_sd.o(.text.SD_WaitWriteOperation)
    [Anonymous Symbol]                       0x08002e5c   Section        0  sdio_sd.o(.text.SD_WriteMultiBlocks)
    __arm_cp.26_0                            0x08002f68   Number         4  sdio_sd.o(.text.SD_WriteMultiBlocks)
    __arm_cp.26_1                            0x08002f6c   Number         4  sdio_sd.o(.text.SD_WriteMultiBlocks)
    [Anonymous Symbol]                       0x08002f70   Section        0  stm32f4xx_it.o(.text.SysTick_Handler)
    __arm_cp.1_0                             0x08002f80   Number         4  stm32f4xx_it.o(.text.SysTick_Handler)
    [Anonymous Symbol]                       0x08002f84   Section        0  system_stm32f4xx.o(.text.SystemInit)
    __arm_cp.0_0                             0x08003070   Number         4  system_stm32f4xx.o(.text.SystemInit)
    __arm_cp.0_1                             0x08003074   Number         4  system_stm32f4xx.o(.text.SystemInit)
    __arm_cp.0_2                             0x08003078   Number         4  system_stm32f4xx.o(.text.SystemInit)
    __arm_cp.0_3                             0x0800307c   Number         4  system_stm32f4xx.o(.text.SystemInit)
    __arm_cp.0_4                             0x08003080   Number         4  system_stm32f4xx.o(.text.SystemInit)
    __arm_cp.0_5                             0x08003084   Number         4  system_stm32f4xx.o(.text.SystemInit)
    [Anonymous Symbol]                       0x08003088   Section        0  stm32f4xx_it.o(.text.TIM2_IRQHandler)
    [Anonymous Symbol]                       0x08003092   Section        0  stm32f4xx_it.o(.text.USART3_IRQHandler)
    [Anonymous Symbol]                       0x08003094   Section        0  stm32f4xx_it.o(.text.UsageFault_Handler)
    check_fs                                 0x08003099   Thumb Code   116  ff.o(.text.check_fs)
    [Anonymous Symbol]                       0x08003098   Section        0  ff.o(.text.check_fs)
    __arm_cp.45_0                            0x08003108   Number         4  ff.o(.text.check_fs)
    clust2sect                               0x0800310d   Thumb Code    24  ff.o(.text.clust2sect)
    [Anonymous Symbol]                       0x0800310c   Section        0  ff.o(.text.clust2sect)
    create_chain                             0x08003125   Thumb Code   190  ff.o(.text.create_chain)
    [Anonymous Symbol]                       0x08003124   Section        0  ff.o(.text.create_chain)
    dir_next                                 0x080031e5   Thumb Code   280  ff.o(.text.dir_next)
    [Anonymous Symbol]                       0x080031e4   Section        0  ff.o(.text.dir_next)
    __arm_cp.29_0                            0x080032f0   Number         4  ff.o(.text.dir_next)
    __arm_cp.29_1                            0x080032f4   Number         4  ff.o(.text.dir_next)
    __arm_cp.29_2                            0x080032f8   Number         4  ff.o(.text.dir_next)
    dir_register                             0x080032fd   Thumb Code    90  ff.o(.text.dir_register)
    [Anonymous Symbol]                       0x080032fc   Section        0  ff.o(.text.dir_register)
    dir_sdi                                  0x08003357   Thumb Code   142  ff.o(.text.dir_sdi)
    [Anonymous Symbol]                       0x08003356   Section        0  ff.o(.text.dir_sdi)
    [Anonymous Symbol]                       0x080033e4   Section        0  fatfs_drv.o(.text.disk_initialize)
    __arm_cp.0_0                             0x08003400   Number         4  fatfs_drv.o(.text.disk_initialize)
    [Anonymous Symbol]                       0x08003404   Section        0  fatfs_drv.o(.text.disk_ioctl)
    [Anonymous Symbol]                       0x08003442   Section        0  fatfs_drv.o(.text.disk_read)
    [Anonymous Symbol]                       0x08003470   Section        0  fatfs_drv.o(.text.disk_status)
    [Anonymous Symbol]                       0x08003478   Section        0  fatfs_drv.o(.text.disk_write)
    [Anonymous Symbol]                       0x080034a6   Section        0  ff.o(.text.f_close)
    [Anonymous Symbol]                       0x080034c4   Section        0  ff.o(.text.f_mount)
    __arm_cp.0_0                             0x0800350c   Number         4  ff.o(.text.f_mount)
    [Anonymous Symbol]                       0x08003510   Section        0  ff.o(.text.f_open)
    [Anonymous Symbol]                       0x08003700   Section        0  ff.o(.text.f_read)
    [Anonymous Symbol]                       0x08003864   Section        0  ff.o(.text.f_sync)
    __arm_cp.19_0                            0x080038e8   Number         4  ff.o(.text.f_sync)
    find_volume                              0x080038ed   Thumb Code   652  ff.o(.text.find_volume)
    [Anonymous Symbol]                       0x080038ec   Section        0  ff.o(.text.find_volume)
    __arm_cp.2_0                             0x08003b6c   Number         4  ff.o(.text.find_volume)
    __arm_cp.2_1                             0x08003b70   Number         4  ff.o(.text.find_volume)
    __arm_cp.2_2                             0x08003b74   Number         4  ff.o(.text.find_volume)
    follow_path                              0x08003b79   Thumb Code   408  ff.o(.text.follow_path)
    [Anonymous Symbol]                       0x08003b78   Section        0  ff.o(.text.follow_path)
    __arm_cp.4_0                             0x08003d08   Number         4  ff.o(.text.follow_path)
    __arm_cp.4_1                             0x08003d0c   Number         4  ff.o(.text.follow_path)
    get_fat                                  0x08003d11   Thumb Code   180  ff.o(.text.get_fat)
    [Anonymous Symbol]                       0x08003d10   Section        0  ff.o(.text.get_fat)
    get_ldnumber                             0x08003dc5   Thumb Code    62  ff.o(.text.get_ldnumber)
    [Anonymous Symbol]                       0x08003dc4   Section        0  ff.o(.text.get_ldnumber)
    ld_clust                                 0x08003e03   Thumb Code    30  ff.o(.text.ld_clust)
    [Anonymous Symbol]                       0x08003e02   Section        0  ff.o(.text.ld_clust)
    ld_dword                                 0x08003e21   Thumb Code     4  ff.o(.text.ld_dword)
    [Anonymous Symbol]                       0x08003e20   Section        0  ff.o(.text.ld_dword)
    [Anonymous Symbol]                       0x08003e24   Section        0  main.o(.text.main)
    __arm_cp.0_0                             0x08004014   Number         4  main.o(.text.main)
    __arm_cp.0_1                             0x08004018   Number         4  main.o(.text.main)
    __arm_cp.0_3                             0x08004034   Number         4  main.o(.text.main)
    __arm_cp.0_5                             0x0800403c   Number         4  main.o(.text.main)
    __arm_cp.0_6                             0x08004040   Number         4  main.o(.text.main)
    __arm_cp.0_7                             0x08004044   Number         4  main.o(.text.main)
    __arm_cp.0_12                            0x080040c0   Number         4  main.o(.text.main)
    __arm_cp.0_13                            0x080040c4   Number         4  main.o(.text.main)
    mem_cpy                                  0x080040c9   Thumb Code    16  ff.o(.text.mem_cpy)
    [Anonymous Symbol]                       0x080040c8   Section        0  ff.o(.text.mem_cpy)
    move_window                              0x080040d9   Thumb Code    56  ff.o(.text.move_window)
    [Anonymous Symbol]                       0x080040d8   Section        0  ff.o(.text.move_window)
    put_fat                                  0x08004111   Thumb Code   224  ff.o(.text.put_fat)
    [Anonymous Symbol]                       0x08004110   Section        0  ff.o(.text.put_fat)
    remove_chain                             0x080041f1   Thumb Code   112  ff.o(.text.remove_chain)
    [Anonymous Symbol]                       0x080041f0   Section        0  ff.o(.text.remove_chain)
    st_clust                                 0x08004261   Thumb Code    18  ff.o(.text.st_clust)
    [Anonymous Symbol]                       0x08004260   Section        0  ff.o(.text.st_clust)
    st_dword                                 0x08004273   Thumb Code     4  ff.o(.text.st_dword)
    [Anonymous Symbol]                       0x08004272   Section        0  ff.o(.text.st_dword)
    sync_fs                                  0x08004279   Thumb Code   136  ff.o(.text.sync_fs)
    [Anonymous Symbol]                       0x08004278   Section        0  ff.o(.text.sync_fs)
    __arm_cp.20_0                            0x080042f8   Number         4  ff.o(.text.sync_fs)
    __arm_cp.20_1                            0x080042fc   Number         4  ff.o(.text.sync_fs)
    sync_window                              0x08004301   Thumb Code    76  ff.o(.text.sync_window)
    [Anonymous Symbol]                       0x08004300   Section        0  ff.o(.text.sync_window)
    validate                                 0x0800434d   Thumb Code    48  ff.o(.text.validate)
    [Anonymous Symbol]                       0x0800434c   Section        0  ff.o(.text.validate)
    i.__scatterload_copy                     0x0800437c   Section       14  handlers.o(i.__scatterload_copy)
    i.__scatterload_null                     0x0800438a   Section        2  handlers.o(i.__scatterload_null)
    i.__scatterload_zeroinit                 0x0800438c   Section       14  handlers.o(i.__scatterload_zeroinit)
    i.fputc                                  0x0800439a   Section        0  fputc.o(i.fputc)
    i.puts                                   0x080043ac   Section        0  puts.o(i.puts)
    APBAHBPrescTable                         0x080043d0   Data          16  stm32f4xx_rcc.o(.rodata.APBAHBPrescTable)
    [Anonymous Symbol]                       0x080043d0   Section        0  stm32f4xx_rcc.o(.rodata.APBAHBPrescTable)
    ExCvt                                    0x080055b0   Data         128  ff.o(.rodata.ExCvt)
    [Anonymous Symbol]                       0x080055b0   Section        0  ff.o(.rodata.ExCvt)
    .L.str.3                                 0x08005630   Data          15  ff.o(.rodata.str1.1)
    [Anonymous Symbol]                       0x08005630   Section        0  ff.o(.rodata.str1.1)
    .L.str                                   0x0800563f   Data           9  command.o(.rodata.str1.1)
    .L.str.9                                 0x0800563f   Data          21  command.o(.rodata.str1.1)
    [Anonymous Symbol]                       0x0800563f   Section        0  command.o(.rodata.str1.1)
    .L.str.4                                 0x08005654   Data          22  command.o(.rodata.str1.1)
    .L.str.10                                0x0800566a   Data          32  command.o(.rodata.str1.1)
    .L.str.6                                 0x0800568a   Data          32  command.o(.rodata.str1.1)
    .L.str.5                                 0x080056aa   Data          18  command.o(.rodata.str1.1)
    .L.str.11                                0x080056bc   Data          18  command.o(.rodata.str1.1)
    .L.str.2                                 0x080056ce   Data          27  main.o(.rodata.str1.1)
    [Anonymous Symbol]                       0x080056ce   Section        0  main.o(.rodata.str1.1)
    .L.str.8                                 0x080056e9   Data          30  main.o(.rodata.str1.1)
    .L.str.7                                 0x08005707   Data          26  main.o(.rodata.str1.1)
    .data                                    0x20000000   Section        4  stdout.o(.data)
    CurrentBackColor                         0x20000004   Data           2  stm32f429i_lcd.o(.data.CurrentBackColor)
    [Anonymous Symbol]                       0x20000004   Section        0  stm32f429i_lcd.o(.data.CurrentBackColor)
    LastPGAddress                            0x20000030   Data           4  command.o(.data.LastPGAddress)
    [Anonymous Symbol]                       0x20000030   Section        0  command.o(.data.LastPGAddress)
    [Anonymous Symbol]                       0x20000040   Section        0  sdio_sd.o(.bss..L_MergedGlobals)
    CardType                                 0x20000044   Data           1  sdio_sd.o(.bss..L_MergedGlobals)
    RCA                                      0x20000054   Data           4  sdio_sd.o(.bss..L_MergedGlobals)
    CID_Tab.0                                0x20000058   Data           4  sdio_sd.o(.bss..L_MergedGlobals)
    CID_Tab.1                                0x2000005c   Data           4  sdio_sd.o(.bss..L_MergedGlobals)
    CID_Tab.2                                0x20000060   Data           4  sdio_sd.o(.bss..L_MergedGlobals)
    CID_Tab.3                                0x20000064   Data           4  sdio_sd.o(.bss..L_MergedGlobals)
    CSD_Tab.0                                0x20000068   Data           4  sdio_sd.o(.bss..L_MergedGlobals)
    CSD_Tab.1                                0x2000006c   Data           4  sdio_sd.o(.bss..L_MergedGlobals)
    CSD_Tab.2                                0x20000070   Data           4  sdio_sd.o(.bss..L_MergedGlobals)
    CSD_Tab.3                                0x20000074   Data           4  sdio_sd.o(.bss..L_MergedGlobals)
    Fsid                                     0x200000bc   Data           2  ff.o(.bss..L_MergedGlobals)
    [Anonymous Symbol]                       0x200000bc   Section        0  ff.o(.bss..L_MergedGlobals)
    FatFs                                    0x200000c0   Data           4  ff.o(.bss..L_MergedGlobals)
    RamAddress                               0x200000c4   Data           1  command.o(.bss..L_MergedGlobals)
    [Anonymous Symbol]                       0x200000c4   Section        0  command.o(.bss..L_MergedGlobals)
    TmpReadSize                              0x200000c8   Data           4  command.o(.bss..L_MergedGlobals)
    [Anonymous Symbol]                       0x200000cc   Section        0  main.o(.bss..L_MergedGlobals)
    CurrentFrameBuffer                       0x200000d4   Data           1  stm32f429i_lcd.o(.bss..L_MergedGlobals.1)
    [Anonymous Symbol]                       0x200000d4   Section        0  stm32f429i_lcd.o(.bss..L_MergedGlobals.1)
    CurrentLayer                             0x200000d8   Data           1  stm32f429i_lcd.o(.bss..L_MergedGlobals.1)
    CurrentTextColor                         0x200000da   Data           2  stm32f429i_lcd.o(.bss..L_MergedGlobals.1)
    LCD_Currentfonts                         0x200000dc   Data           4  stm32f429i_lcd.o(.bss..L_MergedGlobals.1)
    RAM_Buf                                  0x200000e0   Data         512  command.o(.bss.RAM_Buf)
    [Anonymous Symbol]                       0x200000e0   Section        0  command.o(.bss.RAM_Buf)
    STACK                                    0x20000798   Section     2048  startup_stm32f429_439xx.o(STACK)

    Global Symbols

    Symbol Name                              Value     Ov Type        Size  Object(Section)

    BuildAttributes$$THM_ISAv4$E$P$D$K$B$S$7EM$VFPi3$EXTD16$VFPS$VFMA$PE$A:L22UL41UL21$X:L11$S22US41US21$IEEE1$IW$~IW$USESV6$~STKCKD$USESV7$~SHL$OSPACE$EBA8$MICROLIB$REQ8$PRES8$EABIv2 0x00000000   Number         0  anon$$obj.o ABSOLUTE
    __cpp_initialize__aeabi_                  - Undefined Weak Reference
    __cxa_finalize                            - Undefined Weak Reference
    __decompress                              - Undefined Weak Reference
    _clock_init                               - Undefined Weak Reference
    _microlib_exit                            - Undefined Weak Reference
    __Vectors_Size                           0x000001ac   Number         0  startup_stm32f429_439xx.o ABSOLUTE
    __Vectors                                0x08000000   Data           4  startup_stm32f429_439xx.o(RESET)
    __Vectors_End                            0x080001ac   Data           0  startup_stm32f429_439xx.o(RESET)
    __main                                   0x080001ad   Thumb Code     0  entry.o(.ARM.Collect$$$$00000000)
    _main_stk                                0x080001ad   Thumb Code     0  entry2.o(.ARM.Collect$$$$00000001)
    _main_scatterload                        0x080001b1   Thumb Code     0  entry5.o(.ARM.Collect$$$$00000004)
    __main_after_scatterload                 0x080001b5   Thumb Code     0  entry5.o(.ARM.Collect$$$$00000004)
    _main_clock                              0x080001b5   Thumb Code     0  entry7b.o(.ARM.Collect$$$$00000008)
    _main_cpp_init                           0x080001b5   Thumb Code     0  entry8b.o(.ARM.Collect$$$$0000000A)
    _main_init                               0x080001b5   Thumb Code     0  entry9a.o(.ARM.Collect$$$$0000000B)
    __rt_final_cpp                           0x080001bd   Thumb Code     0  entry10a.o(.ARM.Collect$$$$0000000D)
    __rt_final_exit                          0x080001bd   Thumb Code     0  entry11a.o(.ARM.Collect$$$$0000000F)
    Reset_Handler                            0x080001c1   Thumb Code     8  startup_stm32f429_439xx.o(.text)
    SVC_Handler                              0x080001d3   Thumb Code     2  startup_stm32f429_439xx.o(.text)
    PendSV_Handler                           0x080001d7   Thumb Code     2  startup_stm32f429_439xx.o(.text)
    ADC_IRQHandler                           0x080001db   Thumb Code     0  startup_stm32f429_439xx.o(.text)
    CAN1_RX1_IRQHandler                      0x080001db   Thumb Code     0  startup_stm32f429_439xx.o(.text)
    CAN1_SCE_IRQHandler                      0x080001db   Thumb Code     0  startup_stm32f429_439xx.o(.text)
    CAN1_TX_IRQHandler                       0x080001db   Thumb Code     0  startup_stm32f429_439xx.o(.text)
    CAN2_RX1_IRQHandler                      0x080001db   Thumb Code     0  startup_stm32f429_439xx.o(.text)
    CAN2_SCE_IRQHandler                      0x080001db   Thumb Code     0  startup_stm32f429_439xx.o(.text)
    CAN2_TX_IRQHandler                       0x080001db   Thumb Code     0  startup_stm32f429_439xx.o(.text)
    CRYP_IRQHandler                          0x080001db   Thumb Code     0  startup_stm32f429_439xx.o(.text)
    DCMI_IRQHandler                          0x080001db   Thumb Code     0  startup_stm32f429_439xx.o(.text)
    DMA1_Stream0_IRQHandler                  0x080001db   Thumb Code     0  startup_stm32f429_439xx.o(.text)
    DMA1_Stream1_IRQHandler                  0x080001db   Thumb Code     0  startup_stm32f429_439xx.o(.text)
    DMA1_Stream2_IRQHandler                  0x080001db   Thumb Code     0  startup_stm32f429_439xx.o(.text)
    DMA1_Stream3_IRQHandler                  0x080001db   Thumb Code     0  startup_stm32f429_439xx.o(.text)
    DMA1_Stream4_IRQHandler                  0x080001db   Thumb Code     0  startup_stm32f429_439xx.o(.text)
    DMA1_Stream5_IRQHandler                  0x080001db   Thumb Code     0  startup_stm32f429_439xx.o(.text)
    DMA1_Stream6_IRQHandler                  0x080001db   Thumb Code     0  startup_stm32f429_439xx.o(.text)
    DMA1_Stream7_IRQHandler                  0x080001db   Thumb Code     0  startup_stm32f429_439xx.o(.text)
    DMA2D_IRQHandler                         0x080001db   Thumb Code     0  startup_stm32f429_439xx.o(.text)
    DMA2_Stream0_IRQHandler                  0x080001db   Thumb Code     0  startup_stm32f429_439xx.o(.text)
    DMA2_Stream1_IRQHandler                  0x080001db   Thumb Code     0  startup_stm32f429_439xx.o(.text)
    DMA2_Stream2_IRQHandler                  0x080001db   Thumb Code     0  startup_stm32f429_439xx.o(.text)
    DMA2_Stream4_IRQHandler                  0x080001db   Thumb Code     0  startup_stm32f429_439xx.o(.text)
    DMA2_Stream5_IRQHandler                  0x080001db   Thumb Code     0  startup_stm32f429_439xx.o(.text)
    DMA2_Stream6_IRQHandler                  0x080001db   Thumb Code     0  startup_stm32f429_439xx.o(.text)
    DMA2_Stream7_IRQHandler                  0x080001db   Thumb Code     0  startup_stm32f429_439xx.o(.text)
    ETH_IRQHandler                           0x080001db   Thumb Code     0  startup_stm32f429_439xx.o(.text)
    ETH_WKUP_IRQHandler                      0x080001db   Thumb Code     0  startup_stm32f429_439xx.o(.text)
    FLASH_IRQHandler                         0x080001db   Thumb Code     0  startup_stm32f429_439xx.o(.text)
    FMC_IRQHandler                           0x080001db   Thumb Code     0  startup_stm32f429_439xx.o(.text)
    FPU_IRQHandler                           0x080001db   Thumb Code     0  startup_stm32f429_439xx.o(.text)
    HASH_RNG_IRQHandler                      0x080001db   Thumb Code     0  startup_stm32f429_439xx.o(.text)
    I2C1_ER_IRQHandler                       0x080001db   Thumb Code     0  startup_stm32f429_439xx.o(.text)
    I2C1_EV_IRQHandler                       0x080001db   Thumb Code     0  startup_stm32f429_439xx.o(.text)
    I2C2_ER_IRQHandler                       0x080001db   Thumb Code     0  startup_stm32f429_439xx.o(.text)
    I2C2_EV_IRQHandler                       0x080001db   Thumb Code     0  startup_stm32f429_439xx.o(.text)
    I2C3_ER_IRQHandler                       0x080001db   Thumb Code     0  startup_stm32f429_439xx.o(.text)
    I2C3_EV_IRQHandler                       0x080001db   Thumb Code     0  startup_stm32f429_439xx.o(.text)
    LTDC_ER_IRQHandler                       0x080001db   Thumb Code     0  startup_stm32f429_439xx.o(.text)
    LTDC_IRQHandler                          0x080001db   Thumb Code     0  startup_stm32f429_439xx.o(.text)
    OTG_FS_IRQHandler                        0x080001db   Thumb Code     0  startup_stm32f429_439xx.o(.text)
    OTG_FS_WKUP_IRQHandler                   0x080001db   Thumb Code     0  startup_stm32f429_439xx.o(.text)
    OTG_HS_EP1_IN_IRQHandler                 0x080001db   Thumb Code     0  startup_stm32f429_439xx.o(.text)
    OTG_HS_EP1_OUT_IRQHandler                0x080001db   Thumb Code     0  startup_stm32f429_439xx.o(.text)
    OTG_HS_IRQHandler                        0x080001db   Thumb Code     0  startup_stm32f429_439xx.o(.text)
    OTG_HS_WKUP_IRQHandler                   0x080001db   Thumb Code     0  startup_stm32f429_439xx.o(.text)
    PVD_IRQHandler                           0x080001db   Thumb Code     0  startup_stm32f429_439xx.o(.text)
    RCC_IRQHandler                           0x080001db   Thumb Code     0  startup_stm32f429_439xx.o(.text)
    RTC_WKUP_IRQHandler                      0x080001db   Thumb Code     0  startup_stm32f429_439xx.o(.text)
    SAI1_IRQHandler                          0x080001db   Thumb Code     0  startup_stm32f429_439xx.o(.text)
    SPI1_IRQHandler                          0x080001db   Thumb Code     0  startup_stm32f429_439xx.o(.text)
    SPI2_IRQHandler                          0x080001db   Thumb Code     0  startup_stm32f429_439xx.o(.text)
    SPI3_IRQHandler                          0x080001db   Thumb Code     0  startup_stm32f429_439xx.o(.text)
    SPI4_IRQHandler                          0x080001db   Thumb Code     0  startup_stm32f429_439xx.o(.text)
    SPI5_IRQHandler                          0x080001db   Thumb Code     0  startup_stm32f429_439xx.o(.text)
    SPI6_IRQHandler                          0x080001db   Thumb Code     0  startup_stm32f429_439xx.o(.text)
    TAMP_STAMP_IRQHandler                    0x080001db   Thumb Code     0  startup_stm32f429_439xx.o(.text)
    TIM1_BRK_TIM9_IRQHandler                 0x080001db   Thumb Code     0  startup_stm32f429_439xx.o(.text)
    TIM1_CC_IRQHandler                       0x080001db   Thumb Code     0  startup_stm32f429_439xx.o(.text)
    TIM1_TRG_COM_TIM11_IRQHandler            0x080001db   Thumb Code     0  startup_stm32f429_439xx.o(.text)
    TIM1_UP_TIM10_IRQHandler                 0x080001db   Thumb Code     0  startup_stm32f429_439xx.o(.text)
    TIM3_IRQHandler                          0x080001db   Thumb Code     0  startup_stm32f429_439xx.o(.text)
    TIM4_IRQHandler                          0x080001db   Thumb Code     0  startup_stm32f429_439xx.o(.text)
    TIM5_IRQHandler                          0x080001db   Thumb Code     0  startup_stm32f429_439xx.o(.text)
    TIM6_DAC_IRQHandler                      0x080001db   Thumb Code     0  startup_stm32f429_439xx.o(.text)
    TIM7_IRQHandler                          0x080001db   Thumb Code     0  startup_stm32f429_439xx.o(.text)
    TIM8_BRK_TIM12_IRQHandler                0x080001db   Thumb Code     0  startup_stm32f429_439xx.o(.text)
    TIM8_CC_IRQHandler                       0x080001db   Thumb Code     0  startup_stm32f429_439xx.o(.text)
    TIM8_TRG_COM_TIM14_IRQHandler            0x080001db   Thumb Code     0  startup_stm32f429_439xx.o(.text)
    TIM8_UP_TIM13_IRQHandler                 0x080001db   Thumb Code     0  startup_stm32f429_439xx.o(.text)
    UART4_IRQHandler                         0x080001db   Thumb Code     0  startup_stm32f429_439xx.o(.text)
    UART5_IRQHandler                         0x080001db   Thumb Code     0  startup_stm32f429_439xx.o(.text)
    UART7_IRQHandler                         0x080001db   Thumb Code     0  startup_stm32f429_439xx.o(.text)
    UART8_IRQHandler                         0x080001db   Thumb Code     0  startup_stm32f429_439xx.o(.text)
    USART1_IRQHandler                        0x080001db   Thumb Code     0  startup_stm32f429_439xx.o(.text)
    USART6_IRQHandler                        0x080001db   Thumb Code     0  startup_stm32f429_439xx.o(.text)
    WWDG_IRQHandler                          0x080001db   Thumb Code     0  startup_stm32f429_439xx.o(.text)
    __aeabi_memset                           0x080001e5   Thumb Code    14  memseta.o(.text)
    __aeabi_memset4                          0x080001e5   Thumb Code     0  memseta.o(.text)
    __aeabi_memset8                          0x080001e5   Thumb Code     0  memseta.o(.text)
    __aeabi_memclr                           0x080001f3   Thumb Code     4  memseta.o(.text)
    __aeabi_memclr4                          0x080001f3   Thumb Code     0  memseta.o(.text)
    __aeabi_memclr8                          0x080001f3   Thumb Code     0  memseta.o(.text)
    _memset$wrapper                          0x080001f7   Thumb Code    18  memseta.o(.text)
    __scatterload                            0x08000209   Thumb Code    28  init.o(.text)
    __scatterload_rt2                        0x08000209   Thumb Code     0  init.o(.text)
    ApplicationExe                           0x0800022d   Thumb Code    92  main.o(.text.ApplicationExe)
    __I$use$semihosting$fputc                0x0800022d   Thumb Code     0  iusesemip.o(.text)
    __semihosting_library_function           0x0800022d   Thumb Code     0  semi.o(.text)
    BusFault_Handler                         0x08000289   Thumb Code     2  stm32f4xx_it.o(.text.BusFault_Handler)
    CAN1_RX0_IRQHandler                      0x0800028b   Thumb Code     2  stm32f4xx_it.o(.text.CAN1_RX0_IRQHandler)
    CAN2_RX0_IRQHandler                      0x0800028d   Thumb Code     2  stm32f4xx_it.o(.text.CAN2_RX0_IRQHandler)
    COMMAND_Download                         0x08000291   Thumb Code   472  command.o(.text.COMMAND_Download)
    COMMAND_ProgramFlashMemory               0x08000469   Thumb Code   276  command.o(.text.COMMAND_ProgramFlashMemory)
    DIO_Init                                 0x08000695   Thumb Code   160  dio.o(.text.DIO_Init)
    DMA2_Stream3_IRQHandler                  0x08000735   Thumb Code     4  fatfs_drv.o(.text.DMA2_Stream3_IRQHandler)
    DMA_ClearFlag                            0x08000739   Thumb Code    36  stm32f4xx_dma.o(.text.DMA_ClearFlag)
    DMA_Cmd                                  0x0800075d   Thumb Code    18  stm32f4xx_dma.o(.text.DMA_Cmd)
    DMA_DeInit                               0x08000771   Thumb Code   324  stm32f4xx_dma.o(.text.DMA_DeInit)
    DMA_FlowControllerConfig                 0x080008b5   Thumb Code    18  stm32f4xx_dma.o(.text.DMA_FlowControllerConfig)
    DMA_ITConfig                             0x080008c7   Thumb Code    46  stm32f4xx_dma.o(.text.DMA_ITConfig)
    DMA_Init                                 0x080008f5   Thumb Code    84  stm32f4xx_dma.o(.text.DMA_Init)
    DebugMon_Handler                         0x08000949   Thumb Code     2  stm32f4xx_it.o(.text.DebugMon_Handler)
    Delay                                    0x0800094d   Thumb Code    24  main.o(.text.Delay)
    EXTI0_IRQHandler                         0x08000965   Thumb Code    22  stm32f4xx_it.o(.text.EXTI0_IRQHandler)
    EXTI15_10_IRQHandler                     0x0800097b   Thumb Code    98  stm32f4xx_it.o(.text.EXTI15_10_IRQHandler)
    EXTI1_IRQHandler                         0x080009dd   Thumb Code    22  stm32f4xx_it.o(.text.EXTI1_IRQHandler)
    EXTI2_IRQHandler                         0x080009f3   Thumb Code    22  stm32f4xx_it.o(.text.EXTI2_IRQHandler)
    EXTI3_IRQHandler                         0x08000a09   Thumb Code    22  stm32f4xx_it.o(.text.EXTI3_IRQHandler)
    EXTI4_IRQHandler                         0x08000a1f   Thumb Code    22  stm32f4xx_it.o(.text.EXTI4_IRQHandler)
    EXTI9_5_IRQHandler                       0x08000a35   Thumb Code    72  stm32f4xx_it.o(.text.EXTI9_5_IRQHandler)
    EXTI_ClearITPendingBit                   0x08000a7d   Thumb Code     8  stm32f4xx_exti.o(.text.EXTI_ClearITPendingBit)
    EXTI_GetITStatus                         0x08000a85   Thumb Code    16  stm32f4xx_exti.o(.text.EXTI_GetITStatus)
    FLASH_EraseSector                        0x08000a95   Thumb Code    88  stm32f4xx_flash.o(.text.FLASH_EraseSector)
    FLASH_GetStatus                          0x08000aed   Thumb Code    64  stm32f4xx_flash.o(.text.FLASH_GetStatus)
    FLASH_If_EraseSectors                    0x08000b2d   Thumb Code   120  flash_if.o(.text.FLASH_If_EraseSectors)
    FLASH_If_FlashUnlock                     0x08000ba5   Thumb Code     4  flash_if.o(.text.FLASH_If_FlashUnlock)
    FLASH_If_ProgramWord                     0x08000ba9   Thumb Code     4  flash_if.o(.text.FLASH_If_ProgramWord)
    FLASH_ProgramWord                        0x08000bad   Thumb Code    60  stm32f4xx_flash.o(.text.FLASH_ProgramWord)
    FLASH_Unlock                             0x08000be9   Thumb Code    36  stm32f4xx_flash.o(.text.FLASH_Unlock)
    FLASH_WaitForLastOperation               0x08000c0d   Thumb Code    30  stm32f4xx_flash.o(.text.FLASH_WaitForLastOperation)
    FMC_GetFlagStatus                        0x08000c2d   Thumb Code    44  stm32f4xx_fmc.o(.text.FMC_GetFlagStatus)
    FMC_SDRAMCmdConfig                       0x08000c59   Thumb Code    36  stm32f4xx_fmc.o(.text.FMC_SDRAMCmdConfig)
    FMC_SDRAMInit                            0x08000c7d   Thumb Code   264  stm32f4xx_fmc.o(.text.FMC_SDRAMInit)
    FMC_SetRefreshCount                      0x08000d85   Thumb Code    16  stm32f4xx_fmc.o(.text.FMC_SetRefreshCount)
    Fail_Handler                             0x08000d95   Thumb Code    24  main.o(.text.Fail_Handler)
    GPIO_Init                                0x08000dad   Thumb Code   130  stm32f4xx_gpio.o(.text.GPIO_Init)
    GPIO_PinAFConfig                         0x08000e2f   Thumb Code    40  stm32f4xx_gpio.o(.text.GPIO_PinAFConfig)
    GPIO_ReadInputDataBit                    0x08000e57   Thumb Code    10  stm32f4xx_gpio.o(.text.GPIO_ReadInputDataBit)
    GPIO_ResetBits                           0x08000e61   Thumb Code     4  stm32f4xx_gpio.o(.text.GPIO_ResetBits)
    GPIO_SetBits                             0x08000e65   Thumb Code     4  stm32f4xx_gpio.o(.text.GPIO_SetBits)
    GPIO_WriteBit                            0x08000e69   Thumb Code    10  stm32f4xx_gpio.o(.text.GPIO_WriteBit)
    HardFault_Handler                        0x08000e75   Thumb Code    28  stm32f4xx_it.o(.text.HardFault_Handler)
    I2C2_Init                                0x08000e91   Thumb Code    52  i2c_eeprom.o(.text.I2C2_Init)
    I2C_AcknowledgeConfig                    0x08000ec5   Thumb Code    18  stm32f4xx_i2c.o(.text.I2C_AcknowledgeConfig)
    I2C_Cmd                                  0x08000ed7   Thumb Code    18  stm32f4xx_i2c.o(.text.I2C_Cmd)
    I2C_DeInit                               0x08000ee9   Thumb Code    68  stm32f4xx_i2c.o(.text.I2C_DeInit)
    I2C_EEPROM_timeout                       0x08000f2d   Thumb Code    44  i2c_eeprom.o(.text.I2C_EEPROM_timeout)
    I2C_EERPOM_Init                          0x08000f59   Thumb Code   116  i2c_eeprom.o(.text.I2C_EERPOM_Init)
    I2C_EERPOM_ReadByte16                    0x08000fcd   Thumb Code   368  i2c_eeprom.o(.text.I2C_EERPOM_ReadByte16)
    I2C_EERPOM_WriteByte16                   0x0800113d   Thumb Code   268  i2c_eeprom.o(.text.I2C_EERPOM_WriteByte16)
    I2C_GenerateSTART                        0x08001249   Thumb Code    18  stm32f4xx_i2c.o(.text.I2C_GenerateSTART)
    I2C_GenerateSTOP                         0x0800125b   Thumb Code    18  stm32f4xx_i2c.o(.text.I2C_GenerateSTOP)
    I2C_GetFlagStatus                        0x0800126d   Thumb Code    50  stm32f4xx_i2c.o(.text.I2C_GetFlagStatus)
    I2C_Init                                 0x080012a1   Thumb Code   184  stm32f4xx_i2c.o(.text.I2C_Init)
    I2C_ReceiveData                          0x08001359   Thumb Code     6  stm32f4xx_i2c.o(.text.I2C_ReceiveData)
    I2C_Send7bitAddress                      0x0800135f   Thumb Code    16  stm32f4xx_i2c.o(.text.I2C_Send7bitAddress)
    I2C_SendData                             0x0800136f   Thumb Code     4  stm32f4xx_i2c.o(.text.I2C_SendData)
    I2C_SoftwareResetCmd                     0x08001373   Thumb Code    20  stm32f4xx_i2c.o(.text.I2C_SoftwareResetCmd)
    IWDG_Enable                              0x08001389   Thumb Code    12  stm32f4xx_iwdg.o(.text.IWDG_Enable)
    IWDG_ReloadCounter                       0x08001395   Thumb Code    12  stm32f4xx_iwdg.o(.text.IWDG_ReloadCounter)
    IWDG_SetPrescaler                        0x080013a1   Thumb Code    12  stm32f4xx_iwdg.o(.text.IWDG_SetPrescaler)
    IWDG_SetReload                           0x080013ad   Thumb Code    12  stm32f4xx_iwdg.o(.text.IWDG_SetReload)
    IWDG_WriteAccessCmd                      0x080013b9   Thumb Code    12  stm32f4xx_iwdg.o(.text.IWDG_WriteAccessCmd)
    LCD_AF_GPIOConfig                        0x080013c5   Thumb Code   352  stm32f429i_lcd.o(.text.LCD_AF_GPIOConfig)
    LCD_Clear                                0x08001525   Thumb Code    36  stm32f429i_lcd.o(.text.LCD_Clear)
    LCD_DisplayChar                          0x08001549   Thumb Code    28  stm32f429i_lcd.o(.text.LCD_DisplayChar)
    LCD_DisplayOn                            0x08001565   Thumb Code    28  stm32f429i_lcd.o(.text.LCD_DisplayOn)
    LCD_DisplayStringLine                    0x08001581   Thumb Code    52  stm32f429i_lcd.o(.text.LCD_DisplayStringLine)
    LCD_DrawChar                             0x080015b5   Thumb Code   148  stm32f429i_lcd.o(.text.LCD_DrawChar)
    LCD_GetFont                              0x08001649   Thumb Code     8  stm32f429i_lcd.o(.text.LCD_GetFont)
    LCD_Init                                 0x08001651   Thumb Code   140  stm32f429i_lcd.o(.text.LCD_Init)
    LCD_LayerInit                            0x080016dd   Thumb Code   172  stm32f429i_lcd.o(.text.LCD_LayerInit)
    LCD_SetBackColor                         0x08001789   Thumb Code    12  stm32f429i_lcd.o(.text.LCD_SetBackColor)
    LCD_SetLayer                             0x08001795   Thumb Code    16  stm32f429i_lcd.o(.text.LCD_SetLayer)
    LCD_SetTextColor                         0x080017a5   Thumb Code    12  stm32f429i_lcd.o(.text.LCD_SetTextColor)
    LTDC_Cmd                                 0x080017b1   Thumb Code    20  stm32f4xx_ltdc.o(.text.LTDC_Cmd)
    LTDC_DitherCmd                           0x080017c5   Thumb Code    24  stm32f4xx_ltdc.o(.text.LTDC_DitherCmd)
    LTDC_Init                                0x080017dd   Thumb Code   152  stm32f4xx_ltdc.o(.text.LTDC_Init)
    LTDC_LayerCmd                            0x08001875   Thumb Code    18  stm32f4xx_ltdc.o(.text.LTDC_LayerCmd)
    LTDC_LayerInit                           0x08001887   Thumb Code   146  stm32f4xx_ltdc.o(.text.LTDC_LayerInit)
    LTDC_ReloadConfig                        0x08001919   Thumb Code    12  stm32f4xx_ltdc.o(.text.LTDC_ReloadConfig)
    MemManage_Handler                        0x08001925   Thumb Code     2  stm32f4xx_it.o(.text.MemManage_Handler)
    NMI_Handler                              0x08001927   Thumb Code     2  stm32f4xx_it.o(.text.NMI_Handler)
    NVIC_Init                                0x08001929   Thumb Code    80  misc.o(.text.NVIC_Init)
    NVIC_PriorityGroupConfig                 0x08001979   Thumb Code    20  misc.o(.text.NVIC_PriorityGroupConfig)
    PWR_BackupAccessCmd                      0x0800198d   Thumb Code    12  stm32f4xx_pwr.o(.text.PWR_BackupAccessCmd)
    RCC_AHB1PeriphClockCmd                   0x08001999   Thumb Code    24  stm32f4xx_rcc.o(.text.RCC_AHB1PeriphClockCmd)
    RCC_AHB3PeriphClockCmd                   0x080019b1   Thumb Code    24  stm32f4xx_rcc.o(.text.RCC_AHB3PeriphClockCmd)
    RCC_APB1PeriphClockCmd                   0x080019c9   Thumb Code    24  stm32f4xx_rcc.o(.text.RCC_APB1PeriphClockCmd)
    RCC_APB1PeriphResetCmd                   0x080019e1   Thumb Code    24  stm32f4xx_rcc.o(.text.RCC_APB1PeriphResetCmd)
    RCC_APB2PeriphClockCmd                   0x080019f9   Thumb Code    24  stm32f4xx_rcc.o(.text.RCC_APB2PeriphClockCmd)
    RCC_APB2PeriphResetCmd                   0x08001a11   Thumb Code    24  stm32f4xx_rcc.o(.text.RCC_APB2PeriphResetCmd)
    RCC_BackupResetCmd                       0x08001a29   Thumb Code    12  stm32f4xx_rcc.o(.text.RCC_BackupResetCmd)
    RCC_ClearFlag                            0x08001a35   Thumb Code    16  stm32f4xx_rcc.o(.text.RCC_ClearFlag)
    RCC_GetClocksFreq                        0x08001a45   Thumb Code   132  stm32f4xx_rcc.o(.text.RCC_GetClocksFreq)
    RCC_GetFlagStatus                        0x08001ac9   Thumb Code    40  stm32f4xx_rcc.o(.text.RCC_GetFlagStatus)
    RCC_LSEConfig                            0x08001af1   Thumb Code    28  stm32f4xx_rcc.o(.text.RCC_LSEConfig)
    RCC_LTDCCLKDivConfig                     0x08001b0d   Thumb Code    20  stm32f4xx_rcc.o(.text.RCC_LTDCCLKDivConfig)
    RCC_PLLSAICmd                            0x08001b21   Thumb Code    12  stm32f4xx_rcc.o(.text.RCC_PLLSAICmd)
    RCC_PLLSAIConfig                         0x08001b2d   Thumb Code    20  stm32f4xx_rcc.o(.text.RCC_PLLSAIConfig)
    RCC_RTCCLKCmd                            0x08001b41   Thumb Code    12  stm32f4xx_rcc.o(.text.RCC_RTCCLKCmd)
    RCC_RTCCLKConfig                         0x08001b4d   Thumb Code    48  stm32f4xx_rcc.o(.text.RCC_RTCCLKConfig)
    RTC_Alarm_IRQHandler                     0x08001b7d   Thumb Code    52  rtc.o(.text.RTC_Alarm_IRQHandler)
    RTC_ClearITPendingBit                    0x08001bb1   Thumb Code    28  stm32f4xx_rtc.o(.text.RTC_ClearITPendingBit)
    RTC_Config                               0x08001bcd   Thumb Code   188  rtc.o(.text.RTC_Config)
    RTC_GetITStatus                          0x08001c89   Thumb Code    44  stm32f4xx_rtc.o(.text.RTC_GetITStatus)
    RTC_ReadBackupRegister                   0x08001cb5   Thumb Code    28  stm32f4xx_rtc.o(.text.RTC_ReadBackupRegister)
    RTC_WaitForSynchro                       0x08001cd1   Thumb Code    64  stm32f4xx_rtc.o(.text.RTC_WaitForSynchro)
    RTC_WriteBackupRegister                  0x08001d11   Thumb Code    32  stm32f4xx_rtc.o(.text.RTC_WriteBackupRegister)
    SDIO_ClearFlag                           0x08001eed   Thumb Code     8  stm32f4xx_sdio.o(.text.SDIO_ClearFlag)
    SDIO_ClearITPendingBit                   0x08001ef5   Thumb Code    12  stm32f4xx_sdio.o(.text.SDIO_ClearITPendingBit)
    SDIO_ClockCmd                            0x08001f01   Thumb Code    12  stm32f4xx_sdio.o(.text.SDIO_ClockCmd)
    SDIO_DMACmd                              0x08001f0d   Thumb Code    12  stm32f4xx_sdio.o(.text.SDIO_DMACmd)
    SDIO_DataConfig                          0x08001f19   Thumb Code    40  stm32f4xx_sdio.o(.text.SDIO_DataConfig)
    SDIO_DeInit                              0x08001f41   Thumb Code    26  stm32f4xx_sdio.o(.text.SDIO_DeInit)
    SDIO_GetCommandResponse                  0x08001f5d   Thumb Code    12  stm32f4xx_sdio.o(.text.SDIO_GetCommandResponse)
    SDIO_GetFlagStatus                       0x08001f69   Thumb Code    12  stm32f4xx_sdio.o(.text.SDIO_GetFlagStatus)
    SDIO_GetITStatus                         0x08001f75   Thumb Code    16  stm32f4xx_sdio.o(.text.SDIO_GetITStatus)
    SDIO_GetPowerState                       0x08001f85   Thumb Code    12  stm32f4xx_sdio.o(.text.SDIO_GetPowerState)
    SDIO_GetResponse                         0x08001f91   Thumb Code    24  stm32f4xx_sdio.o(.text.SDIO_GetResponse)
    SDIO_IRQHandler                          0x08001fa9   Thumb Code     4  fatfs_drv.o(.text.SDIO_IRQHandler)
    SDIO_ITConfig                            0x08001fad   Thumb Code    24  stm32f4xx_sdio.o(.text.SDIO_ITConfig)
    SDIO_Init                                0x08001fc5   Thumb Code    40  stm32f4xx_sdio.o(.text.SDIO_Init)
    SDIO_ReadData                            0x08001fed   Thumb Code    12  stm32f4xx_sdio.o(.text.SDIO_ReadData)
    TIM_ClearITPendingBit                    0x08001ff9   Thumb Code     6  stm32f4xx_tim.o(.text.TIM_ClearITPendingBit)
    USART2_IRQHandler                        0x08001fff   Thumb Code     2  stm32f4xx_it.o(.text.USART2_IRQHandler)
    size                                     0x08002000   Data           4  common.o(.ARM.__at_0x08002000)
    crc_32                                   0x08002004   Data           4  common.o(.ARM.__at_0x08002004)
    version                                  0x08002008   Data           4  common.o(.ARM.__at_0x08002008)
    address                                  0x0800200c   Data           4  common.o(.ARM.__at_0x0800200C)
    SDIO_SendCommand                         0x08002011   Thumb Code    36  stm32f4xx_sdio.o(.text.SDIO_SendCommand)
    SDIO_SetPowerState                       0x08002035   Thumb Code    12  stm32f4xx_sdio.o(.text.SDIO_SetPowerState)
    SDRAM_GPIOConfig                         0x08002041   Thumb Code   448  stm32f429i_sdram.o(.text.SDRAM_GPIOConfig)
    SDRAM_Init                               0x08002201   Thumb Code   100  stm32f429i_sdram.o(.text.SDRAM_Init)
    SDRAM_InitSequence                       0x08002265   Thumb Code   208  stm32f429i_sdram.o(.text.SDRAM_InitSequence)
    SD_EnableWideBusOperation                0x08002335   Thumb Code    92  sdio_sd.o(.text.SD_EnableWideBusOperation)
    SD_GetCardInfo                           0x08002391   Thumb Code   640  sdio_sd.o(.text.SD_GetCardInfo)
    SD_GetState                              0x08002611   Thumb Code    40  sdio_sd.o(.text.SD_GetState)
    SD_GetStatus                             0x08002639   Thumb Code    22  sdio_sd.o(.text.SD_GetStatus)
    SD_Init                                  0x08002651   Thumb Code   132  sdio_sd.o(.text.SD_Init)
    SD_InitializeCards                       0x080026d5   Thumb Code   292  sdio_sd.o(.text.SD_InitializeCards)
    SD_LowLevel_DMA_RxConfig                 0x080027f9   Thumb Code   140  sdio_sd.o(.text.SD_LowLevel_DMA_RxConfig)
    SD_LowLevel_DMA_TxConfig                 0x08002885   Thumb Code   148  sdio_sd.o(.text.SD_LowLevel_DMA_TxConfig)
    SD_LowLevel_Init                         0x08002919   Thumb Code   152  sdio_sd.o(.text.SD_LowLevel_Init)
    SD_PowerON                               0x080029b1   Thumb Code   480  sdio_sd.o(.text.SD_PowerON)
    SD_ProcessDMAIRQ                         0x08002b91   Thumb Code    32  sdio_sd.o(.text.SD_ProcessDMAIRQ)
    SD_ProcessIRQSrc                         0x08002bb1   Thumb Code   156  sdio_sd.o(.text.SD_ProcessIRQSrc)
    SD_ReadMultiBlocks                       0x08002c4d   Thumb Code   192  sdio_sd.o(.text.SD_ReadMultiBlocks)
    SD_SelectDeselect                        0x08002d0d   Thumb Code    44  sdio_sd.o(.text.SD_SelectDeselect)
    SD_SendStatus                            0x08002d39   Thumb Code    68  sdio_sd.o(.text.SD_SendStatus)
    SD_StopTransfer                          0x08002d7d   Thumb Code    40  sdio_sd.o(.text.SD_StopTransfer)
    SD_WaitReadOperation                     0x08002da5   Thumb Code    92  sdio_sd.o(.text.SD_WaitReadOperation)
    SD_WaitWriteOperation                    0x08002e01   Thumb Code    92  sdio_sd.o(.text.SD_WaitWriteOperation)
    SD_WriteMultiBlocks                      0x08002e5d   Thumb Code   276  sdio_sd.o(.text.SD_WriteMultiBlocks)
    SysTick_Handler                          0x08002f71   Thumb Code    20  stm32f4xx_it.o(.text.SysTick_Handler)
    SystemInit                               0x08002f85   Thumb Code   260  system_stm32f4xx.o(.text.SystemInit)
    TIM2_IRQHandler                          0x08003089   Thumb Code    10  stm32f4xx_it.o(.text.TIM2_IRQHandler)
    USART3_IRQHandler                        0x08003093   Thumb Code     2  stm32f4xx_it.o(.text.USART3_IRQHandler)
    UsageFault_Handler                       0x08003095   Thumb Code     2  stm32f4xx_it.o(.text.UsageFault_Handler)
    disk_initialize                          0x080033e5   Thumb Code    32  fatfs_drv.o(.text.disk_initialize)
    disk_ioctl                               0x08003405   Thumb Code    62  fatfs_drv.o(.text.disk_ioctl)
    disk_read                                0x08003443   Thumb Code    46  fatfs_drv.o(.text.disk_read)
    disk_status                              0x08003471   Thumb Code     8  fatfs_drv.o(.text.disk_status)
    disk_write                               0x08003479   Thumb Code    46  fatfs_drv.o(.text.disk_write)
    f_close                                  0x080034a7   Thumb Code    28  ff.o(.text.f_close)
    f_mount                                  0x080034c5   Thumb Code    76  ff.o(.text.f_mount)
    f_open                                   0x08003511   Thumb Code   496  ff.o(.text.f_open)
    f_read                                   0x08003701   Thumb Code   356  ff.o(.text.f_read)
    f_sync                                   0x08003865   Thumb Code   136  ff.o(.text.f_sync)
    main                                     0x08003e25   Thumb Code   676  main.o(.text.main)
    __scatterload_copy                       0x0800437d   Thumb Code    14  handlers.o(i.__scatterload_copy)
    __scatterload_null                       0x0800438b   Thumb Code     2  handlers.o(i.__scatterload_null)
    __scatterload_zeroinit                   0x0800438d   Thumb Code    14  handlers.o(i.__scatterload_zeroinit)
    fputc                                    0x0800439b   Thumb Code    18  fputc.o(i.fputc)
    puts                                     0x080043ad   Thumb Code    30  puts.o(i.puts)
    ASCII16x24_Table                         0x080043e0   Data        4560  stm32f429i_lcd.o(.rodata.ASCII16x24_Table)
    Region$$Table$$Base                      0x08005724   Number         0  anon$$obj.o(Region$$Table)
    Region$$Table$$Limit                     0x08005744   Number         0  anon$$obj.o(Region$$Table)
    __stdout                                 0x20000000   Data           4  stdout.o(.data)
    Font16x24                                0x20000008   Data           8  stm32f429i_lcd.o(.data.Font16x24)
    I2C2DEV                                  0x20000010   Data          32  i2c_eeprom.o(.data.I2C2DEV)
    SystemCoreClock                          0x20000034   Data           4  system_stm32f4xx.o(.data.SystemCoreClock)
    alarm_now                                0x20000038   Data           1  rtc.o(.data.alarm_now)
    TransferError                            0x20000040   Data           1  sdio_sd.o(.bss..L_MergedGlobals)
    StopCondition                            0x20000048   Data           4  sdio_sd.o(.bss..L_MergedGlobals)
    TransferEnd                              0x2000004c   Data           4  sdio_sd.o(.bss..L_MergedGlobals)
    DMAEndOfTransfer                         0x20000050   Data           4  sdio_sd.o(.bss..L_MergedGlobals)
    SDIO_CmdInitStructure                    0x20000078   Data          20  sdio_sd.o(.bss..L_MergedGlobals)
    SDIO_InitStructure                       0x2000008c   Data          24  sdio_sd.o(.bss..L_MergedGlobals)
    SDIO_DataInitStructure                   0x200000a4   Data          24  sdio_sd.o(.bss..L_MergedGlobals)
    system_config                            0x200000cc   Data           4  main.o(.bss..L_MergedGlobals)
    TimingDelay                              0x200000d0   Data           4  main.o(.bss..L_MergedGlobals)
    RTC_Error                                0x200002e0   Data           1  rtc.o(.bss.RTC_Error)
    RTC_HandlerFlag                          0x200002e1   Data           1  rtc.o(.bss.RTC_HandlerFlag)
    SDCardInfo                               0x200002e8   Data          88  sdio_sd.o(.bss.SDCardInfo)
    fatfs                                    0x20000340   Data         560  command.o(.bss.fatfs)
    fileR                                    0x20000570   Data         552  command.o(.bss.fileR)
    __initial_sp                             0x20000f98   Data           0  startup_stm32f429_439xx.o(STACK)



==============================================================================

Memory Map of the image

  Image Entry point : 0x080001ad

  Load Region LR_IROM1 (Base: 0x08000000, Size: 0x00005788, Max: 0x00010000, ABSOLUTE)

    Execution Region ER_IROM1 (Exec base: 0x08000000, Load base: 0x08000000, Size: 0x00005744, Max: 0x00010000, ABSOLUTE)

    Exec Addr    Load Addr    Size         Type   Attr      Idx    E Section Name        Object

    0x08000000   0x08000000   0x000001ac   Data   RO            3    RESET               startup_stm32f429_439xx.o
    0x080001ac   0x080001ac   0x00000000   Code   RO         2003  * .ARM.Collect$$$$00000000  mc_w.l(entry.o)
    0x080001ac   0x080001ac   0x00000004   Code   RO         2012    .ARM.Collect$$$$00000001  mc_w.l(entry2.o)
    0x080001b0   0x080001b0   0x00000004   Code   RO         2015    .ARM.Collect$$$$00000004  mc_w.l(entry5.o)
    0x080001b4   0x080001b4   0x00000000   Code   RO         2017    .ARM.Collect$$$$00000008  mc_w.l(entry7b.o)
    0x080001b4   0x080001b4   0x00000000   Code   RO         2019    .ARM.Collect$$$$0000000A  mc_w.l(entry8b.o)
    0x080001b4   0x080001b4   0x00000008   Code   RO         2020    .ARM.Collect$$$$0000000B  mc_w.l(entry9a.o)
    0x080001bc   0x080001bc   0x00000000   Code   RO         2022    .ARM.Collect$$$$0000000D  mc_w.l(entry10a.o)
    0x080001bc   0x080001bc   0x00000000   Code   RO         2024    .ARM.Collect$$$$0000000F  mc_w.l(entry11a.o)
    0x080001bc   0x080001bc   0x00000004   Code   RO         2013    .ARM.Collect$$$$00002712  mc_w.l(entry2.o)
    0x080001c0   0x080001c0   0x00000024   Code   RO            4    .text               startup_stm32f429_439xx.o
    0x080001e4   0x080001e4   0x00000024   Code   RO         2010    .text               mc_w.l(memseta.o)
    0x08000208   0x08000208   0x00000024   Code   RO         2031    .text               mc_w.l(init.o)
    0x0800022c   0x0800022c   0x00000000   Code   RO         2033    .text               mc_w.l(semi.o)
    0x0800022c   0x0800022c   0x00000000   Code   RO         2034    .text               mc_w.l(iusesemip.o)
    0x0800022c   0x0800022c   0x0000005c   Code   RO         1985    .text.ApplicationExe  main.o
    0x08000288   0x08000288   0x00000002   Code   RO         1865    .text.BusFault_Handler  stm32f4xx_it.o
    0x0800028a   0x0800028a   0x00000002   Code   RO         1875    .text.CAN1_RX0_IRQHandler  stm32f4xx_it.o
    0x0800028c   0x0800028c   0x00000002   Code   RO         1877    .text.CAN2_RX0_IRQHandler  stm32f4xx_it.o
    0x0800028e   0x0800028e   0x00000002   PAD
    0x08000290   0x08000290   0x000001d8   Code   RO         1890    .text.COMMAND_Download  command.o
    0x08000468   0x08000468   0x00000114   Code   RO         1892    .text.COMMAND_ProgramFlashMemory  command.o
    0x0800057c   0x0800057c   0x000000e8   Code   RO         1416    .text.CmdResp1Error  sdio_sd.o
    0x08000664   0x08000664   0x00000030   Code   RO         1420    .text.CmdResp2Error  sdio_sd.o
    0x08000694   0x08000694   0x000000a0   Code   RO         1504    .text.DIO_Init      dio.o
    0x08000734   0x08000734   0x00000004   Code   RO         1811    .text.DMA2_Stream3_IRQHandler  fatfs_drv.o
    0x08000738   0x08000738   0x00000024   Code   RO          754    .text.DMA_ClearFlag  stm32f4xx_dma.o
    0x0800075c   0x0800075c   0x00000012   Code   RO          730    .text.DMA_Cmd       stm32f4xx_dma.o
    0x0800076e   0x0800076e   0x00000002   PAD
    0x08000770   0x08000770   0x00000144   Code   RO          724    .text.DMA_DeInit    stm32f4xx_dma.o
    0x080008b4   0x080008b4   0x00000012   Code   RO          734    .text.DMA_FlowControllerConfig  stm32f4xx_dma.o
    0x080008c6   0x080008c6   0x0000002e   Code   RO          756    .text.DMA_ITConfig  stm32f4xx_dma.o
    0x080008f4   0x080008f4   0x00000054   Code   RO          726    .text.DMA_Init      stm32f4xx_dma.o
    0x08000948   0x08000948   0x00000002   Code   RO         1869    .text.DebugMon_Handler  stm32f4xx_it.o
    0x0800094a   0x0800094a   0x00000002   PAD
    0x0800094c   0x0800094c   0x00000018   Code   RO         1987    .text.Delay         main.o
    0x08000964   0x08000964   0x00000016   Code   RO         1843    .text.EXTI0_IRQHandler  stm32f4xx_it.o
    0x0800097a   0x0800097a   0x00000062   Code   RO         1855    .text.EXTI15_10_IRQHandler  stm32f4xx_it.o
    0x080009dc   0x080009dc   0x00000016   Code   RO         1845    .text.EXTI1_IRQHandler  stm32f4xx_it.o
    0x080009f2   0x080009f2   0x00000016   Code   RO         1847    .text.EXTI2_IRQHandler  stm32f4xx_it.o
    0x08000a08   0x08000a08   0x00000016   Code   RO         1849    .text.EXTI3_IRQHandler  stm32f4xx_it.o
    0x08000a1e   0x08000a1e   0x00000016   Code   RO         1851    .text.EXTI4_IRQHandler  stm32f4xx_it.o
    0x08000a34   0x08000a34   0x00000048   Code   RO         1853    .text.EXTI9_5_IRQHandler  stm32f4xx_it.o
    0x08000a7c   0x08000a7c   0x00000008   Code   RO          146    .text.EXTI_ClearITPendingBit  stm32f4xx_exti.o
    0x08000a84   0x08000a84   0x00000010   Code   RO          144    .text.EXTI_GetITStatus  stm32f4xx_exti.o
    0x08000a94   0x08000a94   0x00000058   Code   RO          173    .text.FLASH_EraseSector  stm32f4xx_flash.o
    0x08000aec   0x08000aec   0x00000040   Code   RO          235    .text.FLASH_GetStatus  stm32f4xx_flash.o
    0x08000b2c   0x08000b2c   0x00000078   Code   RO         1826    .text.FLASH_If_EraseSectors  flash_if.o
    0x08000ba4   0x08000ba4   0x00000004   Code   RO         1822    .text.FLASH_If_FlashUnlock  flash_if.o
    0x08000ba8   0x08000ba8   0x00000004   Code   RO         1828    .text.FLASH_If_ProgramWord  flash_if.o
    0x08000bac   0x08000bac   0x0000003c   Code   RO          185    .text.FLASH_ProgramWord  stm32f4xx_flash.o
    0x08000be8   0x08000be8   0x00000024   Code   RO          169    .text.FLASH_Unlock  stm32f4xx_flash.o
    0x08000c0c   0x08000c0c   0x0000001e   Code   RO          175    .text.FLASH_WaitForLastOperation  stm32f4xx_flash.o
    0x08000c2a   0x08000c2a   0x00000002   PAD
    0x08000c2c   0x08000c2c   0x0000002c   Code   RO          945    .text.FMC_GetFlagStatus  stm32f4xx_fmc.o
    0x08000c58   0x08000c58   0x00000024   Code   RO          933    .text.FMC_SDRAMCmdConfig  stm32f4xx_fmc.o
    0x08000c7c   0x08000c7c   0x00000108   Code   RO          929    .text.FMC_SDRAMInit  stm32f4xx_fmc.o
    0x08000d84   0x08000d84   0x00000010   Code   RO          937    .text.FMC_SetRefreshCount  stm32f4xx_fmc.o
    0x08000d94   0x08000d94   0x00000018   Code   RO         1989    .text.Fail_Handler  main.o
    0x08000dac   0x08000dac   0x00000082   Code   RO          248    .text.GPIO_Init     stm32f4xx_gpio.o
    0x08000e2e   0x08000e2e   0x00000028   Code   RO          272    .text.GPIO_PinAFConfig  stm32f4xx_gpio.o
    0x08000e56   0x08000e56   0x0000000a   Code   RO          254    .text.GPIO_ReadInputDataBit  stm32f4xx_gpio.o
    0x08000e60   0x08000e60   0x00000004   Code   RO          264    .text.GPIO_ResetBits  stm32f4xx_gpio.o
    0x08000e64   0x08000e64   0x00000004   Code   RO          262    .text.GPIO_SetBits  stm32f4xx_gpio.o
    0x08000e68   0x08000e68   0x0000000a   Code   RO          266    .text.GPIO_WriteBit  stm32f4xx_gpio.o
    0x08000e72   0x08000e72   0x00000002   PAD
    0x08000e74   0x08000e74   0x0000001c   Code   RO         1861    .text.HardFault_Handler  stm32f4xx_it.o
    0x08000e90   0x08000e90   0x00000034   Code   RO         1468    .text.I2C2_Init     i2c_eeprom.o
    0x08000ec4   0x08000ec4   0x00000012   Code   RO         1098    .text.I2C_AcknowledgeConfig  stm32f4xx_i2c.o
    0x08000ed6   0x08000ed6   0x00000012   Code   RO         1086    .text.I2C_Cmd       stm32f4xx_i2c.o
    0x08000ee8   0x08000ee8   0x00000044   Code   RO         1080    .text.I2C_DeInit    stm32f4xx_i2c.o
    0x08000f2c   0x08000f2c   0x0000002c   Code   RO         1472    .text.I2C_EEPROM_timeout  i2c_eeprom.o
    0x08000f58   0x08000f58   0x00000074   Code   RO         1466    .text.I2C_EERPOM_Init  i2c_eeprom.o
    0x08000fcc   0x08000fcc   0x00000170   Code   RO         1482    .text.I2C_EERPOM_ReadByte16  i2c_eeprom.o
    0x0800113c   0x0800113c   0x0000010c   Code   RO         1484    .text.I2C_EERPOM_WriteByte16  i2c_eeprom.o
    0x08001248   0x08001248   0x00000012   Code   RO         1092    .text.I2C_GenerateSTART  stm32f4xx_i2c.o
    0x0800125a   0x0800125a   0x00000012   Code   RO         1094    .text.I2C_GenerateSTOP  stm32f4xx_i2c.o
    0x0800126c   0x0800126c   0x00000032   Code   RO         1142    .text.I2C_GetFlagStatus  stm32f4xx_i2c.o
    0x0800129e   0x0800129e   0x00000002   PAD
    0x080012a0   0x080012a0   0x000000b8   Code   RO         1082    .text.I2C_Init      stm32f4xx_i2c.o
    0x08001358   0x08001358   0x00000006   Code   RO         1120    .text.I2C_ReceiveData  stm32f4xx_i2c.o
    0x0800135e   0x0800135e   0x00000010   Code   RO         1096    .text.I2C_Send7bitAddress  stm32f4xx_i2c.o
    0x0800136e   0x0800136e   0x00000004   Code   RO         1118    .text.I2C_SendData  stm32f4xx_i2c.o
    0x08001372   0x08001372   0x00000014   Code   RO         1106    .text.I2C_SoftwareResetCmd  stm32f4xx_i2c.o
    0x08001386   0x08001386   0x00000002   PAD
    0x08001388   0x08001388   0x0000000c   Code   RO         1373    .text.IWDG_Enable   stm32f4xx_iwdg.o
    0x08001394   0x08001394   0x0000000c   Code   RO         1371    .text.IWDG_ReloadCounter  stm32f4xx_iwdg.o
    0x080013a0   0x080013a0   0x0000000c   Code   RO         1367    .text.IWDG_SetPrescaler  stm32f4xx_iwdg.o
    0x080013ac   0x080013ac   0x0000000c   Code   RO         1369    .text.IWDG_SetReload  stm32f4xx_iwdg.o
    0x080013b8   0x080013b8   0x0000000c   Code   RO         1365    .text.IWDG_WriteAccessCmd  stm32f4xx_iwdg.o
    0x080013c4   0x080013c4   0x00000160   Code   RO         1525    .text.LCD_AF_GPIOConfig  stm32f429i_lcd.o
    0x08001524   0x08001524   0x00000024   Code   RO         1549    .text.LCD_Clear     stm32f429i_lcd.o
    0x08001548   0x08001548   0x0000001c   Code   RO         1547    .text.LCD_DisplayChar  stm32f429i_lcd.o
    0x08001564   0x08001564   0x0000001c   Code   RO         1605    .text.LCD_DisplayOn  stm32f429i_lcd.o
    0x08001580   0x08001580   0x00000034   Code   RO         1559    .text.LCD_DisplayStringLine  stm32f429i_lcd.o
    0x080015b4   0x080015b4   0x00000094   Code   RO         1557    .text.LCD_DrawChar  stm32f429i_lcd.o
    0x08001648   0x08001648   0x00000008   Code   RO         1543    .text.LCD_GetFont   stm32f429i_lcd.o
    0x08001650   0x08001650   0x0000008c   Code   RO         1523    .text.LCD_Init      stm32f429i_lcd.o
    0x080016dc   0x080016dc   0x000000ac   Code   RO         1527    .text.LCD_LayerInit  stm32f429i_lcd.o
    0x08001788   0x08001788   0x0000000c   Code   RO         1539    .text.LCD_SetBackColor  stm32f429i_lcd.o
    0x08001794   0x08001794   0x00000010   Code   RO         1531    .text.LCD_SetLayer  stm32f429i_lcd.o
    0x080017a4   0x080017a4   0x0000000c   Code   RO         1537    .text.LCD_SetTextColor  stm32f429i_lcd.o
    0x080017b0   0x080017b0   0x00000014   Code   RO         1016    .text.LTDC_Cmd      stm32f4xx_ltdc.o
    0x080017c4   0x080017c4   0x00000018   Code   RO         1018    .text.LTDC_DitherCmd  stm32f4xx_ltdc.o
    0x080017dc   0x080017dc   0x00000098   Code   RO         1012    .text.LTDC_Init     stm32f4xx_ltdc.o
    0x08001874   0x08001874   0x00000012   Code   RO         1032    .text.LTDC_LayerCmd  stm32f4xx_ltdc.o
    0x08001886   0x08001886   0x00000092   Code   RO         1028    .text.LTDC_LayerInit  stm32f4xx_ltdc.o
    0x08001918   0x08001918   0x0000000c   Code   RO         1026    .text.LTDC_ReloadConfig  stm32f4xx_ltdc.o
    0x08001924   0x08001924   0x00000002   Code   RO         1863    .text.MemManage_Handler  stm32f4xx_it.o
    0x08001926   0x08001926   0x00000002   Code   RO         1857    .text.NMI_Handler   stm32f4xx_it.o
    0x08001928   0x08001928   0x00000050   Code   RO           28    .text.NVIC_Init     misc.o
    0x08001978   0x08001978   0x00000014   Code   RO           26    .text.NVIC_PriorityGroupConfig  misc.o
    0x0800198c   0x0800198c   0x0000000c   Code   RO          286    .text.PWR_BackupAccessCmd  stm32f4xx_pwr.o
    0x08001998   0x08001998   0x00000018   Code   RO          395    .text.RCC_AHB1PeriphClockCmd  stm32f4xx_rcc.o
    0x080019b0   0x080019b0   0x00000018   Code   RO          399    .text.RCC_AHB3PeriphClockCmd  stm32f4xx_rcc.o
    0x080019c8   0x080019c8   0x00000018   Code   RO          401    .text.RCC_APB1PeriphClockCmd  stm32f4xx_rcc.o
    0x080019e0   0x080019e0   0x00000018   Code   RO          411    .text.RCC_APB1PeriphResetCmd  stm32f4xx_rcc.o
    0x080019f8   0x080019f8   0x00000018   Code   RO          403    .text.RCC_APB2PeriphClockCmd  stm32f4xx_rcc.o
    0x08001a10   0x08001a10   0x00000018   Code   RO          413    .text.RCC_APB2PeriphResetCmd  stm32f4xx_rcc.o
    0x08001a28   0x08001a28   0x0000000c   Code   RO          379    .text.RCC_BackupResetCmd  stm32f4xx_rcc.o
    0x08001a34   0x08001a34   0x00000010   Code   RO          429    .text.RCC_ClearFlag  stm32f4xx_rcc.o
    0x08001a44   0x08001a44   0x00000084   Code   RO          373    .text.RCC_GetClocksFreq  stm32f4xx_rcc.o
    0x08001ac8   0x08001ac8   0x00000028   Code   RO          335    .text.RCC_GetFlagStatus  stm32f4xx_rcc.o
    0x08001af0   0x08001af0   0x0000001c   Code   RO          341    .text.RCC_LSEConfig  stm32f4xx_rcc.o
    0x08001b0c   0x08001b0c   0x00000014   Code   RO          391    .text.RCC_LTDCCLKDivConfig  stm32f4xx_rcc.o
    0x08001b20   0x08001b20   0x0000000c   Code   RO          355    .text.RCC_PLLSAICmd  stm32f4xx_rcc.o
    0x08001b2c   0x08001b2c   0x00000014   Code   RO          353    .text.RCC_PLLSAIConfig  stm32f4xx_rcc.o
    0x08001b40   0x08001b40   0x0000000c   Code   RO          377    .text.RCC_RTCCLKCmd  stm32f4xx_rcc.o
    0x08001b4c   0x08001b4c   0x00000030   Code   RO          375    .text.RCC_RTCCLKConfig  stm32f4xx_rcc.o
    0x08001b7c   0x08001b7c   0x00000034   Code   RO         1664    .text.RTC_Alarm_IRQHandler  rtc.o
    0x08001bb0   0x08001bb0   0x0000001c   Code   RO         1354    .text.RTC_ClearITPendingBit  stm32f4xx_rtc.o
    0x08001bcc   0x08001bcc   0x000000bc   Code   RO         1660    .text.RTC_Config    rtc.o
    0x08001c88   0x08001c88   0x0000002c   Code   RO         1352    .text.RTC_GetITStatus  stm32f4xx_rtc.o
    0x08001cb4   0x08001cb4   0x0000001c   Code   RO         1336    .text.RTC_ReadBackupRegister  stm32f4xx_rtc.o
    0x08001cd0   0x08001cd0   0x00000040   Code   RO         1248    .text.RTC_WaitForSynchro  stm32f4xx_rtc.o
    0x08001d10   0x08001d10   0x00000020   Code   RO         1334    .text.RTC_WriteBackupRegister  stm32f4xx_rtc.o
    0x08001d30   0x08001d30   0x000001bc   Code   RO         1426    .text.SDEnWideBus   sdio_sd.o
    0x08001eec   0x08001eec   0x00000008   Code   RO          825    .text.SDIO_ClearFlag  stm32f4xx_sdio.o
    0x08001ef4   0x08001ef4   0x0000000c   Code   RO          829    .text.SDIO_ClearITPendingBit  stm32f4xx_sdio.o
    0x08001f00   0x08001f00   0x0000000c   Code   RO          777    .text.SDIO_ClockCmd  stm32f4xx_sdio.o
    0x08001f0c   0x08001f0c   0x0000000c   Code   RO          819    .text.SDIO_DMACmd   stm32f4xx_sdio.o
    0x08001f18   0x08001f18   0x00000028   Code   RO          791    .text.SDIO_DataConfig  stm32f4xx_sdio.o
    0x08001f40   0x08001f40   0x0000001a   Code   RO          771    .text.SDIO_DeInit   stm32f4xx_sdio.o
    0x08001f5a   0x08001f5a   0x00000002   PAD
    0x08001f5c   0x08001f5c   0x0000000c   Code   RO          787    .text.SDIO_GetCommandResponse  stm32f4xx_sdio.o
    0x08001f68   0x08001f68   0x0000000c   Code   RO          823    .text.SDIO_GetFlagStatus  stm32f4xx_sdio.o
    0x08001f74   0x08001f74   0x00000010   Code   RO          827    .text.SDIO_GetITStatus  stm32f4xx_sdio.o
    0x08001f84   0x08001f84   0x0000000c   Code   RO          781    .text.SDIO_GetPowerState  stm32f4xx_sdio.o
    0x08001f90   0x08001f90   0x00000018   Code   RO          789    .text.SDIO_GetResponse  stm32f4xx_sdio.o
    0x08001fa8   0x08001fa8   0x00000004   Code   RO         1809    .text.SDIO_IRQHandler  fatfs_drv.o
    0x08001fac   0x08001fac   0x00000018   Code   RO          821    .text.SDIO_ITConfig  stm32f4xx_sdio.o
    0x08001fc4   0x08001fc4   0x00000028   Code   RO          773    .text.SDIO_Init     stm32f4xx_sdio.o
    0x08001fec   0x08001fec   0x0000000c   Code   RO          797    .text.SDIO_ReadData  stm32f4xx_sdio.o
    0x08001ff8   0x08001ff8   0x00000006   Code   RO          614    .text.TIM_ClearITPendingBit  stm32f4xx_tim.o
    0x08001ffe   0x08001ffe   0x00000002   Code   RO         1871    .text.USART2_IRQHandler  stm32f4xx_it.o
    0x08002000   0x08002000   0x00000004   Data   RO         1970    .ARM.__at_0x08002000  common.o
    0x08002004   0x08002004   0x00000004   Data   RO         1971    .ARM.__at_0x08002004  common.o
    0x08002008   0x08002008   0x00000004   Data   RO         1972    .ARM.__at_0x08002008  common.o
    0x0800200c   0x0800200c   0x00000004   Data   RO         1973    .ARM.__at_0x0800200C  common.o
    0x08002010   0x08002010   0x00000024   Code   RO          783    .text.SDIO_SendCommand  stm32f4xx_sdio.o
    0x08002034   0x08002034   0x0000000c   Code   RO          779    .text.SDIO_SetPowerState  stm32f4xx_sdio.o
    0x08002040   0x08002040   0x000001c0   Code   RO         1643    .text.SDRAM_GPIOConfig  stm32f429i_sdram.o
    0x08002200   0x08002200   0x00000064   Code   RO         1641    .text.SDRAM_Init    stm32f429i_sdram.o
    0x08002264   0x08002264   0x000000d0   Code   RO         1645    .text.SDRAM_InitSequence  stm32f429i_sdram.o
    0x08002334   0x08002334   0x0000005c   Code   RO         1406    .text.SD_EnableWideBusOperation  sdio_sd.o
    0x08002390   0x08002390   0x00000280   Code   RO         1402    .text.SD_GetCardInfo  sdio_sd.o
    0x08002610   0x08002610   0x00000028   Code   RO         1410    .text.SD_GetState   sdio_sd.o
    0x08002638   0x08002638   0x00000016   Code   RO         1408    .text.SD_GetStatus  sdio_sd.o
    0x0800264e   0x0800264e   0x00000002   PAD
    0x08002650   0x08002650   0x00000084   Code   RO         1396    .text.SD_Init       sdio_sd.o
    0x080026d4   0x080026d4   0x00000124   Code   RO         1400    .text.SD_InitializeCards  sdio_sd.o
    0x080027f8   0x080027f8   0x0000008c   Code   RO         1392    .text.SD_LowLevel_DMA_RxConfig  sdio_sd.o
    0x08002884   0x08002884   0x00000094   Code   RO         1390    .text.SD_LowLevel_DMA_TxConfig  sdio_sd.o
    0x08002918   0x08002918   0x00000098   Code   RO         1388    .text.SD_LowLevel_Init  sdio_sd.o
    0x080029b0   0x080029b0   0x000001e0   Code   RO         1398    .text.SD_PowerON    sdio_sd.o
    0x08002b90   0x08002b90   0x00000020   Code   RO         1450    .text.SD_ProcessDMAIRQ  sdio_sd.o
    0x08002bb0   0x08002bb0   0x0000009c   Code   RO         1448    .text.SD_ProcessIRQSrc  sdio_sd.o
    0x08002c4c   0x08002c4c   0x000000c0   Code   RO         1430    .text.SD_ReadMultiBlocks  sdio_sd.o
    0x08002d0c   0x08002d0c   0x0000002c   Code   RO         1404    .text.SD_SelectDeselect  sdio_sd.o
    0x08002d38   0x08002d38   0x00000044   Code   RO         1414    .text.SD_SendStatus  sdio_sd.o
    0x08002d7c   0x08002d7c   0x00000028   Code   RO         1434    .text.SD_StopTransfer  sdio_sd.o
    0x08002da4   0x08002da4   0x0000005c   Code   RO         1432    .text.SD_WaitReadOperation  sdio_sd.o
    0x08002e00   0x08002e00   0x0000005c   Code   RO         1440    .text.SD_WaitWriteOperation  sdio_sd.o
    0x08002e5c   0x08002e5c   0x00000114   Code   RO         1438    .text.SD_WriteMultiBlocks  sdio_sd.o
    0x08002f70   0x08002f70   0x00000014   Code   RO         1841    .text.SysTick_Handler  stm32f4xx_it.o
    0x08002f84   0x08002f84   0x00000104   Code   RO           11    .text.SystemInit    system_stm32f4xx.o
    0x08003088   0x08003088   0x0000000a   Code   RO         1859    .text.TIM2_IRQHandler  stm32f4xx_it.o
    0x08003092   0x08003092   0x00000002   Code   RO         1873    .text.USART3_IRQHandler  stm32f4xx_it.o
    0x08003094   0x08003094   0x00000002   Code   RO         1867    .text.UsageFault_Handler  stm32f4xx_it.o
    0x08003096   0x08003096   0x00000002   PAD
    0x08003098   0x08003098   0x00000074   Code   RO         1780    .text.check_fs      ff.o
    0x0800310c   0x0800310c   0x00000018   Code   RO         1716    .text.clust2sect    ff.o
    0x08003124   0x08003124   0x000000be   Code   RO         1726    .text.create_chain  ff.o
    0x080031e2   0x080031e2   0x00000002   PAD
    0x080031e4   0x080031e4   0x00000118   Code   RO         1748    .text.dir_next      ff.o
    0x080032fc   0x080032fc   0x0000005a   Code   RO         1700    .text.dir_register  ff.o
    0x08003356   0x08003356   0x0000008e   Code   RO         1738    .text.dir_sdi       ff.o
    0x080033e4   0x080033e4   0x00000020   Code   RO         1797    .text.disk_initialize  fatfs_drv.o
    0x08003404   0x08003404   0x0000003e   Code   RO         1805    .text.disk_ioctl    fatfs_drv.o
    0x08003442   0x08003442   0x0000002e   Code   RO         1801    .text.disk_read     fatfs_drv.o
    0x08003470   0x08003470   0x00000008   Code   RO         1799    .text.disk_status   fatfs_drv.o
    0x08003478   0x08003478   0x0000002e   Code   RO         1803    .text.disk_write    fatfs_drv.o
    0x080034a6   0x080034a6   0x0000001c   Code   RO         1732    .text.f_close       ff.o
    0x080034c2   0x080034c2   0x00000002   PAD
    0x080034c4   0x080034c4   0x0000004c   Code   RO         1690    .text.f_mount       ff.o
    0x08003510   0x08003510   0x000001f0   Code   RO         1696    .text.f_open        ff.o
    0x08003700   0x08003700   0x00000164   Code   RO         1718    .text.f_read        ff.o
    0x08003864   0x08003864   0x00000088   Code   RO         1728    .text.f_sync        ff.o
    0x080038ec   0x080038ec   0x0000028c   Code   RO         1694    .text.find_volume   ff.o
    0x08003b78   0x08003b78   0x00000198   Code   RO         1698    .text.follow_path   ff.o
    0x08003d10   0x08003d10   0x000000b4   Code   RO         1714    .text.get_fat       ff.o
    0x08003dc4   0x08003dc4   0x0000003e   Code   RO         1692    .text.get_ldnumber  ff.o
    0x08003e02   0x08003e02   0x0000001e   Code   RO         1704    .text.ld_clust      ff.o
    0x08003e20   0x08003e20   0x00000004   Code   RO         1712    .text.ld_dword      ff.o
    0x08003e24   0x08003e24   0x000002a4   Code   RO         1983    .text.main          main.o
    0x080040c8   0x080040c8   0x00000010   Code   RO         1722    .text.mem_cpy       ff.o
    0x080040d8   0x080040d8   0x00000038   Code   RO         1710    .text.move_window   ff.o
    0x08004110   0x08004110   0x000000e0   Code   RO         1782    .text.put_fat       ff.o
    0x080041f0   0x080041f0   0x00000070   Code   RO         1708    .text.remove_chain  ff.o
    0x08004260   0x08004260   0x00000012   Code   RO         1706    .text.st_clust      ff.o
    0x08004272   0x08004272   0x00000004   Code   RO         1702    .text.st_dword      ff.o
    0x08004276   0x08004276   0x00000002   PAD
    0x08004278   0x08004278   0x00000088   Code   RO         1730    .text.sync_fs       ff.o
    0x08004300   0x08004300   0x0000004c   Code   RO         1762    .text.sync_window   ff.o
    0x0800434c   0x0800434c   0x00000030   Code   RO         1720    .text.validate      ff.o
    0x0800437c   0x0800437c   0x0000000e   Code   RO         2037    i.__scatterload_copy  mc_w.l(handlers.o)
    0x0800438a   0x0800438a   0x00000002   Code   RO         2038    i.__scatterload_null  mc_w.l(handlers.o)
    0x0800438c   0x0800438c   0x0000000e   Code   RO         2039    i.__scatterload_zeroinit  mc_w.l(handlers.o)
    0x0800439a   0x0800439a   0x00000012   Code   RO         2026    i.fputc             mc_w.l(fputc.o)
    0x080043ac   0x080043ac   0x00000024   Code   RO         2006    i.puts              mc_w.l(puts.o)
    0x080043d0   0x080043d0   0x00000010   Data   RO          435    .rodata.APBAHBPrescTable  stm32f4xx_rcc.o
    0x080043e0   0x080043e0   0x000011d0   Data   RO         1619    .rodata.ASCII16x24_Table  stm32f429i_lcd.o
    0x080055b0   0x080055b0   0x00000080   Data   RO         1785    .rodata.ExCvt       ff.o
    0x08005630   0x08005630   0x0000000f   Data   RO         1786    .rodata.str1.1      ff.o
    0x0800563f   0x0800563f   0x0000008f   Data   RO         1898    .rodata.str1.1      command.o
    0x080056ce   0x080056ce   0x00000053   Data   RO         1991    .rodata.str1.1      main.o
    0x08005721   0x08005721   0x00000003   PAD
    0x08005724   0x08005724   0x00000020   Data   RO         2036    Region$$Table       anon$$obj.o


    Execution Region RW_IRAM1 (Exec base: 0x20000000, Load base: 0x08005748, Size: 0x00000f98, Max: 0x00030000, ABSOLUTE)

    Exec Addr    Load Addr    Size         Type   Attr      Idx    E Section Name        Object

    0x20000000   0x08005748   0x00000004   Data   RW         2030    .data               mc_w.l(stdout.o)
    0x20000004   0x0800574c   0x00000002   Data   RW         1629    .data.CurrentBackColor  stm32f429i_lcd.o
    0x20000006   0x0800574e   0x00000002   PAD
    0x20000008   0x08005750   0x00000008   Data   RW         1624    .data.Font16x24     stm32f429i_lcd.o
    0x20000010   0x08005758   0x00000020   Data   RW         1492    .data.I2C2DEV       i2c_eeprom.o
    0x20000030   0x08005778   0x00000004   Data   RW         1902    .data.LastPGAddress  command.o
    0x20000034   0x0800577c   0x00000004   Data   RW           15    .data.SystemCoreClock  system_stm32f4xx.o
    0x20000038   0x08005780   0x00000001   Data   RW         1675    .data.alarm_now     rtc.o
    0x20000039   0x08005781   0x00000007   PAD
    0x20000040        -       0x0000007c   Zero   RW         1456    .bss..L_MergedGlobals  sdio_sd.o
    0x200000bc        -       0x00000008   Zero   RW         1787    .bss..L_MergedGlobals  ff.o
    0x200000c4        -       0x00000008   Zero   RW         1906    .bss..L_MergedGlobals  command.o
    0x200000cc        -       0x00000008   Zero   RW         1994    .bss..L_MergedGlobals  main.o
    0x200000d4        -       0x0000000c   Zero   RW         1631    .bss..L_MergedGlobals.1  stm32f429i_lcd.o
    0x200000e0        -       0x00000200   Zero   RW         1900    .bss.RAM_Buf        command.o
    0x200002e0        -       0x00000001   Zero   RW         1674    .bss.RTC_Error      rtc.o
    0x200002e1        -       0x00000001   Zero   RW         1677    .bss.RTC_HandlerFlag  rtc.o
    0x200002e2   0x08005781   0x00000006   PAD
    0x200002e8        -       0x00000058   Zero   RW         1454    .bss.SDCardInfo     sdio_sd.o
    0x20000340        -       0x00000230   Zero   RW         1903    .bss.fatfs          command.o
    0x20000570        -       0x00000228   Zero   RW         1901    .bss.fileR          command.o
    0x20000798        -       0x00000800   Zero   RW            1    STACK               startup_stm32f429_439xx.o


==============================================================================

Image component sizes


      Code (inc. data)   RO Data    RW Data    ZI Data      Debug   Object Name

       748        260        143          4       1632       5048   command.o
         0          0         16          0          0       6738   common.o
       160         20          0          0          0       2193   dio.o
       202          4          0          0          0       7450   fatfs_drv.o
      3960         52        143          0          8      36519   ff.o
       128          8          0          0          0       2062   flash_if.o
       848         24          0         32          0       9420   i2c_eeprom.o
       816        200         83          0          8       3038   main.o
       100         12          0          0          0       3224   misc.o
       240         24          0          1          2       8963   rtc.o
      3854         84          0          0        212      20289   sdio_sd.o
        36          8        428          0       2048        956   startup_stm32f429_439xx.o
      1004         32       4560         10         12      23129   stm32f429i_lcd.o
       756         16          0          0          0       4254   stm32f429i_sdram.o
       526         96          0          0          0       5926   stm32f4xx_dma.o
        24          4          0          0          0       2819   stm32f4xx_exti.o
       278         20          0          0          0       9049   stm32f4xx_flash.o
       360         28          0          0          0      11346   stm32f4xx_fmc.o
       198          0          0          0          0       4418   stm32f4xx_gpio.o
       420         20          0          0          0       8370   stm32f4xx_i2c.o
       356         20          0          0          0       3349   stm32f4xx_it.o
        60         12          0          0          0       1721   stm32f4xx_iwdg.o
       372         20          0          0          0       9858   stm32f4xx_ltdc.o
        12          4          0          0          0       4480   stm32f4xx_pwr.o
       484         80         16          0          0      12929   stm32f4xx_rcc.o
       196         12          0          0          0      17376   stm32f4xx_rtc.o
       310         48          0          0          0       6437   stm32f4xx_sdio.o
         6          0          0          0          0      23119   stm32f4xx_tim.o
       260         24          0          4          0       3370   system_stm32f4xx.o

    ----------------------------------------------------------------------
     16740       1132       5424         56       3932     257850   Object Totals
         0          0         32          0          0          0   (incl. Generated)
        26          0          3          5         10          0   (incl. Padding)

    ----------------------------------------------------------------------

      Code (inc. data)   RO Data    RW Data    ZI Data      Debug   Library Member Name

         0          0          0          0          0          0   entry.o
         0          0          0          0          0          0   entry10a.o
         0          0          0          0          0          0   entry11a.o
         8          4          0          0          0          0   entry2.o
         4          0          0          0          0          0   entry5.o
         0          0          0          0          0          0   entry7b.o
         0          0          0          0          0          0   entry8b.o
         8          4          0          0          0          0   entry9a.o
        18          0          0          0          0         80   fputc.o
        30          0          0          0          0          0   handlers.o
        36          8          0          0          0         68   init.o
         0          0          0          0          0          0   iusesemip.o
        36          0          0          0          0        108   memseta.o
        36          6          0          0          0         80   puts.o
         0          0          0          0          0          0   semi.o
         0          0          0          4          0          0   stdout.o

    ----------------------------------------------------------------------
       176         22          0          4          0        336   Library Totals
         0          0          0          0          0          0   (incl. Padding)

    ----------------------------------------------------------------------

      Code (inc. data)   RO Data    RW Data    ZI Data      Debug   Library Name

       176         22          0          4          0        336   mc_w.l

    ----------------------------------------------------------------------
       176         22          0          4          0        336   Library Totals

    ----------------------------------------------------------------------

==============================================================================


      Code (inc. data)   RO Data    RW Data    ZI Data      Debug   

     16916       1154       5424         60       3932     257922   Grand Totals
     16916       1154       5424         60       3932     257922   ELF Image Totals
     16916       1154       5424         60          0          0   ROM Totals

==============================================================================

    Total RO  Size (Code + RO Data)                22340 (  21.82kB)
    Total RW  Size (RW Data + ZI Data)              3992 (   3.90kB)
    Total ROM Size (Code + RO Data + RW Data)      22400 (  21.88kB)

==============================================================================

