<html>
<body>
<pre>
<h1>µVision Build Log</h1>
<h2>Tool Versions:</h2>
IDE-Version: µVision V5.29.0.0
Copyright (C) 2019 ARM Ltd and ARM Germany GmbH. All rights reserved.
License Information: no_name no_last_name, no_company, LIC=7YKY8-38F3U-06HQU-SNXKD-GZ9PP-2ZWZI
 
Tool Versions:
Toolchain:       MDK-ARM Professional  Version: 5.29.0.0
Toolchain Path:  C:\Keil\ARM\ARMCLANG\Bin
C Compiler:      ArmClang.exe V6.13.1
Assembler:       Armasm.exe V6.13.1
Linker/Locator:  ArmLink.exe V6.13.1
Library Manager: ArmAr.exe V6.13.1
Hex Converter:   FromElf.exe V6.13.1
CPU DLL:         SARMCM3.DLL V5.29.0.0
Dialog DLL:      DARMCM1.DLL V1.19.2.0
Target DLL:      STLink\ST-LINKIII-KEIL_SWO.dll V3.0.7.0
Dialog DLL:      TARMCM1.DLL V1.14.1.0
 
<h2>Project:</h2>
H:\ProjektiOtvoreni\KuceOdDzevadova\fw\RE\MDK-ARM\RS485_RelayExpander.uvprojx
Project File Date:  03/06/2021

<h2>Output:</h2>
*** Using Compiler 'V6.13.1', folder: 'C:\Keil\ARM\ARMCLANG\Bin'
Rebuild target 'RS485_RelayExpander'
Before Build - User command #1: Run\fwbuild.bat
H:\ProjektiOtvoreni\KuceOdDzevadova\fw\RE\MDK-ARM>for /F "tokens=1,2,3,4 delims=/ " %a in ("sub 06. 03. 2021.") do set wday=%a  & set day=%b  & set month=%c  & set year=%d 
H:\ProjektiOtvoreni\KuceOdDzevadova\fw\RE\MDK-ARM>set wday=sub  & set day=06.  & set month=03.  & set year=2021. 
H:\ProjektiOtvoreni\KuceOdDzevadova\fw\RE\MDK-ARM>for /F "tokens=1,2,3 delims=:" %a in ("12:24:47,67") do set hour=%a  & set minute=%b  & set seconds=%c 
H:\ProjektiOtvoreni\KuceOdDzevadova\fw\RE\MDK-ARM>set hour=12  & set minute=24  & set seconds=47,67 
H:\ProjektiOtvoreni\KuceOdDzevadova\fw\RE\MDK-ARM>(
echo #define FW_DATE                                	0x00210306  
 echo #define FW_TIME                        			0x00122447  
) 1>"..\..\Common\fwbuild.h" 
H:\ProjektiOtvoreni\KuceOdDzevadova\fw\RE\MDK-ARM>cscript ..\..\Common\fwbuild.vbs 
Microsoft (R) Windows Script Host Version 5.812
Copyright (C) Microsoft Corporation. All rights reserved.
H:\ProjektiOtvoreni\KuceOdDzevadova\fw\RE\MDK-ARM>..\..\Common\incbild.exe "..\..\Common\common.h" 
compiling stm32f0xx_hal_rcc_ex.c...
compiling stm32f0xx_hal_adc_ex.c...
compiling stm32f0xx_hal.c...
compiling stm32f0xx_hal_i2c_ex.c...
compiling stm32f0xx_hal_rcc.c...
compiling stm32f0xx_hal_adc.c...
compiling stm32f0xx_hal_dma.c...
compiling stm32f0xx_hal_gpio.c...
compiling stm32f0xx_hal_cortex.c...
compiling stm32f0xx_hal_pwr.c...
compiling stm32f0xx_hal_pwr_ex.c...
compiling stm32f0xx_hal_flash.c...
compiling stm32f0xx_hal_i2c.c...
compiling stm32f0xx_hal_flash_ex.c...
compiling stm32f0xx_hal_exti.c...
compiling stm32f0xx_hal_spi_ex.c...
compiling stm32f0xx_hal_tim.c...
compiling stm32f0xx_hal_tim_ex.c...
assembling startup_stm32f030x6.s...
compiling stm32f0xx_hal_uart_ex.c...
compiling system_stm32f0xx.c...
compiling stm32f0xx_hal_crc.c...
compiling stm32f0xx_hal_msp.c...
compiling stm32f0xx_hal_uart.c...
compiling stm32f0xx_hal_spi.c...
compiling stm32f0xx_it.c...
compiling TinyFrame.c...
compiling common.c...
compiling main.c...
linking...
Program Size: Code=14810 RO-data=1010 RW-data=4 ZI-data=3404  
FromELF: creating hex file...
After Build - User command #1: C:\Keil\ARM\ARMCC\bin\fromelf.exe --bin --output=Out\rexp.bin Exe\rexp.axf
".\Exe\rexp.axf" - 0 Error(s), 0 Warning(s).

<h2>Software Packages used:</h2>

Package Vendor: ARM
                http://www.keil.com/pack/ARM.CMSIS.5.7.0.pack
                ARM.CMSIS.5.7.0
                CMSIS (Cortex Microcontroller Software Interface Standard)
   * Component: CORE Version: 5.4.0

Package Vendor: Keil
                http://www.keil.com/pack/Keil.STM32F0xx_DFP.2.1.0.pack
                Keil.STM32F0xx_DFP.2.1.0
                STMicroelectronics STM32F0 Series Device Support, Drivers and Examples

<h2>Collection of Component include folders:</h2>
  .\RTE\_RS485_RelayExpander
  H:\Repository\Packs\ARM\CMSIS\5.7.0\CMSIS\Core\Include
  H:\Repository\Packs\Keil\STM32F0xx_DFP\2.1.0\Drivers\CMSIS\Device\ST\STM32F0xx\Include

<h2>Collection of Component Files used:</h2>

   * Component: ARM::CMSIS:CORE:5.4.0
Build Time Elapsed:  00:00:11
</pre>
</body>
</html>
