Component: ARM Compiler 6.13.1 Tool: armlink [5d895400]

==============================================================================

Section Cross References

    system_stm32f7xx.o(.ARM.exidx.text.SystemInit) refers to system_stm32f7xx.o(.text.SystemInit) for [Anonymous Symbol]
    system_stm32f7xx.o(.text.SystemCoreClockUpdate) refers to system_stm32f7xx.o(.data.SystemCoreClock) for SystemCoreClock
    system_stm32f7xx.o(.text.SystemCoreClockUpdate) refers to system_stm32f7xx.o(.rodata.AHBPrescTable) for AHBPrescTable
    system_stm32f7xx.o(.ARM.exidx.text.SystemCoreClockUpdate) refers to system_stm32f7xx.o(.text.SystemCoreClockUpdate) for [Anonymous Symbol]
    stm32746g_qspi.o(.text.MX_QSPI_Init) refers to memseta.o(.text) for __aeabi_memclr4
    stm32746g_qspi.o(.text.MX_QSPI_Init) refers to stm32746g_qspi.o(.text.HAL_QSPI_DeInit) for HAL_QSPI_DeInit
    stm32746g_qspi.o(.text.MX_QSPI_Init) refers to stm32f7xx_hal_qspi.o(.text.HAL_QSPI_Init) for HAL_QSPI_Init
    stm32746g_qspi.o(.text.MX_QSPI_Init) refers to stm32746g_qspi.o(.text.QSPI_AutoPollMemRdy) for QSPI_AutoPollMemRdy
    stm32746g_qspi.o(.text.MX_QSPI_Init) refers to stm32746g_qspi.o(.bss..L_MergedGlobals) for [Anonymous Symbol]
    stm32746g_qspi.o(.text.MX_QSPI_Init) refers to main.o(.bss.hqspi) for hqspi
    stm32746g_qspi.o(.ARM.exidx.text.MX_QSPI_Init) refers to stm32746g_qspi.o(.text.MX_QSPI_Init) for [Anonymous Symbol]
    stm32746g_qspi.o(.text.HAL_QSPI_DeInit) refers to stm32746g_qspi.o(.text.HAL_QSPI_MspDeInit) for HAL_QSPI_MspDeInit
    stm32746g_qspi.o(.ARM.exidx.text.HAL_QSPI_DeInit) refers to stm32746g_qspi.o(.text.HAL_QSPI_DeInit) for [Anonymous Symbol]
    stm32746g_qspi.o(.text.QSPI_AutoPollMemRdy) refers to stm32f7xx_hal_qspi.o(.text.HAL_QSPI_AutoPolling) for HAL_QSPI_AutoPolling
    stm32746g_qspi.o(.text.QSPI_AutoPollMemRdy) refers to stm32746g_qspi.o(.bss..L_MergedGlobals) for [Anonymous Symbol]
    stm32746g_qspi.o(.text.QSPI_AutoPollMemRdy) refers to main.o(.bss.hqspi) for hqspi
    stm32746g_qspi.o(.ARM.exidx.text.QSPI_AutoPollMemRdy) refers to stm32746g_qspi.o(.text.QSPI_AutoPollMemRdy) for [Anonymous Symbol]
    stm32746g_qspi.o(.text.QSPI_Read) refers to stm32f7xx_hal_qspi.o(.text.HAL_QSPI_Command) for HAL_QSPI_Command
    stm32746g_qspi.o(.text.QSPI_Read) refers to stm32f7xx_hal_qspi.o(.text.HAL_QSPI_Receive) for HAL_QSPI_Receive
    stm32746g_qspi.o(.text.QSPI_Read) refers to main.o(.bss.hqspi) for hqspi
    stm32746g_qspi.o(.ARM.exidx.text.QSPI_Read) refers to stm32746g_qspi.o(.text.QSPI_Read) for [Anonymous Symbol]
    stm32746g_qspi.o(.text.QSPI_Write) refers to stm32746g_qspi.o(.text.QSPI_WritePage) for QSPI_WritePage
    stm32746g_qspi.o(.ARM.exidx.text.QSPI_Write) refers to stm32746g_qspi.o(.text.QSPI_Write) for [Anonymous Symbol]
    stm32746g_qspi.o(.text.QSPI_WritePage) refers to stm32746g_qspi.o(.text.QSPI_WriteEnable) for QSPI_WriteEnable
    stm32746g_qspi.o(.text.QSPI_WritePage) refers to stm32f7xx_hal_qspi.o(.text.HAL_QSPI_Command) for HAL_QSPI_Command
    stm32746g_qspi.o(.text.QSPI_WritePage) refers to stm32f7xx_hal_qspi.o(.text.HAL_QSPI_Transmit) for HAL_QSPI_Transmit
    stm32746g_qspi.o(.text.QSPI_WritePage) refers to stm32746g_qspi.o(.text.QSPI_AutoPollMemRdy) for QSPI_AutoPollMemRdy
    stm32746g_qspi.o(.text.QSPI_WritePage) refers to main.o(.bss.hqspi) for hqspi
    stm32746g_qspi.o(.ARM.exidx.text.QSPI_WritePage) refers to stm32746g_qspi.o(.text.QSPI_WritePage) for [Anonymous Symbol]
    stm32746g_qspi.o(.text.QSPI_Erase) refers to stm32746g_qspi.o(.text.QSPI_WriteEnable) for QSPI_WriteEnable
    stm32746g_qspi.o(.text.QSPI_Erase) refers to stm32f7xx_hal_qspi.o(.text.HAL_QSPI_Command) for HAL_QSPI_Command
    stm32746g_qspi.o(.text.QSPI_Erase) refers to stm32746g_qspi.o(.text.QSPI_AutoPollMemRdy) for QSPI_AutoPollMemRdy
    stm32746g_qspi.o(.text.QSPI_Erase) refers to stm32f7xx_hal_iwdg.o(.text.HAL_IWDG_Refresh) for HAL_IWDG_Refresh
    stm32746g_qspi.o(.text.QSPI_Erase) refers to main.o(.bss.hqspi) for hqspi
    stm32746g_qspi.o(.text.QSPI_Erase) refers to main.o(.bss..L_MergedGlobals) for hiwdg
    stm32746g_qspi.o(.ARM.exidx.text.QSPI_Erase) refers to stm32746g_qspi.o(.text.QSPI_Erase) for [Anonymous Symbol]
    stm32746g_qspi.o(.text.QSPI_GetStatus) refers to stm32f7xx_hal_qspi.o(.text.HAL_QSPI_Command) for HAL_QSPI_Command
    stm32746g_qspi.o(.text.QSPI_GetStatus) refers to stm32f7xx_hal_qspi.o(.text.HAL_QSPI_Receive) for HAL_QSPI_Receive
    stm32746g_qspi.o(.text.QSPI_GetStatus) refers to main.o(.bss.hqspi) for hqspi
    stm32746g_qspi.o(.ARM.exidx.text.QSPI_GetStatus) refers to stm32746g_qspi.o(.text.QSPI_GetStatus) for [Anonymous Symbol]
    stm32746g_qspi.o(.text.QSPI_MemMapMode) refers to stm32f7xx_hal_qspi.o(.text.HAL_QSPI_Command) for HAL_QSPI_Command
    stm32746g_qspi.o(.text.QSPI_MemMapMode) refers to stm32f7xx_hal_qspi.o(.text.HAL_QSPI_Receive) for HAL_QSPI_Receive
[...]
    Removing stm32f7xx_hal_rcc.o(.text.HAL_RCC_EnableCSS), (16 bytes).
    Removing stm32f7xx_hal_rcc.o(.ARM.exidx.text.HAL_RCC_EnableCSS), (8 bytes).
    Removing stm32f7xx_hal_rcc.o(.text.HAL_RCC_DisableCSS), (16 bytes).
    Removing stm32f7xx_hal_rcc.o(.ARM.exidx.text.HAL_RCC_DisableCSS), (8 bytes).
    Removing stm32f7xx_hal_rcc.o(.text.HAL_RCC_GetHCLKFreq), (12 bytes).
    Removing stm32f7xx_hal_rcc.o(.ARM.exidx.text.HAL_RCC_GetHCLKFreq), (8 bytes).
    Removing stm32f7xx_hal_rcc.o(.text.HAL_RCC_GetPCLK1Freq), (32 bytes).
    Removing stm32f7xx_hal_rcc.o(.ARM.exidx.text.HAL_RCC_GetPCLK1Freq), (8 bytes).
    Removing stm32f7xx_hal_rcc.o(.text.HAL_RCC_GetPCLK2Freq), (32 bytes).
    Removing stm32f7xx_hal_rcc.o(.ARM.exidx.text.HAL_RCC_GetPCLK2Freq), (8 bytes).
    Removing stm32f7xx_hal_rcc.o(.text.HAL_RCC_GetOscConfig), (152 bytes).
    Removing stm32f7xx_hal_rcc.o(.ARM.exidx.text.HAL_RCC_GetOscConfig), (8 bytes).
    Removing stm32f7xx_hal_rcc.o(.text.HAL_RCC_GetClockConfig), (60 bytes).
    Removing stm32f7xx_hal_rcc.o(.ARM.exidx.text.HAL_RCC_GetClockConfig), (8 bytes).
    Removing stm32f7xx_hal_rcc.o(.text.HAL_RCC_NMI_IRQHandler), (24 bytes).
    Removing stm32f7xx_hal_rcc.o(.ARM.exidx.text.HAL_RCC_NMI_IRQHandler), (8 bytes).
    Removing stm32f7xx_hal_rcc.o(.text.HAL_RCC_CSSCallback), (2 bytes).
    Removing stm32f7xx_hal_rcc.o(.ARM.exidx.text.HAL_RCC_CSSCallback), (8 bytes).
    Removing stm32f7xx_hal_pwr.o(.text), (0 bytes).
    Removing stm32f7xx_hal_pwr.o(.text.HAL_PWR_DeInit), (24 bytes).
    Removing stm32f7xx_hal_pwr.o(.ARM.exidx.text.HAL_PWR_DeInit), (8 bytes).
    Removing stm32f7xx_hal_pwr.o(.text.HAL_PWR_EnableBkUpAccess), (16 bytes).
    Removing stm32f7xx_hal_pwr.o(.ARM.exidx.text.HAL_PWR_EnableBkUpAccess), (8 bytes).
    Removing stm32f7xx_hal_pwr.o(.text.HAL_PWR_DisableBkUpAccess), (16 bytes).
    Removing stm32f7xx_hal_pwr.o(.ARM.exidx.text.HAL_PWR_DisableBkUpAccess), (8 bytes).
    Removing stm32f7xx_hal_pwr.o(.text.HAL_PWR_ConfigPVD), (108 bytes).
    Removing stm32f7xx_hal_pwr.o(.ARM.exidx.text.HAL_PWR_ConfigPVD), (8 bytes).
    Removing stm32f7xx_hal_pwr.o(.text.HAL_PWR_EnablePVD), (16 bytes).
    Removing stm32f7xx_hal_pwr.o(.ARM.exidx.text.HAL_PWR_EnablePVD), (8 bytes).
    Removing stm32f7xx_hal_pwr.o(.text.HAL_PWR_DisablePVD), (16 bytes).
    Removing stm32f7xx_hal_pwr.o(.ARM.exidx.text.HAL_PWR_DisablePVD), (8 bytes).
    Removing stm32f7xx_hal_pwr.o(.text.HAL_PWR_EnableWakeUpPin), (32 bytes).
    Removing stm32f7xx_hal_pwr.o(.ARM.exidx.text.HAL_PWR_EnableWakeUpPin), (8 bytes).
    Removing stm32f7xx_hal_pwr.o(.text.HAL_PWR_DisableWakeUpPin), (16 bytes).
    Removing stm32f7xx_hal_pwr.o(.ARM.exidx.text.HAL_PWR_DisableWakeUpPin), (8 bytes).
    Removing stm32f7xx_hal_pwr.o(.text.HAL_PWR_EnterSLEEPMode), (32 bytes).
    Removing stm32f7xx_hal_pwr.o(.ARM.exidx.text.HAL_PWR_EnterSLEEPMode), (8 bytes).
    Removing stm32f7xx_hal_pwr.o(.text.HAL_PWR_EnterSTOPMode), (56 bytes).
    Removing stm32f7xx_hal_pwr.o(.ARM.exidx.text.HAL_PWR_EnterSTOPMode), (8 bytes).
    Removing stm32f7xx_hal_pwr.o(.text.HAL_PWR_EnterSTANDBYMode), (32 bytes).
    Removing stm32f7xx_hal_pwr.o(.ARM.exidx.text.HAL_PWR_EnterSTANDBYMode), (8 bytes).
    Removing stm32f7xx_hal_pwr.o(.text.HAL_PWR_PVD_IRQHandler), (28 bytes).
    Removing stm32f7xx_hal_pwr.o(.ARM.exidx.text.HAL_PWR_PVD_IRQHandler), (8 bytes).
    Removing stm32f7xx_hal_pwr.o(.text.HAL_PWR_PVDCallback), (2 bytes).
    Removing stm32f7xx_hal_pwr.o(.ARM.exidx.text.HAL_PWR_PVDCallback), (8 bytes).
    Removing stm32f7xx_hal_pwr.o(.text.HAL_PWR_EnableSleepOnExit), (16 bytes).
    Removing stm32f7xx_hal_pwr.o(.ARM.exidx.text.HAL_PWR_EnableSleepOnExit), (8 bytes).
    Removing stm32f7xx_hal_pwr.o(.text.HAL_PWR_DisableSleepOnExit), (16 bytes).
    Removing stm32f7xx_hal_pwr.o(.ARM.exidx.text.HAL_PWR_DisableSleepOnExit), (8 bytes).
    Removing stm32f7xx_hal_pwr.o(.text.HAL_PWR_EnableSEVOnPend), (16 bytes).
    Removing stm32f7xx_hal_pwr.o(.ARM.exidx.text.HAL_PWR_EnableSEVOnPend), (8 bytes).
    Removing stm32f7xx_hal_pwr.o(.text.HAL_PWR_DisableSEVOnPend), (16 bytes).
    Removing stm32f7xx_hal_pwr.o(.ARM.exidx.text.HAL_PWR_DisableSEVOnPend), (8 bytes).
    Removing stm32f7xx_hal_rcc_ex.o(.text), (0 bytes).
    Removing stm32f7xx_hal_rcc_ex.o(.text.HAL_RCCEx_PeriphCLKConfig), (1218 bytes).
    Removing stm32f7xx_hal_rcc_ex.o(.ARM.exidx.text.HAL_RCCEx_PeriphCLKConfig), (8 bytes).
    Removing stm32f7xx_hal_rcc_ex.o(.text.HAL_RCCEx_GetPeriphCLKConfig), (336 bytes).
    Removing stm32f7xx_hal_rcc_ex.o(.ARM.exidx.text.HAL_RCCEx_GetPeriphCLKConfig), (8 bytes).
    Removing stm32f7xx_hal_rcc_ex.o(.text.HAL_RCCEx_GetPeriphCLKFreq), (196 bytes).
    Removing stm32f7xx_hal_rcc_ex.o(.ARM.exidx.text.HAL_RCCEx_GetPeriphCLKFreq), (8 bytes).
    Removing stm32f7xx_hal_sdram.o(.text), (0 bytes).
    Removing stm32f7xx_hal_crc.o(.text), (0 bytes).
    Removing stm32f7xx_hal_crc.o(.text.CRC_Calculate8), (24 bytes).
    Removing stm32f7xx_hal_crc.o(.ARM.exidx.text.CRC_Calculate8), (8 bytes).
    Removing stm32f7xx_hal_crc.o(.text.CRC_ResetDR), (12 bytes).
    Removing stm32f7xx_hal_crc.o(.ARM.exidx.text.CRC_ResetDR), (8 bytes).
    Removing stm32f7xx_hal_crc.o(.ARM.exidx.text.HAL_CRC_Init), (8 bytes).
    Removing stm32f7xx_hal_crc.o(.ARM.exidx.text.HAL_CRC_MspInit), (8 bytes).
    Removing stm32f7xx_hal_crc.o(.ARM.exidx.text.HAL_CRC_DeInit), (8 bytes).
    Removing stm32f7xx_hal_crc.o(.ARM.exidx.text.HAL_CRC_MspDeInit), (8 bytes).
    Removing stm32f7xx_hal_crc.o(.ARM.exidx.text.HAL_CRC_Accumulate), (8 bytes).
    Removing stm32f7xx_hal_crc.o(.ARM.exidx.text.CRC_Handle_8), (8 bytes).
    Removing stm32f7xx_hal_crc.o(.ARM.exidx.text.CRC_Handle_16), (8 bytes).
    Removing stm32f7xx_hal_crc.o(.ARM.exidx.text.HAL_CRC_Calculate), (8 bytes).
    Removing stm32f7xx_hal_crc.o(.text.HAL_CRC_GetState), (4 bytes).
    Removing stm32f7xx_hal_crc.o(.ARM.exidx.text.HAL_CRC_GetState), (8 bytes).
    Removing stm32f7xx_hal_crc_ex.o(.text), (0 bytes).
    Removing stm32f7xx_hal_crc_ex.o(.ARM.exidx.text.HAL_CRCEx_Polynomial_Set), (8 bytes).
    Removing stm32f7xx_hal_crc_ex.o(.text.HAL_CRCEx_Input_Data_Reverse), (24 bytes).
    Removing stm32f7xx_hal_crc_ex.o(.ARM.exidx.text.HAL_CRCEx_Input_Data_Reverse), (8 bytes).
    Removing stm32f7xx_hal_crc_ex.o(.text.HAL_CRCEx_Output_Data_Reverse), (24 bytes).
    Removing stm32f7xx_hal_crc_ex.o(.ARM.exidx.text.HAL_CRCEx_Output_Data_Reverse), (8 bytes).
    Removing stm32f7xx_hal_qspi.o(.text), (0 bytes).
    Removing stm32f7xx_hal_qspi.o(.ARM.exidx.text.HAL_QSPI_Init), (8 bytes).
    Removing stm32f7xx_hal_qspi.o(.text.HAL_QSPI_SetTimeout), (4 bytes).
    Removing stm32f7xx_hal_qspi.o(.ARM.exidx.text.HAL_QSPI_SetTimeout), (8 bytes).
    Removing stm32f7xx_hal_qspi.o(.ARM.exidx.text.QSPI_WaitFlagStateUntilTimeout), (8 bytes).
    Removing stm32f7xx_hal_qspi.o(.ARM.exidx.text.HAL_QSPI_IRQHandler), (8 bytes).
    Removing stm32f7xx_hal_qspi.o(.ARM.exidx.text.HAL_QSPI_FifoThresholdCallback), (8 bytes).
    Removing stm32f7xx_hal_qspi.o(.ARM.exidx.text.HAL_QSPI_Abort_IT), (8 bytes).
    Removing stm32f7xx_hal_qspi.o(.ARM.exidx.text.HAL_QSPI_TxCpltCallback), (8 bytes).
    Removing stm32f7xx_hal_qspi.o(.ARM.exidx.text.HAL_QSPI_RxCpltCallback), (8 bytes).
    Removing stm32f7xx_hal_qspi.o(.ARM.exidx.text.HAL_QSPI_CmdCpltCallback), (8 bytes).
    Removing stm32f7xx_hal_qspi.o(.ARM.exidx.text.HAL_QSPI_AbortCpltCallback), (8 bytes).
    Removing stm32f7xx_hal_qspi.o(.ARM.exidx.text.HAL_QSPI_ErrorCallback), (8 bytes).
    Removing stm32f7xx_hal_qspi.o(.ARM.exidx.text.HAL_QSPI_StatusMatchCallback), (8 bytes).
    Removing stm32f7xx_hal_qspi.o(.ARM.exidx.text.QSPI_DMAAbortCplt), (8 bytes).
    Removing stm32f7xx_hal_qspi.o(.ARM.exidx.text.HAL_QSPI_TimeOutCallback), (8 bytes).
    Removing stm32f7xx_hal_qspi.o(.ARM.exidx.text.HAL_QSPI_Command), (8 bytes).
    Removing stm32f7xx_hal_qspi.o(.ARM.exidx.text.QSPI_Config), (8 bytes).
    Removing stm32f7xx_hal_qspi.o(.text.HAL_QSPI_Command_IT), (134 bytes).
    Removing stm32f7xx_hal_qspi.o(.ARM.exidx.text.HAL_QSPI_Command_IT), (8 bytes).
    Removing stm32f7xx_hal_qspi.o(.ARM.exidx.text.HAL_QSPI_Transmit), (8 bytes).
    Removing stm32f7xx_hal_qspi.o(.ARM.exidx.text.HAL_QSPI_Abort), (8 bytes).
    Removing stm32f7xx_hal_qspi.o(.ARM.exidx.text.HAL_QSPI_Receive), (8 bytes).
    Removing stm32f7xx_hal_qspi.o(.text.HAL_QSPI_Transmit_IT), (106 bytes).
    Removing stm32f7xx_hal_qspi.o(.ARM.exidx.text.HAL_QSPI_Transmit_IT), (8 bytes).
    Removing stm32f7xx_hal_qspi.o(.text.HAL_QSPI_Receive_IT), (112 bytes).
    Removing stm32f7xx_hal_qspi.o(.ARM.exidx.text.HAL_QSPI_Receive_IT), (8 bytes).
    Removing stm32f7xx_hal_qspi.o(.text.HAL_QSPI_Transmit_DMA), (232 bytes).
    Removing stm32f7xx_hal_qspi.o(.ARM.exidx.text.HAL_QSPI_Transmit_DMA), (8 bytes).
    Removing stm32f7xx_hal_qspi.o(.text.QSPI_DMATxCplt), (18 bytes).
    Removing stm32f7xx_hal_qspi.o(.ARM.exidx.text.QSPI_DMATxCplt), (8 bytes).
    Removing stm32f7xx_hal_qspi.o(.text.QSPI_DMATxHalfCplt), (6 bytes).
    Removing stm32f7xx_hal_qspi.o(.ARM.exidx.text.QSPI_DMATxHalfCplt), (8 bytes).
    Removing stm32f7xx_hal_qspi.o(.text.QSPI_DMAError), (48 bytes).
    Removing stm32f7xx_hal_qspi.o(.ARM.exidx.text.QSPI_DMAError), (8 bytes).
    Removing stm32f7xx_hal_qspi.o(.text.HAL_QSPI_Receive_DMA), (236 bytes).
    Removing stm32f7xx_hal_qspi.o(.ARM.exidx.text.HAL_QSPI_Receive_DMA), (8 bytes).
    Removing stm32f7xx_hal_qspi.o(.text.QSPI_DMARxCplt), (18 bytes).
    Removing stm32f7xx_hal_qspi.o(.ARM.exidx.text.QSPI_DMARxCplt), (8 bytes).
    Removing stm32f7xx_hal_qspi.o(.text.QSPI_DMARxHalfCplt), (6 bytes).
    Removing stm32f7xx_hal_qspi.o(.ARM.exidx.text.QSPI_DMARxHalfCplt), (8 bytes).
    Removing stm32f7xx_hal_qspi.o(.ARM.exidx.text.HAL_QSPI_AutoPolling), (8 bytes).
    Removing stm32f7xx_hal_qspi.o(.text.HAL_QSPI_AutoPolling_IT), (146 bytes).
    Removing stm32f7xx_hal_qspi.o(.ARM.exidx.text.HAL_QSPI_AutoPolling_IT), (8 bytes).
    Removing stm32f7xx_hal_qspi.o(.ARM.exidx.text.HAL_QSPI_MemoryMapped), (8 bytes).
    Removing stm32f7xx_hal_qspi.o(.text.HAL_QSPI_RxHalfCpltCallback), (2 bytes).
    Removing stm32f7xx_hal_qspi.o(.ARM.exidx.text.HAL_QSPI_RxHalfCpltCallback), (8 bytes).
    Removing stm32f7xx_hal_qspi.o(.text.HAL_QSPI_TxHalfCpltCallback), (2 bytes).
    Removing stm32f7xx_hal_qspi.o(.ARM.exidx.text.HAL_QSPI_TxHalfCpltCallback), (8 bytes).
    Removing stm32f7xx_hal_qspi.o(.text.HAL_QSPI_GetState), (6 bytes).
    Removing stm32f7xx_hal_qspi.o(.ARM.exidx.text.HAL_QSPI_GetState), (8 bytes).
    Removing stm32f7xx_hal_qspi.o(.text.HAL_QSPI_GetError), (4 bytes).
    Removing stm32f7xx_hal_qspi.o(.ARM.exidx.text.HAL_QSPI_GetError), (8 bytes).
    Removing stm32f7xx_hal_qspi.o(.text.HAL_QSPI_SetFifoThreshold), (64 bytes).
    Removing stm32f7xx_hal_qspi.o(.ARM.exidx.text.HAL_QSPI_SetFifoThreshold), (8 bytes).
    Removing stm32f7xx_hal_qspi.o(.text.HAL_QSPI_GetFifoThreshold), (12 bytes).
    Removing stm32f7xx_hal_qspi.o(.ARM.exidx.text.HAL_QSPI_GetFifoThreshold), (8 bytes).
    Removing stm32f7xx_hal_iwdg.o(.text), (0 bytes).
    Removing stm32f7xx_hal_iwdg.o(.ARM.exidx.text.HAL_IWDG_Init), (8 bytes).
    Removing stm32f7xx_hal_iwdg.o(.ARM.exidx.text.HAL_IWDG_Refresh), (8 bytes).
    Removing startup_stm32f746xx.o(HEAP), (0 bytes).
    Removing stm32f7xx_it.o(.text), (0 bytes).
    Removing stm32f7xx_it.o(.ARM.exidx.text.NMI_Handler), (8 bytes).
    Removing stm32f7xx_it.o(.ARM.exidx.text.HardFault_Handler), (8 bytes).
    Removing stm32f7xx_it.o(.ARM.exidx.text.MemManage_Handler), (8 bytes).
    Removing stm32f7xx_it.o(.ARM.exidx.text.BusFault_Handler), (8 bytes).
    Removing stm32f7xx_it.o(.ARM.exidx.text.UsageFault_Handler), (8 bytes).
    Removing stm32f7xx_it.o(.ARM.exidx.text.DebugMon_Handler), (8 bytes).
    Removing stm32f7xx_it.o(.ARM.exidx.text.SysTick_Handler), (8 bytes).
    Removing stm32f7xx_it.o(.ARM.exidx.text.QUADSPI_IRQHandler), (8 bytes).
    Removing common.o(.text), (0 bytes).
    Removing common.o(.text.DelayMs), (36 bytes).
    Removing common.o(.ARM.exidx.text.DelayMs), (8 bytes).
    Removing common.o(.text.Bcd2Dec), (18 bytes).
    Removing common.o(.ARM.exidx.text.Bcd2Dec), (8 bytes).
    Removing common.o(.text.Dec2Bcd), (44 bytes).
    Removing common.o(.ARM.exidx.text.Dec2Bcd), (8 bytes).
    Removing common.o(.text.CharToBinStr), (42 bytes).
    Removing common.o(.ARM.exidx.text.CharToBinStr), (8 bytes).
    Removing common.o(.text.GetSize), (14 bytes).
    Removing common.o(.ARM.exidx.text.GetSize), (8 bytes).
    Removing common.o(.text.BaseToPower), (26 bytes).
    Removing common.o(.ARM.exidx.text.BaseToPower), (8 bytes).
    Removing common.o(.text.CalcCRC), (32 bytes).
    Removing common.o(.ARM.exidx.text.CalcCRC), (8 bytes).
    Removing common.o(.text.Str2Int), (80 bytes).
    Removing common.o(.ARM.exidx.text.Str2Int), (8 bytes).
    Removing common.o(.text.Int2Str), (208 bytes).
    Removing common.o(.ARM.exidx.text.Int2Str), (8 bytes).
    Removing common.o(.text.Str2Hex), (144 bytes).
    Removing common.o(.ARM.exidx.text.Str2Hex), (8 bytes).
    Removing common.o(.text.Hex2Str), (80 bytes).
    Removing common.o(.ARM.exidx.text.Hex2Str), (8 bytes).
    Removing common.o(.text.mem_cpy), (16 bytes).
    Removing common.o(.ARM.exidx.text.mem_cpy), (8 bytes).
    Removing common.o(.text.mem_set), (14 bytes).
    Removing common.o(.ARM.exidx.text.mem_set), (8 bytes).
    Removing common.o(.text.mem_cmp), (32 bytes).
    Removing common.o(.ARM.exidx.text.mem_cmp), (8 bytes).
    Removing common.o(.text.chk_chr), (20 bytes).
    Removing common.o(.ARM.exidx.text.chk_chr), (8 bytes).
    Removing common.o(.text.mem_copy), (16 bytes).
    Removing common.o(.ARM.exidx.text.mem_copy), (8 bytes).
    Removing common.o(.text.mem_comp), (40 bytes).
    Removing common.o(.ARM.exidx.text.mem_comp), (8 bytes).
    Removing common.o(.text.mem_zero), (14 bytes).
    Removing common.o(.ARM.exidx.text.mem_zero), (8 bytes).
    Removing common.o(.ARM.exidx.text.ResetFwInfo), (8 bytes).
    Removing common.o(.ARM.exidx.text.GetFwInfo), (8 bytes).
    Removing common.o(.text.ValidateFwInfo), (64 bytes).
    Removing common.o(.ARM.exidx.text.ValidateFwInfo), (8 bytes).
    Removing common.o(.ARM.exidx.text.IsNewFwUpdate), (8 bytes).
    Removing common.o(.text.rtc2unix), (316 bytes).
    Removing common.o(.ARM.exidx.text.rtc2unix), (8 bytes).
    Removing common.o(.bss.COM_Bridge), (1 bytes).
    Removing common.o(.bss.COM_Link), (1 bytes).
    Removing common.o(.bss.COM_State), (1 bytes).
    Removing common.o(.rodata.rtc_months), (24 bytes).
    Removing common.o(.rodata.bps), (40 bytes).
    Removing common.o(.rodata.str1.1), (140 bytes).
    Removing common.o(.data.day), (32 bytes).
    Removing common.o(.data.month), (52 bytes).
    Removing main.o(.text), (0 bytes).
    Removing main.o(.ARM.exidx.text.main), (8 bytes).
    Removing main.o(.ARM.exidx.text.CPU_CACHE_Enable), (8 bytes).
    Removing main.o(.ARM.exidx.text.SystemClock_Config), (8 bytes).
    Removing main.o(.ARM.exidx.text.MX_IWDG_Init), (8 bytes).
    Removing main.o(.ARM.exidx.text.MX_CRC_Init), (8 bytes).
    Removing main.o(.ARM.exidx.text.Restart), (8 bytes).
    Removing main.o(.ARM.exidx.text.RunApplication), (8 bytes).
    Removing main.o(.ARM.exidx.text.HAL_Deinit), (8 bytes).
    Removing main.o(.ARM.exidx.text.__NVIC_SystemReset), (8 bytes).
    Removing main.o(.ARM.exidx.text.MX_CRC_DeInit), (8 bytes).
    Removing main.o(.bss.hdma), (96 bytes).
    Removing main.o(.ARM.use_no_argv), (4 bytes).

436 unused section(s) (total 11845 bytes) removed from the image.

==============================================================================

Image Symbol Table

    Local Symbols

    Symbol Name                              Value     Ov Type        Size  Object(Section)

    ../clib/microlib/init/entry.s            0x00000000   Number         0  entry.o ABSOLUTE
    ../clib/microlib/init/entry.s            0x00000000   Number         0  entry2.o ABSOLUTE
    ../clib/microlib/init/entry.s            0x00000000   Number         0  entry5.o ABSOLUTE
    ../clib/microlib/init/entry.s            0x00000000   Number         0  entry7a.o ABSOLUTE
    ../clib/microlib/init/entry.s            0x00000000   Number         0  entry7b.o ABSOLUTE
    ../clib/microlib/init/entry.s            0x00000000   Number         0  entry8a.o ABSOLUTE
    ../clib/microlib/init/entry.s            0x00000000   Number         0  entry8b.o ABSOLUTE
    ../clib/microlib/init/entry.s            0x00000000   Number         0  entry9a.o ABSOLUTE
    ../clib/microlib/init/entry.s            0x00000000   Number         0  entry9b.o ABSOLUTE
    ../clib/microlib/init/entry.s            0x00000000   Number         0  entry10a.o ABSOLUTE
    ../clib/microlib/init/entry.s            0x00000000   Number         0  entry10b.o ABSOLUTE
    ../clib/microlib/init/entry.s            0x00000000   Number         0  entry11a.o ABSOLUTE
    ../clib/microlib/init/entry.s            0x00000000   Number         0  entry11b.o ABSOLUTE
    ../clib/microlib/string/memcmp.c         0x00000000   Number         0  memcmp.o ABSOLUTE
    ../clib/microlib/string/memcpy.c         0x00000000   Number         0  memcpya.o ABSOLUTE
    ../clib/microlib/string/memcpy.c         0x00000000   Number         0  memcpyb.o ABSOLUTE
    ../clib/microlib/string/memset.c         0x00000000   Number         0  memseta.o ABSOLUTE
    Asm/startup_stm32f746xx.s                0x00000000   Number         0  startup_stm32f746xx.o ABSOLUTE
    common.c                                 0x00000000   Number         0  common.o ABSOLUTE
    dc.s                                     0x00000000   Number         0  dc.o ABSOLUTE
    handlers.s                               0x00000000   Number         0  handlers.o ABSOLUTE
    init.s                                   0x00000000   Number         0  init.o ABSOLUTE
    main.c                                   0x00000000   Number         0  main.o ABSOLUTE
    stm32746g_qspi.c                         0x00000000   Number         0  stm32746g_qspi.o ABSOLUTE
    stm32f7xx_hal.c                          0x00000000   Number         0  stm32f7xx_hal.o ABSOLUTE
    stm32f7xx_hal_cortex.c                   0x00000000   Number         0  stm32f7xx_hal_cortex.o ABSOLUTE
    stm32f7xx_hal_crc.c                      0x00000000   Number         0  stm32f7xx_hal_crc.o ABSOLUTE
    stm32f7xx_hal_crc_ex.c                   0x00000000   Number         0  stm32f7xx_hal_crc_ex.o ABSOLUTE
    stm32f7xx_hal_dma.c                      0x00000000   Number         0  stm32f7xx_hal_dma.o ABSOLUTE
    stm32f7xx_hal_flash.c                    0x00000000   Number         0  stm32f7xx_hal_flash.o ABSOLUTE
    stm32f7xx_hal_flash_ex.c                 0x00000000   Number         0  stm32f7xx_hal_flash_ex.o ABSOLUTE
    stm32f7xx_hal_gpio.c                     0x00000000   Number         0  stm32f7xx_hal_gpio.o ABSOLUTE
    stm32f7xx_hal_iwdg.c                     0x00000000   Number         0  stm32f7xx_hal_iwdg.o ABSOLUTE
    stm32f7xx_hal_pwr.c                      0x00000000   Number         0  stm32f7xx_hal_pwr.o ABSOLUTE
    stm32f7xx_hal_pwr_ex.c                   0x00000000   Number         0  stm32f7xx_hal_pwr_ex.o ABSOLUTE
    stm32f7xx_hal_qspi.c                     0x00000000   Number         0  stm32f7xx_hal_qspi.o ABSOLUTE
    stm32f7xx_hal_rcc.c                      0x00000000   Number         0  stm32f7xx_hal_rcc.o ABSOLUTE
    stm32f7xx_hal_rcc_ex.c                   0x00000000   Number         0  stm32f7xx_hal_rcc_ex.o ABSOLUTE
    stm32f7xx_hal_sdram.c                    0x00000000   Number         0  stm32f7xx_hal_sdram.o ABSOLUTE
    stm32f7xx_it.c                           0x00000000   Number         0  stm32f7xx_it.o ABSOLUTE
    system_stm32f7xx.c                       0x00000000   Number         0  system_stm32f7xx.o ABSOLUTE
    RESET                                    0x08000000   Section      456  startup_stm32f746xx.o(RESET)
    .ARM.Collect$$$$00000000                 0x080001c8   Section        0  entry.o(.ARM.Collect$$$$00000000)
    .ARM.Collect$$$$00000001                 0x080001c8   Section        4  entry2.o(.ARM.Collect$$$$00000001)
    .ARM.Collect$$$$00000004                 0x080001cc   Section        4  entry5.o(.ARM.Collect$$$$00000004)
    .ARM.Collect$$$$00000008                 0x080001d0   Section        0  entry7b.o(.ARM.Collect$$$$00000008)
    .ARM.Collect$$$$0000000A                 0x080001d0   Section        0  entry8b.o(.ARM.Collect$$$$0000000A)
    .ARM.Collect$$$$0000000B                 0x080001d0   Section        8  entry9a.o(.ARM.Collect$$$$0000000B)
    __lit__00000000                          0x080001d8   Data           4  entry2.o(.ARM.Collect$$$$00002712)
    .ARM.Collect$$$$0000000D                 0x080001d8   Section        0  entry10a.o(.ARM.Collect$$$$0000000D)
    .ARM.Collect$$$$0000000F                 0x080001d8   Section        0  entry11a.o(.ARM.Collect$$$$0000000F)
    .ARM.Collect$$$$00002712                 0x080001d8   Section        4  entry2.o(.ARM.Collect$$$$00002712)
    $v0                                      0x080001dc   Number         0  startup_stm32f746xx.o(.text)
    .text                                    0x080001dc   Section       36  startup_stm32f746xx.o(.text)
    .text                                    0x08000200   Section        0  memcpya.o(.text)
    .text                                    0x08000224   Section        0  memseta.o(.text)
    .text                                    0x08000248   Section        0  memcmp.o(.text)
    .text                                    0x08000264   Section       36  init.o(.text)
    [Anonymous Symbol]                       0x08000288   Section        0  stm32f7xx_it.o(.text.BusFault_Handler)
    [Anonymous Symbol]                       0x0800028c   Section        0  main.o(.text.CPU_CACHE_Enable)
    __arm_cp.1_0                             0x08000314   Number         4  main.o(.text.CPU_CACHE_Enable)
    CRC_Handle_16                            0x08000319   Thumb Code    52  stm32f7xx_hal_crc.o(.text.CRC_Handle_16)
    [Anonymous Symbol]                       0x08000318   Section        0  stm32f7xx_hal_crc.o(.text.CRC_Handle_16)
    [Anonymous Symbol]                       0x0800034c   Section        0  stm32f7xx_hal_crc.o(.text.CRC_Handle_8)
    DMA_CalcBaseAndBitshift                  0x080003b5   Thumb Code    52  stm32f7xx_hal_dma.o(.text.DMA_CalcBaseAndBitshift)
    [Anonymous Symbol]                       0x080003b4   Section        0  stm32f7xx_hal_dma.o(.text.DMA_CalcBaseAndBitshift)
    DMA_CalcBaseAndBitshift.flagBitshiftOffset 0x080003e0   Number         0  stm32f7xx_hal_dma.o(.text.DMA_CalcBaseAndBitshift)
    [Anonymous Symbol]                       0x080003e8   Section        0  stm32f7xx_it.o(.text.DebugMon_Handler)
    [Anonymous Symbol]                       0x080003ea   Section        0  stm32746g_qspi.o(.text.FLASH2QSPI_Copy)
    [Anonymous Symbol]                       0x08000460   Section        0  stm32f7xx_hal_flash_ex.o(.text.FLASH_Erase_Sector)
    FLASH_GetSector                          0x0800049d   Thumb Code    92  stm32746g_qspi.o(.text.FLASH_GetSector)
    [Anonymous Symbol]                       0x0800049c   Section        0  stm32746g_qspi.o(.text.FLASH_GetSector)
    __arm_cp.12_0                            0x080004e8   Number         4  stm32746g_qspi.o(.text.FLASH_GetSector)
    __arm_cp.12_1                            0x080004ec   Number         4  stm32746g_qspi.o(.text.FLASH_GetSector)
    __arm_cp.12_2                            0x080004f0   Number         4  stm32746g_qspi.o(.text.FLASH_GetSector)
    __arm_cp.12_3                            0x080004f4   Number         4  stm32746g_qspi.o(.text.FLASH_GetSector)
    FLASH_MassErase                          0x080004f9   Thumb Code    36  stm32f7xx_hal_flash_ex.o(.text.FLASH_MassErase)
    [Anonymous Symbol]                       0x080004f8   Section        0  stm32f7xx_hal_flash_ex.o(.text.FLASH_MassErase)
    FLASH_Program_Byte                       0x0800051d   Thumb Code    32  stm32f7xx_hal_flash.o(.text.FLASH_Program_Byte)
    [Anonymous Symbol]                       0x0800051c   Section        0  stm32f7xx_hal_flash.o(.text.FLASH_Program_Byte)
    FLASH_Program_DoubleWord                 0x0800053d   Thumb Code    40  stm32f7xx_hal_flash.o(.text.FLASH_Program_DoubleWord)
    [Anonymous Symbol]                       0x0800053c   Section        0  stm32f7xx_hal_flash.o(.text.FLASH_Program_DoubleWord)
    FLASH_Program_HalfWord                   0x08000565   Thumb Code    36  stm32f7xx_hal_flash.o(.text.FLASH_Program_HalfWord)
    [Anonymous Symbol]                       0x08000564   Section        0  stm32f7xx_hal_flash.o(.text.FLASH_Program_HalfWord)
    FLASH_Program_Word                       0x08000589   Thumb Code    40  stm32f7xx_hal_flash.o(.text.FLASH_Program_Word)
    [Anonymous Symbol]                       0x08000588   Section        0  stm32f7xx_hal_flash.o(.text.FLASH_Program_Word)
    __arm_cp.4_0                             0x080005ac   Number         4  stm32f7xx_hal_flash.o(.text.FLASH_Program_Word)
    FLASH_SetErrorCode                       0x080005b1   Thumb Code    88  stm32f7xx_hal_flash.o(.text.FLASH_SetErrorCode)
    [Anonymous Symbol]                       0x080005b0   Section        0  stm32f7xx_hal_flash.o(.text.FLASH_SetErrorCode)
    [Anonymous Symbol]                       0x08000608   Section        0  stm32f7xx_hal_flash.o(.text.FLASH_WaitForLastOperation)
    __arm_cp.1_0                             0x08000654   Number         4  stm32f7xx_hal_flash.o(.text.FLASH_WaitForLastOperation)
    __arm_cp.1_1                             0x08000658   Number         4  stm32f7xx_hal_flash.o(.text.FLASH_WaitForLastOperation)
    [Anonymous Symbol]                       0x0800065c   Section        0  common.o(.text.GetFwInfo)
    __arm_cp.19_0                            0x08000700   Number         4  common.o(.text.GetFwInfo)
    [Anonymous Symbol]                       0x08000704   Section        0  stm32f7xx_hal_crc_ex.o(.text.HAL_CRCEx_Polynomial_Set)
    [Anonymous Symbol]                       0x08000752   Section        0  stm32f7xx_hal_crc.o(.text.HAL_CRC_Accumulate)
    [Anonymous Symbol]                       0x080007a0   Section        0  stm32f7xx_hal_crc.o(.text.HAL_CRC_Calculate)
    [Anonymous Symbol]                       0x080007f4   Section        0  stm32f7xx_hal_crc.o(.text.HAL_CRC_DeInit)
    [Anonymous Symbol]                       0x08000828   Section        0  stm32f7xx_hal_crc.o(.text.HAL_CRC_Init)
    __arm_cp.2_0                             0x08000894   Number         4  stm32f7xx_hal_crc.o(.text.HAL_CRC_Init)
    [Anonymous Symbol]                       0x08000898   Section        0  stm32f7xx_hal_crc.o(.text.HAL_CRC_MspDeInit)
    [Anonymous Symbol]                       0x0800089a   Section        0  stm32f7xx_hal_crc.o(.text.HAL_CRC_MspInit)
    [Anonymous Symbol]                       0x0800089c   Section        0  stm32f7xx_hal_dma.o(.text.HAL_DMA_Abort)
    [Anonymous Symbol]                       0x08000926   Section        0  stm32f7xx_hal_dma.o(.text.HAL_DMA_Abort_IT)
    [Anonymous Symbol]                       0x0800094a   Section        0  stm32f7xx_hal_dma.o(.text.HAL_DMA_DeInit)
    [Anonymous Symbol]                       0x08000998   Section        0  stm32f7xx_hal.o(.text.HAL_DeInit)
    __arm_cp.3_0                             0x080009c0   Number         4  stm32f7xx_hal.o(.text.HAL_DeInit)
    [Anonymous Symbol]                       0x080009c4   Section        0  main.o(.text.HAL_Deinit)
    __arm_cp.7_0                             0x08000a48   Number         4  main.o(.text.HAL_Deinit)
    __arm_cp.7_1                             0x08000a4c   Number         4  main.o(.text.HAL_Deinit)
    [Anonymous Symbol]                       0x08000a50   Section        0  stm32f7xx_hal_flash_ex.o(.text.HAL_FLASHEx_Erase)
    [Anonymous Symbol]                       0x08000adc   Section        0  stm32f7xx_hal_flash.o(.text.HAL_FLASH_Lock)
    [Anonymous Symbol]                       0x08000aec   Section        0  stm32f7xx_hal_flash.o(.text.HAL_FLASH_Program)
    __arm_cp.0_0                             0x08000b6c   Number         4  stm32f7xx_hal_flash.o(.text.HAL_FLASH_Program)
    __arm_cp.0_1                             0x08000b70   Number         4  stm32f7xx_hal_flash.o(.text.HAL_FLASH_Program)
    [Anonymous Symbol]                       0x08000b74   Section        0  stm32f7xx_hal_flash.o(.text.HAL_FLASH_Unlock)
    __arm_cp.11_0                            0x08000b90   Number         4  stm32f7xx_hal_flash.o(.text.HAL_FLASH_Unlock)
    __arm_cp.11_1                            0x08000b94   Number         4  stm32f7xx_hal_flash.o(.text.HAL_FLASH_Unlock)
    __arm_cp.11_2                            0x08000b98   Number         4  stm32f7xx_hal_flash.o(.text.HAL_FLASH_Unlock)
    [Anonymous Symbol]                       0x08000b9c   Section        0  stm32f7xx_hal_gpio.o(.text.HAL_GPIO_DeInit)
    [Anonymous Symbol]                       0x08000c70   Section        0  stm32f7xx_hal_gpio.o(.text.HAL_GPIO_Init)
    __arm_cp.0_0                             0x08000ddc   Number         4  stm32f7xx_hal_gpio.o(.text.HAL_GPIO_Init)
    __arm_cp.0_1                             0x08000de0   Number         4  stm32f7xx_hal_gpio.o(.text.HAL_GPIO_Init)
    __arm_cp.0_2                             0x08000de4   Number         4  stm32f7xx_hal_gpio.o(.text.HAL_GPIO_Init)
    __arm_cp.0_3                             0x08000de8   Number         4  stm32f7xx_hal_gpio.o(.text.HAL_GPIO_Init)
    __arm_cp.0_4                             0x08000dec   Number         4  stm32f7xx_hal_gpio.o(.text.HAL_GPIO_Init)
    __arm_cp.0_5                             0x08000df0   Number         4  stm32f7xx_hal_gpio.o(.text.HAL_GPIO_Init)
    [Anonymous Symbol]                       0x08000df4   Section        0  stm32f7xx_hal.o(.text.HAL_GetTick)
    [Anonymous Symbol]                       0x08000dfc   Section        0  stm32f7xx_hal_iwdg.o(.text.HAL_IWDG_Init)
    [Anonymous Symbol]                       0x08000e4c   Section        0  stm32f7xx_hal_iwdg.o(.text.HAL_IWDG_Refresh)
    [Anonymous Symbol]                       0x08000e58   Section        0  stm32f7xx_hal.o(.text.HAL_IncTick)
    __arm_cp.5_0                             0x08000e64   Number         4  stm32f7xx_hal.o(.text.HAL_IncTick)
    [Anonymous Symbol]                       0x08000e68   Section        0  stm32f7xx_hal.o(.text.HAL_Init)
    __arm_cp.0_0                             0x08000e88   Number         4  stm32f7xx_hal.o(.text.HAL_Init)
    [Anonymous Symbol]                       0x08000e8c   Section        0  stm32f7xx_hal.o(.text.HAL_InitTick)
    __arm_cp.1_0                             0x08000eb0   Number         4  stm32f7xx_hal.o(.text.HAL_InitTick)
    [Anonymous Symbol]                       0x08000eb4   Section        0  stm32f7xx_hal.o(.text.HAL_MspDeInit)
    [Anonymous Symbol]                       0x08000eb6   Section        0  stm32f7xx_hal.o(.text.HAL_MspInit)
    [Anonymous Symbol]                       0x08000eb8   Section        0  stm32f7xx_hal_cortex.o(.text.HAL_NVIC_DisableIRQ)
    __arm_cp.4_0                             0x08000ed8   Number         4  stm32f7xx_hal_cortex.o(.text.HAL_NVIC_DisableIRQ)
    [Anonymous Symbol]                       0x08000edc   Section        0  stm32f7xx_hal_cortex.o(.text.HAL_NVIC_EnableIRQ)
    __arm_cp.3_0                             0x08000ef4   Number         4  stm32f7xx_hal_cortex.o(.text.HAL_NVIC_EnableIRQ)
    [Anonymous Symbol]                       0x08000ef8   Section        0  stm32f7xx_hal_cortex.o(.text.HAL_NVIC_SetPriority)
    [Anonymous Symbol]                       0x08000f30   Section        0  stm32f7xx_hal_cortex.o(.text.HAL_NVIC_SetPriorityGrouping)
    __arm_cp.0_0                             0x08000f48   Number         4  stm32f7xx_hal_cortex.o(.text.HAL_NVIC_SetPriorityGrouping)
    __arm_cp.0_1                             0x08000f4c   Number         4  stm32f7xx_hal_cortex.o(.text.HAL_NVIC_SetPriorityGrouping)
    [Anonymous Symbol]                       0x08000f50   Section        0  stm32f7xx_hal_pwr_ex.o(.text.HAL_PWREx_EnableOverDrive)
    __arm_cp.8_0                             0x08000fb4   Number         4  stm32f7xx_hal_pwr_ex.o(.text.HAL_PWREx_EnableOverDrive)
    __arm_cp.8_1                             0x08000fb8   Number         4  stm32f7xx_hal_pwr_ex.o(.text.HAL_PWREx_EnableOverDrive)
    [Anonymous Symbol]                       0x08000fbc   Section        0  stm32f7xx_hal_qspi.o(.text.HAL_QSPI_Abort)
    [Anonymous Symbol]                       0x08001036   Section        0  stm32f7xx_hal_qspi.o(.text.HAL_QSPI_AbortCpltCallback)
    [Anonymous Symbol]                       0x08001038   Section        0  stm32f7xx_hal_qspi.o(.text.HAL_QSPI_Abort_IT)
    [Anonymous Symbol]                       0x0800108c   Section        0  stm32f7xx_hal_qspi.o(.text.HAL_QSPI_AutoPolling)
    [Anonymous Symbol]                       0x0800112c   Section        0  stm32f7xx_hal_qspi.o(.text.HAL_QSPI_CmdCpltCallback)
    [Anonymous Symbol]                       0x0800112e   Section        0  stm32f7xx_hal_qspi.o(.text.HAL_QSPI_Command)
    [Anonymous Symbol]                       0x080011ae   Section        0  stm32746g_qspi.o(.text.HAL_QSPI_DeInit)
    [Anonymous Symbol]                       0x080011e6   Section        0  stm32f7xx_hal_qspi.o(.text.HAL_QSPI_ErrorCallback)
    [Anonymous Symbol]                       0x080011e8   Section        0  stm32f7xx_hal_qspi.o(.text.HAL_QSPI_FifoThresholdCallback)
    [Anonymous Symbol]                       0x080011ec   Section        0  stm32f7xx_hal_qspi.o(.text.HAL_QSPI_IRQHandler)
    __arm_cp.3_0                             0x080013dc   Number         4  stm32f7xx_hal_qspi.o(.text.HAL_QSPI_IRQHandler)
    [Anonymous Symbol]                       0x080013e0   Section        0  stm32f7xx_hal_qspi.o(.text.HAL_QSPI_Init)
    __arm_cp.0_0                             0x0800149c   Number         4  stm32f7xx_hal_qspi.o(.text.HAL_QSPI_Init)
    __arm_cp.0_1                             0x080014a0   Number         4  stm32f7xx_hal_qspi.o(.text.HAL_QSPI_Init)
    [Anonymous Symbol]                       0x080014a4   Section        0  stm32f7xx_hal_qspi.o(.text.HAL_QSPI_MemoryMapped)
    [Anonymous Symbol]                       0x08001524   Section        0  stm32746g_qspi.o(.text.HAL_QSPI_MspDeInit)
    __arm_cp.13_0                            0x08001588   Number         4  stm32746g_qspi.o(.text.HAL_QSPI_MspDeInit)
    __arm_cp.13_1                            0x0800158c   Number         4  stm32746g_qspi.o(.text.HAL_QSPI_MspDeInit)
    __arm_cp.13_3                            0x08001590   Number         4  stm32746g_qspi.o(.text.HAL_QSPI_MspDeInit)
    __arm_cp.13_4                            0x08001594   Number         4  stm32746g_qspi.o(.text.HAL_QSPI_MspDeInit)
    [Anonymous Symbol]                       0x08001598   Section        0  stm32746g_qspi.o(.text.HAL_QSPI_MspInit)
    __arm_cp.14_0                            0x080016cc   Number         4  stm32746g_qspi.o(.text.HAL_QSPI_MspInit)
    __arm_cp.14_1                            0x080016d0   Number         4  stm32746g_qspi.o(.text.HAL_QSPI_MspInit)
    __arm_cp.14_2                            0x080016d4   Number         4  stm32746g_qspi.o(.text.HAL_QSPI_MspInit)
    [Anonymous Symbol]                       0x080016d8   Section        0  stm32f7xx_hal_qspi.o(.text.HAL_QSPI_Receive)
    [Anonymous Symbol]                       0x08001798   Section        0  stm32f7xx_hal_qspi.o(.text.HAL_QSPI_RxCpltCallback)
    [Anonymous Symbol]                       0x0800179a   Section        0  stm32f7xx_hal_qspi.o(.text.HAL_QSPI_StatusMatchCallback)
    [Anonymous Symbol]                       0x0800179c   Section        0  stm32f7xx_hal_qspi.o(.text.HAL_QSPI_TimeOutCallback)
    [Anonymous Symbol]                       0x0800179e   Section        0  stm32f7xx_hal_qspi.o(.text.HAL_QSPI_Transmit)
    [Anonymous Symbol]                       0x08001858   Section        0  stm32f7xx_hal_qspi.o(.text.HAL_QSPI_TxCpltCallback)
    [Anonymous Symbol]                       0x0800185c   Section        0  stm32f7xx_hal_rcc.o(.text.HAL_RCC_ClockConfig)
    __arm_cp.2_1                             0x08001970   Number         4  stm32f7xx_hal_rcc.o(.text.HAL_RCC_ClockConfig)
    [Anonymous Symbol]                       0x08001974   Section        0  stm32f7xx_hal_rcc.o(.text.HAL_RCC_DeInit)
    __arm_cp.0_0                             0x080019b8   Number         4  stm32f7xx_hal_rcc.o(.text.HAL_RCC_DeInit)
    __arm_cp.0_1                             0x080019bc   Number         4  stm32f7xx_hal_rcc.o(.text.HAL_RCC_DeInit)
    __arm_cp.0_2                             0x080019c0   Number         4  stm32f7xx_hal_rcc.o(.text.HAL_RCC_DeInit)
    __arm_cp.0_3                             0x080019c4   Number         4  stm32f7xx_hal_rcc.o(.text.HAL_RCC_DeInit)
    __arm_cp.0_4                             0x080019c8   Number         4  stm32f7xx_hal_rcc.o(.text.HAL_RCC_DeInit)
    [Anonymous Symbol]                       0x080019cc   Section        0  stm32f7xx_hal_rcc.o(.text.HAL_RCC_GetSysClockFreq)
    __arm_cp.3_0                             0x08001a10   Number         4  stm32f7xx_hal_rcc.o(.text.HAL_RCC_GetSysClockFreq)
    __arm_cp.3_1                             0x08001a14   Number         4  stm32f7xx_hal_rcc.o(.text.HAL_RCC_GetSysClockFreq)
    __arm_cp.3_2                             0x08001a18   Number         4  stm32f7xx_hal_rcc.o(.text.HAL_RCC_GetSysClockFreq)
    [Anonymous Symbol]                       0x08001a1c   Section        0  stm32f7xx_hal_rcc.o(.text.HAL_RCC_OscConfig)
    __arm_cp.1_0                             0x08001d0c   Number         4  stm32f7xx_hal_rcc.o(.text.HAL_RCC_OscConfig)
    __arm_cp.1_1                             0x08001d10   Number         4  stm32f7xx_hal_rcc.o(.text.HAL_RCC_OscConfig)
    [Anonymous Symbol]                       0x08001d14   Section        0  stm32f7xx_hal_cortex.o(.text.HAL_SYSTICK_Config)
    __arm_cp.7_0                             0x08001d34   Number         4  stm32f7xx_hal_cortex.o(.text.HAL_SYSTICK_Config)
    __arm_cp.7_1                             0x08001d38   Number         4  stm32f7xx_hal_cortex.o(.text.HAL_SYSTICK_Config)
    [Anonymous Symbol]                       0x08001d3c   Section        0  stm32f7xx_it.o(.text.HardFault_Handler)
    [Anonymous Symbol]                       0x08001d40   Section        0  common.o(.text.IsNewFwUpdate)
    [Anonymous Symbol]                       0x08001d70   Section        0  main.o(.text.MX_CRC_DeInit)
    __arm_cp.9_0                             0x08001d94   Number         4  main.o(.text.MX_CRC_DeInit)
    [Anonymous Symbol]                       0x08001d98   Section        0  main.o(.text.MX_CRC_Init)
    __arm_cp.4_0                             0x08001dd0   Number         4  main.o(.text.MX_CRC_Init)
    __arm_cp.4_1                             0x08001dd4   Number         4  main.o(.text.MX_CRC_Init)
    [Anonymous Symbol]                       0x08001dd8   Section        0  main.o(.text.MX_IWDG_Init)
    __arm_cp.3_0                             0x08001dfc   Number         4  main.o(.text.MX_IWDG_Init)
    __arm_cp.3_1                             0x08001e00   Number         4  main.o(.text.MX_IWDG_Init)
    [Anonymous Symbol]                       0x08001e04   Section        0  stm32746g_qspi.o(.text.MX_QSPI_Init)
    __arm_cp.0_2                             0x08001f00   Number         4  stm32746g_qspi.o(.text.MX_QSPI_Init)
    [Anonymous Symbol]                       0x08001f04   Section        0  stm32f7xx_it.o(.text.MemManage_Handler)
    [Anonymous Symbol]                       0x08001f08   Section        0  stm32f7xx_it.o(.text.NMI_Handler)
    [Anonymous Symbol]                       0x08001f0a   Section        0  stm32746g_qspi.o(.text.QSPI2FLASH_Copy)
    [Anonymous Symbol]                       0x08001f80   Section        0  stm32f7xx_it.o(.text.QUADSPI_IRQHandler)
    [Anonymous Symbol]                       0x08001f88   Section        0  common.o(.text.ResetFwInfo)
    [Anonymous Symbol]                       0x08001f92   Section        0  stm32f7xx_it.o(.text.SysTick_Handler)
    [Anonymous Symbol]                       0x08001f96   Section        0  stm32f7xx_it.o(.text.UsageFault_Handler)
    i.__scatterload_null                     0x08001f9a   Section        2  handlers.o(i.__scatterload_null)
    QSPI_AutoPollMemRdy                      0x08001f9d   Thumb Code    84  stm32746g_qspi.o(.text.QSPI_AutoPollMemRdy)
    [Anonymous Symbol]                       0x08001f9c   Section        0  stm32746g_qspi.o(.text.QSPI_AutoPollMemRdy)
    __arm_cp.2_0                             0x08001fe8   Number         4  stm32746g_qspi.o(.text.QSPI_AutoPollMemRdy)
    __arm_cp.2_1                             0x08001fec   Number         4  stm32746g_qspi.o(.text.QSPI_AutoPollMemRdy)
    [Anonymous Symbol]                       0x08001ff0   Section        0  main.o(.text.Restart)
    __tagsym$$used.0                         0x08002000   Number         0  common.o(.ARM.__at_0x08002000)
    __tagsym$$used.1                         0x08002004   Number         0  common.o(.ARM.__at_0x08002004)
    __tagsym$$used.2                         0x08002008   Number         0  common.o(.ARM.__at_0x08002008)
    __tagsym$$used.3                         0x0800200c   Number         0  common.o(.ARM.__at_0x0800200C)
    QSPI_Config                              0x08002011   Thumb Code   346  stm32f7xx_hal_qspi.o(.text.QSPI_Config)
    [Anonymous Symbol]                       0x08002010   Section        0  stm32f7xx_hal_qspi.o(.text.QSPI_Config)
    QSPI_DMAAbortCplt                        0x0800216b   Thumb Code    50  stm32f7xx_hal_qspi.o(.text.QSPI_DMAAbortCplt)
    [Anonymous Symbol]                       0x0800216a   Section        0  stm32f7xx_hal_qspi.o(.text.QSPI_DMAAbortCplt)
    [Anonymous Symbol]                       0x0800219c   Section        0  stm32746g_qspi.o(.text.QSPI_Erase)
    __arm_cp.6_0                             0x08002224   Number         4  stm32746g_qspi.o(.text.QSPI_Erase)
    __arm_cp.6_2                             0x08002228   Number         4  stm32746g_qspi.o(.text.QSPI_Erase)
    Veneer$$LitPool                          0x0800222c   Data           4  anon$$obj.o(Veneer$$LitPool)
    [Anonymous Symbol]                       0x08002230   Section        0  stm32746g_qspi.o(.text.QSPI_MemMapMode)
    __arm_cp.8_0                             0x08002304   Number         4  stm32746g_qspi.o(.text.QSPI_MemMapMode)
    __arm_cp.8_1                             0x08002308   Number         4  stm32746g_qspi.o(.text.QSPI_MemMapMode)
    QSPI_WaitFlagStateUntilTimeout           0x0800230d   Thumb Code    82  stm32f7xx_hal_qspi.o(.text.QSPI_WaitFlagStateUntilTimeout)
    [Anonymous Symbol]                       0x0800230c   Section        0  stm32f7xx_hal_qspi.o(.text.QSPI_WaitFlagStateUntilTimeout)
    [Anonymous Symbol]                       0x0800235e   Section        0  stm32746g_qspi.o(.text.QSPI_Write)
    QSPI_WriteEnable                         0x0800240d   Thumb Code   116  stm32746g_qspi.o(.text.QSPI_WriteEnable)
    [Anonymous Symbol]                       0x0800240c   Section        0  stm32746g_qspi.o(.text.QSPI_WriteEnable)
    __arm_cp.16_0                            0x0800247c   Number         4  stm32746g_qspi.o(.text.QSPI_WriteEnable)
    QSPI_WritePage                           0x08002481   Thumb Code   116  stm32746g_qspi.o(.text.QSPI_WritePage)
    [Anonymous Symbol]                       0x08002480   Section        0  stm32746g_qspi.o(.text.QSPI_WritePage)
    __arm_cp.5_0                             0x080024f0   Number         4  stm32746g_qspi.o(.text.QSPI_WritePage)
    [Anonymous Symbol]                       0x080024f4   Section        0  main.o(.text.RunApplication)
    __arm_cp.6_0                             0x08002520   Number         4  main.o(.text.RunApplication)
    __arm_cp.6_1                             0x08002524   Number         4  main.o(.text.RunApplication)
    [Anonymous Symbol]                       0x08002528   Section        0  main.o(.text.SystemClock_Config)
    [Anonymous Symbol]                       0x08002584   Section        0  system_stm32f7xx.o(.text.SystemInit)
    __arm_cp.0_0                             0x080025c0   Number         4  system_stm32f7xx.o(.text.SystemInit)
    __arm_cp.0_1                             0x080025c4   Number         4  system_stm32f7xx.o(.text.SystemInit)
    __arm_cp.0_2                             0x080025c8   Number         4  system_stm32f7xx.o(.text.SystemInit)
    __arm_cp.0_3                             0x080025cc   Number         4  system_stm32f7xx.o(.text.SystemInit)
    __NVIC_SetPriority                       0x080025d1   Thumb Code    36  stm32f7xx_hal_cortex.o(.text.__NVIC_SetPriority)
    [Anonymous Symbol]                       0x080025d0   Section        0  stm32f7xx_hal_cortex.o(.text.__NVIC_SetPriority)
    __arm_cp.2_0                             0x080025ec   Number         4  stm32f7xx_hal_cortex.o(.text.__NVIC_SetPriority)
    __arm_cp.2_1                             0x080025f0   Number         4  stm32f7xx_hal_cortex.o(.text.__NVIC_SetPriority)
    __NVIC_SystemReset                       0x080025f5   Thumb Code    36  main.o(.text.__NVIC_SystemReset)
    [Anonymous Symbol]                       0x080025f4   Section        0  main.o(.text.__NVIC_SystemReset)
    __arm_cp.8_0                             0x08002610   Number         4  main.o(.text.__NVIC_SystemReset)
    __arm_cp.8_1                             0x08002614   Number         4  main.o(.text.__NVIC_SystemReset)
    [Anonymous Symbol]                       0x08002618   Section        0  main.o(.text.main)
    __arm_cp.0_0                             0x080026f8   Number         4  main.o(.text.main)
    __arm_cp.0_1                             0x080026fc   Number         4  main.o(.text.main)
    __arm_cp.0_2                             0x08002700   Number         4  main.o(.text.main)
    i.__scatterload_copy                     0x08002704   Section       14  handlers.o(i.__scatterload_copy)
    i.__scatterload_zeroinit                 0x08002712   Section       14  handlers.o(i.__scatterload_zeroinit)
    MemMapModeState                          0x20000008   Data           1  stm32746g_qspi.o(.bss..L_MergedGlobals)
    [Anonymous Symbol]                       0x20000008   Section        0  stm32746g_qspi.o(.bss..L_MergedGlobals)
    sConfig                                  0x2000000c   Data          24  stm32746g_qspi.o(.bss..L_MergedGlobals)
    sCommand                                 0x20000024   Data          56  stm32746g_qspi.o(.bss..L_MergedGlobals)
    [Anonymous Symbol]                       0x2000005c   Section        0  main.o(.bss..L_MergedGlobals)
    HAL_QSPI_MspDeInit.hdma                  0x200000ac   Data          96  stm32746g_qspi.o(.bss.HAL_QSPI_MspDeInit.hdma)
    [Anonymous Symbol]                       0x200000ac   Section        0  stm32746g_qspi.o(.bss.HAL_QSPI_MspDeInit.hdma)
    RunApplication.StartApplication          0x2000010c   Data           4  main.o(.bss.RunApplication.StartApplication)
    [Anonymous Symbol]                       0x2000010c   Section        0  main.o(.bss.RunApplication.StartApplication)
    STACK                                    0x200001a0   Section     8192  startup_stm32f746xx.o(STACK)

    Global Symbols

    Symbol Name                              Value     Ov Type        Size  Object(Section)

    BuildAttributes$$THM_ISAv4$E$P$D$K$B$S$7EM$VFPi5$EXTD16$VFPS$VFMA$PE$PLD8$A:L22UL41UL21$X:L11$S22US41US21$IEEE1$IW$~IW$USESV6$~STKCKD$USESV7$~SHL$OSPACE$EBA8$MICROLIB$REQ8$PRES8$EABIv2 0x00000000   Number         0  anon$$obj.o ABSOLUTE
    __cpp_initialize__aeabi_                  - Undefined Weak Reference
    __cxa_finalize                            - Undefined Weak Reference
    __decompress                              - Undefined Weak Reference
    _clock_init                               - Undefined Weak Reference
    _microlib_exit                            - Undefined Weak Reference
    __Vectors_Size                           0x000001c8   Number         0  startup_stm32f746xx.o ABSOLUTE
    __Vectors                                0x08000000   Data           4  startup_stm32f746xx.o(RESET)
    __Vectors_End                            0x080001c8   Data           0  startup_stm32f746xx.o(RESET)
    __main                                   0x080001c9   Thumb Code     0  entry.o(.ARM.Collect$$$$00000000)
    _main_stk                                0x080001c9   Thumb Code     0  entry2.o(.ARM.Collect$$$$00000001)
    _main_scatterload                        0x080001cd   Thumb Code     0  entry5.o(.ARM.Collect$$$$00000004)
    __main_after_scatterload                 0x080001d1   Thumb Code     0  entry5.o(.ARM.Collect$$$$00000004)
    _main_clock                              0x080001d1   Thumb Code     0  entry7b.o(.ARM.Collect$$$$00000008)
    _main_cpp_init                           0x080001d1   Thumb Code     0  entry8b.o(.ARM.Collect$$$$0000000A)
    _main_init                               0x080001d1   Thumb Code     0  entry9a.o(.ARM.Collect$$$$0000000B)
    __rt_final_cpp                           0x080001d9   Thumb Code     0  entry10a.o(.ARM.Collect$$$$0000000D)
    __rt_final_exit                          0x080001d9   Thumb Code     0  entry11a.o(.ARM.Collect$$$$0000000F)
    Reset_Handler                            0x080001dd   Thumb Code     8  startup_stm32f746xx.o(.text)
    SVC_Handler                              0x080001ef   Thumb Code     2  startup_stm32f746xx.o(.text)
    PendSV_Handler                           0x080001f3   Thumb Code     2  startup_stm32f746xx.o(.text)
    ADC_IRQHandler                           0x080001f7   Thumb Code     0  startup_stm32f746xx.o(.text)
    CAN1_RX0_IRQHandler                      0x080001f7   Thumb Code     0  startup_stm32f746xx.o(.text)
    CAN1_RX1_IRQHandler                      0x080001f7   Thumb Code     0  startup_stm32f746xx.o(.text)
    CAN1_SCE_IRQHandler                      0x080001f7   Thumb Code     0  startup_stm32f746xx.o(.text)
    CAN1_TX_IRQHandler                       0x080001f7   Thumb Code     0  startup_stm32f746xx.o(.text)
    CAN2_RX0_IRQHandler                      0x080001f7   Thumb Code     0  startup_stm32f746xx.o(.text)
    CAN2_RX1_IRQHandler                      0x080001f7   Thumb Code     0  startup_stm32f746xx.o(.text)
    CAN2_SCE_IRQHandler                      0x080001f7   Thumb Code     0  startup_stm32f746xx.o(.text)
    CAN2_TX_IRQHandler                       0x080001f7   Thumb Code     0  startup_stm32f746xx.o(.text)
    CEC_IRQHandler                           0x080001f7   Thumb Code     0  startup_stm32f746xx.o(.text)
    DCMI_IRQHandler                          0x080001f7   Thumb Code     0  startup_stm32f746xx.o(.text)
    DMA1_Stream0_IRQHandler                  0x080001f7   Thumb Code     0  startup_stm32f746xx.o(.text)
    DMA1_Stream1_IRQHandler                  0x080001f7   Thumb Code     0  startup_stm32f746xx.o(.text)
    DMA1_Stream2_IRQHandler                  0x080001f7   Thumb Code     0  startup_stm32f746xx.o(.text)
    DMA1_Stream3_IRQHandler                  0x080001f7   Thumb Code     0  startup_stm32f746xx.o(.text)
    DMA1_Stream4_IRQHandler                  0x080001f7   Thumb Code     0  startup_stm32f746xx.o(.text)
    DMA1_Stream5_IRQHandler                  0x080001f7   Thumb Code     0  startup_stm32f746xx.o(.text)
    DMA1_Stream6_IRQHandler                  0x080001f7   Thumb Code     0  startup_stm32f746xx.o(.text)
    DMA1_Stream7_IRQHandler                  0x080001f7   Thumb Code     0  startup_stm32f746xx.o(.text)
    DMA2D_IRQHandler                         0x080001f7   Thumb Code     0  startup_stm32f746xx.o(.text)
    DMA2_Stream0_IRQHandler                  0x080001f7   Thumb Code     0  startup_stm32f746xx.o(.text)
    DMA2_Stream1_IRQHandler                  0x080001f7   Thumb Code     0  startup_stm32f746xx.o(.text)
    DMA2_Stream2_IRQHandler                  0x080001f7   Thumb Code     0  startup_stm32f746xx.o(.text)
    DMA2_Stream3_IRQHandler                  0x080001f7   Thumb Code     0  startup_stm32f746xx.o(.text)
    DMA2_Stream4_IRQHandler                  0x080001f7   Thumb Code     0  startup_stm32f746xx.o(.text)
    DMA2_Stream5_IRQHandler                  0x080001f7   Thumb Code     0  startup_stm32f746xx.o(.text)
    DMA2_Stream6_IRQHandler                  0x080001f7   Thumb Code     0  startup_stm32f746xx.o(.text)
    DMA2_Stream7_IRQHandler                  0x080001f7   Thumb Code     0  startup_stm32f746xx.o(.text)
    ETH_IRQHandler                           0x080001f7   Thumb Code     0  startup_stm32f746xx.o(.text)
    ETH_WKUP_IRQHandler                      0x080001f7   Thumb Code     0  startup_stm32f746xx.o(.text)
    EXTI0_IRQHandler                         0x080001f7   Thumb Code     0  startup_stm32f746xx.o(.text)
    EXTI15_10_IRQHandler                     0x080001f7   Thumb Code     0  startup_stm32f746xx.o(.text)
    EXTI1_IRQHandler                         0x080001f7   Thumb Code     0  startup_stm32f746xx.o(.text)
    EXTI2_IRQHandler                         0x080001f7   Thumb Code     0  startup_stm32f746xx.o(.text)
    EXTI3_IRQHandler                         0x080001f7   Thumb Code     0  startup_stm32f746xx.o(.text)
    EXTI4_IRQHandler                         0x080001f7   Thumb Code     0  startup_stm32f746xx.o(.text)
    EXTI9_5_IRQHandler                       0x080001f7   Thumb Code     0  startup_stm32f746xx.o(.text)
    FLASH_IRQHandler                         0x080001f7   Thumb Code     0  startup_stm32f746xx.o(.text)
    FMC_IRQHandler                           0x080001f7   Thumb Code     0  startup_stm32f746xx.o(.text)
    FPU_IRQHandler                           0x080001f7   Thumb Code     0  startup_stm32f746xx.o(.text)
    I2C1_ER_IRQHandler                       0x080001f7   Thumb Code     0  startup_stm32f746xx.o(.text)
    I2C1_EV_IRQHandler                       0x080001f7   Thumb Code     0  startup_stm32f746xx.o(.text)
    I2C2_ER_IRQHandler                       0x080001f7   Thumb Code     0  startup_stm32f746xx.o(.text)
    I2C2_EV_IRQHandler                       0x080001f7   Thumb Code     0  startup_stm32f746xx.o(.text)
    I2C3_ER_IRQHandler                       0x080001f7   Thumb Code     0  startup_stm32f746xx.o(.text)
    I2C3_EV_IRQHandler                       0x080001f7   Thumb Code     0  startup_stm32f746xx.o(.text)
    I2C4_ER_IRQHandler                       0x080001f7   Thumb Code     0  startup_stm32f746xx.o(.text)
    I2C4_EV_IRQHandler                       0x080001f7   Thumb Code     0  startup_stm32f746xx.o(.text)
    LPTIM1_IRQHandler                        0x080001f7   Thumb Code     0  startup_stm32f746xx.o(.text)
    LTDC_ER_IRQHandler                       0x080001f7   Thumb Code     0  startup_stm32f746xx.o(.text)
    LTDC_IRQHandler                          0x080001f7   Thumb Code     0  startup_stm32f746xx.o(.text)
    OTG_FS_IRQHandler                        0x080001f7   Thumb Code     0  startup_stm32f746xx.o(.text)
    OTG_FS_WKUP_IRQHandler                   0x080001f7   Thumb Code     0  startup_stm32f746xx.o(.text)
    OTG_HS_EP1_IN_IRQHandler                 0x080001f7   Thumb Code     0  startup_stm32f746xx.o(.text)
    OTG_HS_EP1_OUT_IRQHandler                0x080001f7   Thumb Code     0  startup_stm32f746xx.o(.text)
    OTG_HS_IRQHandler                        0x080001f7   Thumb Code     0  startup_stm32f746xx.o(.text)
    OTG_HS_WKUP_IRQHandler                   0x080001f7   Thumb Code     0  startup_stm32f746xx.o(.text)
    PVD_IRQHandler                           0x080001f7   Thumb Code     0  startup_stm32f746xx.o(.text)
    RCC_IRQHandler                           0x080001f7   Thumb Code     0  startup_stm32f746xx.o(.text)
    RNG_IRQHandler                           0x080001f7   Thumb Code     0  startup_stm32f746xx.o(.text)
    RTC_Alarm_IRQHandler                     0x080001f7   Thumb Code     0  startup_stm32f746xx.o(.text)
    RTC_WKUP_IRQHandler                      0x080001f7   Thumb Code     0  startup_stm32f746xx.o(.text)
    SAI1_IRQHandler                          0x080001f7   Thumb Code     0  startup_stm32f746xx.o(.text)
    SAI2_IRQHandler                          0x080001f7   Thumb Code     0  startup_stm32f746xx.o(.text)
    SDMMC1_IRQHandler                        0x080001f7   Thumb Code     0  startup_stm32f746xx.o(.text)
    SPDIF_RX_IRQHandler                      0x080001f7   Thumb Code     0  startup_stm32f746xx.o(.text)
    SPI1_IRQHandler                          0x080001f7   Thumb Code     0  startup_stm32f746xx.o(.text)
    SPI2_IRQHandler                          0x080001f7   Thumb Code     0  startup_stm32f746xx.o(.text)
    SPI3_IRQHandler                          0x080001f7   Thumb Code     0  startup_stm32f746xx.o(.text)
    SPI4_IRQHandler                          0x080001f7   Thumb Code     0  startup_stm32f746xx.o(.text)
    SPI5_IRQHandler                          0x080001f7   Thumb Code     0  startup_stm32f746xx.o(.text)
    SPI6_IRQHandler                          0x080001f7   Thumb Code     0  startup_stm32f746xx.o(.text)
    TAMP_STAMP_IRQHandler                    0x080001f7   Thumb Code     0  startup_stm32f746xx.o(.text)
    TIM1_BRK_TIM9_IRQHandler                 0x080001f7   Thumb Code     0  startup_stm32f746xx.o(.text)
    TIM1_CC_IRQHandler                       0x080001f7   Thumb Code     0  startup_stm32f746xx.o(.text)
    TIM1_TRG_COM_TIM11_IRQHandler            0x080001f7   Thumb Code     0  startup_stm32f746xx.o(.text)
    TIM1_UP_TIM10_IRQHandler                 0x080001f7   Thumb Code     0  startup_stm32f746xx.o(.text)
    TIM2_IRQHandler                          0x080001f7   Thumb Code     0  startup_stm32f746xx.o(.text)
    TIM3_IRQHandler                          0x080001f7   Thumb Code     0  startup_stm32f746xx.o(.text)
    TIM4_IRQHandler                          0x080001f7   Thumb Code     0  startup_stm32f746xx.o(.text)
    TIM5_IRQHandler                          0x080001f7   Thumb Code     0  startup_stm32f746xx.o(.text)
    TIM6_DAC_IRQHandler                      0x080001f7   Thumb Code     0  startup_stm32f746xx.o(.text)
    TIM7_IRQHandler                          0x080001f7   Thumb Code     0  startup_stm32f746xx.o(.text)
    TIM8_BRK_TIM12_IRQHandler                0x080001f7   Thumb Code     0  startup_stm32f746xx.o(.text)
    TIM8_CC_IRQHandler                       0x080001f7   Thumb Code     0  startup_stm32f746xx.o(.text)
    TIM8_TRG_COM_TIM14_IRQHandler            0x080001f7   Thumb Code     0  startup_stm32f746xx.o(.text)
    TIM8_UP_TIM13_IRQHandler                 0x080001f7   Thumb Code     0  startup_stm32f746xx.o(.text)
    UART4_IRQHandler                         0x080001f7   Thumb Code     0  startup_stm32f746xx.o(.text)
    UART5_IRQHandler                         0x080001f7   Thumb Code     0  startup_stm32f746xx.o(.text)
    UART7_IRQHandler                         0x080001f7   Thumb Code     0  startup_stm32f746xx.o(.text)
    UART8_IRQHandler                         0x080001f7   Thumb Code     0  startup_stm32f746xx.o(.text)
    USART1_IRQHandler                        0x080001f7   Thumb Code     0  startup_stm32f746xx.o(.text)
    USART2_IRQHandler                        0x080001f7   Thumb Code     0  startup_stm32f746xx.o(.text)
    USART3_IRQHandler                        0x080001f7   Thumb Code     0  startup_stm32f746xx.o(.text)
    USART6_IRQHandler                        0x080001f7   Thumb Code     0  startup_stm32f746xx.o(.text)
    WWDG_IRQHandler                          0x080001f7   Thumb Code     0  startup_stm32f746xx.o(.text)
    __aeabi_memcpy                           0x08000201   Thumb Code    36  memcpya.o(.text)
    __aeabi_memcpy4                          0x08000201   Thumb Code     0  memcpya.o(.text)
    __aeabi_memcpy8                          0x08000201   Thumb Code     0  memcpya.o(.text)
    __aeabi_memset                           0x08000225   Thumb Code    14  memseta.o(.text)
    __aeabi_memset4                          0x08000225   Thumb Code     0  memseta.o(.text)
    __aeabi_memset8                          0x08000225   Thumb Code     0  memseta.o(.text)
    __aeabi_memclr                           0x08000233   Thumb Code     4  memseta.o(.text)
    __aeabi_memclr4                          0x08000233   Thumb Code     0  memseta.o(.text)
    __aeabi_memclr8                          0x08000233   Thumb Code     0  memseta.o(.text)
    _memset$wrapper                          0x08000237   Thumb Code    18  memseta.o(.text)
    memcmp                                   0x08000249   Thumb Code    26  memcmp.o(.text)
    __scatterload                            0x08000265   Thumb Code    28  init.o(.text)
    __scatterload_rt2                        0x08000265   Thumb Code     0  init.o(.text)
    BusFault_Handler                         0x08000289   Thumb Code     4  stm32f7xx_it.o(.text.BusFault_Handler)
    CPU_CACHE_Enable                         0x0800028d   Thumb Code   140  main.o(.text.CPU_CACHE_Enable)
    CRC_Handle_8                             0x0800034d   Thumb Code   102  stm32f7xx_hal_crc.o(.text.CRC_Handle_8)
    DebugMon_Handler                         0x080003e9   Thumb Code     2  stm32f7xx_it.o(.text.DebugMon_Handler)
    FLASH2QSPI_Copy                          0x080003eb   Thumb Code   116  stm32746g_qspi.o(.text.FLASH2QSPI_Copy)
    FLASH_Erase_Sector                       0x08000461   Thumb Code    60  stm32f7xx_hal_flash_ex.o(.text.FLASH_Erase_Sector)
    FLASH_WaitForLastOperation               0x08000609   Thumb Code    84  stm32f7xx_hal_flash.o(.text.FLASH_WaitForLastOperation)
    GetFwInfo                                0x0800065d   Thumb Code   168  common.o(.text.GetFwInfo)
    HAL_CRCEx_Polynomial_Set                 0x08000705   Thumb Code    78  stm32f7xx_hal_crc_ex.o(.text.HAL_CRCEx_Polynomial_Set)
    HAL_CRC_Accumulate                       0x08000753   Thumb Code    78  stm32f7xx_hal_crc.o(.text.HAL_CRC_Accumulate)
    HAL_CRC_Calculate                        0x080007a1   Thumb Code    84  stm32f7xx_hal_crc.o(.text.HAL_CRC_Calculate)
    HAL_CRC_DeInit                           0x080007f5   Thumb Code    50  stm32f7xx_hal_crc.o(.text.HAL_CRC_DeInit)
    HAL_CRC_Init                             0x08000829   Thumb Code   112  stm32f7xx_hal_crc.o(.text.HAL_CRC_Init)
    HAL_CRC_MspDeInit                        0x08000899   Thumb Code     2  stm32f7xx_hal_crc.o(.text.HAL_CRC_MspDeInit)
    HAL_CRC_MspInit                          0x0800089b   Thumb Code     2  stm32f7xx_hal_crc.o(.text.HAL_CRC_MspInit)
    HAL_DMA_Abort                            0x0800089d   Thumb Code   138  stm32f7xx_hal_dma.o(.text.HAL_DMA_Abort)
    HAL_DMA_Abort_IT                         0x08000927   Thumb Code    36  stm32f7xx_hal_dma.o(.text.HAL_DMA_Abort_IT)
    HAL_DMA_DeInit                           0x0800094b   Thumb Code    78  stm32f7xx_hal_dma.o(.text.HAL_DMA_DeInit)
    HAL_DeInit                               0x08000999   Thumb Code    44  stm32f7xx_hal.o(.text.HAL_DeInit)
    HAL_Deinit                               0x080009c5   Thumb Code   140  main.o(.text.HAL_Deinit)
    HAL_FLASHEx_Erase                        0x08000a51   Thumb Code   140  stm32f7xx_hal_flash_ex.o(.text.HAL_FLASHEx_Erase)
    HAL_FLASH_Lock                           0x08000add   Thumb Code    16  stm32f7xx_hal_flash.o(.text.HAL_FLASH_Lock)
    HAL_FLASH_Program                        0x08000aed   Thumb Code   136  stm32f7xx_hal_flash.o(.text.HAL_FLASH_Program)
    HAL_FLASH_Unlock                         0x08000b75   Thumb Code    40  stm32f7xx_hal_flash.o(.text.HAL_FLASH_Unlock)
    HAL_GPIO_DeInit                          0x08000b9d   Thumb Code   212  stm32f7xx_hal_gpio.o(.text.HAL_GPIO_DeInit)
    HAL_GPIO_Init                            0x08000c71   Thumb Code   388  stm32f7xx_hal_gpio.o(.text.HAL_GPIO_Init)
    HAL_GetTick                              0x08000df5   Thumb Code     8  stm32f7xx_hal.o(.text.HAL_GetTick)
    HAL_IWDG_Init                            0x08000dfd   Thumb Code    80  stm32f7xx_hal_iwdg.o(.text.HAL_IWDG_Init)
    HAL_IWDG_Refresh                         0x08000e4d   Thumb Code    12  stm32f7xx_hal_iwdg.o(.text.HAL_IWDG_Refresh)
    HAL_IncTick                              0x08000e59   Thumb Code    16  stm32f7xx_hal.o(.text.HAL_IncTick)
    HAL_Init                                 0x08000e69   Thumb Code    36  stm32f7xx_hal.o(.text.HAL_Init)
    HAL_InitTick                             0x08000e8d   Thumb Code    40  stm32f7xx_hal.o(.text.HAL_InitTick)
    HAL_MspDeInit                            0x08000eb5   Thumb Code     2  stm32f7xx_hal.o(.text.HAL_MspDeInit)
    HAL_MspInit                              0x08000eb7   Thumb Code     2  stm32f7xx_hal.o(.text.HAL_MspInit)
    HAL_NVIC_DisableIRQ                      0x08000eb9   Thumb Code    36  stm32f7xx_hal_cortex.o(.text.HAL_NVIC_DisableIRQ)
    HAL_NVIC_EnableIRQ                       0x08000edd   Thumb Code    28  stm32f7xx_hal_cortex.o(.text.HAL_NVIC_EnableIRQ)
    HAL_NVIC_SetPriority                     0x08000ef9   Thumb Code    56  stm32f7xx_hal_cortex.o(.text.HAL_NVIC_SetPriority)
    HAL_NVIC_SetPriorityGrouping             0x08000f31   Thumb Code    32  stm32f7xx_hal_cortex.o(.text.HAL_NVIC_SetPriorityGrouping)
    HAL_PWREx_EnableOverDrive                0x08000f51   Thumb Code   108  stm32f7xx_hal_pwr_ex.o(.text.HAL_PWREx_EnableOverDrive)
    HAL_QSPI_Abort                           0x08000fbd   Thumb Code   122  stm32f7xx_hal_qspi.o(.text.HAL_QSPI_Abort)
    HAL_QSPI_AbortCpltCallback               0x08001037   Thumb Code     2  stm32f7xx_hal_qspi.o(.text.HAL_QSPI_AbortCpltCallback)
    HAL_QSPI_Abort_IT                        0x08001039   Thumb Code    84  stm32f7xx_hal_qspi.o(.text.HAL_QSPI_Abort_IT)
    HAL_QSPI_AutoPolling                     0x0800108d   Thumb Code   160  stm32f7xx_hal_qspi.o(.text.HAL_QSPI_AutoPolling)
    HAL_QSPI_CmdCpltCallback                 0x0800112d   Thumb Code     2  stm32f7xx_hal_qspi.o(.text.HAL_QSPI_CmdCpltCallback)
    HAL_QSPI_Command                         0x0800112f   Thumb Code   128  stm32f7xx_hal_qspi.o(.text.HAL_QSPI_Command)
    HAL_QSPI_DeInit                          0x080011af   Thumb Code    56  stm32746g_qspi.o(.text.HAL_QSPI_DeInit)
    HAL_QSPI_ErrorCallback                   0x080011e7   Thumb Code     2  stm32f7xx_hal_qspi.o(.text.HAL_QSPI_ErrorCallback)
    HAL_QSPI_FifoThresholdCallback           0x080011e9   Thumb Code     2  stm32f7xx_hal_qspi.o(.text.HAL_QSPI_FifoThresholdCallback)
    HAL_QSPI_IRQHandler                      0x080011ed   Thumb Code   500  stm32f7xx_hal_qspi.o(.text.HAL_QSPI_IRQHandler)
    HAL_QSPI_Init                            0x080013e1   Thumb Code   196  stm32f7xx_hal_qspi.o(.text.HAL_QSPI_Init)
    HAL_QSPI_MemoryMapped                    0x080014a5   Thumb Code   128  stm32f7xx_hal_qspi.o(.text.HAL_QSPI_MemoryMapped)
    HAL_QSPI_MspDeInit                       0x08001525   Thumb Code   116  stm32746g_qspi.o(.text.HAL_QSPI_MspDeInit)
    HAL_QSPI_MspInit                         0x08001599   Thumb Code   320  stm32746g_qspi.o(.text.HAL_QSPI_MspInit)
    HAL_QSPI_Receive                         0x080016d9   Thumb Code   192  stm32f7xx_hal_qspi.o(.text.HAL_QSPI_Receive)
    HAL_QSPI_RxCpltCallback                  0x08001799   Thumb Code     2  stm32f7xx_hal_qspi.o(.text.HAL_QSPI_RxCpltCallback)
    HAL_QSPI_StatusMatchCallback             0x0800179b   Thumb Code     2  stm32f7xx_hal_qspi.o(.text.HAL_QSPI_StatusMatchCallback)
    HAL_QSPI_TimeOutCallback                 0x0800179d   Thumb Code     2  stm32f7xx_hal_qspi.o(.text.HAL_QSPI_TimeOutCallback)
    HAL_QSPI_Transmit                        0x0800179f   Thumb Code   186  stm32f7xx_hal_qspi.o(.text.HAL_QSPI_Transmit)
    HAL_QSPI_TxCpltCallback                  0x08001859   Thumb Code     2  stm32f7xx_hal_qspi.o(.text.HAL_QSPI_TxCpltCallback)
    HAL_RCC_ClockConfig                      0x0800185d   Thumb Code   280  stm32f7xx_hal_rcc.o(.text.HAL_RCC_ClockConfig)
    HAL_RCC_DeInit                           0x08001975   Thumb Code    88  stm32f7xx_hal_rcc.o(.text.HAL_RCC_DeInit)
    HAL_RCC_GetSysClockFreq                  0x080019cd   Thumb Code    80  stm32f7xx_hal_rcc.o(.text.HAL_RCC_GetSysClockFreq)
    HAL_RCC_OscConfig                        0x08001a1d   Thumb Code   760  stm32f7xx_hal_rcc.o(.text.HAL_RCC_OscConfig)
    HAL_SYSTICK_Config                       0x08001d15   Thumb Code    40  stm32f7xx_hal_cortex.o(.text.HAL_SYSTICK_Config)
    HardFault_Handler                        0x08001d3d   Thumb Code     4  stm32f7xx_it.o(.text.HardFault_Handler)
    IsNewFwUpdate                            0x08001d41   Thumb Code    46  common.o(.text.IsNewFwUpdate)
    MX_CRC_DeInit                            0x08001d71   Thumb Code    40  main.o(.text.MX_CRC_DeInit)
    MX_CRC_Init                              0x08001d99   Thumb Code    64  main.o(.text.MX_CRC_Init)
    MX_IWDG_Init                             0x08001dd9   Thumb Code    44  main.o(.text.MX_IWDG_Init)
    MX_QSPI_Init                             0x08001e05   Thumb Code   256  stm32746g_qspi.o(.text.MX_QSPI_Init)
    MemManage_Handler                        0x08001f05   Thumb Code     4  stm32f7xx_it.o(.text.MemManage_Handler)
    NMI_Handler                              0x08001f09   Thumb Code     2  stm32f7xx_it.o(.text.NMI_Handler)
    QSPI2FLASH_Copy                          0x08001f0b   Thumb Code   116  stm32746g_qspi.o(.text.QSPI2FLASH_Copy)
    QUADSPI_IRQHandler                       0x08001f81   Thumb Code     8  stm32f7xx_it.o(.text.QUADSPI_IRQHandler)
    ResetFwInfo                              0x08001f89   Thumb Code    10  common.o(.text.ResetFwInfo)
    SysTick_Handler                          0x08001f93   Thumb Code     4  stm32f7xx_it.o(.text.SysTick_Handler)
    UsageFault_Handler                       0x08001f97   Thumb Code     4  stm32f7xx_it.o(.text.UsageFault_Handler)
    __scatterload_null                       0x08001f9b   Thumb Code     2  handlers.o(i.__scatterload_null)
    Restart                                  0x08001ff1   Thumb Code    16  main.o(.text.Restart)
    size                                     0x08002000   Data           4  common.o(.ARM.__at_0x08002000)
    crc_32                                   0x08002004   Data           4  common.o(.ARM.__at_0x08002004)
    version                                  0x08002008   Data           4  common.o(.ARM.__at_0x08002008)
    address                                  0x0800200c   Data           4  common.o(.ARM.__at_0x0800200C)
    QSPI_Erase                               0x0800219d   Thumb Code   144  stm32746g_qspi.o(.text.QSPI_Erase)
    QSPI_MemMapMode                          0x08002231   Thumb Code   220  stm32746g_qspi.o(.text.QSPI_MemMapMode)
    QSPI_Write                               0x0800235f   Thumb Code   174  stm32746g_qspi.o(.text.QSPI_Write)
    RunApplication                           0x080024f5   Thumb Code    52  main.o(.text.RunApplication)
    SystemClock_Config                       0x08002529   Thumb Code    92  main.o(.text.SystemClock_Config)
    SystemInit                               0x08002585   Thumb Code    76  system_stm32f7xx.o(.text.SystemInit)
    main                                     0x08002619   Thumb Code   236  main.o(.text.main)
    __scatterload_copy                       0x08002705   Thumb Code    14  handlers.o(i.__scatterload_copy)
    __scatterload_zeroinit                   0x08002713   Thumb Code    14  handlers.o(i.__scatterload_zeroinit)
    AHBPrescTable                            0x08002720   Data          16  system_stm32f7xx.o(.rodata.AHBPrescTable)
    Region$$Table$$Base                      0x08002730   Number         0  anon$$obj.o(Region$$Table)
    Region$$Table$$Limit                     0x08002750   Number         0  anon$$obj.o(Region$$Table)
    SystemCoreClock                          0x20000000   Data           4  system_stm32f7xx.o(.data.SystemCoreClock)
    runfw                                    0x2000005c   Data           1  main.o(.bss..L_MergedGlobals)
    newfw                                    0x2000005d   Data           1  main.o(.bss..L_MergedGlobals)
    bkpfw                                    0x2000005e   Data           1  main.o(.bss..L_MergedGlobals)
    updfw                                    0x2000005f   Data           1  main.o(.bss..L_MergedGlobals)
    hiwdg                                    0x20000060   Data          16  main.o(.bss..L_MergedGlobals)
    RunFwInfo                                0x20000070   Data          20  main.o(.bss..L_MergedGlobals)
    NewFwInfo                                0x20000084   Data          20  main.o(.bss..L_MergedGlobals)
    BkpFwInfo                                0x20000098   Data          20  main.o(.bss..L_MergedGlobals)
    hcrc                                     0x20000110   Data          36  main.o(.bss.hcrc)
    hqspi                                    0x20000134   Data          76  main.o(.bss.hqspi)
    pFlash                                   0x20000180   Data          28  stm32f7xx_hal_flash.o(.bss.pFlash)
    uwTick                                   0x2000019c   Data           4  stm32f7xx_hal.o(.bss.uwTick)
    __initial_sp                             0x200021a0   Data           0  startup_stm32f746xx.o(STACK)



==============================================================================

Memory Map of the image

  Image Entry point : 0x080001c9

  Load Region LR_IROM1 (Base: 0x08000000, Size: 0x00002758, Max: 0x00010000, ABSOLUTE)

    Execution Region ER_IROM1 (Exec base: 0x08000000, Load base: 0x08000000, Size: 0x00002750, Max: 0x00010000, ABSOLUTE)

    Exec Addr    Load Addr    Size         Type   Attr      Idx    E Section Name        Object

    0x08000000   0x08000000   0x000001c8   Data   RO          579    RESET               startup_stm32f746xx.o
    0x080001c8   0x080001c8   0x00000000   Code   RO          712  * .ARM.Collect$$$$00000000  mc_w.l(entry.o)
    0x080001c8   0x080001c8   0x00000004   Code   RO          723    .ARM.Collect$$$$00000001  mc_w.l(entry2.o)
    0x080001cc   0x080001cc   0x00000004   Code   RO          726    .ARM.Collect$$$$00000004  mc_w.l(entry5.o)
    0x080001d0   0x080001d0   0x00000000   Code   RO          728    .ARM.Collect$$$$00000008  mc_w.l(entry7b.o)
    0x080001d0   0x080001d0   0x00000000   Code   RO          730    .ARM.Collect$$$$0000000A  mc_w.l(entry8b.o)
    0x080001d0   0x080001d0   0x00000008   Code   RO          731    .ARM.Collect$$$$0000000B  mc_w.l(entry9a.o)
    0x080001d8   0x080001d8   0x00000000   Code   RO          733    .ARM.Collect$$$$0000000D  mc_w.l(entry10a.o)
    0x080001d8   0x080001d8   0x00000000   Code   RO          735    .ARM.Collect$$$$0000000F  mc_w.l(entry11a.o)
    0x080001d8   0x080001d8   0x00000004   Code   RO          724    .ARM.Collect$$$$00002712  mc_w.l(entry2.o)
    0x080001dc   0x080001dc   0x00000024   Code   RO          580    .text               startup_stm32f746xx.o
    0x08000200   0x08000200   0x00000024   Code   RO          715    .text               mc_w.l(memcpya.o)
    0x08000224   0x08000224   0x00000024   Code   RO          717    .text               mc_w.l(memseta.o)
    0x08000248   0x08000248   0x0000001a   Code   RO          719    .text               mc_w.l(memcmp.o)
    0x08000262   0x08000262   0x00000002   PAD
    0x08000264   0x08000264   0x00000024   Code   RO          737    .text               mc_w.l(init.o)
    0x08000288   0x08000288   0x00000004   Code   RO          593    .text.BusFault_Handler  stm32f7xx_it.o
    0x0800028c   0x0800028c   0x0000008c   Code   RO          680    .text.CPU_CACHE_Enable  main.o
    0x08000318   0x08000318   0x00000034   Code   RO          450    .text.CRC_Handle_16  stm32f7xx_hal_crc.o
    0x0800034c   0x0800034c   0x00000066   Code   RO          448    .text.CRC_Handle_8  stm32f7xx_hal_crc.o
    0x080003b2   0x080003b2   0x00000002   PAD
    0x080003b4   0x080003b4   0x00000034   Code   RO          176    .text.DMA_CalcBaseAndBitshift  stm32f7xx_hal_dma.o
    0x080003e8   0x080003e8   0x00000002   Code   RO          597    .text.DebugMon_Handler  stm32f7xx_it.o
    0x080003ea   0x080003ea   0x00000074   Code   RO           36    .text.FLASH2QSPI_Copy  stm32746g_qspi.o
    0x0800045e   0x0800045e   0x00000002   PAD
    0x08000460   0x08000460   0x0000003c   Code   RO          259    .text.FLASH_Erase_Sector  stm32f7xx_hal_flash_ex.o
    0x0800049c   0x0800049c   0x0000005c   Code   RO           42    .text.FLASH_GetSector  stm32746g_qspi.o
    0x080004f8   0x080004f8   0x00000024   Code   RO          257    .text.FLASH_MassErase  stm32f7xx_hal_flash_ex.o
    0x0800051c   0x0800051c   0x00000020   Code   RO          215    .text.FLASH_Program_Byte  stm32f7xx_hal_flash.o
    0x0800053c   0x0800053c   0x00000028   Code   RO          221    .text.FLASH_Program_DoubleWord  stm32f7xx_hal_flash.o
    0x08000564   0x08000564   0x00000024   Code   RO          217    .text.FLASH_Program_HalfWord  stm32f7xx_hal_flash.o
    0x08000588   0x08000588   0x00000028   Code   RO          219    .text.FLASH_Program_Word  stm32f7xx_hal_flash.o
    0x080005b0   0x080005b0   0x00000058   Code   RO          229    .text.FLASH_SetErrorCode  stm32f7xx_hal_flash.o
    0x08000608   0x08000608   0x00000054   Code   RO          213    .text.FLASH_WaitForLastOperation  stm32f7xx_hal_flash.o
    0x0800065c   0x0800065c   0x000000a8   Code   RO          649    .text.GetFwInfo     common.o
    0x08000704   0x08000704   0x0000004e   Code   RO          465    .text.HAL_CRCEx_Polynomial_Set  stm32f7xx_hal_crc_ex.o
    0x08000752   0x08000752   0x0000004e   Code   RO          446    .text.HAL_CRC_Accumulate  stm32f7xx_hal_crc.o
    0x080007a0   0x080007a0   0x00000054   Code   RO          452    .text.HAL_CRC_Calculate  stm32f7xx_hal_crc.o
    0x080007f4   0x080007f4   0x00000032   Code   RO          442    .text.HAL_CRC_DeInit  stm32f7xx_hal_crc.o
    0x08000826   0x08000826   0x00000002   PAD
    0x08000828   0x08000828   0x00000070   Code   RO          438    .text.HAL_CRC_Init  stm32f7xx_hal_crc.o
    0x08000898   0x08000898   0x00000002   Code   RO          444    .text.HAL_CRC_MspDeInit  stm32f7xx_hal_crc.o
    0x0800089a   0x0800089a   0x00000002   Code   RO          440    .text.HAL_CRC_MspInit  stm32f7xx_hal_crc.o
    0x0800089c   0x0800089c   0x0000008a   Code   RO          186    .text.HAL_DMA_Abort  stm32f7xx_hal_dma.o
    0x08000926   0x08000926   0x00000024   Code   RO          188    .text.HAL_DMA_Abort_IT  stm32f7xx_hal_dma.o
    0x0800094a   0x0800094a   0x0000004e   Code   RO          178    .text.HAL_DMA_DeInit  stm32f7xx_hal_dma.o
    0x08000998   0x08000998   0x0000002c   Code   RO           69    .text.HAL_DeInit    stm32f7xx_hal.o
    0x080009c4   0x080009c4   0x0000008c   Code   RO          692    .text.HAL_Deinit    main.o
    0x08000a50   0x08000a50   0x0000008c   Code   RO          255    .text.HAL_FLASHEx_Erase  stm32f7xx_hal_flash_ex.o
    0x08000adc   0x08000adc   0x00000010   Code   RO          235    .text.HAL_FLASH_Lock  stm32f7xx_hal_flash.o
    0x08000aec   0x08000aec   0x00000088   Code   RO          211    .text.HAL_FLASH_Program  stm32f7xx_hal_flash.o
    0x08000b74   0x08000b74   0x00000028   Code   RO          233    .text.HAL_FLASH_Unlock  stm32f7xx_hal_flash.o
    0x08000b9c   0x08000b9c   0x000000d4   Code   RO          280    .text.HAL_GPIO_DeInit  stm32f7xx_hal_gpio.o
    0x08000c70   0x08000c70   0x00000184   Code   RO          278    .text.HAL_GPIO_Init  stm32f7xx_hal_gpio.o
    0x08000df4   0x08000df4   0x00000008   Code   RO           75    .text.HAL_GetTick   stm32f7xx_hal.o
    0x08000dfc   0x08000dfc   0x00000050   Code   RO          565    .text.HAL_IWDG_Init  stm32f7xx_hal_iwdg.o
    0x08000e4c   0x08000e4c   0x0000000c   Code   RO          567    .text.HAL_IWDG_Refresh  stm32f7xx_hal_iwdg.o
    0x08000e58   0x08000e58   0x00000010   Code   RO           73    .text.HAL_IncTick   stm32f7xx_hal.o
    0x08000e68   0x08000e68   0x00000024   Code   RO           63    .text.HAL_Init      stm32f7xx_hal.o
    0x08000e8c   0x08000e8c   0x00000028   Code   RO           65    .text.HAL_InitTick  stm32f7xx_hal.o
    0x08000eb4   0x08000eb4   0x00000002   Code   RO           71    .text.HAL_MspDeInit  stm32f7xx_hal.o
    0x08000eb6   0x08000eb6   0x00000002   Code   RO           67    .text.HAL_MspInit   stm32f7xx_hal.o
    0x08000eb8   0x08000eb8   0x00000024   Code   RO          133    .text.HAL_NVIC_DisableIRQ  stm32f7xx_hal_cortex.o
    0x08000edc   0x08000edc   0x0000001c   Code   RO          131    .text.HAL_NVIC_EnableIRQ  stm32f7xx_hal_cortex.o
    0x08000ef8   0x08000ef8   0x00000038   Code   RO          127    .text.HAL_NVIC_SetPriority  stm32f7xx_hal_cortex.o
    0x08000f30   0x08000f30   0x00000020   Code   RO          125    .text.HAL_NVIC_SetPriorityGrouping  stm32f7xx_hal_cortex.o
    0x08000f50   0x08000f50   0x0000006c   Code   RO          319    .text.HAL_PWREx_EnableOverDrive  stm32f7xx_hal_pwr_ex.o
    0x08000fbc   0x08000fbc   0x0000007a   Code   RO          516    .text.HAL_QSPI_Abort  stm32f7xx_hal_qspi.o
    0x08001036   0x08001036   0x00000002   Code   RO          498    .text.HAL_QSPI_AbortCpltCallback  stm32f7xx_hal_qspi.o
    0x08001038   0x08001038   0x00000054   Code   RO          490    .text.HAL_QSPI_Abort_IT  stm32f7xx_hal_qspi.o
    0x0800108c   0x0800108c   0x000000a0   Code   RO          538    .text.HAL_QSPI_AutoPolling  stm32f7xx_hal_qspi.o
    0x0800112c   0x0800112c   0x00000002   Code   RO          496    .text.HAL_QSPI_CmdCpltCallback  stm32f7xx_hal_qspi.o
    0x0800112e   0x0800112e   0x00000080   Code   RO          508    .text.HAL_QSPI_Command  stm32f7xx_hal_qspi.o
    0x080011ae   0x080011ae   0x00000038   Code   RO           20    .text.HAL_QSPI_DeInit  stm32746g_qspi.o
    0x080011e6   0x080011e6   0x00000002   Code   RO          500    .text.HAL_QSPI_ErrorCallback  stm32f7xx_hal_qspi.o
    0x080011e8   0x080011e8   0x00000002   Code   RO          488    .text.HAL_QSPI_FifoThresholdCallback  stm32f7xx_hal_qspi.o
    0x080011ea   0x080011ea   0x00000002   PAD
    0x080011ec   0x080011ec   0x000001f4   Code   RO          486    .text.HAL_QSPI_IRQHandler  stm32f7xx_hal_qspi.o
    0x080013e0   0x080013e0   0x000000c4   Code   RO          480    .text.HAL_QSPI_Init  stm32f7xx_hal_qspi.o
    0x080014a4   0x080014a4   0x00000080   Code   RO          542    .text.HAL_QSPI_MemoryMapped  stm32f7xx_hal_qspi.o
    0x08001524   0x08001524   0x00000074   Code   RO           44    .text.HAL_QSPI_MspDeInit  stm32746g_qspi.o
    0x08001598   0x08001598   0x00000140   Code   RO           46    .text.HAL_QSPI_MspInit  stm32746g_qspi.o
    0x080016d8   0x080016d8   0x000000c0   Code   RO          518    .text.HAL_QSPI_Receive  stm32f7xx_hal_qspi.o
    0x08001798   0x08001798   0x00000002   Code   RO          494    .text.HAL_QSPI_RxCpltCallback  stm32f7xx_hal_qspi.o
    0x0800179a   0x0800179a   0x00000002   Code   RO          502    .text.HAL_QSPI_StatusMatchCallback  stm32f7xx_hal_qspi.o
    0x0800179c   0x0800179c   0x00000002   Code   RO          506    .text.HAL_QSPI_TimeOutCallback  stm32f7xx_hal_qspi.o
    0x0800179e   0x0800179e   0x000000ba   Code   RO          514    .text.HAL_QSPI_Transmit  stm32f7xx_hal_qspi.o
    0x08001858   0x08001858   0x00000002   Code   RO          492    .text.HAL_QSPI_TxCpltCallback  stm32f7xx_hal_qspi.o
    0x0800185a   0x0800185a   0x00000002   PAD
    0x0800185c   0x0800185c   0x00000118   Code   RO          342    .text.HAL_RCC_ClockConfig  stm32f7xx_hal_rcc.o
    0x08001974   0x08001974   0x00000058   Code   RO          338    .text.HAL_RCC_DeInit  stm32f7xx_hal_rcc.o
    0x080019cc   0x080019cc   0x00000050   Code   RO          344    .text.HAL_RCC_GetSysClockFreq  stm32f7xx_hal_rcc.o
    0x08001a1c   0x08001a1c   0x000002f8   Code   RO          340    .text.HAL_RCC_OscConfig  stm32f7xx_hal_rcc.o
    0x08001d14   0x08001d14   0x00000028   Code   RO          139    .text.HAL_SYSTICK_Config  stm32f7xx_hal_cortex.o
    0x08001d3c   0x08001d3c   0x00000004   Code   RO          589    .text.HardFault_Handler  stm32f7xx_it.o
    0x08001d40   0x08001d40   0x0000002e   Code   RO          653    .text.IsNewFwUpdate  common.o
    0x08001d6e   0x08001d6e   0x00000002   PAD
    0x08001d70   0x08001d70   0x00000028   Code   RO          696    .text.MX_CRC_DeInit  main.o
    0x08001d98   0x08001d98   0x00000040   Code   RO          686    .text.MX_CRC_Init   main.o
    0x08001dd8   0x08001dd8   0x0000002c   Code   RO          684    .text.MX_IWDG_Init  main.o
    0x08001e04   0x08001e04   0x00000100   Code   RO           18    .text.MX_QSPI_Init  stm32746g_qspi.o
    0x08001f04   0x08001f04   0x00000004   Code   RO          591    .text.MemManage_Handler  stm32f7xx_it.o
    0x08001f08   0x08001f08   0x00000002   Code   RO          587    .text.NMI_Handler   stm32f7xx_it.o
    0x08001f0a   0x08001f0a   0x00000074   Code   RO           40    .text.QSPI2FLASH_Copy  stm32746g_qspi.o
    0x08001f7e   0x08001f7e   0x00000002   PAD
    0x08001f80   0x08001f80   0x00000008   Code   RO          601    .text.QUADSPI_IRQHandler  stm32f7xx_it.o
    0x08001f88   0x08001f88   0x0000000a   Code   RO          647    .text.ResetFwInfo   common.o
    0x08001f92   0x08001f92   0x00000004   Code   RO          599    .text.SysTick_Handler  stm32f7xx_it.o
    0x08001f96   0x08001f96   0x00000004   Code   RO          595    .text.UsageFault_Handler  stm32f7xx_it.o
    0x08001f9a   0x08001f9a   0x00000002   Code   RO          742    i.__scatterload_null  mc_w.l(handlers.o)
    0x08001f9c   0x08001f9c   0x00000054   Code   RO           22    .text.QSPI_AutoPollMemRdy  stm32746g_qspi.o
    0x08001ff0   0x08001ff0   0x00000010   Code   RO          688    .text.Restart       main.o
    0x08002000   0x08002000   0x00000004   Data   RO          665    .ARM.__at_0x08002000  common.o
    0x08002004   0x08002004   0x00000004   Data   RO          666    .ARM.__at_0x08002004  common.o
    0x08002008   0x08002008   0x00000004   Data   RO          667    .ARM.__at_0x08002008  common.o
    0x0800200c   0x0800200c   0x00000004   Data   RO          668    .ARM.__at_0x0800200C  common.o
    0x08002010   0x08002010   0x0000015a   Code   RO          510    .text.QSPI_Config   stm32f7xx_hal_qspi.o
    0x0800216a   0x0800216a   0x00000032   Code   RO          504    .text.QSPI_DMAAbortCplt  stm32f7xx_hal_qspi.o
    0x0800219c   0x0800219c   0x00000090   Code   RO           30    .text.QSPI_Erase    stm32746g_qspi.o
    0x0800222c   0x0800222c   0x00000004   Code   RO          747    Veneer$$LitPool     anon$$obj.o
    0x08002230   0x08002230   0x000000dc   Code   RO           34    .text.QSPI_MemMapMode  stm32746g_qspi.o
    0x0800230c   0x0800230c   0x00000052   Code   RO          484    .text.QSPI_WaitFlagStateUntilTimeout  stm32f7xx_hal_qspi.o
    0x0800235e   0x0800235e   0x000000ae   Code   RO           26    .text.QSPI_Write    stm32746g_qspi.o
    0x0800240c   0x0800240c   0x00000074   Code   RO           50    .text.QSPI_WriteEnable  stm32746g_qspi.o
    0x08002480   0x08002480   0x00000074   Code   RO           28    .text.QSPI_WritePage  stm32746g_qspi.o
    0x080024f4   0x080024f4   0x00000034   Code   RO          690    .text.RunApplication  main.o
    0x08002528   0x08002528   0x0000005c   Code   RO          682    .text.SystemClock_Config  main.o
    0x08002584   0x08002584   0x0000004c   Code   RO            2    .text.SystemInit    system_stm32f7xx.o
    0x080025d0   0x080025d0   0x00000024   Code   RO          129    .text.__NVIC_SetPriority  stm32f7xx_hal_cortex.o
    0x080025f4   0x080025f4   0x00000024   Code   RO          694    .text.__NVIC_SystemReset  main.o
    0x08002618   0x08002618   0x000000ec   Code   RO          678    .text.main          main.o
    0x08002704   0x08002704   0x0000000e   Code   RO          741    i.__scatterload_copy  mc_w.l(handlers.o)
    0x08002712   0x08002712   0x0000000e   Code   RO          743    i.__scatterload_zeroinit  mc_w.l(handlers.o)
    0x08002720   0x08002720   0x00000010   Data   RO            7    .rodata.AHBPrescTable  system_stm32f7xx.o
    0x08002730   0x08002730   0x00000020   Data   RO          740    Region$$Table       anon$$obj.o


    Execution Region RW_IRAM1 (Exec base: 0x20000000, Load base: 0x08002750, Size: 0x000021a0, Max: 0x00050000, ABSOLUTE)

    Exec Addr    Load Addr    Size         Type   Attr      Idx    E Section Name        Object

    0x20000000   0x08002750   0x00000004   Data   RW            6    .data.SystemCoreClock  system_stm32f7xx.o
    0x20000004   0x08002754   0x00000004   PAD
    0x20000008        -       0x00000054   Zero   RW           53    .bss..L_MergedGlobals  stm32746g_qspi.o
    0x2000005c        -       0x00000050   Zero   RW          703    .bss..L_MergedGlobals  main.o
    0x200000ac        -       0x00000060   Zero   RW           52    .bss.HAL_QSPI_MspDeInit.hdma  stm32746g_qspi.o
    0x2000010c        -       0x00000004   Zero   RW          700    .bss.RunApplication.StartApplication  main.o
    0x20000110        -       0x00000024   Zero   RW          699    .bss.hcrc           main.o
    0x20000134        -       0x0000004c   Zero   RW          698    .bss.hqspi          main.o
    0x20000180        -       0x0000001c   Zero   RW          245    .bss.pFlash         stm32f7xx_hal_flash.o
    0x2000019c        -       0x00000004   Zero   RW          115    .bss.uwTick         stm32f7xx_hal.o
    0x200001a0        -       0x00002000   Zero   RW          577    STACK               startup_stm32f746xx.o


==============================================================================

Image component sizes


      Code (inc. data)   RO Data    RW Data    ZI Data      Debug   Object Name

       224          4         16          0          0       8723   common.o
       860         60          0          0        196      10025   main.o
        36          8        456          0       8192        864   startup_stm32f746xx.o
      1926         80          0          0        180      14448   stm32746g_qspi.o
       148         16          0          0          4       7284   stm32f7xx_hal.o
       228         32          0          0          0      11016   stm32f7xx_hal_cortex.o
       482          4          0          0          0       4877   stm32f7xx_hal_crc.o
        78          0          0          0          0       2582   stm32f7xx_hal_crc_ex.o
       304          8          0          0          0       8572   stm32f7xx_hal_dma.o
       512         36          0          0         28       5304   stm32f7xx_hal_flash.o
       236          0          0          0          0       5553   stm32f7xx_hal_flash_ex.o
       600         24          0          0          0       5053   stm32f7xx_hal_gpio.o
        92          0          0          0          0       1756   stm32f7xx_hal_iwdg.o
       108          8          0          0          0       5755   stm32f7xx_hal_pwr_ex.o
      2190         12          0          0          0      15848   stm32f7xx_hal_qspi.o
      1208         44          0          0          0       7064   stm32f7xx_hal_rcc.o
        32          0          0          0          0        958   stm32f7xx_it.o
        76         16         16          4          0       3373   system_stm32f7xx.o

    ----------------------------------------------------------------------
      9358        356        520          4       8604     119055   Object Totals
         4          4         32          0          0          0   (incl. Generated)
        14          0          0          0          4          0   (incl. Padding)

    ----------------------------------------------------------------------

      Code (inc. data)   RO Data    RW Data    ZI Data      Debug   Library Member Name

         0          0          0          0          0          0   entry.o
         0          0          0          0          0          0   entry10a.o
         0          0          0          0          0          0   entry11a.o
         8          4          0          0          0          0   entry2.o
         4          0          0          0          0          0   entry5.o
         0          0          0          0          0          0   entry7b.o
         0          0          0          0          0          0   entry8b.o
         8          4          0          0          0          0   entry9a.o
        30          0          0          0          0          0   handlers.o
        36          8          0          0          0         68   init.o
        26          0          0          0          0         80   memcmp.o
        36          0          0          0          0         68   memcpya.o
        36          0          0          0          0        108   memseta.o

    ----------------------------------------------------------------------
       186         16          0          0          0        324   Library Totals
         2          0          0          0          0          0   (incl. Padding)

    ----------------------------------------------------------------------

      Code (inc. data)   RO Data    RW Data    ZI Data      Debug   Library Name

       184         16          0          0          0        324   mc_w.l

    ----------------------------------------------------------------------
       186         16          0          0          0        324   Library Totals

    ----------------------------------------------------------------------

==============================================================================


      Code (inc. data)   RO Data    RW Data    ZI Data      Debug   

      9544        372        520          4       8604     119223   Grand Totals
      9544        372        520          4       8604     119223   ELF Image Totals
      9544        372        520          4          0          0   ROM Totals

==============================================================================

    Total RO  Size (Code + RO Data)                10064 (   9.83kB)
    Total RW  Size (RW Data + ZI Data)              8608 (   8.41kB)
    Total ROM Size (Code + RO Data + RW Data)      10068 (   9.83kB)

==============================================================================

