<html>
<body>
<pre>
<h1>µVision Build Log</h1>
<h2>Tool Versions:</h2>
IDE-Version: µVision V5.29.0.0
Copyright (C) 2019 ARM Ltd and ARM Germany GmbH. All rights reserved.
License Information: no_name no_last_name, no_company, LIC=7YKY8-38F3U-06HQU-SNXKD-GZ9PP-2ZWZI
 
Tool Versions:
Toolchain:       MDK-ARM Professional  Version: 5.29.0.0
Toolchain Path:  C:\Keil\ARM\ARMCLANG\Bin
C Compiler:      ArmClang.exe V6.13.1
Assembler:       Armasm.exe V6.13.1
Linker/Locator:  ArmLink.exe V6.13.1
Library Manager: ArmAr.exe V6.13.1
Hex Converter:   FromElf.exe V6.13.1
CPU DLL:         SARMCM3.DLL V5.29.0.0
Dialog DLL:      DCM.DLL V1.17.3.0
Target DLL:      STLink\ST-LINKIII-KEIL_SWO.dll V3.0.7.0
Dialog DLL:      TCM.DLL V1.36.5.0
 
<h2>Project:</h2>
H:\ProjektiOtvoreni\KuceOdDzevadova\fw\IC1\MDK-ARM\IC.uvprojx
Project File Date:  03/06/2021

<h2>Output:</h2>
*** Using Compiler 'V6.13.1', folder: 'C:\Keil\ARM\ARMCLANG\Bin'
Rebuild target 'IC'
Before Build - User command #1: Run\fwbuild.bat
H:\ProjektiOtvoreni\KuceOdDzevadova\fw\IC1\MDK-ARM>for /F "tokens=1,2,3,4 delims=/ " %a in ("sub 06. 03. 2021.") do set wday=%a  & set day=%b  & set month=%c  & set year=%d 
H:\ProjektiOtvoreni\KuceOdDzevadova\fw\IC1\MDK-ARM>set wday=sub  & set day=06.  & set month=03.  & set year=2021. 
H:\ProjektiOtvoreni\KuceOdDzevadova\fw\IC1\MDK-ARM>for /F "tokens=1,2,3 delims=:" %a in ("16:49:50,51") do set hour=%a  & set minute=%b  & set seconds=%c 
H:\ProjektiOtvoreni\KuceOdDzevadova\fw\IC1\MDK-ARM>set hour=16  & set minute=49  & set seconds=50,51 
H:\ProjektiOtvoreni\KuceOdDzevadova\fw\IC1\MDK-ARM>(
echo #define FW_DATE                                	0x00210306  
 echo #define FW_TIME                        			0x00164950  
) 1>"..\..\Common\fwbuild.h" 
H:\ProjektiOtvoreni\KuceOdDzevadova\fw\IC1\MDK-ARM>cscript ..\..\Common\fwbuild.vbs 
Microsoft (R) Windows Script Host Version 5.812
Copyright (C) Microsoft Corporation. All rights reserved.
H:\ProjektiOtvoreni\KuceOdDzevadova\fw\IC1\MDK-ARM>..\..\Common\incbild.exe "..\..\Common\common.h" 
compiling Home.c...
compiling SijalicicaOn.c...
compiling Sijalicica.c...
compiling SijalicicaOff.c...
compiling Sijalica.c...
compiling SijalicaOff.c...
compiling SijalicaOn.c...
compiling Termometar.c...
compiling clear_sky.c...
compiling mist.c...
compiling rain.c...
compiling scattered_clouds.c...
compiling few_clouds.c...
compiling shower_rain.c...
compiling snow.c...
compiling ft5336.c...
compiling thunderstorm.c...
compiling stm32746g_ts.c...
compiling system_stm32f7xx.c...
compiling stm32746g.c...
compiling stm32746g_sdram.c...
compiling stm32746g_qspi.c...
compiling stm32f7xx_hal.c...
compiling stm32746g_eeprom.c...
compiling stm32f7xx_hal_adc_ex.c...
compiling stm32f7xx_hal_cortex.c...
compiling stm32f7xx_hal_adc.c...
compiling stm32f7xx_hal_dsi.c...
compiling stm32f7xx_hal_dma.c...
compiling stm32f7xx_hal_flash.c...
compiling stm32f7xx_hal_flash_ex.c...
compiling stm32f7xx_hal_i2c_ex.c...
compiling stm32f7xx_hal_gpio.c...
compiling stm32f7xx_hal_ltdc_ex.c...
compiling stm32f7xx_hal_pwr.c...
compiling stm32f7xx_hal_ltdc.c...
compiling stm32f7xx_hal_pwr_ex.c...
compiling stm32f7xx_hal_rcc.c...
compiling stm32f7xx_hal_i2c.c...
compiling stm32f7xx_hal_rcc_ex.c...
compiling stm32f7xx_hal_rtc.c...
compiling stm32f7xx_hal_sdram.c...
compiling stm32f7xx_hal_rtc_ex.c...
compiling stm32f7xx_hal_tim_ex.c...
compiling stm32f7xx_hal_uart.c...
compiling stm32f7xx_hal_dma2d.c...
compiling stm32f7xx_ll_fmc.c...
compiling stm32f7xx_hal_crc.c...
compiling stm32f7xx_hal_tim.c...
compiling stm32f7xx_hal_usart.c...
compiling stm32f7xx_hal_crc_ex.c...
compiling stm32f7xx_hal_i2s.c...
compiling stm32f7xx_hal_sai.c...
compiling stm32f7xx_hal_iwdg.c...
compiling GUIConf.c...
compiling stm32f7xx_hal_qspi.c...
compiling GUI_X.c...
compiling compress.c...
compiling adler32.c...
compiling crc32.c...
compiling LCDConf.c...
compiling IMAGE_PNG.c...
compiling stm32f7xx_hal_spi.c...
compiling GUI_PNG.c...
compiling inffast.c...
compiling inftrees.c...
compiling infback.c...
compiling pngerror.c...
compiling pngmem.c...
compiling deflate.c...
compiling pngget.c...
compiling pngrio.c...
compiling pngpread.c...
compiling png.c...
compiling pngwio.c...
compiling pngtrans.c...
compiling pngwrite.c...
compiling pngset.c...
compiling pngwtran.c...
compiling pngread.c...
compiling pngwutil.c...
compiling uncompr.c...
assembling startup_stm32f746xx.s...
compiling zutil.c...
compiling pngrutil.c...
assembling incl_gui_bmp.s...
compiling trees.c...
compiling stm32f7xx_it.c...
compiling thermostat.c...
compiling inflate.c...
compiling common.c...
compiling TinyFrame.c...
compiling pngrtran.c...
compiling rs485.c...
compiling display.c...
compiling main.c...
linking...
Program Size: Code=127056 RO-data=623172 RW-data=2099060 ZI-data=159700  
FromELF: creating hex file...
After Build - User command #1: C:\Keil\ARM\ARMCC\bin\fromelf.exe --bin --output=Out Exe\ic.axf
After Build - User command #2: Run\ic.bat
".\Exe\ic.axf" - 0 Error(s), 0 Warning(s).

<h2>Software Packages used:</h2>

Package Vendor: ARM
                http://www.keil.com/pack/ARM.CMSIS.5.7.0.pack
                ARM.CMSIS.5.7.0
                CMSIS (Cortex Microcontroller Software Interface Standard)
   * Component: CORE Version: 5.4.0

Package Vendor: Keil
                http://www.keil.com/pack/Keil.STM32F7xx_DFP.2.13.0.pack
                Keil.STM32F7xx_DFP.2.13.0
                STMicroelectronics STM32F7 Series Device Support, Drivers and Examples

<h2>Collection of Component include folders:</h2>
  .\RTE\_IC
  H:\Repository\Packs\ARM\CMSIS\5.7.0\CMSIS\Core\Include
  H:\Repository\Packs\Keil\STM32F7xx_DFP\2.13.0\Drivers\CMSIS\Device\ST\STM32F7xx\Include

<h2>Collection of Component Files used:</h2>

   * Component: ARM::CMSIS:CORE:5.4.0
Build Time Elapsed:  00:00:21
</pre>
</body>
</html>
