<!doctype html public "-//w3c//dtd html 4.0 transitional//en">
<html><head>
<title>Static Call Graph - [.\Exe\ic.axf]</title></head>
<body><HR>
<H1>Static Call Graph for image .\Exe\ic.axf</H1><HR>
<BR><P>#&#060CALLGRAPH&#062# ARM Linker, 6130100: Last Updated: Sat Mar  6 16:50:08 2021
<BR><P>
<H3>Maximum Stack Usage =       1072 bytes + Unknown(Cycles, Untraceable Function Pointers)</H3><H3>
Call chain for Maximum Stack Depth:</H3>
main &rArr; RS485_Service &rArr; PresentSystem &rArr; GUI_Exec &rArr; GUI_Exec1 &rArr; WM_Exec &rArr; _Exec1Draw &rArr; _DrawNext &rArr; WM__Paint &rArr; GUI_MEMDEV_Draw &rArr; GUI_MEMDEV_CopyToLCD &rArr; GUI_MEMDEV_CopyToLCDAt &rArr; GUI_MEMDEV__WriteToActiveOpaque &rArr; _WriteToActiveOpaque_8 &rArr; GUI_ALLOC_AllocNoInit &rArr; _Alloc &rArr; _InitOnce &rArr; _EnlargeBlocks &rArr;  _Alloc (Cycle)
<P>
<H3>
Mutually Recursive functions
</H3> <LI><a href="#[36]">SVC_Handler</a>&nbsp;&nbsp;&nbsp;&rArr;&nbsp;&nbsp;&nbsp;<a href="#[36]">SVC_Handler</a><BR>
 <LI><a href="#[38]">PendSV_Handler</a>&nbsp;&nbsp;&nbsp;&rArr;&nbsp;&nbsp;&nbsp;<a href="#[38]">PendSV_Handler</a><BR>
 <LI><a href="#[4c]">ADC_IRQHandler</a>&nbsp;&nbsp;&nbsp;&rArr;&nbsp;&nbsp;&nbsp;<a href="#[4c]">ADC_IRQHandler</a><BR>
 <LI><a href="#[4cf]">WM__InvalidateRect</a>&nbsp;&nbsp;&nbsp;&rArr;&nbsp;&nbsp;&nbsp;<a href="#[4cf]">WM__InvalidateRect</a><BR>
 <LI><a href="#[4b3]">WM_InvalidateWindowAndDescsEx</a>&nbsp;&nbsp;&nbsp;&rArr;&nbsp;&nbsp;&nbsp;<a href="#[4b3]">WM_InvalidateWindowAndDescsEx</a><BR>
 <LI><a href="#[4ad]">WM__InvalidateDrawAndDescs</a>&nbsp;&nbsp;&nbsp;&rArr;&nbsp;&nbsp;&nbsp;<a href="#[4ad]">WM__InvalidateDrawAndDescs</a><BR>
 <LI><a href="#[492]">WM_SendToParent</a>&nbsp;&nbsp;&nbsp;&rArr;&nbsp;&nbsp;&nbsp;<a href="#[430]">WM__SendMessage</a><BR>
 <LI><a href="#[496]">_DeleteAllChildren</a>&nbsp;&nbsp;&nbsp;&rArr;&nbsp;&nbsp;&nbsp;<a href="#[a9]">WM_DeleteWindow</a><BR>
 <LI><a href="#[519]">_EnlargeBlocks</a>&nbsp;&nbsp;&nbsp;&rArr;&nbsp;&nbsp;&nbsp;<a href="#[35c]">_Alloc</a><BR>
 <LI><a href="#[51e]">_Findy1</a>&nbsp;&nbsp;&nbsp;&rArr;&nbsp;&nbsp;&nbsp;<a href="#[51e]">_Findy1</a><BR>
 <LI><a href="#[520]">_Findx1</a>&nbsp;&nbsp;&nbsp;&rArr;&nbsp;&nbsp;&nbsp;<a href="#[520]">_Findx1</a><BR>
 <LI><a href="#[51f]">_Findx0</a>&nbsp;&nbsp;&nbsp;&rArr;&nbsp;&nbsp;&nbsp;<a href="#[51f]">_Findx0</a><BR>
 <LI><a href="#[4d5]">_PaintTransChildren</a>&nbsp;&nbsp;&nbsp;&rArr;&nbsp;&nbsp;&nbsp;<a href="#[4d5]">_PaintTransChildren</a><BR>
 <LI><a href="#[47c]">WM__UpdateChildPositions</a>&nbsp;&nbsp;&nbsp;&rArr;&nbsp;&nbsp;&nbsp;<a href="#[4ba]">WM_ResizeWindow</a><BR>
 <LI><a href="#[4d1]">_MoveDescendents</a>&nbsp;&nbsp;&nbsp;&rArr;&nbsp;&nbsp;&nbsp;<a href="#[4d1]">_MoveDescendents</a><BR>
 <LI><a href="#[49b]">WM__ForEachDesc</a>&nbsp;&nbsp;&nbsp;&rArr;&nbsp;&nbsp;&nbsp;<a href="#[49b]">WM__ForEachDesc</a><BR>
 <LI><a href="#[49e]">_GetDialogItem</a>&nbsp;&nbsp;&nbsp;&rArr;&nbsp;&nbsp;&nbsp;<a href="#[49e]">_GetDialogItem</a><BR>
 <LI><a href="#[4b2]">WM_InvalidateWindowAndDescs</a>&nbsp;&nbsp;&nbsp;&rArr;&nbsp;&nbsp;&nbsp;<a href="#[4b2]">WM_InvalidateWindowAndDescs</a><BR>
 <LI><a href="#[538]">_Screen2hWin</a>&nbsp;&nbsp;&nbsp;&rArr;&nbsp;&nbsp;&nbsp;<a href="#[538]">_Screen2hWin</a><BR>
 <LI><a href="#[d0]">_InvertAlpha</a>&nbsp;&nbsp;&nbsp;&rArr;&nbsp;&nbsp;&nbsp;<a href="#[d0]">_InvertAlpha</a><BR>
</UL>
<P>
<H3>
Function Pointers
</H3><UL>
 <LI><a href="#[4c]">ADC_IRQHandler</a> from startup_stm32f746xx.o(.text) referenced from startup_stm32f746xx.o(RESET)
 <LI><a href="#[d4]">BUTTON_Callback</a> from button.o(i.BUTTON_Callback) referenced from button.o(i.BUTTON_CreateUser)
 <LI><a href="#[c]">BUTTON_DrawSkinFlex</a> from button_skinflex.o(i.BUTTON_DrawSkinFlex) referenced 2 times from button.o(.data)
 <LI><a href="#[ad]">Bcd2Dec</a> from common.o(.text.Bcd2Dec) referenced from display.o(.text.DISP_Service)
 <LI><a href="#[34]">BusFault_Handler</a> from stm32f7xx_it.o(.text.BusFault_Handler) referenced from startup_stm32f746xx.o(RESET)
 <LI><a href="#[4e]">CAN1_RX0_IRQHandler</a> from startup_stm32f746xx.o(.text) referenced from startup_stm32f746xx.o(RESET)
 <LI><a href="#[4f]">CAN1_RX1_IRQHandler</a> from startup_stm32f746xx.o(.text) referenced from startup_stm32f746xx.o(RESET)
 <LI><a href="#[50]">CAN1_SCE_IRQHandler</a> from startup_stm32f746xx.o(.text) referenced from startup_stm32f746xx.o(RESET)
 <LI><a href="#[4d]">CAN1_TX_IRQHandler</a> from startup_stm32f746xx.o(.text) referenced from startup_stm32f746xx.o(RESET)
 <LI><a href="#[7a]">CAN2_RX0_IRQHandler</a> from startup_stm32f746xx.o(.text) referenced from startup_stm32f746xx.o(RESET)
 <LI><a href="#[7b]">CAN2_RX1_IRQHandler</a> from startup_stm32f746xx.o(.text) referenced from startup_stm32f746xx.o(RESET)
 <LI><a href="#[7c]">CAN2_SCE_IRQHandler</a> from startup_stm32f746xx.o(.text) referenced from startup_stm32f746xx.o(RESET)
 <LI><a href="#[79]">CAN2_TX_IRQHandler</a> from startup_stm32f746xx.o(.text) referenced from startup_stm32f746xx.o(RESET)
 <LI><a href="#[97]">CEC_IRQHandler</a> from startup_stm32f746xx.o(.text) referenced from startup_stm32f746xx.o(RESET)
 <LI><a href="#[d5]">CHECKBOX_Callback</a> from checkbox.o(i.CHECKBOX_Callback) referenced from checkbox.o(i.CHECKBOX_CreateUser)
 <LI><a href="#[e]">CHECKBOX_DrawSkinFlex</a> from checkbox_skinflex.o(i.CHECKBOX_DrawSkinFlex) referenced 2 times from checkbox.o(.data)
 <LI><a href="#[d]">CHECKBOX__GetButtonSize</a> from checkbox.o(i.CHECKBOX__GetButtonSize) referenced 2 times from checkbox.o(.data)
 <LI><a href="#[88]">DCMI_IRQHandler</a> from startup_stm32f746xx.o(.text) referenced from startup_stm32f746xx.o(RESET)
 <LI><a href="#[45]">DMA1_Stream0_IRQHandler</a> from startup_stm32f746xx.o(.text) referenced from startup_stm32f746xx.o(RESET)
 <LI><a href="#[46]">DMA1_Stream1_IRQHandler</a> from startup_stm32f746xx.o(.text) referenced from startup_stm32f746xx.o(RESET)
 <LI><a href="#[47]">DMA1_Stream2_IRQHandler</a> from startup_stm32f746xx.o(.text) referenced from startup_stm32f746xx.o(RESET)
 <LI><a href="#[48]">DMA1_Stream3_IRQHandler</a> from startup_stm32f746xx.o(.text) referenced from startup_stm32f746xx.o(RESET)
 <LI><a href="#[49]">DMA1_Stream4_IRQHandler</a> from startup_stm32f746xx.o(.text) referenced from startup_stm32f746xx.o(RESET)
 <LI><a href="#[4a]">DMA1_Stream5_IRQHandler</a> from startup_stm32f746xx.o(.text) referenced from startup_stm32f746xx.o(RESET)
 <LI><a href="#[4b]">DMA1_Stream6_IRQHandler</a> from startup_stm32f746xx.o(.text) referenced from startup_stm32f746xx.o(RESET)
 <LI><a href="#[69]">DMA1_Stream7_IRQHandler</a> from startup_stm32f746xx.o(.text) referenced from startup_stm32f746xx.o(RESET)
 <LI><a href="#[93]">DMA2D_IRQHandler</a> from stm32f7xx_it.o(.text.DMA2D_IRQHandler) referenced from startup_stm32f746xx.o(RESET)
 <LI><a href="#[72]">DMA2_Stream0_IRQHandler</a> from startup_stm32f746xx.o(.text) referenced from startup_stm32f746xx.o(RESET)
 <LI><a href="#[73]">DMA2_Stream1_IRQHandler</a> from startup_stm32f746xx.o(.text) referenced from startup_stm32f746xx.o(RESET)
 <LI><a href="#[74]">DMA2_Stream2_IRQHandler</a> from startup_stm32f746xx.o(.text) referenced from startup_stm32f746xx.o(RESET)
 <LI><a href="#[75]">DMA2_Stream3_IRQHandler</a> from startup_stm32f746xx.o(.text) referenced from startup_stm32f746xx.o(RESET)
 <LI><a href="#[76]">DMA2_Stream4_IRQHandler</a> from startup_stm32f746xx.o(.text) referenced from startup_stm32f746xx.o(RESET)
 <LI><a href="#[7e]">DMA2_Stream5_IRQHandler</a> from startup_stm32f746xx.o(.text) referenced from startup_stm32f746xx.o(RESET)
 <LI><a href="#[7f]">DMA2_Stream6_IRQHandler</a> from startup_stm32f746xx.o(.text) referenced from startup_stm32f746xx.o(RESET)
 <LI><a href="#[80]">DMA2_Stream7_IRQHandler</a> from startup_stm32f746xx.o(.text) referenced from startup_stm32f746xx.o(RESET)
 <LI><a href="#[d6]">DROPDOWN_Callback</a> from dropdown.o(i.DROPDOWN_Callback) referenced from dropdown.o(i.DROPDOWN_CreateUser)
 <LI><a href="#[f]">DROPDOWN_DrawSkinFlex</a> from dropdown_skinflex.o(i.DROPDOWN_DrawSkinFlex) referenced 2 times from dropdown.o(.data)
 <LI><a href="#[37]">DebugMon_Handler</a> from stm32f7xx_it.o(.text.DebugMon_Handler) referenced from startup_stm32f746xx.o(RESET)
 <LI><a href="#[d7]">EDIT_Callback</a> from edit.o(i.EDIT_Callback) referenced from edit.o(i.EDIT_CreateUser)
 <LI><a href="#[77]">ETH_IRQHandler</a> from startup_stm32f746xx.o(.text) referenced from startup_stm32f746xx.o(RESET)
 <LI><a href="#[78]">ETH_WKUP_IRQHandler</a> from startup_stm32f746xx.o(.text) referenced from startup_stm32f746xx.o(RESET)
 <LI><a href="#[40]">EXTI0_IRQHandler</a> from startup_stm32f746xx.o(.text) referenced from startup_stm32f746xx.o(RESET)
 <LI><a href="#[62]">EXTI15_10_IRQHandler</a> from startup_stm32f746xx.o(.text) referenced from startup_stm32f746xx.o(RESET)
 <LI><a href="#[41]">EXTI1_IRQHandler</a> from startup_stm32f746xx.o(.text) referenced from startup_stm32f746xx.o(RESET)
 <LI><a href="#[42]">EXTI2_IRQHandler</a> from startup_stm32f746xx.o(.text) referenced from startup_stm32f746xx.o(RESET)
 <LI><a href="#[43]">EXTI3_IRQHandler</a> from startup_stm32f746xx.o(.text) referenced from startup_stm32f746xx.o(RESET)
 <LI><a href="#[44]">EXTI4_IRQHandler</a> from startup_stm32f746xx.o(.text) referenced from startup_stm32f746xx.o(RESET)
 <LI><a href="#[51]">EXTI9_5_IRQHandler</a> from startup_stm32f746xx.o(.text) referenced from startup_stm32f746xx.o(RESET)
 <LI><a href="#[3e]">FLASH_IRQHandler</a> from startup_stm32f746xx.o(.text) referenced from startup_stm32f746xx.o(RESET)
 <LI><a href="#[6a]">FMC_IRQHandler</a> from startup_stm32f746xx.o(.text) referenced from startup_stm32f746xx.o(RESET)
 <LI><a href="#[8a]">FPU_IRQHandler</a> from startup_stm32f746xx.o(.text) referenced from startup_stm32f746xx.o(RESET)
 <LI><a href="#[aa]">FWREQ_Listener</a> from rs485.o(.text.FWREQ_Listener) referenced from rs485.o(.text.GEN_Listener)
 <LI><a href="#[cc]">GEN_Listener</a> from rs485.o(.text.GEN_Listener) referenced from rs485.o(.text.RS485_Init)
 <LI><a href="#[15e]">GUIMONO_DispChar</a> from gui_charm.o(i.GUIMONO_DispChar) referenced from f6x8.o(.constdata)
 <LI><a href="#[15f]">GUIMONO_GetCharDistX</a> from gui_charm.o(i.GUIMONO_GetCharDistX) referenced from f6x8.o(.constdata)
 <LI><a href="#[160]">GUIMONO_GetFontInfo</a> from gui_charm.o(i.GUIMONO_GetFontInfo) referenced from f6x8.o(.constdata)
 <LI><a href="#[161]">GUIMONO_IsInFont</a> from gui_charm.o(i.GUIMONO_IsInFont) referenced from f6x8.o(.constdata)
 <LI><a href="#[14d]">GUIPROP_DispChar</a> from gui_charp.o(i.GUIPROP_DispChar) referenced 8 times from f13_1.o(.constdata)
 <LI><a href="#[14e]">GUIPROP_GetCharDistX</a> from gui_charp.o(i.GUIPROP_GetCharDistX) referenced 8 times from f13_1.o(.constdata)
 <LI><a href="#[14f]">GUIPROP_GetFontInfo</a> from gui_charp.o(i.GUIPROP_GetFontInfo) referenced 8 times from f13_1.o(.constdata)
 <LI><a href="#[150]">GUIPROP_IsInFont</a> from gui_charp.o(i.GUIPROP_IsInFont) referenced 8 times from f13_1.o(.constdata)
 <LI><a href="#[da]">GUI_BMP__GetData</a> from gui_bmp.o(i.GUI_BMP__GetData) referenced from gui_bmp.o(i.GUI_BMP_Draw)
 <LI><a href="#[a8]">GUI_DispString</a> from gui_dispstring.o(i.GUI_DispString) referenced 2 times from display.o(.text.DISP_Service)
 <LI><a href="#[a8]">GUI_DispString</a> from gui_dispstring.o(i.GUI_DispString) referenced from display.o(.text.DSP_InitSet1Scrn)
 <LI><a href="#[a8]">GUI_DispString</a> from gui_dispstring.o(i.GUI_DispString) referenced from main.o(.text.PresentSystem)
 <LI><a href="#[ab]">GUI_DrawBitmap</a> from gui_drawbitmap.o(i.GUI_DrawBitmap) referenced from display.o(.text.DISP_Service)
 <LI><a href="#[ec]">GUI_DrawGradientH</a> from gui_drawgradient.o(i.GUI_DrawGradientH) referenced from scrollbar_skinflex.o(i.SCROLLBAR_DrawSkinFlex)
 <LI><a href="#[ef]">GUI_DrawGradientV</a> from gui_drawgradient.o(i.GUI_DrawGradientV) referenced from scrollbar_skinflex.o(i.SCROLLBAR_DrawSkinFlex)
 <LI><a href="#[ae]">GUI_DrawHLine</a> from gui_drawlib.o(i.GUI_DrawHLine) referenced from display.o(.text.DISP_Service)
 <LI><a href="#[a0]">GUI_DrawLine</a> from gui_drawline.o(i.GUI_DrawLine) referenced from display.o(.text.DISPDateTime)
 <LI><a href="#[a0]">GUI_DrawLine</a> from gui_drawline.o(i.GUI_DrawLine) referenced from display.o(.text.DISP_Service)
 <LI><a href="#[a7]">GUI_GotoXY</a> from gui_common.o(i.GUI_GotoXY) referenced 2 times from display.o(.text.DISP_Service)
 <LI><a href="#[a7]">GUI_GotoXY</a> from gui_common.o(i.GUI_GotoXY) referenced from display.o(.text.DSP_InitSet1Scrn)
 <LI><a href="#[a7]">GUI_GotoXY</a> from gui_common.o(i.GUI_GotoXY) referenced from main.o(.text.PresentSystem)
 <LI><a href="#[11e]">GUI_MEMDEV_Paint1Static</a> from guidev_staticdevices.o(i.GUI_MEMDEV_Paint1Static) referenced from wm.o(i._Paint1)
 <LI><a href="#[11d]">GUI_MEMDEV__WriteToActiveAlpha</a> from guidev_writetoactivealpha.o(i.GUI_MEMDEV__WriteToActiveAlpha) referenced from guidev_32.o(i._GetDevFunc)
 <LI><a href="#[11c]">GUI_MEMDEV__WriteToActiveOpaque</a> from guidev_writetoactiveopaque.o(i.GUI_MEMDEV__WriteToActiveOpaque) referenced from guidev_16.o(i._GetDevFunc)
 <LI><a href="#[ca]">GUI_SetTextAlign</a> from gui_common.o(i.GUI_SetTextAlign) referenced from main.o(.text.PresentSystem)
 <LI><a href="#[e0]">GUI_TIMER_Exec</a> from gui_timer.o(i.GUI_TIMER_Exec) referenced from gui_timer.o(i.GUI_TIMER_Create)
 <LI><a href="#[180]">GUI_USAGE_BM_AddHLine</a> from guidev_usagebm.o(i.GUI_USAGE_BM_AddHLine) referenced from guidev_usagebm.o(.constdata)
 <LI><a href="#[17f]">GUI_USAGE_BM_AddPixel</a> from guidev_usagebm.o(i.GUI_USAGE_BM_AddPixel) referenced from guidev_usagebm.o(.constdata)
 <LI><a href="#[181]">GUI_USAGE_BM_Clear</a> from guidev_usagebm.o(i.GUI_USAGE_BM_Clear) referenced from guidev_usagebm.o(.constdata)
 <LI><a href="#[183]">GUI_USAGE_BM_GetNextDirty</a> from guidev_usagebm.o(i.GUI_USAGE_BM_GetNextDirty) referenced from guidev_usagebm.o(.constdata)
 <LI><a href="#[14]">GUI_X_ExecIdle</a> from gui_x.o(.text.GUI_X_ExecIdle) referenced 2 times from gui_waitevent.o(.data)
 <LI><a href="#[0]">GUI__MixColors</a> from gui__alpha.o(i.GUI__MixColors) referenced 2 times from gui__alpha.o(.data)
 <LI><a href="#[1]">GUI__MixColorsBulk</a> from gui__alpha.o(i.GUI__MixColorsBulk) referenced 2 times from gui__alpha.o(.data)
 <LI><a href="#[b0]">HAL_GPIO_DeInit</a> from stm32f7xx_hal_gpio.o(.text.HAL_GPIO_DeInit) referenced from stm32746g_qspi.o(.text.HAL_QSPI_MspDeInit)
 <LI><a href="#[b0]">HAL_GPIO_DeInit</a> from stm32f7xx_hal_gpio.o(.text.HAL_GPIO_DeInit) referenced from main.o(.text.SYSRestart)
 <LI><a href="#[9f]">HAL_GPIO_Init</a> from stm32f7xx_hal_gpio.o(.text.HAL_GPIO_Init) referenced from stm32746g_sdram.o(.text.BSP_SDRAM_MspInit)
 <LI><a href="#[9f]">HAL_GPIO_Init</a> from stm32f7xx_hal_gpio.o(.text.HAL_GPIO_Init) referenced from stm32746g_qspi.o(.text.HAL_QSPI_MspInit)
 <LI><a href="#[9f]">HAL_GPIO_Init</a> from stm32f7xx_hal_gpio.o(.text.HAL_GPIO_Init) referenced from stm32746g.o(.text.I2Cx_Init)
 <LI><a href="#[9f]">HAL_GPIO_Init</a> from stm32f7xx_hal_gpio.o(.text.HAL_GPIO_Init) referenced from main.o(.text.main)
 <LI><a href="#[cf]">HAL_GPIO_WritePin</a> from stm32f7xx_hal_gpio.o(.text.HAL_GPIO_WritePin) referenced from thermostat.o(.text.THSTAT_Service)
 <LI><a href="#[cf]">HAL_GPIO_WritePin</a> from stm32f7xx_hal_gpio.o(.text.HAL_GPIO_WritePin) referenced from main.o(.text.main)
 <LI><a href="#[d2]">HAL_MPU_ConfigRegion</a> from stm32f7xx_hal_cortex.o(.text.HAL_MPU_ConfigRegion) referenced from main.o(.text.main)
 <LI><a href="#[d3]">HAL_RTCEx_BKUPRead</a> from stm32f7xx_hal_rtc_ex.o(.text.HAL_RTCEx_BKUPRead) referenced from main.o(.text.main)
 <LI><a href="#[a1]">HAL_RTCEx_BKUPWrite</a> from stm32f7xx_hal_rtc_ex.o(.text.HAL_RTCEx_BKUPWrite) referenced from display.o(.text.DISPDateTime)
 <LI><a href="#[9e]">HAL_SDRAM_SendCommand</a> from stm32f7xx_hal_sdram.o(.text.HAL_SDRAM_SendCommand) referenced from stm32746g_sdram.o(.text.BSP_SDRAM_Initialization_sequence)
 <LI><a href="#[c9]">HAL_UART_Transmit</a> from stm32f7xx_hal_uart.o(.text.HAL_UART_Transmit) referenced from main.o(.text.PresentSystem)
 <LI><a href="#[32]">HardFault_Handler</a> from stm32f7xx_it.o(.text.HardFault_Handler) referenced from startup_stm32f746xx.o(RESET)
 <LI><a href="#[5a]">I2C1_ER_IRQHandler</a> from startup_stm32f746xx.o(.text) referenced from startup_stm32f746xx.o(RESET)
 <LI><a href="#[59]">I2C1_EV_IRQHandler</a> from startup_stm32f746xx.o(.text) referenced from startup_stm32f746xx.o(RESET)
 <LI><a href="#[5c]">I2C2_ER_IRQHandler</a> from startup_stm32f746xx.o(.text) referenced from startup_stm32f746xx.o(RESET)
 <LI><a href="#[5b]">I2C2_EV_IRQHandler</a> from startup_stm32f746xx.o(.text) referenced from startup_stm32f746xx.o(RESET)
 <LI><a href="#[83]">I2C3_ER_IRQHandler</a> from startup_stm32f746xx.o(.text) referenced from startup_stm32f746xx.o(RESET)
 <LI><a href="#[82]">I2C3_EV_IRQHandler</a> from startup_stm32f746xx.o(.text) referenced from startup_stm32f746xx.o(RESET)
 <LI><a href="#[99]">I2C4_ER_IRQHandler</a> from startup_stm32f746xx.o(.text) referenced from startup_stm32f746xx.o(RESET)
 <LI><a href="#[98]">I2C4_EV_IRQHandler</a> from startup_stm32f746xx.o(.text) referenced from startup_stm32f746xx.o(RESET)
 <LI><a href="#[cd]">ID_Listener</a> from rs485.o(.text.ID_Listener) referenced from rs485.o(.text.RS485_Service)
 <LI><a href="#[15]">LCD_AA_MixColors16</a> from lcd_aa.o(i.LCD_AA_MixColors16) referenced 2 times from lcd_aa.o(.data)
 <LI><a href="#[dc]">LCD_DrawHLine</a> from lcd.o(i.LCD_DrawHLine) referenced from gui_core.o(.constdata)
 <LI><a href="#[dc]">LCD_DrawHLine</a> from lcd.o(i.LCD_DrawHLine) referenced from gui_drawgradient.o(i.GUI_DrawGradientV)
 <LI><a href="#[126]">LCD_DrawPixel</a> from lcd.o(i.LCD_DrawPixel) referenced from gui_core.o(.constdata)
 <LI><a href="#[db]">LCD_DrawVLine</a> from lcd.o(i.LCD_DrawVLine) referenced from gui_drawgradient.o(i.GUI_DrawGradientH)
 <LI><a href="#[9]">LCD_GetpPalConvTableBM</a> from lcd_color.o(i.LCD_GetpPalConvTableBM) referenced 2 times from gui_core.o(.data)
 <LI><a href="#[e4]">LCD_Index2Color_888</a> from guicc_888_index2color.o(i.LCD_Index2Color_888) referenced from gui__alpha.o(i.GUI__DoAlphaBlending)
 <LI><a href="#[e3]">LCD_Index2Color_8888</a> from guicc_8888_index2color.o(i.LCD_Index2Color_8888) referenced 2 times from gui_drawbitmap_8888.o(.constdata)
 <LI><a href="#[e3]">LCD_Index2Color_8888</a> from guicc_8888_index2color.o(i.LCD_Index2Color_8888) referenced from gui__alpha.o(i.GUI__DoAlphaBlending)
 <LI><a href="#[e3]">LCD_Index2Color_8888</a> from guicc_8888_index2color.o(i.LCD_Index2Color_8888) referenced from gui_drawbitmap_8888.o(i._DrawBitmap_8888)
 <LI><a href="#[e3]">LCD_Index2Color_8888</a> from guicc_8888_index2color.o(i.LCD_Index2Color_8888) referenced from guidev_writetoactivealpha.o(i._WriteToActiveAlpha)
 <LI><a href="#[f8]">LCD_Index2Color_M555</a> from guicc_m555_index2color.o(i.LCD_Index2Color_M555) referenced from gui_bmp.o(i._Draw)
 <LI><a href="#[12e]">LCD_Index2Color_M565</a> from guicc_m565.o(i.LCD_Index2Color_M565) referenced from guicc_m565.o(.constdata)
 <LI><a href="#[122]">LCD_Index2Color_M8888I</a> from guicc_m8888i_index2color.o(i.LCD_Index2Color_M8888I) referenced from guicc_m8888i.o(.constdata)
 <LI><a href="#[b4]">LCD_SetDevFunc</a> from lcd_set.o(i.LCD_SetDevFunc) referenced from lcdconf.o(.text.LCD_X_Config)
 <LI><a href="#[e7]">LISTBOX_Callback</a> from listbox.o(i.LISTBOX_Callback) referenced from listbox.o(i.LISTBOX_CreateUser)
 <LI><a href="#[e8]">LISTBOX_OwnerDraw</a> from listbox.o(i.LISTBOX_OwnerDraw) referenced from listbox.o(i.LISTBOX_CreateUser)
 <LI><a href="#[96]">LPTIM1_IRQHandler</a> from startup_stm32f746xx.o(.text) referenced from startup_stm32f746xx.o(RESET)
 <LI><a href="#[92]">LTDC_ER_IRQHandler</a> from startup_stm32f746xx.o(.text) referenced from startup_stm32f746xx.o(RESET)
 <LI><a href="#[91]">LTDC_IRQHandler</a> from stm32f7xx_it.o(.text.LTDC_IRQHandler) referenced from startup_stm32f746xx.o(RESET)
 <LI><a href="#[33]">MemManage_Handler</a> from stm32f7xx_it.o(.text.MemManage_Handler) referenced from startup_stm32f746xx.o(RESET)
 <LI><a href="#[31]">NMI_Handler</a> from stm32f7xx_it.o(.text.NMI_Handler) referenced from startup_stm32f746xx.o(RESET)
 <LI><a href="#[7d]">OTG_FS_IRQHandler</a> from startup_stm32f746xx.o(.text) referenced from startup_stm32f746xx.o(RESET)
 <LI><a href="#[64]">OTG_FS_WKUP_IRQHandler</a> from startup_stm32f746xx.o(.text) referenced from startup_stm32f746xx.o(RESET)
 <LI><a href="#[85]">OTG_HS_EP1_IN_IRQHandler</a> from startup_stm32f746xx.o(.text) referenced from startup_stm32f746xx.o(RESET)
 <LI><a href="#[84]">OTG_HS_EP1_OUT_IRQHandler</a> from startup_stm32f746xx.o(.text) referenced from startup_stm32f746xx.o(RESET)
 <LI><a href="#[87]">OTG_HS_IRQHandler</a> from startup_stm32f746xx.o(.text) referenced from startup_stm32f746xx.o(RESET)
 <LI><a href="#[86]">OTG_HS_WKUP_IRQHandler</a> from startup_stm32f746xx.o(.text) referenced from startup_stm32f746xx.o(RESET)
 <LI><a href="#[a2]">PID_Hook</a> from display.o(.text.PID_Hook) referenced from display.o(.text.DISP_Init)
 <LI><a href="#[3b]">PVD_IRQHandler</a> from startup_stm32f746xx.o(.text) referenced from startup_stm32f746xx.o(RESET)
 <LI><a href="#[38]">PendSV_Handler</a> from startup_stm32f746xx.o(.text) referenced from startup_stm32f746xx.o(RESET)
 <LI><a href="#[af]">QSPI_DMAAbortCplt</a> from stm32f7xx_hal_qspi.o(.text.QSPI_DMAAbortCplt) referenced from stm32f7xx_hal_qspi.o(.text.HAL_QSPI_IRQHandler)
 <LI><a href="#[95]">QUADSPI_IRQHandler</a> from stm32f7xx_it.o(.text.QUADSPI_IRQHandler) referenced from startup_stm32f746xx.o(RESET)
 <LI><a href="#[e9]">RADIO_Callback</a> from radio.o(i.RADIO_Callback) referenced from radio.o(i.RADIO_CreateUser)
 <LI><a href="#[11]">RADIO_DrawSkinFlex</a> from radio_skinflex.o(i.RADIO_DrawSkinFlex) referenced 2 times from radio.o(.data)
 <LI><a href="#[a3]">RADIO_SetText</a> from radio.o(i.RADIO_SetText) referenced from display.o(.text.DSP_InitSet1Scrn)
 <LI><a href="#[10]">RADIO__GetButtonSize</a> from radio.o(i.RADIO__GetButtonSize) referenced 2 times from radio.o(.data)
 <LI><a href="#[3f]">RCC_IRQHandler</a> from startup_stm32f746xx.o(.text) referenced from startup_stm32f746xx.o(RESET)
 <LI><a href="#[89]">RNG_IRQHandler</a> from startup_stm32f746xx.o(.text) referenced from startup_stm32f746xx.o(RESET)
 <LI><a href="#[63]">RTC_Alarm_IRQHandler</a> from startup_stm32f746xx.o(.text) referenced from startup_stm32f746xx.o(RESET)
 <LI><a href="#[b1]">RTC_ByteToBcd2</a> from stm32f7xx_hal_rtc.o(.text.RTC_ByteToBcd2) referenced from stm32f7xx_hal_rtc.o(.text.HAL_RTC_SetTime)
 <LI><a href="#[3d]">RTC_WKUP_IRQHandler</a> from startup_stm32f746xx.o(.text) referenced from startup_stm32f746xx.o(RESET)
 <LI><a href="#[30]">Reset_Handler</a> from startup_stm32f746xx.o(.text) referenced from startup_stm32f746xx.o(RESET)
 <LI><a href="#[90]">SAI1_IRQHandler</a> from startup_stm32f746xx.o(.text) referenced from startup_stm32f746xx.o(RESET)
 <LI><a href="#[94]">SAI2_IRQHandler</a> from startup_stm32f746xx.o(.text) referenced from startup_stm32f746xx.o(RESET)
 <LI><a href="#[ea]">SCROLLBAR_Callback</a> from scrollbar.o(i.SCROLLBAR_Callback) referenced from scrollbar.o(i.SCROLLBAR_CreateUser)
 <LI><a href="#[23]">SCROLLBAR_DrawSkinFlex</a> from scrollbar_skinflex.o(i.SCROLLBAR_DrawSkinFlex) referenced 2 times from scrollbar.o(.data)
 <LI><a href="#[6b]">SDMMC1_IRQHandler</a> from startup_stm32f746xx.o(.text) referenced from startup_stm32f746xx.o(RESET)
 <LI><a href="#[9a]">SPDIF_RX_IRQHandler</a> from startup_stm32f746xx.o(.text) referenced from startup_stm32f746xx.o(RESET)
 <LI><a href="#[5d]">SPI1_IRQHandler</a> from startup_stm32f746xx.o(.text) referenced from startup_stm32f746xx.o(RESET)
 <LI><a href="#[5e]">SPI2_IRQHandler</a> from startup_stm32f746xx.o(.text) referenced from startup_stm32f746xx.o(RESET)
 <LI><a href="#[6d]">SPI3_IRQHandler</a> from startup_stm32f746xx.o(.text) referenced from startup_stm32f746xx.o(RESET)
 <LI><a href="#[8d]">SPI4_IRQHandler</a> from startup_stm32f746xx.o(.text) referenced from startup_stm32f746xx.o(RESET)
 <LI><a href="#[8e]">SPI5_IRQHandler</a> from startup_stm32f746xx.o(.text) referenced from startup_stm32f746xx.o(RESET)
 <LI><a href="#[8f]">SPI6_IRQHandler</a> from startup_stm32f746xx.o(.text) referenced from startup_stm32f746xx.o(RESET)
 <LI><a href="#[f1]">SPINBOX_Callback</a> from spinbox.o(i.SPINBOX_Callback) referenced from spinbox.o(i.SPINBOX_CreateUser)
 <LI><a href="#[a4]">SPINBOX_CreateEx</a> from spinbox.o(i.SPINBOX_CreateEx) referenced 2 times from display.o(.text.DISP_Service)
 <LI><a href="#[a4]">SPINBOX_CreateEx</a> from spinbox.o(i.SPINBOX_CreateEx) referenced from display.o(.text.DSP_InitSet1Scrn)
 <LI><a href="#[12]">SPINBOX_DrawSkinFlex</a> from spinbox_skinflex.o(i.SPINBOX_DrawSkinFlex) referenced 2 times from spinbox.o(.data)
 <LI><a href="#[ac]">SPINBOX_GetValue</a> from spinbox.o(i.SPINBOX_GetValue) referenced from display.o(.text.DISP_Service)
 <LI><a href="#[a5]">SPINBOX_SetEdge</a> from spinbox.o(i.SPINBOX_SetEdge) referenced 2 times from display.o(.text.DISP_Service)
 <LI><a href="#[a5]">SPINBOX_SetEdge</a> from spinbox.o(i.SPINBOX_SetEdge) referenced from display.o(.text.DSP_InitSet1Scrn)
 <LI><a href="#[a6]">SPINBOX_SetValue</a> from spinbox.o(i.SPINBOX_SetValue) referenced 2 times from display.o(.text.DISP_Service)
 <LI><a href="#[a6]">SPINBOX_SetValue</a> from spinbox.o(i.SPINBOX_SetValue) referenced from display.o(.text.DSP_InitSet1Scrn)
 <LI><a href="#[36]">SVC_Handler</a> from startup_stm32f746xx.o(.text) referenced from startup_stm32f746xx.o(RESET)
 <LI><a href="#[39]">SysTick_Handler</a> from stm32f7xx_it.o(.text.SysTick_Handler) referenced from startup_stm32f746xx.o(RESET)
 <LI><a href="#[9c]">SystemInit</a> from system_stm32f7xx.o(.text.SystemInit) referenced from startup_stm32f746xx.o(.text)
 <LI><a href="#[3c]">TAMP_STAMP_IRQHandler</a> from startup_stm32f746xx.o(.text) referenced from startup_stm32f746xx.o(RESET)
 <LI><a href="#[52]">TIM1_BRK_TIM9_IRQHandler</a> from startup_stm32f746xx.o(.text) referenced from startup_stm32f746xx.o(RESET)
 <LI><a href="#[55]">TIM1_CC_IRQHandler</a> from startup_stm32f746xx.o(.text) referenced from startup_stm32f746xx.o(RESET)
 <LI><a href="#[54]">TIM1_TRG_COM_TIM11_IRQHandler</a> from startup_stm32f746xx.o(.text) referenced from startup_stm32f746xx.o(RESET)
 <LI><a href="#[53]">TIM1_UP_TIM10_IRQHandler</a> from startup_stm32f746xx.o(.text) referenced from startup_stm32f746xx.o(RESET)
 <LI><a href="#[56]">TIM2_IRQHandler</a> from startup_stm32f746xx.o(.text) referenced from startup_stm32f746xx.o(RESET)
 <LI><a href="#[57]">TIM3_IRQHandler</a> from startup_stm32f746xx.o(.text) referenced from startup_stm32f746xx.o(RESET)
 <LI><a href="#[58]">TIM4_IRQHandler</a> from startup_stm32f746xx.o(.text) referenced from startup_stm32f746xx.o(RESET)
 <LI><a href="#[6c]">TIM5_IRQHandler</a> from startup_stm32f746xx.o(.text) referenced from startup_stm32f746xx.o(RESET)
 <LI><a href="#[70]">TIM6_DAC_IRQHandler</a> from startup_stm32f746xx.o(.text) referenced from startup_stm32f746xx.o(RESET)
 <LI><a href="#[71]">TIM7_IRQHandler</a> from startup_stm32f746xx.o(.text) referenced from startup_stm32f746xx.o(RESET)
 <LI><a href="#[65]">TIM8_BRK_TIM12_IRQHandler</a> from startup_stm32f746xx.o(.text) referenced from startup_stm32f746xx.o(RESET)
 <LI><a href="#[68]">TIM8_CC_IRQHandler</a> from startup_stm32f746xx.o(.text) referenced from startup_stm32f746xx.o(RESET)
 <LI><a href="#[67]">TIM8_TRG_COM_TIM14_IRQHandler</a> from startup_stm32f746xx.o(.text) referenced from startup_stm32f746xx.o(RESET)
 <LI><a href="#[66]">TIM8_UP_TIM13_IRQHandler</a> from startup_stm32f746xx.o(.text) referenced from startup_stm32f746xx.o(RESET)
 <LI><a href="#[d1]">TS_IO_Read</a> from stm32746g.o(.text.TS_IO_Read) referenced from ft5336.o(.text.ft5336_TS_GetXY)
 <LI><a href="#[6e]">UART4_IRQHandler</a> from startup_stm32f746xx.o(.text) referenced from startup_stm32f746xx.o(RESET)
 <LI><a href="#[6f]">UART5_IRQHandler</a> from startup_stm32f746xx.o(.text) referenced from startup_stm32f746xx.o(RESET)
 <LI><a href="#[8b]">UART7_IRQHandler</a> from startup_stm32f746xx.o(.text) referenced from startup_stm32f746xx.o(RESET)
 <LI><a href="#[8c]">UART8_IRQHandler</a> from startup_stm32f746xx.o(.text) referenced from startup_stm32f746xx.o(RESET)
 <LI><a href="#[b2]">UART_DMAAbortOnError</a> from stm32f7xx_hal_uart.o(.text.UART_DMAAbortOnError) referenced from stm32f7xx_hal_uart.o(.text.HAL_UART_IRQHandler)
 <LI><a href="#[5f]">USART1_IRQHandler</a> from stm32f7xx_it.o(.text.USART1_IRQHandler) referenced from startup_stm32f746xx.o(RESET)
 <LI><a href="#[60]">USART2_IRQHandler</a> from stm32f7xx_it.o(.text.USART2_IRQHandler) referenced from startup_stm32f746xx.o(RESET)
 <LI><a href="#[61]">USART3_IRQHandler</a> from startup_stm32f746xx.o(.text) referenced from startup_stm32f746xx.o(RESET)
 <LI><a href="#[81]">USART6_IRQHandler</a> from startup_stm32f746xx.o(.text) referenced from startup_stm32f746xx.o(RESET)
 <LI><a href="#[35]">UsageFault_Handler</a> from stm32f7xx_it.o(.text.UsageFault_Handler) referenced from startup_stm32f746xx.o(RESET)
 <LI><a href="#[184]">WIDGET_EFFECT_3D_DrawUp</a> from widget_effect_3d.o(i.WIDGET_EFFECT_3D_DrawUp) referenced from widget_effect_3d.o(.constdata)
 <LI><a href="#[a9]">WM_DeleteWindow</a> from wm.o(i.WM_DeleteWindow) referenced from display.o(.text.DSP_KillSet3Scrn)
 <LI><a href="#[df]">WM_HandlePID</a> from wm_touch.o(i.WM_HandlePID) referenced from gui_pid.o(i.GUI_PID_StoreState)
 <LI><a href="#[11f]">WM__Paint1</a> from wm.o(i.WM__Paint1) referenced from wm.o(i._Paint1)
 <LI><a href="#[3a]">WWDG_IRQHandler</a> from startup_stm32f746xx.o(.text) referenced from startup_stm32f746xx.o(RESET)
 <LI><a href="#[d8]">_AddKeyDec</a> from editdec.o(i._AddKeyDec) referenced from editdec.o(i.EDIT_SetDecMode)
 <LI><a href="#[f7]">_CalcPositions</a> from scrollbar_skin.o(i._CalcPositions) referenced from scrollbar_skin.o(i._Create)
 <LI><a href="#[12b]">_CalcSizeOfChar</a> from gui_uc_encodeutf8.o(i._CalcSizeOfChar) referenced 2 times from gui_uc_encodeutf8.o(.constdata)
 <LI><a href="#[130]">_Color2IndexBulk</a> from guicc_m565.o(i._Color2IndexBulk) referenced 2 times from guicc_m565.o(.constdata)
 <LI><a href="#[ba]">_Color2IndexBulk_M1555I_DMA2D</a> from lcdconf.o(.text._Color2IndexBulk_M1555I_DMA2D) referenced from lcdconf.o(.text.LCD_X_Config)
 <LI><a href="#[be]">_Color2IndexBulk_M4444I_DMA2D</a> from lcdconf.o(.text._Color2IndexBulk_M4444I_DMA2D) referenced from lcdconf.o(.text.LCD_X_Config)
 <LI><a href="#[bc]">_Color2IndexBulk_M565_DMA2D</a> from lcdconf.o(.text._Color2IndexBulk_M565_DMA2D) referenced from lcdconf.o(.text.LCD_X_Config)
 <LI><a href="#[124]">_Color2IndexBulk_M8888I</a> from guicc_m8888i.o(i._Color2IndexBulk_M8888I) referenced from guicc_m8888i.o(.constdata)
 <LI><a href="#[c2]">_Color2IndexBulk_M8888I_DMA2D</a> from lcdconf.o(.text._Color2IndexBulk_M8888I_DMA2D) referenced from lcdconf.o(.text.LCD_X_Config)
 <LI><a href="#[c0]">_Color2IndexBulk_M888_DMA2D</a> from lcdconf.o(.text._Color2IndexBulk_M888_DMA2D) referenced from lcdconf.o(.text.LCD_X_Config)
 <LI><a href="#[157]">_Color2Index_0</a> from guicc_0.o(i._Color2Index_0) referenced from guicc_0.o(.constdata)
 <LI><a href="#[15a]">_Color2Index_8888</a> from guicc_8888.o(i._Color2Index_8888) referenced from guicc_8888.o(.constdata)
 <LI><a href="#[12d]">_Color2Index_M565</a> from guicc_m565.o(i._Color2Index_M565) referenced from guicc_m565.o(.constdata)
 <LI><a href="#[121]">_Color2Index_M8888I</a> from guicc_m8888i.o(i._Color2Index_M8888I) referenced from guicc_m8888i.o(.constdata)
 <LI><a href="#[107]">_CopyBuffer</a> from guidrv_lin_16.o(i._CopyBuffer) referenced 2 times from guidrv_lin_16.o(i._GetDevFunc)
 <LI><a href="#[17]">_Create</a> from button_skin.o(i._Create) referenced 12 times from button_skin.o(.data)
 <LI><a href="#[c4]">_DMA_AlphaBlending</a> from lcdconf.o(.text._DMA_AlphaBlending) referenced from lcdconf.o(.text.LCD_X_Config)
 <LI><a href="#[c6]">_DMA_MixColors</a> from lcdconf.o(.text._DMA_MixColors) referenced from lcdconf.o(.text.LCD_X_Config)
 <LI><a href="#[ee]">_DrawBackgroundH</a> from scrollbar_skinflex.o(i._DrawBackgroundH) referenced from scrollbar_skinflex.o(i.SCROLLBAR_DrawSkinFlex)
 <LI><a href="#[eb]">_DrawBackgroundV</a> from scrollbar_skinflex.o(i._DrawBackgroundV) referenced from scrollbar_skinflex.o(i.SCROLLBAR_DrawSkinFlex)
 <LI><a href="#[135]">_DrawBitmap</a> from guidrv_lin_16.o(i._DrawBitmap) referenced 4 times from guidrv_lin_16.o(.constdata)
 <LI><a href="#[128]">_DrawBitmapHW_8888</a> from gui_drawbitmap_8888.o(i._DrawBitmapHW_8888) referenced from gui_drawbitmap_8888.o(.constdata)
 <LI><a href="#[127]">_DrawBitmap_8888</a> from gui_drawbitmap_8888.o(i._DrawBitmap_8888) referenced from gui_drawbitmap_8888.o(.constdata)
 <LI><a href="#[17c]">_DrawDown</a> from widget_effect_none.o(i._DrawDown) referenced 3 times from widget_effect_none.o(.constdata)
 <LI><a href="#[17d]">_DrawDownRect</a> from widget_effect_none.o(i._DrawDownRect) referenced 3 times from widget_effect_none.o(.constdata)
 <LI><a href="#[17e]">_DrawFlat</a> from widget_effect_none.o(i._DrawFlat) referenced from widget_effect_none.o(.constdata)
 <LI><a href="#[f0]">_DrawGraspH</a> from scrollbar_skinflex.o(i._DrawGraspH) referenced from scrollbar_skinflex.o(i.SCROLLBAR_DrawSkinFlex)
 <LI><a href="#[ed]">_DrawGraspV</a> from scrollbar_skinflex.o(i._DrawGraspV) referenced from scrollbar_skinflex.o(i.SCROLLBAR_DrawSkinFlex)
 <LI><a href="#[136]">_DrawHLine</a> from guidrv_lin_16.o(i._DrawHLine) referenced 4 times from guidrv_lin_16.o(.constdata)
 <LI><a href="#[4]">_DrawLine_RGB</a> from gui_bmp.o(i._DrawLine_RGB) referenced 2 times from gui_bmp.o(.data)
 <LI><a href="#[4]">_DrawLine_RGB</a> from gui_bmp.o(i._DrawLine_RGB) referenced from gui_bmp.o(i._Draw)
 <LI><a href="#[4]">_DrawLine_RGB</a> from gui_bmp.o(i._DrawLine_RGB) referenced from gui_bmp.o(i._DrawBitmap_RGB)
 <LI><a href="#[17a]">_DrawUp</a> from widget_effect_none.o(i._DrawUp) referenced 2 times from widget_effect_none.o(.constdata)
 <LI><a href="#[17b]">_DrawUpRect</a> from widget_effect_none.o(i._DrawUpRect) referenced 3 times from widget_effect_none.o(.constdata)
 <LI><a href="#[137]">_DrawVLine</a> from guidrv_lin_16.o(i._DrawVLine) referenced 4 times from guidrv_lin_16.o(.constdata)
 <LI><a href="#[12c]">_Encode</a> from gui_uc_encodeutf8.o(i._Encode) referenced 2 times from gui_uc_encodeutf8.o(.constdata)
 <LI><a href="#[138]">_FillRect</a> from guidrv_lin_16.o(i._FillRect) referenced 4 times from guidrv_lin_16.o(.constdata)
 <LI><a href="#[182]">_GUI_USAGE_BM_Delete</a> from guidev_usagebm.o(i._GUI_USAGE_BM_Delete) referenced from guidev_usagebm.o(.constdata)
 <LI><a href="#[129]">_GetCharCode</a> from gui_uc_encodeutf8.o(i._GetCharCode) referenced 2 times from gui_uc_encodeutf8.o(.constdata)
 <LI><a href="#[12a]">_GetCharSize</a> from gui_uc_encodeutf8.o(i._GetCharSize) referenced 2 times from gui_uc_encodeutf8.o(.constdata)
 <LI><a href="#[22]">_GetCursorCharacter</a> from gui__getcursorpos.o(i._GetCursorCharacter) referenced 2 times from gui__getcursorpos.o(.data)
 <LI><a href="#[21]">_GetCursorPosChar</a> from gui__getcursorpos.o(i._GetCursorPosChar) referenced 2 times from gui__getcursorpos.o(.data)
 <LI><a href="#[20]">_GetCursorPosX</a> from gui__getcursorpos.o(i._GetCursorPosX) referenced 2 times from gui__getcursorpos.o(.data)
 <LI><a href="#[13f]">_GetDevData</a> from guidrv_lin_16.o(i._GetDevData) referenced 4 times from guidrv_lin_16.o(.constdata)
 <LI><a href="#[13d]">_GetDevFunc</a> from guidrv_lin_16.o(i._GetDevFunc) referenced 4 times from guidrv_lin_16.o(.constdata)
 <LI><a href="#[13e]">_GetDevProp</a> from guidrv_lin_16.o(i._GetDevProp) referenced 4 times from guidrv_lin_16.o(.constdata)
 <LI><a href="#[159]">_GetIndexMask_0</a> from guicc_0.o(i._GetIndexMask_0) referenced from guicc_0.o(.constdata)
 <LI><a href="#[15b]">_GetIndexMask_8888</a> from guicc_8888.o(i._GetIndexMask_8888) referenced from guicc_8888.o(.constdata)
 <LI><a href="#[12f]">_GetIndexMask_M565</a> from guicc_m565.o(i._GetIndexMask_M565) referenced from guicc_m565.o(.constdata)
 <LI><a href="#[123]">_GetIndexMask_M8888I</a> from guicc_m8888i.o(i._GetIndexMask_M8888I) referenced from guicc_m8888i.o(.constdata)
 <LI><a href="#[139]">_GetPixelIndex</a> from guidrv_lin_16.o(i._GetPixelIndex) referenced 4 times from guidrv_lin_16.o(.constdata)
 <LI><a href="#[fe]">_GetPos</a> from guidrv_lin_16.o(i._GetPos) referenced 2 times from guidrv_lin_16.o(i._GetDevFunc)
 <LI><a href="#[140]">_GetRect</a> from guidrv_lin_16.o(i._GetRect) referenced 4 times from guidrv_lin_16.o(.constdata)
 <LI><a href="#[f9]">_Index2ColorBitfields</a> from gui_bmp.o(i._Index2ColorBitfields) referenced from gui_bmp.o(i._Draw)
 <LI><a href="#[131]">_Index2ColorBulk</a> from guicc_m565.o(i._Index2ColorBulk) referenced 2 times from guicc_m565.o(.constdata)
 <LI><a href="#[bb]">_Index2ColorBulk_M1555I_DMA2D</a> from lcdconf.o(.text._Index2ColorBulk_M1555I_DMA2D) referenced from lcdconf.o(.text.LCD_X_Config)
 <LI><a href="#[bf]">_Index2ColorBulk_M4444I_DMA2D</a> from lcdconf.o(.text._Index2ColorBulk_M4444I_DMA2D) referenced from lcdconf.o(.text.LCD_X_Config)
 <LI><a href="#[bd]">_Index2ColorBulk_M565_DMA2D</a> from lcdconf.o(.text._Index2ColorBulk_M565_DMA2D) referenced from lcdconf.o(.text.LCD_X_Config)
 <LI><a href="#[125]">_Index2ColorBulk_M8888I</a> from guicc_m8888i.o(i._Index2ColorBulk_M8888I) referenced from guicc_m8888i.o(.constdata)
 <LI><a href="#[c3]">_Index2ColorBulk_M8888I_DMA2D</a> from lcdconf.o(.text._Index2ColorBulk_M8888I_DMA2D) referenced from lcdconf.o(.text.LCD_X_Config)
 <LI><a href="#[c1]">_Index2ColorBulk_M888_DMA2D</a> from lcdconf.o(.text._Index2ColorBulk_M888_DMA2D) referenced from lcdconf.o(.text.LCD_X_Config)
 <LI><a href="#[158]">_Index2Color_0</a> from guicc_0.o(i._Index2Color_0) referenced from guicc_0.o(.constdata)
 <LI><a href="#[101]">_Init</a> from guidrv_lin_16.o(i._Init) referenced 2 times from guidrv_lin_16.o(i._GetDevFunc)
 <LI><a href="#[d0]">_InvertAlpha</a> from lcdconf.o(.text._InvertAlpha) referenced from lcdconf.o(.text._LCD_MixColorsBulk)
 <LI><a href="#[b3]">_LCD_CopyBuffer</a> from lcdconf.o(.text._LCD_CopyBuffer) referenced from lcdconf.o(.text.LCD_X_Config)
 <LI><a href="#[b5]">_LCD_CopyRect</a> from lcdconf.o(.text._LCD_CopyRect) referenced from lcdconf.o(.text.LCD_X_Config)
 <LI><a href="#[b8]">_LCD_DrawBitmap16bpp</a> from lcdconf.o(.text._LCD_DrawBitmap16bpp) referenced from lcdconf.o(.text.LCD_X_Config)
 <LI><a href="#[b7]">_LCD_DrawBitmap32bpp</a> from lcdconf.o(.text._LCD_DrawBitmap32bpp) referenced from lcdconf.o(.text.LCD_X_Config)
 <LI><a href="#[b9]">_LCD_DrawBitmap8bpp</a> from lcdconf.o(.text._LCD_DrawBitmap8bpp) referenced from lcdconf.o(.text.LCD_X_Config)
 <LI><a href="#[b6]">_LCD_FillRect</a> from lcdconf.o(.text._LCD_FillRect) referenced from lcdconf.o(.text.LCD_X_Config)
 <LI><a href="#[b6]">_LCD_FillRect</a> from lcdconf.o(.text._LCD_FillRect) referenced from lcdconf.o(.text._LCD_FillRect)
 <LI><a href="#[c5]">_LCD_GetpPalConvTable</a> from lcdconf.o(.text._LCD_GetpPalConvTable) referenced from lcdconf.o(.text.LCD_X_Config)
 <LI><a href="#[c7]">_LCD_MixColorsBulk</a> from lcdconf.o(.text._LCD_MixColorsBulk) referenced from lcdconf.o(.text.LCD_X_Config)
 <LI><a href="#[13]">_Log2VisBuffered</a> from gui_charline.o(i._Log2VisBuffered) referenced 2 times from gui_charline.o(.data)
 <LI><a href="#[151]">_MULTIBUF_Begin</a> from wm_multibuf.o(i._MULTIBUF_Begin) referenced from wm_multibuf.o(.constdata)
 <LI><a href="#[152]">_MULTIBUF_End</a> from wm_multibuf.o(i._MULTIBUF_End) referenced from wm_multibuf.o(.constdata)
 <LI><a href="#[8]">_NextPixel_End</a> from gui_bmp.o(i._NextPixel_End) referenced 2 times from gui_bmp.o(.data)
 <LI><a href="#[7]">_NextPixel_NextLine</a> from gui_bmp.o(i._NextPixel_NextLine) referenced 2 times from gui_bmp.o(.data)
 <LI><a href="#[6]">_NextPixel_SetPixel</a> from gui_bmp.o(i._NextPixel_SetPixel) referenced 2 times from gui_bmp.o(.data)
 <LI><a href="#[5]">_NextPixel_Start</a> from gui_bmp.o(i._NextPixel_Start) referenced 2 times from gui_bmp.o(.data)
 <LI><a href="#[103]">_Off</a> from guidrv_lin_16.o(i._Off) referenced 2 times from guidrv_lin_16.o(i._GetDevFunc)
 <LI><a href="#[102]">_On</a> from guidrv_lin_16.o(i._On) referenced 2 times from guidrv_lin_16.o(i._GetDevFunc)
 <LI><a href="#[dd]">_OnExit</a> from gui_multibuf.o(i._OnExit) referenced from gui_multibuf.o(i.GUI_MULTIBUF_ConfigEx)
 <LI><a href="#[de]">_OnExit</a> from gui_pid.o(i._OnExit) referenced from gui_pid.o(i.GUI_PID_StoreState)
 <LI><a href="#[e1]">_OnExit</a> from gui_timer.o(i._OnExit) referenced from gui_timer.o(i.GUI_TIMER_Create)
 <LI><a href="#[e2]">_OnExit</a> from gui_core.o(i._OnExit) referenced from gui_core.o(i.GUI__Config)
 <LI><a href="#[e5]">_OnExit</a> from gui__alpha.o(i._OnExit) referenced from gui__alpha.o(i.GUI__GetAlphaBuffer)
 <LI><a href="#[e6]">_OnExit</a> from lcd_color.o(i._OnExit) referenced from lcd_color.o(i.LCD_InitColors)
 <LI><a href="#[f4]">_OnExit</a> from wm.o(i._OnExit) referenced from wm.o(i.WM_Init)
 <LI><a href="#[b]">_OnTouchDefault</a> from button.o(i._OnTouchDefault) referenced 2 times from button.o(.data)
 <LI><a href="#[16]">_Paint</a> from button_skin.o(i._Paint) referenced 12 times from button_skin.o(.data)
 <LI><a href="#[10a]">_ReadRect</a> from guidrv_lin_16.o(i._ReadRect) referenced 2 times from guidrv_lin_16.o(i._GetDevFunc)
 <LI><a href="#[ff]">_SetAlpha</a> from guidrv_lin_16.o(i._SetAlpha) referenced 2 times from guidrv_lin_16.o(i._GetDevFunc)
 <LI><a href="#[104]">_SetAlphaMode</a> from guidrv_lin_16.o(i._SetAlphaMode) referenced 2 times from guidrv_lin_16.o(i._GetDevFunc)
 <LI><a href="#[133]">_SetBkColor</a> from lcd.o(i._SetBkColor) referenced from lcd.o(.constdata)
 <LI><a href="#[106]">_SetChroma</a> from guidrv_lin_16.o(i._SetChroma) referenced 2 times from guidrv_lin_16.o(i._GetDevFunc)
 <LI><a href="#[105]">_SetChromaMode</a> from guidrv_lin_16.o(i._SetChromaMode) referenced 2 times from guidrv_lin_16.o(i._GetDevFunc)
 <LI><a href="#[132]">_SetColor</a> from lcd.o(i._SetColor) referenced from lcd.o(.constdata)
 <LI><a href="#[109]">_SetDevFunc</a> from guidrv_lin_16.o(i._SetDevFunc) referenced 2 times from guidrv_lin_16.o(i._GetDevFunc)
 <LI><a href="#[134]">_SetDrawMode</a> from lcd.o(i._SetDrawMode) referenced from lcd.o(.constdata)
 <LI><a href="#[13c]">_SetOrg</a> from guidrv_lin_16.o(i._SetOrg) referenced 4 times from guidrv_lin_16.o(.constdata)
 <LI><a href="#[a]">_SetPixelAlpha</a> from gui_drawbitmap_8888.o(i._SetPixelAlpha) referenced 2 times from gui_drawbitmap_8888.o(.data)
 <LI><a href="#[13a]">_SetPixelIndex</a> from guidrv_lin_16.o(i._SetPixelIndex) referenced 4 times from guidrv_lin_16.o(.constdata)
 <LI><a href="#[fd]">_SetPos</a> from guidrv_lin_16.o(i._SetPos) referenced 2 times from guidrv_lin_16.o(i._GetDevFunc)
 <LI><a href="#[fc]">_SetSize</a> from guidrv_lin_16.o(i._SetSize) referenced 2 times from guidrv_lin_16.o(i._GetDevFunc)
 <LI><a href="#[fa]">_SetVRAMAddr</a> from guidrv_lin_16.o(i._SetVRAMAddr) referenced 2 times from guidrv_lin_16.o(i._GetDevFunc)
 <LI><a href="#[fb]">_SetVSize</a> from guidrv_lin_16.o(i._SetVSize) referenced 2 times from guidrv_lin_16.o(i._GetDevFunc)
 <LI><a href="#[100]">_SetVis</a> from guidrv_lin_16.o(i._SetVis) referenced 2 times from guidrv_lin_16.o(i._GetDevFunc)
 <LI><a href="#[108]">_ShowBuffer</a> from guidrv_lin_16.o(i._ShowBuffer) referenced 2 times from guidrv_lin_16.o(i._GetDevFunc)
 <LI><a href="#[d9]">_UpdateBuffer</a> from editdec.o(i._UpdateBuffer) referenced from editdec.o(i.EDIT_SetDecMode)
 <LI><a href="#[13b]">_XorPixel</a> from guidrv_lin_16.o(i._XorPixel) referenced 4 times from guidrv_lin_16.o(.constdata)
 <LI><a href="#[cb]">__2sprintf</a> from printfa.o(i.__0sprintf) referenced from main.o(.text.PresentSystem)
 <LI><a href="#[9d]">__main</a> from entry.o(.ARM.Collect$$$$00000000) referenced from startup_stm32f746xx.o(.text)
 <LI><a href="#[f3]">_cbBackWin</a> from wm.o(i._cbBackWin) referenced from wm.o(i.WM_Init)
 <LI><a href="#[f6]">_cbInvalidateOne</a> from wm_bringtotop.o(i._cbInvalidateOne) referenced from wm_bringtotop.o(i._BringToTop)
 <LI><a href="#[f5]">_cbPaintMemDev</a> from wm.o(i._cbPaintMemDev) referenced from wm.o(i.WM__Paint)
 <LI><a href="#[f2]">_cbTimer</a> from wm_timer.o(i._cbTimer) referenced from wm_timer.o(i.WM_CreateTimer)
 <LI><a href="#[120]">_sputc</a> from printfa.o(i._sputc) referenced from printfa.o(i.__0sprintf)
 <LI><a href="#[26]">ft5336_Init</a> from ft5336.o(.text.ft5336_Init) referenced 2 times from ft5336.o(.data.ft5336_ts_drv)
 <LI><a href="#[27]">ft5336_ReadID</a> from ft5336.o(.text.ft5336_ReadID) referenced 2 times from ft5336.o(.data.ft5336_ts_drv)
 <LI><a href="#[28]">ft5336_Reset</a> from ft5336.o(.text.ft5336_Reset) referenced 2 times from ft5336.o(.data.ft5336_ts_drv)
 <LI><a href="#[2d]">ft5336_TS_ClearIT</a> from ft5336.o(.text.ft5336_TS_ClearIT) referenced 2 times from ft5336.o(.data.ft5336_ts_drv)
 <LI><a href="#[2a]">ft5336_TS_DetectTouch</a> from ft5336.o(.text.ft5336_TS_DetectTouch) referenced 2 times from ft5336.o(.data.ft5336_ts_drv)
 <LI><a href="#[2f]">ft5336_TS_DisableIT</a> from ft5336.o(.text.ft5336_TS_DisableIT) referenced 2 times from ft5336.o(.data.ft5336_ts_drv)
 <LI><a href="#[2c]">ft5336_TS_EnableIT</a> from ft5336.o(.text.ft5336_TS_EnableIT) referenced 2 times from ft5336.o(.data.ft5336_ts_drv)
 <LI><a href="#[2b]">ft5336_TS_GetXY</a> from ft5336.o(.text.ft5336_TS_GetXY) referenced 2 times from ft5336.o(.data.ft5336_ts_drv)
 <LI><a href="#[2e]">ft5336_TS_ITStatus</a> from ft5336.o(.text.ft5336_TS_ITStatus) referenced 2 times from ft5336.o(.data.ft5336_ts_drv)
 <LI><a href="#[29]">ft5336_TS_Start</a> from ft5336.o(.text.ft5336_TS_Start) referenced 2 times from ft5336.o(.data.ft5336_ts_drv)
 <LI><a href="#[9b]">main</a> from main.o(.text.main) referenced from entry9a.o(.ARM.Collect$$$$0000000B)
 <LI><a href="#[ce]">mem_set</a> from common.o(.text.mem_set) referenced from rs485.o(.text.RS485_Service)
 <LI><a href="#[3]">memcpy</a> from memmove.o(.text) referenced 2 times from gui__private.o(.data)
 <LI><a href="#[2]">memset</a> from memseta.o(.text) referenced 2 times from gui__private.o(.data)
 <LI><a href="#[c8]">strlen</a> from strlen.o(.text) referenced from main.o(.text.PresentSystem)
</UL>
<P>
<H3>
Global Symbols
</H3>
<P><STRONG><a name="[9d]"></a>__main</STRONG> (Thumb, 0 bytes, Stack size unknown bytes, entry.o(.ARM.Collect$$$$00000000))
<BR>[Address Reference Count : 1]<UL><LI> startup_stm32f746xx.o(.text)
</UL>
<P><STRONG><a name="[54a]"></a>_main_stk</STRONG> (Thumb, 0 bytes, Stack size unknown bytes, entry2.o(.ARM.Collect$$$$00000001))

<P><STRONG><a name="[18c]"></a>_main_scatterload</STRONG> (Thumb, 0 bytes, Stack size unknown bytes, entry5.o(.ARM.Collect$$$$00000004))
<BR><BR>[Calls]<UL><LI><a href="#[18d]">&gt;&gt;</a>&nbsp;&nbsp;&nbsp;__scatterload
</UL>

<P><STRONG><a name="[19f]"></a>__main_after_scatterload</STRONG> (Thumb, 0 bytes, Stack size unknown bytes, entry5.o(.ARM.Collect$$$$00000004))
<BR><BR>[Called By]<UL><LI><a href="#[18d]">&gt;&gt;</a>&nbsp;&nbsp;&nbsp;__scatterload
</UL>

<P><STRONG><a name="[54b]"></a>_main_clock</STRONG> (Thumb, 0 bytes, Stack size unknown bytes, entry7b.o(.ARM.Collect$$$$00000008))

<P><STRONG><a name="[54c]"></a>_main_cpp_init</STRONG> (Thumb, 0 bytes, Stack size unknown bytes, entry8b.o(.ARM.Collect$$$$0000000A))

<P><STRONG><a name="[54d]"></a>_main_init</STRONG> (Thumb, 0 bytes, Stack size unknown bytes, entry9a.o(.ARM.Collect$$$$0000000B))

<P><STRONG><a name="[54e]"></a>__rt_final_cpp</STRONG> (Thumb, 0 bytes, Stack size unknown bytes, entry10a.o(.ARM.Collect$$$$0000000D))

<P><STRONG><a name="[54f]"></a>__rt_final_exit</STRONG> (Thumb, 0 bytes, Stack size unknown bytes, entry11a.o(.ARM.Collect$$$$0000000F))

<P><STRONG><a name="[30]"></a>Reset_Handler</STRONG> (Thumb, 8 bytes, Stack size 0 bytes, startup_stm32f746xx.o(.text))
<BR>[Address Reference Count : 1]<UL><LI> startup_stm32f746xx.o(RESET)
</UL>
<P><STRONG><a name="[36]"></a>SVC_Handler</STRONG> (Thumb, 2 bytes, Stack size 0 bytes, startup_stm32f746xx.o(.text))
<BR><BR>[Calls]<UL><LI><a href="#[36]">&gt;&gt;</a>&nbsp;&nbsp;&nbsp;SVC_Handler
</UL>
<BR>[Called By]<UL><LI><a href="#[36]">&gt;&gt;</a>&nbsp;&nbsp;&nbsp;SVC_Handler
</UL>
<BR>[Address Reference Count : 1]<UL><LI> startup_stm32f746xx.o(RESET)
</UL>
<P><STRONG><a name="[38]"></a>PendSV_Handler</STRONG> (Thumb, 2 bytes, Stack size 0 bytes, startup_stm32f746xx.o(.text))
<BR><BR>[Calls]<UL><LI><a href="#[38]">&gt;&gt;</a>&nbsp;&nbsp;&nbsp;PendSV_Handler
</UL>
<BR>[Called By]<UL><LI><a href="#[38]">&gt;&gt;</a>&nbsp;&nbsp;&nbsp;PendSV_Handler
</UL>
<BR>[Address Reference Count : 1]<UL><LI> startup_stm32f746xx.o(RESET)
</UL>
<P><STRONG><a name="[4c]"></a>ADC_IRQHandler</STRONG> (Thumb, 0 bytes, Stack size 0 bytes, startup_stm32f746xx.o(.text))
<BR><BR>[Calls]<UL><LI><a href="#[4c]">&gt;&gt;</a>&nbsp;&nbsp;&nbsp;ADC_IRQHandler
</UL>
<BR>[Called By]<UL><LI><a href="#[4c]">&gt;&gt;</a>&nbsp;&nbsp;&nbsp;ADC_IRQHandler
</UL>
<BR>[Address Reference Count : 1]<UL><LI> startup_stm32f746xx.o(RESET)
</UL>
<P><STRONG><a name="[4e]"></a>CAN1_RX0_IRQHandler</STRONG> (Thumb, 0 bytes, Stack size 0 bytes, startup_stm32f746xx.o(.text))
<BR>[Address Reference Count : 1]<UL><LI> startup_stm32f746xx.o(RESET)
</UL>
<P><STRONG><a name="[4f]"></a>CAN1_RX1_IRQHandler</STRONG> (Thumb, 0 bytes, Stack size 0 bytes, startup_stm32f746xx.o(.text))
<BR>[Address Reference Count : 1]<UL><LI> startup_stm32f746xx.o(RESET)
</UL>
<P><STRONG><a name="[50]"></a>CAN1_SCE_IRQHandler</STRONG> (Thumb, 0 bytes, Stack size 0 bytes, startup_stm32f746xx.o(.text))
<BR>[Address Reference Count : 1]<UL><LI> startup_stm32f746xx.o(RESET)
</UL>
<P><STRONG><a name="[4d]"></a>CAN1_TX_IRQHandler</STRONG> (Thumb, 0 bytes, Stack size 0 bytes, startup_stm32f746xx.o(.text))
<BR>[Address Reference Count : 1]<UL><LI> startup_stm32f746xx.o(RESET)
</UL>
<P><STRONG><a name="[7a]"></a>CAN2_RX0_IRQHandler</STRONG> (Thumb, 0 bytes, Stack size 0 bytes, startup_stm32f746xx.o(.text))
<BR>[Address Reference Count : 1]<UL><LI> startup_stm32f746xx.o(RESET)
</UL>
<P><STRONG><a name="[7b]"></a>CAN2_RX1_IRQHandler</STRONG> (Thumb, 0 bytes, Stack size 0 bytes, startup_stm32f746xx.o(.text))
<BR>[Address Reference Count : 1]<UL><LI> startup_stm32f746xx.o(RESET)
</UL>
<P><STRONG><a name="[7c]"></a>CAN2_SCE_IRQHandler</STRONG> (Thumb, 0 bytes, Stack size 0 bytes, startup_stm32f746xx.o(.text))
<BR>[Address Reference Count : 1]<UL><LI> startup_stm32f746xx.o(RESET)
</UL>
<P><STRONG><a name="[79]"></a>CAN2_TX_IRQHandler</STRONG> (Thumb, 0 bytes, Stack size 0 bytes, startup_stm32f746xx.o(.text))
<BR>[Address Reference Count : 1]<UL><LI> startup_stm32f746xx.o(RESET)
</UL>
<P><STRONG><a name="[97]"></a>CEC_IRQHandler</STRONG> (Thumb, 0 bytes, Stack size 0 bytes, startup_stm32f746xx.o(.text))
<BR>[Address Reference Count : 1]<UL><LI> startup_stm32f746xx.o(RESET)
</UL>
<P><STRONG><a name="[88]"></a>DCMI_IRQHandler</STRONG> (Thumb, 0 bytes, Stack size 0 bytes, startup_stm32f746xx.o(.text))
<BR>[Address Reference Count : 1]<UL><LI> startup_stm32f746xx.o(RESET)
</UL>
<P><STRONG><a name="[45]"></a>DMA1_Stream0_IRQHandler</STRONG> (Thumb, 0 bytes, Stack size 0 bytes, startup_stm32f746xx.o(.text))
<BR>[Address Reference Count : 1]<UL><LI> startup_stm32f746xx.o(RESET)
</UL>
<P><STRONG><a name="[46]"></a>DMA1_Stream1_IRQHandler</STRONG> (Thumb, 0 bytes, Stack size 0 bytes, startup_stm32f746xx.o(.text))
<BR>[Address Reference Count : 1]<UL><LI> startup_stm32f746xx.o(RESET)
</UL>
<P><STRONG><a name="[47]"></a>DMA1_Stream2_IRQHandler</STRONG> (Thumb, 0 bytes, Stack size 0 bytes, startup_stm32f746xx.o(.text))
<BR>[Address Reference Count : 1]<UL><LI> startup_stm32f746xx.o(RESET)
</UL>
<P><STRONG><a name="[48]"></a>DMA1_Stream3_IRQHandler</STRONG> (Thumb, 0 bytes, Stack size 0 bytes, startup_stm32f746xx.o(.text))
<BR>[Address Reference Count : 1]<UL><LI> startup_stm32f746xx.o(RESET)
</UL>
<P><STRONG><a name="[49]"></a>DMA1_Stream4_IRQHandler</STRONG> (Thumb, 0 bytes, Stack size 0 bytes, startup_stm32f746xx.o(.text))
<BR>[Address Reference Count : 1]<UL><LI> startup_stm32f746xx.o(RESET)
</UL>
<P><STRONG><a name="[4a]"></a>DMA1_Stream5_IRQHandler</STRONG> (Thumb, 0 bytes, Stack size 0 bytes, startup_stm32f746xx.o(.text))
<BR>[Address Reference Count : 1]<UL><LI> startup_stm32f746xx.o(RESET)
</UL>
<P><STRONG><a name="[4b]"></a>DMA1_Stream6_IRQHandler</STRONG> (Thumb, 0 bytes, Stack size 0 bytes, startup_stm32f746xx.o(.text))
<BR>[Address Reference Count : 1]<UL><LI> startup_stm32f746xx.o(RESET)
</UL>
<P><STRONG><a name="[69]"></a>DMA1_Stream7_IRQHandler</STRONG> (Thumb, 0 bytes, Stack size 0 bytes, startup_stm32f746xx.o(.text))
<BR>[Address Reference Count : 1]<UL><LI> startup_stm32f746xx.o(RESET)
</UL>
<P><STRONG><a name="[72]"></a>DMA2_Stream0_IRQHandler</STRONG> (Thumb, 0 bytes, Stack size 0 bytes, startup_stm32f746xx.o(.text))
<BR>[Address Reference Count : 1]<UL><LI> startup_stm32f746xx.o(RESET)
</UL>
<P><STRONG><a name="[73]"></a>DMA2_Stream1_IRQHandler</STRONG> (Thumb, 0 bytes, Stack size 0 bytes, startup_stm32f746xx.o(.text))
<BR>[Address Reference Count : 1]<UL><LI> startup_stm32f746xx.o(RESET)
</UL>
<P><STRONG><a name="[74]"></a>DMA2_Stream2_IRQHandler</STRONG> (Thumb, 0 bytes, Stack size 0 bytes, startup_stm32f746xx.o(.text))
<BR>[Address Reference Count : 1]<UL><LI> startup_stm32f746xx.o(RESET)
</UL>
<P><STRONG><a name="[75]"></a>DMA2_Stream3_IRQHandler</STRONG> (Thumb, 0 bytes, Stack size 0 bytes, startup_stm32f746xx.o(.text))
<BR>[Address Reference Count : 1]<UL><LI> startup_stm32f746xx.o(RESET)
</UL>
<P><STRONG><a name="[76]"></a>DMA2_Stream4_IRQHandler</STRONG> (Thumb, 0 bytes, Stack size 0 bytes, startup_stm32f746xx.o(.text))
<BR>[Address Reference Count : 1]<UL><LI> startup_stm32f746xx.o(RESET)
</UL>
<P><STRONG><a name="[7e]"></a>DMA2_Stream5_IRQHandler</STRONG> (Thumb, 0 bytes, Stack size 0 bytes, startup_stm32f746xx.o(.text))
<BR>[Address Reference Count : 1]<UL><LI> startup_stm32f746xx.o(RESET)
</UL>
<P><STRONG><a name="[7f]"></a>DMA2_Stream6_IRQHandler</STRONG> (Thumb, 0 bytes, Stack size 0 bytes, startup_stm32f746xx.o(.text))
<BR>[Address Reference Count : 1]<UL><LI> startup_stm32f746xx.o(RESET)
</UL>
<P><STRONG><a name="[80]"></a>DMA2_Stream7_IRQHandler</STRONG> (Thumb, 0 bytes, Stack size 0 bytes, startup_stm32f746xx.o(.text))
<BR>[Address Reference Count : 1]<UL><LI> startup_stm32f746xx.o(RESET)
</UL>
<P><STRONG><a name="[77]"></a>ETH_IRQHandler</STRONG> (Thumb, 0 bytes, Stack size 0 bytes, startup_stm32f746xx.o(.text))
<BR>[Address Reference Count : 1]<UL><LI> startup_stm32f746xx.o(RESET)
</UL>
<P><STRONG><a name="[78]"></a>ETH_WKUP_IRQHandler</STRONG> (Thumb, 0 bytes, Stack size 0 bytes, startup_stm32f746xx.o(.text))
<BR>[Address Reference Count : 1]<UL><LI> startup_stm32f746xx.o(RESET)
</UL>
<P><STRONG><a name="[40]"></a>EXTI0_IRQHandler</STRONG> (Thumb, 0 bytes, Stack size 0 bytes, startup_stm32f746xx.o(.text))
<BR>[Address Reference Count : 1]<UL><LI> startup_stm32f746xx.o(RESET)
</UL>
<P><STRONG><a name="[62]"></a>EXTI15_10_IRQHandler</STRONG> (Thumb, 0 bytes, Stack size 0 bytes, startup_stm32f746xx.o(.text))
<BR>[Address Reference Count : 1]<UL><LI> startup_stm32f746xx.o(RESET)
</UL>
<P><STRONG><a name="[41]"></a>EXTI1_IRQHandler</STRONG> (Thumb, 0 bytes, Stack size 0 bytes, startup_stm32f746xx.o(.text))
<BR>[Address Reference Count : 1]<UL><LI> startup_stm32f746xx.o(RESET)
</UL>
<P><STRONG><a name="[42]"></a>EXTI2_IRQHandler</STRONG> (Thumb, 0 bytes, Stack size 0 bytes, startup_stm32f746xx.o(.text))
<BR>[Address Reference Count : 1]<UL><LI> startup_stm32f746xx.o(RESET)
</UL>
<P><STRONG><a name="[43]"></a>EXTI3_IRQHandler</STRONG> (Thumb, 0 bytes, Stack size 0 bytes, startup_stm32f746xx.o(.text))
<BR>[Address Reference Count : 1]<UL><LI> startup_stm32f746xx.o(RESET)
</UL>
<P><STRONG><a name="[44]"></a>EXTI4_IRQHandler</STRONG> (Thumb, 0 bytes, Stack size 0 bytes, startup_stm32f746xx.o(.text))
<BR>[Address Reference Count : 1]<UL><LI> startup_stm32f746xx.o(RESET)
</UL>
<P><STRONG><a name="[51]"></a>EXTI9_5_IRQHandler</STRONG> (Thumb, 0 bytes, Stack size 0 bytes, startup_stm32f746xx.o(.text))
<BR>[Address Reference Count : 1]<UL><LI> startup_stm32f746xx.o(RESET)
</UL>
<P><STRONG><a name="[3e]"></a>FLASH_IRQHandler</STRONG> (Thumb, 0 bytes, Stack size 0 bytes, startup_stm32f746xx.o(.text))
<BR>[Address Reference Count : 1]<UL><LI> startup_stm32f746xx.o(RESET)
</UL>
<P><STRONG><a name="[6a]"></a>FMC_IRQHandler</STRONG> (Thumb, 0 bytes, Stack size 0 bytes, startup_stm32f746xx.o(.text))
<BR>[Address Reference Count : 1]<UL><LI> startup_stm32f746xx.o(RESET)
</UL>
<P><STRONG><a name="[8a]"></a>FPU_IRQHandler</STRONG> (Thumb, 0 bytes, Stack size 0 bytes, startup_stm32f746xx.o(.text))
<BR>[Address Reference Count : 1]<UL><LI> startup_stm32f746xx.o(RESET)
</UL>
<P><STRONG><a name="[5a]"></a>I2C1_ER_IRQHandler</STRONG> (Thumb, 0 bytes, Stack size 0 bytes, startup_stm32f746xx.o(.text))
<BR>[Address Reference Count : 1]<UL><LI> startup_stm32f746xx.o(RESET)
</UL>
<P><STRONG><a name="[59]"></a>I2C1_EV_IRQHandler</STRONG> (Thumb, 0 bytes, Stack size 0 bytes, startup_stm32f746xx.o(.text))
<BR>[Address Reference Count : 1]<UL><LI> startup_stm32f746xx.o(RESET)
</UL>
<P><STRONG><a name="[5c]"></a>I2C2_ER_IRQHandler</STRONG> (Thumb, 0 bytes, Stack size 0 bytes, startup_stm32f746xx.o(.text))
<BR>[Address Reference Count : 1]<UL><LI> startup_stm32f746xx.o(RESET)
</UL>
<P><STRONG><a name="[5b]"></a>I2C2_EV_IRQHandler</STRONG> (Thumb, 0 bytes, Stack size 0 bytes, startup_stm32f746xx.o(.text))
<BR>[Address Reference Count : 1]<UL><LI> startup_stm32f746xx.o(RESET)
</UL>
<P><STRONG><a name="[83]"></a>I2C3_ER_IRQHandler</STRONG> (Thumb, 0 bytes, Stack size 0 bytes, startup_stm32f746xx.o(.text))
<BR>[Address Reference Count : 1]<UL><LI> startup_stm32f746xx.o(RESET)
</UL>
<P><STRONG><a name="[82]"></a>I2C3_EV_IRQHandler</STRONG> (Thumb, 0 bytes, Stack size 0 bytes, startup_stm32f746xx.o(.text))
<BR>[Address Reference Count : 1]<UL><LI> startup_stm32f746xx.o(RESET)
</UL>
<P><STRONG><a name="[99]"></a>I2C4_ER_IRQHandler</STRONG> (Thumb, 0 bytes, Stack size 0 bytes, startup_stm32f746xx.o(.text))
<BR>[Address Reference Count : 1]<UL><LI> startup_stm32f746xx.o(RESET)
</UL>
<P><STRONG><a name="[98]"></a>I2C4_EV_IRQHandler</STRONG> (Thumb, 0 bytes, Stack size 0 bytes, startup_stm32f746xx.o(.text))
<BR>[Address Reference Count : 1]<UL><LI> startup_stm32f746xx.o(RESET)
</UL>
<P><STRONG><a name="[96]"></a>LPTIM1_IRQHandler</STRONG> (Thumb, 0 bytes, Stack size 0 bytes, startup_stm32f746xx.o(.text))
<BR>[Address Reference Count : 1]<UL><LI> startup_stm32f746xx.o(RESET)
</UL>
<P><STRONG><a name="[92]"></a>LTDC_ER_IRQHandler</STRONG> (Thumb, 0 bytes, Stack size 0 bytes, startup_stm32f746xx.o(.text))
<BR>[Address Reference Count : 1]<UL><LI> startup_stm32f746xx.o(RESET)
</UL>
<P><STRONG><a name="[7d]"></a>OTG_FS_IRQHandler</STRONG> (Thumb, 0 bytes, Stack size 0 bytes, startup_stm32f746xx.o(.text))
<BR>[Address Reference Count : 1]<UL><LI> startup_stm32f746xx.o(RESET)
</UL>
<P><STRONG><a name="[64]"></a>OTG_FS_WKUP_IRQHandler</STRONG> (Thumb, 0 bytes, Stack size 0 bytes, startup_stm32f746xx.o(.text))
<BR>[Address Reference Count : 1]<UL><LI> startup_stm32f746xx.o(RESET)
</UL>
<P><STRONG><a name="[85]"></a>OTG_HS_EP1_IN_IRQHandler</STRONG> (Thumb, 0 bytes, Stack size 0 bytes, startup_stm32f746xx.o(.text))
<BR>[Address Reference Count : 1]<UL><LI> startup_stm32f746xx.o(RESET)
</UL>
<P><STRONG><a name="[84]"></a>OTG_HS_EP1_OUT_IRQHandler</STRONG> (Thumb, 0 bytes, Stack size 0 bytes, startup_stm32f746xx.o(.text))
<BR>[Address Reference Count : 1]<UL><LI> startup_stm32f746xx.o(RESET)
</UL>
<P><STRONG><a name="[87]"></a>OTG_HS_IRQHandler</STRONG> (Thumb, 0 bytes, Stack size 0 bytes, startup_stm32f746xx.o(.text))
<BR>[Address Reference Count : 1]<UL><LI> startup_stm32f746xx.o(RESET)
</UL>
<P><STRONG><a name="[86]"></a>OTG_HS_WKUP_IRQHandler</STRONG> (Thumb, 0 bytes, Stack size 0 bytes, startup_stm32f746xx.o(.text))
<BR>[Address Reference Count : 1]<UL><LI> startup_stm32f746xx.o(RESET)
</UL>
<P><STRONG><a name="[3b]"></a>PVD_IRQHandler</STRONG> (Thumb, 0 bytes, Stack size 0 bytes, startup_stm32f746xx.o(.text))
<BR>[Address Reference Count : 1]<UL><LI> startup_stm32f746xx.o(RESET)
</UL>
<P><STRONG><a name="[3f]"></a>RCC_IRQHandler</STRONG> (Thumb, 0 bytes, Stack size 0 bytes, startup_stm32f746xx.o(.text))
<BR>[Address Reference Count : 1]<UL><LI> startup_stm32f746xx.o(RESET)
</UL>
<P><STRONG><a name="[89]"></a>RNG_IRQHandler</STRONG> (Thumb, 0 bytes, Stack size 0 bytes, startup_stm32f746xx.o(.text))
<BR>[Address Reference Count : 1]<UL><LI> startup_stm32f746xx.o(RESET)
</UL>
<P><STRONG><a name="[63]"></a>RTC_Alarm_IRQHandler</STRONG> (Thumb, 0 bytes, Stack size 0 bytes, startup_stm32f746xx.o(.text))
<BR>[Address Reference Count : 1]<UL><LI> startup_stm32f746xx.o(RESET)
</UL>
<P><STRONG><a name="[3d]"></a>RTC_WKUP_IRQHandler</STRONG> (Thumb, 0 bytes, Stack size 0 bytes, startup_stm32f746xx.o(.text))
<BR>[Address Reference Count : 1]<UL><LI> startup_stm32f746xx.o(RESET)
</UL>
<P><STRONG><a name="[90]"></a>SAI1_IRQHandler</STRONG> (Thumb, 0 bytes, Stack size 0 bytes, startup_stm32f746xx.o(.text))
<BR>[Address Reference Count : 1]<UL><LI> startup_stm32f746xx.o(RESET)
</UL>
<P><STRONG><a name="[94]"></a>SAI2_IRQHandler</STRONG> (Thumb, 0 bytes, Stack size 0 bytes, startup_stm32f746xx.o(.text))
<BR>[Address Reference Count : 1]<UL><LI> startup_stm32f746xx.o(RESET)
</UL>
<P><STRONG><a name="[6b]"></a>SDMMC1_IRQHandler</STRONG> (Thumb, 0 bytes, Stack size 0 bytes, startup_stm32f746xx.o(.text))
<BR>[Address Reference Count : 1]<UL><LI> startup_stm32f746xx.o(RESET)
</UL>
<P><STRONG><a name="[9a]"></a>SPDIF_RX_IRQHandler</STRONG> (Thumb, 0 bytes, Stack size 0 bytes, startup_stm32f746xx.o(.text))
<BR>[Address Reference Count : 1]<UL><LI> startup_stm32f746xx.o(RESET)
</UL>
<P><STRONG><a name="[5d]"></a>SPI1_IRQHandler</STRONG> (Thumb, 0 bytes, Stack size 0 bytes, startup_stm32f746xx.o(.text))
<BR>[Address Reference Count : 1]<UL><LI> startup_stm32f746xx.o(RESET)
</UL>
<P><STRONG><a name="[5e]"></a>SPI2_IRQHandler</STRONG> (Thumb, 0 bytes, Stack size 0 bytes, startup_stm32f746xx.o(.text))
<BR>[Address Reference Count : 1]<UL><LI> startup_stm32f746xx.o(RESET)
</UL>
<P><STRONG><a name="[6d]"></a>SPI3_IRQHandler</STRONG> (Thumb, 0 bytes, Stack size 0 bytes, startup_stm32f746xx.o(.text))
<BR>[Address Reference Count : 1]<UL><LI> startup_stm32f746xx.o(RESET)
</UL>
<P><STRONG><a name="[8d]"></a>SPI4_IRQHandler</STRONG> (Thumb, 0 bytes, Stack size 0 bytes, startup_stm32f746xx.o(.text))
<BR>[Address Reference Count : 1]<UL><LI> startup_stm32f746xx.o(RESET)
</UL>
<P><STRONG><a name="[8e]"></a>SPI5_IRQHandler</STRONG> (Thumb, 0 bytes, Stack size 0 bytes, startup_stm32f746xx.o(.text))
<BR>[Address Reference Count : 1]<UL><LI> startup_stm32f746xx.o(RESET)
</UL>
<P><STRONG><a name="[8f]"></a>SPI6_IRQHandler</STRONG> (Thumb, 0 bytes, Stack size 0 bytes, startup_stm32f746xx.o(.text))
<BR>[Address Reference Count : 1]<UL><LI> startup_stm32f746xx.o(RESET)
</UL>
<P><STRONG><a name="[3c]"></a>TAMP_STAMP_IRQHandler</STRONG> (Thumb, 0 bytes, Stack size 0 bytes, startup_stm32f746xx.o(.text))
<BR>[Address Reference Count : 1]<UL><LI> startup_stm32f746xx.o(RESET)
</UL>
<P><STRONG><a name="[52]"></a>TIM1_BRK_TIM9_IRQHandler</STRONG> (Thumb, 0 bytes, Stack size 0 bytes, startup_stm32f746xx.o(.text))
<BR>[Address Reference Count : 1]<UL><LI> startup_stm32f746xx.o(RESET)
</UL>
<P><STRONG><a name="[55]"></a>TIM1_CC_IRQHandler</STRONG> (Thumb, 0 bytes, Stack size 0 bytes, startup_stm32f746xx.o(.text))
<BR>[Address Reference Count : 1]<UL><LI> startup_stm32f746xx.o(RESET)
</UL>
<P><STRONG><a name="[54]"></a>TIM1_TRG_COM_TIM11_IRQHandler</STRONG> (Thumb, 0 bytes, Stack size 0 bytes, startup_stm32f746xx.o(.text))
<BR>[Address Reference Count : 1]<UL><LI> startup_stm32f746xx.o(RESET)
</UL>
<P><STRONG><a name="[53]"></a>TIM1_UP_TIM10_IRQHandler</STRONG> (Thumb, 0 bytes, Stack size 0 bytes, startup_stm32f746xx.o(.text))
<BR>[Address Reference Count : 1]<UL><LI> startup_stm32f746xx.o(RESET)
</UL>
<P><STRONG><a name="[56]"></a>TIM2_IRQHandler</STRONG> (Thumb, 0 bytes, Stack size 0 bytes, startup_stm32f746xx.o(.text))
<BR>[Address Reference Count : 1]<UL><LI> startup_stm32f746xx.o(RESET)
</UL>
<P><STRONG><a name="[57]"></a>TIM3_IRQHandler</STRONG> (Thumb, 0 bytes, Stack size 0 bytes, startup_stm32f746xx.o(.text))
<BR>[Address Reference Count : 1]<UL><LI> startup_stm32f746xx.o(RESET)
</UL>
<P><STRONG><a name="[58]"></a>TIM4_IRQHandler</STRONG> (Thumb, 0 bytes, Stack size 0 bytes, startup_stm32f746xx.o(.text))
<BR>[Address Reference Count : 1]<UL><LI> startup_stm32f746xx.o(RESET)
</UL>
<P><STRONG><a name="[6c]"></a>TIM5_IRQHandler</STRONG> (Thumb, 0 bytes, Stack size 0 bytes, startup_stm32f746xx.o(.text))
<BR>[Address Reference Count : 1]<UL><LI> startup_stm32f746xx.o(RESET)
</UL>
<P><STRONG><a name="[70]"></a>TIM6_DAC_IRQHandler</STRONG> (Thumb, 0 bytes, Stack size 0 bytes, startup_stm32f746xx.o(.text))
<BR>[Address Reference Count : 1]<UL><LI> startup_stm32f746xx.o(RESET)
</UL>
<P><STRONG><a name="[71]"></a>TIM7_IRQHandler</STRONG> (Thumb, 0 bytes, Stack size 0 bytes, startup_stm32f746xx.o(.text))
<BR>[Address Reference Count : 1]<UL><LI> startup_stm32f746xx.o(RESET)
</UL>
<P><STRONG><a name="[65]"></a>TIM8_BRK_TIM12_IRQHandler</STRONG> (Thumb, 0 bytes, Stack size 0 bytes, startup_stm32f746xx.o(.text))
<BR>[Address Reference Count : 1]<UL><LI> startup_stm32f746xx.o(RESET)
</UL>
<P><STRONG><a name="[68]"></a>TIM8_CC_IRQHandler</STRONG> (Thumb, 0 bytes, Stack size 0 bytes, startup_stm32f746xx.o(.text))
<BR>[Address Reference Count : 1]<UL><LI> startup_stm32f746xx.o(RESET)
</UL>
<P><STRONG><a name="[67]"></a>TIM8_TRG_COM_TIM14_IRQHandler</STRONG> (Thumb, 0 bytes, Stack size 0 bytes, startup_stm32f746xx.o(.text))
<BR>[Address Reference Count : 1]<UL><LI> startup_stm32f746xx.o(RESET)
</UL>
<P><STRONG><a name="[66]"></a>TIM8_UP_TIM13_IRQHandler</STRONG> (Thumb, 0 bytes, Stack size 0 bytes, startup_stm32f746xx.o(.text))
<BR>[Address Reference Count : 1]<UL><LI> startup_stm32f746xx.o(RESET)
</UL>
<P><STRONG><a name="[6e]"></a>UART4_IRQHandler</STRONG> (Thumb, 0 bytes, Stack size 0 bytes, startup_stm32f746xx.o(.text))
<BR>[Address Reference Count : 1]<UL><LI> startup_stm32f746xx.o(RESET)
</UL>
<P><STRONG><a name="[6f]"></a>UART5_IRQHandler</STRONG> (Thumb, 0 bytes, Stack size 0 bytes, startup_stm32f746xx.o(.text))
<BR>[Address Reference Count : 1]<UL><LI> startup_stm32f746xx.o(RESET)
</UL>
<P><STRONG><a name="[8b]"></a>UART7_IRQHandler</STRONG> (Thumb, 0 bytes, Stack size 0 bytes, startup_stm32f746xx.o(.text))
<BR>[Address Reference Count : 1]<UL><LI> startup_stm32f746xx.o(RESET)
</UL>
<P><STRONG><a name="[8c]"></a>UART8_IRQHandler</STRONG> (Thumb, 0 bytes, Stack size 0 bytes, startup_stm32f746xx.o(.text))
<BR>[Address Reference Count : 1]<UL><LI> startup_stm32f746xx.o(RESET)
</UL>
<P><STRONG><a name="[61]"></a>USART3_IRQHandler</STRONG> (Thumb, 0 bytes, Stack size 0 bytes, startup_stm32f746xx.o(.text))
<BR>[Address Reference Count : 1]<UL><LI> startup_stm32f746xx.o(RESET)
</UL>
<P><STRONG><a name="[81]"></a>USART6_IRQHandler</STRONG> (Thumb, 0 bytes, Stack size 0 bytes, startup_stm32f746xx.o(.text))
<BR>[Address Reference Count : 1]<UL><LI> startup_stm32f746xx.o(RESET)
</UL>
<P><STRONG><a name="[3a]"></a>WWDG_IRQHandler</STRONG> (Thumb, 0 bytes, Stack size 0 bytes, startup_stm32f746xx.o(.text))
<BR>[Address Reference Count : 1]<UL><LI> startup_stm32f746xx.o(RESET)
</UL>
<P><STRONG><a name="[550]"></a>___aeabi_memmove4$ret</STRONG> (Thumb, 0 bytes, Stack size 8 bytes, memmove.o(.text), UNUSED)

<P><STRONG><a name="[551]"></a>___aeabi_memmove8$ret</STRONG> (Thumb, 0 bytes, Stack size 8 bytes, memmove.o(.text), UNUSED)

<P><STRONG><a name="[21c]"></a>__aeabi_memcpy</STRONG> (Thumb, 66 bytes, Stack size 8 bytes, memmove.o(.text))
<BR><BR>[Stack]<UL><LI>Max Depth = 8<LI>Call Chain = __aeabi_memcpy
</UL>
<BR>[Called By]<UL><LI><a href="#[21b]">&gt;&gt;</a>&nbsp;&nbsp;&nbsp;HAL_LTDC_ConfigLayer
<LI><a href="#[29b]">&gt;&gt;</a>&nbsp;&nbsp;&nbsp;PresentSystem
<LI><a href="#[328]">&gt;&gt;</a>&nbsp;&nbsp;&nbsp;_ChangeCharacter
</UL>

<P><STRONG><a name="[2e6]"></a>__aeabi_memcpy4</STRONG> (Thumb, 0 bytes, Stack size 8 bytes, memmove.o(.text))
<BR><BR>[Stack]<UL><LI>Max Depth = 8<LI>Call Chain = __aeabi_memcpy4
</UL>
<BR>[Called By]<UL><LI><a href="#[3dd]">&gt;&gt;</a>&nbsp;&nbsp;&nbsp;GUI_SaveContext_W
<LI><a href="#[3db]">&gt;&gt;</a>&nbsp;&nbsp;&nbsp;GUI_RestoreContext
<LI><a href="#[46d]">&gt;&gt;</a>&nbsp;&nbsp;&nbsp;SPINBOX_CreateUser
<LI><a href="#[44e]">&gt;&gt;</a>&nbsp;&nbsp;&nbsp;RADIO_CreateUser
<LI><a href="#[30a]">&gt;&gt;</a>&nbsp;&nbsp;&nbsp;DROPDOWN_CreateUser
<LI><a href="#[2f5]">&gt;&gt;</a>&nbsp;&nbsp;&nbsp;CHECKBOX_CreateUser
<LI><a href="#[2e3]">&gt;&gt;</a>&nbsp;&nbsp;&nbsp;BUTTON_CreateUser
<LI><a href="#[32f]">&gt;&gt;</a>&nbsp;&nbsp;&nbsp;EDIT_CreateUser
<LI><a href="#[432]">&gt;&gt;</a>&nbsp;&nbsp;&nbsp;LISTBOX_CreateUser
</UL>

<P><STRONG><a name="[552]"></a>__aeabi_memcpy8</STRONG> (Thumb, 0 bytes, Stack size 8 bytes, memmove.o(.text), UNUSED)

<P><STRONG><a name="[52e]"></a>__aeabi_memmove</STRONG> (Thumb, 0 bytes, Stack size 8 bytes, memmove.o(.text))
<BR><BR>[Stack]<UL><LI>Max Depth = 8<LI>Call Chain = __aeabi_memmove
</UL>
<BR>[Called By]<UL><LI><a href="#[362]">&gt;&gt;</a>&nbsp;&nbsp;&nbsp;_RemoveHoles
<LI><a href="#[325]">&gt;&gt;</a>&nbsp;&nbsp;&nbsp;_InsertChar
</UL>

<P><STRONG><a name="[3]"></a>memcpy</STRONG> (Thumb, 0 bytes, Stack size 8 bytes, memmove.o(.text))
<BR><BR>[Stack]<UL><LI>Max Depth = 8<LI>Call Chain = memcpy
</UL>
<BR>[Address Reference Count : 1]<UL><LI> gui__private.o(.data)
</UL>
<P><STRONG><a name="[553]"></a>memmove</STRONG> (Thumb, 0 bytes, Stack size 8 bytes, memmove.o(.text), UNUSED)

<P><STRONG><a name="[18f]"></a>__aeabi_memset</STRONG> (Thumb, 14 bytes, Stack size 0 bytes, memseta.o(.text))
<BR><BR>[Called By]<UL><LI><a href="#[ce]">&gt;&gt;</a>&nbsp;&nbsp;&nbsp;mem_set
<LI><a href="#[2]">&gt;&gt;</a>&nbsp;&nbsp;&nbsp;memset
<LI><a href="#[18e]">&gt;&gt;</a>&nbsp;&nbsp;&nbsp;__aeabi_memclr
<LI><a href="#[180]">&gt;&gt;</a>&nbsp;&nbsp;&nbsp;GUI_USAGE_BM_AddHLine
</UL>

<P><STRONG><a name="[554]"></a>__aeabi_memset4</STRONG> (Thumb, 0 bytes, Stack size 0 bytes, memseta.o(.text), UNUSED)

<P><STRONG><a name="[555]"></a>__aeabi_memset8</STRONG> (Thumb, 0 bytes, Stack size 0 bytes, memseta.o(.text), UNUSED)

<P><STRONG><a name="[18e]"></a>__aeabi_memclr</STRONG> (Thumb, 4 bytes, Stack size 0 bytes, memseta.o(.text), UNUSED)
<BR><BR>[Calls]<UL><LI><a href="#[18f]">&gt;&gt;</a>&nbsp;&nbsp;&nbsp;__aeabi_memset
</UL>

<P><STRONG><a name="[299]"></a>__aeabi_memclr4</STRONG> (Thumb, 0 bytes, Stack size 0 bytes, memseta.o(.text))
<BR><BR>[Called By]<UL><LI><a href="#[1d8]">&gt;&gt;</a>&nbsp;&nbsp;&nbsp;MX_QSPI_Init
<LI><a href="#[2ae]">&gt;&gt;</a>&nbsp;&nbsp;&nbsp;TF_QuerySimple
<LI><a href="#[2a9]">&gt;&gt;</a>&nbsp;&nbsp;&nbsp;TF_InitStatic
<LI><a href="#[2b6]">&gt;&gt;</a>&nbsp;&nbsp;&nbsp;TF_HandleReceivedMessage
<LI><a href="#[9b]">&gt;&gt;</a>&nbsp;&nbsp;&nbsp;main
<LI><a href="#[4f8]">&gt;&gt;</a>&nbsp;&nbsp;&nbsp;_DrawBitmap_RGB
<LI><a href="#[4f7]">&gt;&gt;</a>&nbsp;&nbsp;&nbsp;_DrawBitmap_Pal
<LI><a href="#[4fb]">&gt;&gt;</a>&nbsp;&nbsp;&nbsp;_DrawBitmap_16bpp
<LI><a href="#[10e]">&gt;&gt;</a>&nbsp;&nbsp;&nbsp;_SetPos
<LI><a href="#[fd]">&gt;&gt;</a>&nbsp;&nbsp;&nbsp;_SetPos
<LI><a href="#[d]">&gt;&gt;</a>&nbsp;&nbsp;&nbsp;CHECKBOX__GetButtonSize
<LI><a href="#[17]">&gt;&gt;</a>&nbsp;&nbsp;&nbsp;_Create
<LI><a href="#[1f]">&gt;&gt;</a>&nbsp;&nbsp;&nbsp;_Create
<LI><a href="#[181]">&gt;&gt;</a>&nbsp;&nbsp;&nbsp;GUI_USAGE_BM_Clear
</UL>

<P><STRONG><a name="[556]"></a>__aeabi_memclr8</STRONG> (Thumb, 0 bytes, Stack size 0 bytes, memseta.o(.text), UNUSED)

<P><STRONG><a name="[2]"></a>memset</STRONG> (Thumb, 18 bytes, Stack size 8 bytes, memseta.o(.text))
<BR><BR>[Stack]<UL><LI>Max Depth = 8<LI>Call Chain = memset
</UL>
<BR>[Calls]<UL><LI><a href="#[18f]">&gt;&gt;</a>&nbsp;&nbsp;&nbsp;__aeabi_memset
</UL>
<BR>[Address Reference Count : 1]<UL><LI> gui__private.o(.data)
</UL>
<P><STRONG><a name="[c8]"></a>strlen</STRONG> (Thumb, 14 bytes, Stack size 0 bytes, strlen.o(.text))
<BR><BR>[Called By]<UL><LI><a href="#[1ff]">&gt;&gt;</a>&nbsp;&nbsp;&nbsp;DROPDOWN_AddString
<LI><a href="#[315]">&gt;&gt;</a>&nbsp;&nbsp;&nbsp;LISTBOX_AddStringH
<LI><a href="#[422]">&gt;&gt;</a>&nbsp;&nbsp;&nbsp;LISTBOX_AddString
<LI><a href="#[52d]">&gt;&gt;</a>&nbsp;&nbsp;&nbsp;_IsSpaceInBuffer
<LI><a href="#[325]">&gt;&gt;</a>&nbsp;&nbsp;&nbsp;_InsertChar
<LI><a href="#[324]">&gt;&gt;</a>&nbsp;&nbsp;&nbsp;_DeleteChar
</UL>
<BR>[Address Reference Count : 1]<UL><LI> main.o(.text.PresentSystem)
</UL>
<P><STRONG><a name="[3ed]"></a>memcmp</STRONG> (Thumb, 26 bytes, Stack size 12 bytes, memcmp.o(.text))
<BR><BR>[Stack]<UL><LI>Max Depth = 12<LI>Call Chain = memcmp
</UL>
<BR>[Called By]<UL><LI><a href="#[2d9]">&gt;&gt;</a>&nbsp;&nbsp;&nbsp;GUI_TOUCH_StoreStateEx
</UL>

<P><STRONG><a name="[40a]"></a>strcpy</STRONG> (Thumb, 18 bytes, Stack size 0 bytes, strcpy.o(.text))
<BR><BR>[Called By]<UL><LI><a href="#[2f2]">&gt;&gt;</a>&nbsp;&nbsp;&nbsp;GUI__SetText
<LI><a href="#[315]">&gt;&gt;</a>&nbsp;&nbsp;&nbsp;LISTBOX_AddStringH
<LI><a href="#[422]">&gt;&gt;</a>&nbsp;&nbsp;&nbsp;LISTBOX_AddString
<LI><a href="#[324]">&gt;&gt;</a>&nbsp;&nbsp;&nbsp;_DeleteChar
</UL>

<P><STRONG><a name="[190]"></a>__aeabi_dadd</STRONG> (Thumb, 322 bytes, Stack size 48 bytes, dadd.o(.text))
<BR><BR>[Stack]<UL><LI>Max Depth = 88<LI>Call Chain = __aeabi_dadd &rArr; _double_epilogue &rArr; _double_round
</UL>
<BR>[Calls]<UL><LI><a href="#[192]">&gt;&gt;</a>&nbsp;&nbsp;&nbsp;__aeabi_lasr
<LI><a href="#[191]">&gt;&gt;</a>&nbsp;&nbsp;&nbsp;__aeabi_llsl
<LI><a href="#[194]">&gt;&gt;</a>&nbsp;&nbsp;&nbsp;_double_round
<LI><a href="#[193]">&gt;&gt;</a>&nbsp;&nbsp;&nbsp;_double_epilogue
</UL>
<BR>[Called By]<UL><LI><a href="#[195]">&gt;&gt;</a>&nbsp;&nbsp;&nbsp;__aeabi_dsub
<LI><a href="#[9b]">&gt;&gt;</a>&nbsp;&nbsp;&nbsp;main
<LI><a href="#[2d5]">&gt;&gt;</a>&nbsp;&nbsp;&nbsp;__hardfp_log
<LI><a href="#[196]">&gt;&gt;</a>&nbsp;&nbsp;&nbsp;__aeabi_drsub
<LI><a href="#[544]">&gt;&gt;</a>&nbsp;&nbsp;&nbsp;__kernel_poly
<LI><a href="#[53f]">&gt;&gt;</a>&nbsp;&nbsp;&nbsp;__mathlib_dbl_infnan
<LI><a href="#[545]">&gt;&gt;</a>&nbsp;&nbsp;&nbsp;_fp_digits
</UL>

<P><STRONG><a name="[195]"></a>__aeabi_dsub</STRONG> (Thumb, 6 bytes, Stack size 0 bytes, dadd.o(.text))
<BR><BR>[Stack]<UL><LI>Max Depth = 88<LI>Call Chain = __aeabi_dsub &rArr; __aeabi_dadd &rArr; _double_epilogue &rArr; _double_round
</UL>
<BR>[Calls]<UL><LI><a href="#[190]">&gt;&gt;</a>&nbsp;&nbsp;&nbsp;__aeabi_dadd
</UL>
<BR>[Called By]<UL><LI><a href="#[2d5]">&gt;&gt;</a>&nbsp;&nbsp;&nbsp;__hardfp_log
</UL>

<P><STRONG><a name="[196]"></a>__aeabi_drsub</STRONG> (Thumb, 6 bytes, Stack size 0 bytes, dadd.o(.text))
<BR><BR>[Stack]<UL><LI>Max Depth = 88<LI>Call Chain = __aeabi_drsub &rArr; __aeabi_dadd &rArr; _double_epilogue &rArr; _double_round
</UL>
<BR>[Calls]<UL><LI><a href="#[190]">&gt;&gt;</a>&nbsp;&nbsp;&nbsp;__aeabi_dadd
</UL>
<BR>[Called By]<UL><LI><a href="#[2d5]">&gt;&gt;</a>&nbsp;&nbsp;&nbsp;__hardfp_log
</UL>

<P><STRONG><a name="[197]"></a>__aeabi_dmul</STRONG> (Thumb, 228 bytes, Stack size 48 bytes, dmul.o(.text))
<BR><BR>[Stack]<UL><LI>Max Depth = 88<LI>Call Chain = __aeabi_dmul &rArr; _double_epilogue &rArr; _double_round
</UL>
<BR>[Calls]<UL><LI><a href="#[193]">&gt;&gt;</a>&nbsp;&nbsp;&nbsp;_double_epilogue
</UL>
<BR>[Called By]<UL><LI><a href="#[9b]">&gt;&gt;</a>&nbsp;&nbsp;&nbsp;main
<LI><a href="#[2d5]">&gt;&gt;</a>&nbsp;&nbsp;&nbsp;__hardfp_log
<LI><a href="#[544]">&gt;&gt;</a>&nbsp;&nbsp;&nbsp;__kernel_poly
<LI><a href="#[545]">&gt;&gt;</a>&nbsp;&nbsp;&nbsp;_fp_digits
</UL>

<P><STRONG><a name="[198]"></a>__aeabi_ddiv</STRONG> (Thumb, 222 bytes, Stack size 32 bytes, ddiv.o(.text))
<BR><BR>[Stack]<UL><LI>Max Depth = 40<LI>Call Chain = __aeabi_ddiv &rArr; _double_round
</UL>
<BR>[Calls]<UL><LI><a href="#[194]">&gt;&gt;</a>&nbsp;&nbsp;&nbsp;_double_round
</UL>
<BR>[Called By]<UL><LI><a href="#[29b]">&gt;&gt;</a>&nbsp;&nbsp;&nbsp;PresentSystem
<LI><a href="#[9b]">&gt;&gt;</a>&nbsp;&nbsp;&nbsp;main
<LI><a href="#[2d5]">&gt;&gt;</a>&nbsp;&nbsp;&nbsp;__hardfp_log
<LI><a href="#[541]">&gt;&gt;</a>&nbsp;&nbsp;&nbsp;__mathlib_dbl_invalid
<LI><a href="#[542]">&gt;&gt;</a>&nbsp;&nbsp;&nbsp;__mathlib_dbl_divzero
<LI><a href="#[545]">&gt;&gt;</a>&nbsp;&nbsp;&nbsp;_fp_digits
</UL>

<P><STRONG><a name="[199]"></a>__aeabi_i2d</STRONG> (Thumb, 34 bytes, Stack size 16 bytes, dflti.o(.text))
<BR><BR>[Stack]<UL><LI>Max Depth = 56<LI>Call Chain = __aeabi_i2d &rArr; _double_epilogue &rArr; _double_round
</UL>
<BR>[Calls]<UL><LI><a href="#[193]">&gt;&gt;</a>&nbsp;&nbsp;&nbsp;_double_epilogue
</UL>
<BR>[Called By]<UL><LI><a href="#[29b]">&gt;&gt;</a>&nbsp;&nbsp;&nbsp;PresentSystem
<LI><a href="#[2d5]">&gt;&gt;</a>&nbsp;&nbsp;&nbsp;__hardfp_log
</UL>

<P><STRONG><a name="[2a0]"></a>__aeabi_f2d</STRONG> (Thumb, 38 bytes, Stack size 0 bytes, f2d.o(.text))
<BR><BR>[Called By]<UL><LI><a href="#[29b]">&gt;&gt;</a>&nbsp;&nbsp;&nbsp;PresentSystem
<LI><a href="#[9b]">&gt;&gt;</a>&nbsp;&nbsp;&nbsp;main
</UL>

<P><STRONG><a name="[19a]"></a>__aeabi_d2f</STRONG> (Thumb, 56 bytes, Stack size 8 bytes, d2f.o(.text))
<BR><BR>[Stack]<UL><LI>Max Depth = 8<LI>Call Chain = __aeabi_d2f
</UL>
<BR>[Calls]<UL><LI><a href="#[19b]">&gt;&gt;</a>&nbsp;&nbsp;&nbsp;_float_round
</UL>
<BR>[Called By]<UL><LI><a href="#[29b]">&gt;&gt;</a>&nbsp;&nbsp;&nbsp;PresentSystem
<LI><a href="#[9b]">&gt;&gt;</a>&nbsp;&nbsp;&nbsp;main
</UL>

<P><STRONG><a name="[557]"></a>__aeabi_uidiv</STRONG> (Thumb, 0 bytes, Stack size 12 bytes, uidiv.o(.text), UNUSED)

<P><STRONG><a name="[549]"></a>__aeabi_uidivmod</STRONG> (Thumb, 44 bytes, Stack size 12 bytes, uidiv.o(.text), UNUSED)
<BR><BR>[Called By]<UL><LI><a href="#[53e]">&gt;&gt;</a>&nbsp;&nbsp;&nbsp;_printf_core
</UL>

<P><STRONG><a name="[19c]"></a>__aeabi_uldivmod</STRONG> (Thumb, 98 bytes, Stack size 40 bytes, uldiv.o(.text), UNUSED)
<BR><BR>[Calls]<UL><LI><a href="#[19d]">&gt;&gt;</a>&nbsp;&nbsp;&nbsp;__aeabi_llsr
<LI><a href="#[191]">&gt;&gt;</a>&nbsp;&nbsp;&nbsp;__aeabi_llsl
</UL>
<BR>[Called By]<UL><LI><a href="#[53e]">&gt;&gt;</a>&nbsp;&nbsp;&nbsp;_printf_core
<LI><a href="#[545]">&gt;&gt;</a>&nbsp;&nbsp;&nbsp;_fp_digits
</UL>

<P><STRONG><a name="[191]"></a>__aeabi_llsl</STRONG> (Thumb, 30 bytes, Stack size 0 bytes, llshl.o(.text))
<BR><BR>[Called By]<UL><LI><a href="#[190]">&gt;&gt;</a>&nbsp;&nbsp;&nbsp;__aeabi_dadd
<LI><a href="#[19c]">&gt;&gt;</a>&nbsp;&nbsp;&nbsp;__aeabi_uldivmod
<LI><a href="#[193]">&gt;&gt;</a>&nbsp;&nbsp;&nbsp;_double_epilogue
<LI><a href="#[19e]">&gt;&gt;</a>&nbsp;&nbsp;&nbsp;__aeabi_d2ulz
</UL>

<P><STRONG><a name="[558]"></a>_ll_shift_l</STRONG> (Thumb, 0 bytes, Stack size 0 bytes, llshl.o(.text), UNUSED)

<P><STRONG><a name="[19d]"></a>__aeabi_llsr</STRONG> (Thumb, 32 bytes, Stack size 0 bytes, llushr.o(.text))
<BR><BR>[Called By]<UL><LI><a href="#[19c]">&gt;&gt;</a>&nbsp;&nbsp;&nbsp;__aeabi_uldivmod
<LI><a href="#[193]">&gt;&gt;</a>&nbsp;&nbsp;&nbsp;_double_epilogue
<LI><a href="#[19e]">&gt;&gt;</a>&nbsp;&nbsp;&nbsp;__aeabi_d2ulz
</UL>

<P><STRONG><a name="[559]"></a>_ll_ushift_r</STRONG> (Thumb, 0 bytes, Stack size 0 bytes, llushr.o(.text), UNUSED)

<P><STRONG><a name="[192]"></a>__aeabi_lasr</STRONG> (Thumb, 36 bytes, Stack size 0 bytes, llsshr.o(.text))
<BR><BR>[Called By]<UL><LI><a href="#[190]">&gt;&gt;</a>&nbsp;&nbsp;&nbsp;__aeabi_dadd
</UL>

<P><STRONG><a name="[55a]"></a>_ll_sshift_r</STRONG> (Thumb, 0 bytes, Stack size 0 bytes, llsshr.o(.text), UNUSED)

[...]
</UL>
<BR>[Address Reference Count : 1]<UL><LI> widget_effect_3d.o(.constdata)
</UL>
<P><STRONG><a name="[18a]"></a>_DrawDown</STRONG> (Thumb, 16 bytes, Stack size 16 bytes, widget_effect_simple.o(i._DrawDown))
<BR><BR>[Stack]<UL><LI>Max Depth = 304<LI>Call Chain = _DrawDown &rArr; _DrawDownRect &rArr; GUI_DrawRect &rArr; WM__InitIVRSearch &rArr; WM__GetNextIVR &rArr; WM__ActivateClipRect &rArr; _SetClipRectUserIntersect &rArr; LCD_SetClipRectEx &rArr; GUI__IntersectRects
</UL>
<BR>[Calls]<UL><LI><a href="#[2f9]">&gt;&gt;</a>&nbsp;&nbsp;&nbsp;WM_GetClientRect
<LI><a href="#[18b]">&gt;&gt;</a>&nbsp;&nbsp;&nbsp;_DrawDownRect
</UL>
<BR>[Address Reference Count : 1]<UL><LI> widget_effect_simple.o(.constdata)
</UL>
<P><STRONG><a name="[18b]"></a>_DrawDownRect</STRONG> (Thumb, 50 bytes, Stack size 120 bytes, widget_effect_simple.o(i._DrawDownRect))
<BR><BR>[Stack]<UL><LI>Max Depth = 288<LI>Call Chain = _DrawDownRect &rArr; GUI_DrawRect &rArr; WM__InitIVRSearch &rArr; WM__GetNextIVR &rArr; WM__ActivateClipRect &rArr; _SetClipRectUserIntersect &rArr; LCD_SetClipRectEx &rArr; GUI__IntersectRects
</UL>
<BR>[Calls]<UL><LI><a href="#[354]">&gt;&gt;</a>&nbsp;&nbsp;&nbsp;LCD_SetColor
<LI><a href="#[3dd]">&gt;&gt;</a>&nbsp;&nbsp;&nbsp;GUI_SaveContext_W
<LI><a href="#[3db]">&gt;&gt;</a>&nbsp;&nbsp;&nbsp;GUI_RestoreContext
<LI><a href="#[2e9]">&gt;&gt;</a>&nbsp;&nbsp;&nbsp;GUI_DrawRect
</UL>
<BR>[Called By]<UL><LI><a href="#[18a]">&gt;&gt;</a>&nbsp;&nbsp;&nbsp;_DrawDown
</UL>
<BR>[Address Reference Count : 1]<UL><LI> widget_effect_simple.o(.constdata)
</UL>
<P><STRONG><a name="[188]"></a>_DrawUp</STRONG> (Thumb, 16 bytes, Stack size 16 bytes, widget_effect_simple.o(i._DrawUp))
<BR><BR>[Stack]<UL><LI>Max Depth = 304<LI>Call Chain = _DrawUp &rArr; _DrawUpRect &rArr; GUI_DrawRect &rArr; WM__InitIVRSearch &rArr; WM__GetNextIVR &rArr; WM__ActivateClipRect &rArr; _SetClipRectUserIntersect &rArr; LCD_SetClipRectEx &rArr; GUI__IntersectRects
</UL>
<BR>[Calls]<UL><LI><a href="#[2f9]">&gt;&gt;</a>&nbsp;&nbsp;&nbsp;WM_GetClientRect
<LI><a href="#[189]">&gt;&gt;</a>&nbsp;&nbsp;&nbsp;_DrawUpRect
</UL>
<BR>[Address Reference Count : 1]<UL><LI> widget_effect_simple.o(.constdata)
</UL>
<P><STRONG><a name="[189]"></a>_DrawUpRect</STRONG> (Thumb, 50 bytes, Stack size 120 bytes, widget_effect_simple.o(i._DrawUpRect))
<BR><BR>[Stack]<UL><LI>Max Depth = 288<LI>Call Chain = _DrawUpRect &rArr; GUI_DrawRect &rArr; WM__InitIVRSearch &rArr; WM__GetNextIVR &rArr; WM__ActivateClipRect &rArr; _SetClipRectUserIntersect &rArr; LCD_SetClipRectEx &rArr; GUI__IntersectRects
</UL>
<BR>[Calls]<UL><LI><a href="#[354]">&gt;&gt;</a>&nbsp;&nbsp;&nbsp;LCD_SetColor
<LI><a href="#[3dd]">&gt;&gt;</a>&nbsp;&nbsp;&nbsp;GUI_SaveContext_W
<LI><a href="#[3db]">&gt;&gt;</a>&nbsp;&nbsp;&nbsp;GUI_RestoreContext
<LI><a href="#[2e9]">&gt;&gt;</a>&nbsp;&nbsp;&nbsp;GUI_DrawRect
</UL>
<BR>[Called By]<UL><LI><a href="#[188]">&gt;&gt;</a>&nbsp;&nbsp;&nbsp;_DrawUp
</UL>
<BR>[Address Reference Count : 1]<UL><LI> widget_effect_simple.o(.constdata)
</UL>
<P><STRONG><a name="[48d]"></a>_BringToTop</STRONG> (Thumb, 106 bytes, Stack size 24 bytes, wm_bringtotop.o(i._BringToTop))
<BR><BR>[Stack]<UL><LI>Max Depth = 184<LI>Call Chain = _BringToTop &rArr; WM_InvalidateWindow &rArr; WM_InvalidateRect &rArr; WM__InvalidateRectEx &rArr; WM__InvalidateRect &rArr;  WM__InvalidateRect (Cycle)
</UL>
<BR>[Calls]<UL><LI><a href="#[2f3]">&gt;&gt;</a>&nbsp;&nbsp;&nbsp;WM_InvalidateWindow
<LI><a href="#[2dc]">&gt;&gt;</a>&nbsp;&nbsp;&nbsp;GUI_ALLOC_UnlockH
<LI><a href="#[2db]">&gt;&gt;</a>&nbsp;&nbsp;&nbsp;GUI_ALLOC_LockH
<LI><a href="#[4cb]">&gt;&gt;</a>&nbsp;&nbsp;&nbsp;WM__RemoveWindowFromList
<LI><a href="#[48f]">&gt;&gt;</a>&nbsp;&nbsp;&nbsp;WM__InsertWindowIntoList
<LI><a href="#[49a]">&gt;&gt;</a>&nbsp;&nbsp;&nbsp;WM_ForEachDesc
</UL>
<BR>[Called By]<UL><LI><a href="#[47d]">&gt;&gt;</a>&nbsp;&nbsp;&nbsp;WM_BringToTop
</UL>

<P><STRONG><a name="[f6]"></a>_cbInvalidateOne</STRONG> (Thumb, 4 bytes, Stack size 0 bytes, wm_bringtotop.o(i._cbInvalidateOne))
<BR><BR>[Stack]<UL><LI>Max Depth = 160<LI>Call Chain = _cbInvalidateOne &rArr; WM_InvalidateWindow &rArr; WM_InvalidateRect &rArr; WM__InvalidateRectEx &rArr; WM__InvalidateRect &rArr;  WM__InvalidateRect (Cycle)
</UL>
<BR>[Calls]<UL><LI><a href="#[2f3]">&gt;&gt;</a>&nbsp;&nbsp;&nbsp;WM_InvalidateWindow
</UL>
<BR>[Address Reference Count : 1]<UL><LI> wm_bringtotop.o(i._BringToTop)
</UL>
<P><STRONG><a name="[4d1]"></a>_MoveDescendents</STRONG> (Thumb, 110 bytes, Stack size 72 bytes, wm_move.o(i._MoveDescendents))
<BR><BR>[Stack]<UL><LI>Max Depth = 256 + In Cycle
<LI>Call Chain = _MoveDescendents &rArr;  _MoveDescendents (Cycle)
</UL>
<BR>[Calls]<UL><LI><a href="#[2dc]">&gt;&gt;</a>&nbsp;&nbsp;&nbsp;GUI_ALLOC_UnlockH
<LI><a href="#[2db]">&gt;&gt;</a>&nbsp;&nbsp;&nbsp;GUI_ALLOC_LockH
<LI><a href="#[2ed]">&gt;&gt;</a>&nbsp;&nbsp;&nbsp;GUI_MoveRect
<LI><a href="#[430]">&gt;&gt;</a>&nbsp;&nbsp;&nbsp;WM__SendMessage
<LI><a href="#[4d1]">&gt;&gt;</a>&nbsp;&nbsp;&nbsp;_MoveDescendents
</UL>
<BR>[Called By]<UL><LI><a href="#[4b8]">&gt;&gt;</a>&nbsp;&nbsp;&nbsp;WM__MoveWindow
<LI><a href="#[4d1]">&gt;&gt;</a>&nbsp;&nbsp;&nbsp;_MoveDescendents
</UL>

<P><STRONG><a name="[538]"></a>_Screen2hWin</STRONG> (Thumb, 90 bytes, Stack size 32 bytes, wm_screen2win.o(i._Screen2hWin))
<BR><BR>[Stack]<UL><LI>Max Depth = 32 + In Cycle
<LI>Call Chain = _Screen2hWin &rArr;  _Screen2hWin (Cycle)
</UL>
<BR>[Calls]<UL><LI><a href="#[2dc]">&gt;&gt;</a>&nbsp;&nbsp;&nbsp;GUI_ALLOC_UnlockH
<LI><a href="#[2db]">&gt;&gt;</a>&nbsp;&nbsp;&nbsp;GUI_ALLOC_LockH
<LI><a href="#[365]">&gt;&gt;</a>&nbsp;&nbsp;&nbsp;GUI_ALLOC_h2p
<LI><a href="#[539]">&gt;&gt;</a>&nbsp;&nbsp;&nbsp;WM__IsInWindow
<LI><a href="#[538]">&gt;&gt;</a>&nbsp;&nbsp;&nbsp;_Screen2hWin
</UL>
<BR>[Called By]<UL><LI><a href="#[4bc]">&gt;&gt;</a>&nbsp;&nbsp;&nbsp;_Screen2hWinStop
<LI><a href="#[538]">&gt;&gt;</a>&nbsp;&nbsp;&nbsp;_Screen2hWin
</UL>

<P><STRONG><a name="[4bc]"></a>_Screen2hWinStop</STRONG> (Thumb, 30 bytes, Stack size 16 bytes, wm_screen2win.o(i._Screen2hWinStop))
<BR><BR>[Stack]<UL><LI>Max Depth = 48<LI>Call Chain = _Screen2hWinStop &rArr; _Screen2hWin &rArr;  _Screen2hWin (Cycle)
</UL>
<BR>[Calls]<UL><LI><a href="#[53a]">&gt;&gt;</a>&nbsp;&nbsp;&nbsp;WM_GetDesktopWindowEx
<LI><a href="#[538]">&gt;&gt;</a>&nbsp;&nbsp;&nbsp;_Screen2hWin
</UL>
<BR>[Called By]<UL><LI><a href="#[4a6]">&gt;&gt;</a>&nbsp;&nbsp;&nbsp;WM_Screen2hWin
</UL>

<P><STRONG><a name="[4d9]"></a>_SetScrollbar</STRONG> (Thumb, 76 bytes, Stack size 24 bytes, wm_setscrollbar.o(i._SetScrollbar))
<BR><BR>[Stack]<UL><LI>Max Depth = 432<LI>Call Chain = _SetScrollbar &rArr; SCROLLBAR_CreateAttached &rArr; SCROLLBAR_CreateEx &rArr; SCROLLBAR_CreateUser &rArr; SCROLLBAR__InvalidatePartner &rArr; WM_GetScrollPartner &rArr; WM_GetDialogItem &rArr; _GetDialogItem &rArr;  _GetDialogItem (Cycle)
</UL>
<BR>[Calls]<UL><LI><a href="#[2dc]">&gt;&gt;</a>&nbsp;&nbsp;&nbsp;GUI_ALLOC_UnlockH
<LI><a href="#[2db]">&gt;&gt;</a>&nbsp;&nbsp;&nbsp;GUI_ALLOC_LockH
<LI><a href="#[4ca]">&gt;&gt;</a>&nbsp;&nbsp;&nbsp;WM__DeleteSecure
<LI><a href="#[469]">&gt;&gt;</a>&nbsp;&nbsp;&nbsp;WM_HideWindow
<LI><a href="#[446]">&gt;&gt;</a>&nbsp;&nbsp;&nbsp;WM_GetDialogItem
<LI><a href="#[458]">&gt;&gt;</a>&nbsp;&nbsp;&nbsp;SCROLLBAR_CreateAttached
</UL>
<BR>[Called By]<UL><LI><a href="#[4c5]">&gt;&gt;</a>&nbsp;&nbsp;&nbsp;WM__SetScrollbarV
<LI><a href="#[4c4]">&gt;&gt;</a>&nbsp;&nbsp;&nbsp;WM__SetScrollbarH
</UL>

<P><STRONG><a name="[4f3]"></a>_CreateBuffer</STRONG> (Thumb, 160 bytes, Stack size 24 bytes, gui_sprite.o(i._CreateBuffer))
<BR><BR>[Stack]<UL><LI>Max Depth = 144<LI>Call Chain = _CreateBuffer &rArr; GUI_ALLOC_AllocNoInit &rArr; _Alloc &rArr; _InitOnce &rArr; _EnlargeBlocks &rArr;  _Alloc (Cycle)
</UL>
<BR>[Calls]<UL><LI><a href="#[2db]">&gt;&gt;</a>&nbsp;&nbsp;&nbsp;GUI_ALLOC_LockH
<LI><a href="#[35b]">&gt;&gt;</a>&nbsp;&nbsp;&nbsp;GUI_ALLOC_AllocNoInit
<LI><a href="#[3b4]">&gt;&gt;</a>&nbsp;&nbsp;&nbsp;GUI_DEVICE__GetpDriver
<LI><a href="#[364]">&gt;&gt;</a>&nbsp;&nbsp;&nbsp;GUI_ALLOC_GetMaxSize
</UL>
<BR>[Called By]<UL><LI><a href="#[3dc]">&gt;&gt;</a>&nbsp;&nbsp;&nbsp;_SetPosition
</UL>

<P><STRONG><a name="[521]"></a>_FlushBuffer</STRONG> (Thumb, 122 bytes, Stack size 48 bytes, gui_sprite.o(i._FlushBuffer))
<BR><BR>[Stack]<UL><LI>Max Depth = 56<LI>Call Chain = _FlushBuffer &rArr; GUI__CompactPixelIndices
</UL>
<BR>[Calls]<UL><LI><a href="#[4ef]">&gt;&gt;</a>&nbsp;&nbsp;&nbsp;GUI__CompactPixelIndices
</UL>
<BR>[Called By]<UL><LI><a href="#[53b]">&gt;&gt;</a>&nbsp;&nbsp;&nbsp;_SetBkIndexBuffered
<LI><a href="#[537]">&gt;&gt;</a>&nbsp;&nbsp;&nbsp;_ReleaseBuffer
</UL>

<P><STRONG><a name="[523]"></a>_GetBkIndex</STRONG> (Thumb, 110 bytes, Stack size 32 bytes, gui_sprite.o(i._GetBkIndex))
<BR><BR>[Stack]<UL><LI>Max Depth = 48<LI>Call Chain = _GetBkIndex &rArr; GUI_GetBitmapPixelIndex &rArr; GUI_GetBitmapPixelIndexEx
</UL>
<BR>[Calls]<UL><LI><a href="#[399]">&gt;&gt;</a>&nbsp;&nbsp;&nbsp;GUI_GetBitmapPixelIndex
</UL>
<BR>[Called By]<UL><LI><a href="#[3dc]">&gt;&gt;</a>&nbsp;&nbsp;&nbsp;_SetPosition
</UL>

<P><STRONG><a name="[524]"></a>_GetBkIndexAlpha</STRONG> (Thumb, 128 bytes, Stack size 32 bytes, gui_sprite.o(i._GetBkIndexAlpha))
<BR><BR>[Stack]<UL><LI>Max Depth = 48<LI>Call Chain = _GetBkIndexAlpha &rArr; GUI_GetBitmapPixelIndex &rArr; GUI_GetBitmapPixelIndexEx
</UL>
<BR>[Calls]<UL><LI><a href="#[399]">&gt;&gt;</a>&nbsp;&nbsp;&nbsp;GUI_GetBitmapPixelIndex
</UL>
<BR>[Called By]<UL><LI><a href="#[3dc]">&gt;&gt;</a>&nbsp;&nbsp;&nbsp;_SetPosition
</UL>

<P><STRONG><a name="[529]"></a>_GetDeviceRect</STRONG> (Thumb, 58 bytes, Stack size 16 bytes, gui_sprite.o(i._GetDeviceRect))
<BR><BR>[Stack]<UL><LI>Max Depth = 32<LI>Call Chain = _GetDeviceRect &rArr; LCD_GetYSizeEx &rArr; _GetDevProp
</UL>
<BR>[Calls]<UL><LI><a href="#[290]">&gt;&gt;</a>&nbsp;&nbsp;&nbsp;LCD_GetYSizeEx
<LI><a href="#[28f]">&gt;&gt;</a>&nbsp;&nbsp;&nbsp;LCD_GetXSizeEx
</UL>
<BR>[Called By]<UL><LI><a href="#[3dc]">&gt;&gt;</a>&nbsp;&nbsp;&nbsp;_SetPosition
</UL>

<P><STRONG><a name="[537]"></a>_ReleaseBuffer</STRONG> (Thumb, 28 bytes, Stack size 16 bytes, gui_sprite.o(i._ReleaseBuffer))
<BR><BR>[Stack]<UL><LI>Max Depth = 72<LI>Call Chain = _ReleaseBuffer &rArr; _FlushBuffer &rArr; GUI__CompactPixelIndices
</UL>
<BR>[Calls]<UL><LI><a href="#[2dc]">&gt;&gt;</a>&nbsp;&nbsp;&nbsp;GUI_ALLOC_UnlockH
<LI><a href="#[306]">&gt;&gt;</a>&nbsp;&nbsp;&nbsp;GUI_ALLOC_Free
<LI><a href="#[521]">&gt;&gt;</a>&nbsp;&nbsp;&nbsp;_FlushBuffer
</UL>
<BR>[Called By]<UL><LI><a href="#[3dc]">&gt;&gt;</a>&nbsp;&nbsp;&nbsp;_SetPosition
</UL>

<P><STRONG><a name="[53b]"></a>_SetBkIndexBuffered</STRONG> (Thumb, 74 bytes, Stack size 24 bytes, gui_sprite.o(i._SetBkIndexBuffered))
<BR><BR>[Stack]<UL><LI>Max Depth = 80<LI>Call Chain = _SetBkIndexBuffered &rArr; _FlushBuffer &rArr; GUI__CompactPixelIndices
</UL>
<BR>[Calls]<UL><LI><a href="#[521]">&gt;&gt;</a>&nbsp;&nbsp;&nbsp;_FlushBuffer
</UL>
<BR>[Called By]<UL><LI><a href="#[3dc]">&gt;&gt;</a>&nbsp;&nbsp;&nbsp;_SetPosition
</UL>

<P><STRONG><a name="[3dc]"></a>_SetPosition</STRONG> (Thumb, 1122 bytes, Stack size 216 bytes, gui_sprite.o(i._SetPosition))
<BR><BR>[Stack]<UL><LI>Max Depth = 360<LI>Call Chain = _SetPosition &rArr; _CreateBuffer &rArr; GUI_ALLOC_AllocNoInit &rArr; _Alloc &rArr; _InitOnce &rArr; _EnlargeBlocks &rArr;  _Alloc (Cycle)
</UL>
<BR>[Calls]<UL><LI><a href="#[2dc]">&gt;&gt;</a>&nbsp;&nbsp;&nbsp;GUI_ALLOC_UnlockH
<LI><a href="#[2db]">&gt;&gt;</a>&nbsp;&nbsp;&nbsp;GUI_ALLOC_LockH
<LI><a href="#[399]">&gt;&gt;</a>&nbsp;&nbsp;&nbsp;GUI_GetBitmapPixelIndex
<LI><a href="#[3b2]">&gt;&gt;</a>&nbsp;&nbsp;&nbsp;GUI_MEMDEV_Select
<LI><a href="#[53b]">&gt;&gt;</a>&nbsp;&nbsp;&nbsp;_SetBkIndexBuffered
<LI><a href="#[537]">&gt;&gt;</a>&nbsp;&nbsp;&nbsp;_ReleaseBuffer
<LI><a href="#[529]">&gt;&gt;</a>&nbsp;&nbsp;&nbsp;_GetDeviceRect
<LI><a href="#[524]">&gt;&gt;</a>&nbsp;&nbsp;&nbsp;_GetBkIndexAlpha
<LI><a href="#[523]">&gt;&gt;</a>&nbsp;&nbsp;&nbsp;_GetBkIndex
<LI><a href="#[4f3]">&gt;&gt;</a>&nbsp;&nbsp;&nbsp;_CreateBuffer
</UL>
<BR>[Called By]<UL><LI><a href="#[37c]">&gt;&gt;</a>&nbsp;&nbsp;&nbsp;GUI_SPRITE_SetPosition
</UL>

<P><STRONG><a name="[f7]"></a>_CalcPositions</STRONG> (Thumb, 334 bytes, Stack size 96 bytes, scrollbar_skin.o(i._CalcPositions))
<BR><BR>[Stack]<UL><LI>Max Depth = 328<LI>Call Chain = _CalcPositions &rArr; WM_GetScrollbarV &rArr; _GetDialogItem &rArr;  _GetDialogItem (Cycle)
</UL>
<BR>[Calls]<UL><LI><a href="#[2dc]">&gt;&gt;</a>&nbsp;&nbsp;&nbsp;GUI_ALLOC_UnlockH
<LI><a href="#[2db]">&gt;&gt;</a>&nbsp;&nbsp;&nbsp;GUI_ALLOC_LockH
<LI><a href="#[2ed]">&gt;&gt;</a>&nbsp;&nbsp;&nbsp;GUI_MoveRect
<LI><a href="#[4e6]">&gt;&gt;</a>&nbsp;&nbsp;&nbsp;GUI__DivideRound32
<LI><a href="#[479]">&gt;&gt;</a>&nbsp;&nbsp;&nbsp;WM_GetWindowRectEx
<LI><a href="#[427]">&gt;&gt;</a>&nbsp;&nbsp;&nbsp;WM_GetScrollbarV
<LI><a href="#[429]">&gt;&gt;</a>&nbsp;&nbsp;&nbsp;WM_GetScrollbarH
<LI><a href="#[4e5]">&gt;&gt;</a>&nbsp;&nbsp;&nbsp;SCROLLBAR__Rect2VRect
</UL>
<BR>[Called By]<UL><LI><a href="#[24]">&gt;&gt;</a>&nbsp;&nbsp;&nbsp;_Paint
</UL>
<BR>[Address Reference Count : 1]<UL><LI> scrollbar_skin.o(i._Create)
</UL>
<P><STRONG><a name="[25]"></a>_Create</STRONG> (Thumb, 52 bytes, Stack size 64 bytes, scrollbar_skin.o(i._Create))
<BR><BR>[Stack]<UL><LI>Max Depth = 64<LI>Call Chain = _Create
</UL>
<BR>[Calls]<UL><LI><a href="#[2dc]">&gt;&gt;</a>&nbsp;&nbsp;&nbsp;GUI_ALLOC_UnlockH
<LI><a href="#[2db]">&gt;&gt;</a>&nbsp;&nbsp;&nbsp;GUI_ALLOC_LockH
</UL>
<BR>[Address Reference Count : 1]<UL><LI> scrollbar_skin.o(.data)
</UL>
<P><STRONG><a name="[24]"></a>_Paint</STRONG> (Thumb, 186 bytes, Stack size 120 bytes, scrollbar_skin.o(i._Paint))
<BR><BR>[Stack]<UL><LI>Max Depth = 448<LI>Call Chain = _Paint &rArr; _CalcPositions &rArr; WM_GetScrollbarV &rArr; _GetDialogItem &rArr;  _GetDialogItem (Cycle)
</UL>
<BR>[Calls]<UL><LI><a href="#[2dc]">&gt;&gt;</a>&nbsp;&nbsp;&nbsp;GUI_ALLOC_UnlockH
<LI><a href="#[2db]">&gt;&gt;</a>&nbsp;&nbsp;&nbsp;GUI_ALLOC_LockH
<LI><a href="#[486]">&gt;&gt;</a>&nbsp;&nbsp;&nbsp;WIDGET__GetClientRect
<LI><a href="#[f7]">&gt;&gt;</a>&nbsp;&nbsp;&nbsp;_CalcPositions
</UL>
<BR>[Address Reference Count : 1]<UL><LI> scrollbar_skin.o(.data)
</UL>
<P><STRONG><a name="[ee]"></a>_DrawBackgroundH</STRONG> (Thumb, 92 bytes, Stack size 24 bytes, scrollbar_skinflex.o(i._DrawBackgroundH))
<BR><BR>[Stack]<UL><LI>Max Depth = 224<LI>Call Chain = _DrawBackgroundH &rArr; GUI_DrawGradientV &rArr; WM__InitIVRSearch &rArr; WM__GetNextIVR &rArr; WM__ActivateClipRect &rArr; _SetClipRectUserIntersect &rArr; LCD_SetClipRectEx &rArr; GUI__IntersectRects
</UL>
<BR>[Calls]<UL><LI><a href="#[ef]">&gt;&gt;</a>&nbsp;&nbsp;&nbsp;GUI_DrawGradientV
<LI><a href="#[4fc]">&gt;&gt;</a>&nbsp;&nbsp;&nbsp;_DrawFrame
</UL>
<BR>[Address Reference Count : 1]<UL><LI> scrollbar_skinflex.o(i.SCROLLBAR_DrawSkinFlex)
</UL>
<P><STRONG><a name="[eb]"></a>_DrawBackgroundV</STRONG> (Thumb, 92 bytes, Stack size 24 bytes, scrollbar_skinflex.o(i._DrawBackgroundV))
<BR><BR>[Stack]<UL><LI>Max Depth = 224<LI>Call Chain = _DrawBackgroundV &rArr; GUI_DrawGradientH &rArr; WM__InitIVRSearch &rArr; WM__GetNextIVR &rArr; WM__ActivateClipRect &rArr; _SetClipRectUserIntersect &rArr; LCD_SetClipRectEx &rArr; GUI__IntersectRects
</UL>
<BR>[Calls]<UL><LI><a href="#[ec]">&gt;&gt;</a>&nbsp;&nbsp;&nbsp;GUI_DrawGradientH
<LI><a href="#[4fc]">&gt;&gt;</a>&nbsp;&nbsp;&nbsp;_DrawFrame
</UL>
<BR>[Address Reference Count : 1]<UL><LI> scrollbar_skinflex.o(i.SCROLLBAR_DrawSkinFlex)
</UL>
<P><STRONG><a name="[4fc]"></a>_DrawFrame</STRONG> (Thumb, 244 bytes, Stack size 16 bytes, scrollbar_skinflex.o(i._DrawFrame))
<BR><BR>[Stack]<UL><LI>Max Depth = 184<LI>Call Chain = _DrawFrame &rArr; GUI_DrawHLine &rArr; WM__InitIVRSearch &rArr; WM__GetNextIVR &rArr; WM__ActivateClipRect &rArr; _SetClipRectUserIntersect &rArr; LCD_SetClipRectEx &rArr; GUI__IntersectRects
</UL>
<BR>[Calls]<UL><LI><a href="#[1b2]">&gt;&gt;</a>&nbsp;&nbsp;&nbsp;GUI_SetColor
<LI><a href="#[ae]">&gt;&gt;</a>&nbsp;&nbsp;&nbsp;GUI_DrawHLine
<LI><a href="#[2e8]">&gt;&gt;</a>&nbsp;&nbsp;&nbsp;GUI_DrawVLine
<LI><a href="#[395]">&gt;&gt;</a>&nbsp;&nbsp;&nbsp;GUI_DrawPixel
</UL>
<BR>[Called By]<UL><LI><a href="#[eb]">&gt;&gt;</a>&nbsp;&nbsp;&nbsp;_DrawBackgroundV
<LI><a href="#[ee]">&gt;&gt;</a>&nbsp;&nbsp;&nbsp;_DrawBackgroundH
</UL>

<P><STRONG><a name="[f0]"></a>_DrawGraspH</STRONG> (Thumb, 92 bytes, Stack size 16 bytes, scrollbar_skinflex.o(i._DrawGraspH))
<BR><BR>[Stack]<UL><LI>Max Depth = 176<LI>Call Chain = _DrawGraspH &rArr; GUI_DrawVLine &rArr; WM__InitIVRSearch &rArr; WM__GetNextIVR &rArr; WM__ActivateClipRect &rArr; _SetClipRectUserIntersect &rArr; LCD_SetClipRectEx &rArr; GUI__IntersectRects
</UL>
<BR>[Calls]<UL><LI><a href="#[1b2]">&gt;&gt;</a>&nbsp;&nbsp;&nbsp;GUI_SetColor
<LI><a href="#[2e8]">&gt;&gt;</a>&nbsp;&nbsp;&nbsp;GUI_DrawVLine
</UL>
<BR>[Address Reference Count : 1]<UL><LI> scrollbar_skinflex.o(i.SCROLLBAR_DrawSkinFlex)
</UL>
<P><STRONG><a name="[ed]"></a>_DrawGraspV</STRONG> (Thumb, 92 bytes, Stack size 16 bytes, scrollbar_skinflex.o(i._DrawGraspV))
<BR><BR>[Stack]<UL><LI>Max Depth = 184<LI>Call Chain = _DrawGraspV &rArr; GUI_DrawHLine &rArr; WM__InitIVRSearch &rArr; WM__GetNextIVR &rArr; WM__ActivateClipRect &rArr; _SetClipRectUserIntersect &rArr; LCD_SetClipRectEx &rArr; GUI__IntersectRects
</UL>
<BR>[Calls]<UL><LI><a href="#[1b2]">&gt;&gt;</a>&nbsp;&nbsp;&nbsp;GUI_SetColor
<LI><a href="#[ae]">&gt;&gt;</a>&nbsp;&nbsp;&nbsp;GUI_DrawHLine
</UL>
<BR>[Address Reference Count : 1]<UL><LI> scrollbar_skinflex.o(i.SCROLLBAR_DrawSkinFlex)
</UL>
<P><STRONG><a name="[45d]"></a>_GetArrowPara</STRONG> (Thumb, 48 bytes, Stack size 8 bytes, scrollbar_skinflex.o(i._GetArrowPara))
<BR><BR>[Stack]<UL><LI>Max Depth = 8<LI>Call Chain = _GetArrowPara
</UL>
<BR>[Called By]<UL><LI><a href="#[23]">&gt;&gt;</a>&nbsp;&nbsp;&nbsp;SCROLLBAR_DrawSkinFlex
</UL>

<P><STRONG><a name="[545]"></a>_fp_digits</STRONG> (Thumb, 366 bytes, Stack size 64 bytes, printfa.o(i._fp_digits), UNUSED)
<BR><BR>[Calls]<UL><LI><a href="#[197]">&gt;&gt;</a>&nbsp;&nbsp;&nbsp;__aeabi_dmul
<LI><a href="#[198]">&gt;&gt;</a>&nbsp;&nbsp;&nbsp;__aeabi_ddiv
<LI><a href="#[190]">&gt;&gt;</a>&nbsp;&nbsp;&nbsp;__aeabi_dadd
<LI><a href="#[546]">&gt;&gt;</a>&nbsp;&nbsp;&nbsp;__aeabi_cdrcmple
<LI><a href="#[19c]">&gt;&gt;</a>&nbsp;&nbsp;&nbsp;__aeabi_uldivmod
<LI><a href="#[19e]">&gt;&gt;</a>&nbsp;&nbsp;&nbsp;__aeabi_d2ulz
</UL>
<BR>[Called By]<UL><LI><a href="#[53e]">&gt;&gt;</a>&nbsp;&nbsp;&nbsp;_printf_core
</UL>

<P><STRONG><a name="[53e]"></a>_printf_core</STRONG> (Thumb, 1744 bytes, Stack size 136 bytes, printfa.o(i._printf_core), UNUSED)
<BR><BR>[Calls]<UL><LI><a href="#[19c]">&gt;&gt;</a>&nbsp;&nbsp;&nbsp;__aeabi_uldivmod
<LI><a href="#[549]">&gt;&gt;</a>&nbsp;&nbsp;&nbsp;__aeabi_uidivmod
<LI><a href="#[547]">&gt;&gt;</a>&nbsp;&nbsp;&nbsp;_printf_pre_padding
<LI><a href="#[548]">&gt;&gt;</a>&nbsp;&nbsp;&nbsp;_printf_post_padding
<LI><a href="#[545]">&gt;&gt;</a>&nbsp;&nbsp;&nbsp;_fp_digits
</UL>
<BR>[Called By]<UL><LI><a href="#[53d]">&gt;&gt;</a>&nbsp;&nbsp;&nbsp;__0sprintf
</UL>

<P><STRONG><a name="[548]"></a>_printf_post_padding</STRONG> (Thumb, 36 bytes, Stack size 24 bytes, printfa.o(i._printf_post_padding), UNUSED)
<BR><BR>[Called By]<UL><LI><a href="#[53e]">&gt;&gt;</a>&nbsp;&nbsp;&nbsp;_printf_core
</UL>

<P><STRONG><a name="[547]"></a>_printf_pre_padding</STRONG> (Thumb, 46 bytes, Stack size 24 bytes, printfa.o(i._printf_pre_padding), UNUSED)
<BR><BR>[Called By]<UL><LI><a href="#[53e]">&gt;&gt;</a>&nbsp;&nbsp;&nbsp;_printf_core
</UL>

<P><STRONG><a name="[120]"></a>_sputc</STRONG> (Thumb, 10 bytes, Stack size 0 bytes, printfa.o(i._sputc))
<BR><BR>[Called By]<UL><LI><a href="#[53d]">&gt;&gt;</a>&nbsp;&nbsp;&nbsp;__0sprintf
</UL>
<BR>[Address Reference Count : 1]<UL><LI> printfa.o(i.__0sprintf)
</UL><P>
<H3>
Undefined Global Symbols
</H3><HR></body></html>
