<html>
<body>
<pre>
<h1>µVision Build Log</h1>
<h2>Tool Versions:</h2>
IDE-Version: µVision V5.29.0.0
Copyright (C) 2019 ARM Ltd and ARM Germany GmbH. All rights reserved.
License Information: no_name no_last_name, no_company, LIC=7YKY8-38F3U-06HQU-SNXKD-GZ9PP-2ZWZI
 
Tool Versions:
Toolchain:       MDK-ARM Professional  Version: 5.29.0.0
Toolchain Path:  C:\Keil\ARM\ARMCC\Bin
C Compiler:      Armcc.exe V5.06 update 6 (build 750)
Assembler:       Armasm.exe V5.06 update 6 (build 750)
Linker/Locator:  ArmLink.exe V5.06 update 6 (build 750)
Library Manager: ArmAr.exe V5.06 update 6 (build 750)
Hex Converter:   FromElf.exe V5.06 update 6 (build 750)
CPU DLL:         SARMCM3.DLL V5.29.0.0
Dialog DLL:      DCM.DLL V1.17.3.0
Target DLL:      STLink\ST-LINKIII-KEIL_SWO.dll V3.0.7.0
Dialog DLL:      TCM.DLL V1.36.5.0
 
<h2>Project:</h2>
H:\ProjektiOtvoreni\KuceOdDzevadova\fw\GW\MDK-ARM\GW.uvprojx
Project File Date:  03/06/2021

<h2>Output:</h2>
*** Using Compiler 'V5.06 update 6 (build 750)', folder: 'C:\Keil\ARM\ARMCC\Bin'
Rebuild target 'GW'
Before Build - User command #1: Run\fwbuild.bat
H:\ProjektiOtvoreni\KuceOdDzevadova\fw\GW\MDK-ARM>for /F "tokens=1,2,3,4 delims=/ " %a in ("sub 06. 03. 2021.") do set wday=%a  & set day=%b  & set month=%c  & set year=%d 
H:\ProjektiOtvoreni\KuceOdDzevadova\fw\GW\MDK-ARM>set wday=sub  & set day=06.  & set month=03.  & set year=2021. 
H:\ProjektiOtvoreni\KuceOdDzevadova\fw\GW\MDK-ARM>for /F "tokens=1,2,3 delims=:" %a in ("16:36:12,02") do set hour=%a  & set minute=%b  & set seconds=%c 
H:\ProjektiOtvoreni\KuceOdDzevadova\fw\GW\MDK-ARM>set hour=16  & set minute=36  & set seconds=12,02 
H:\ProjektiOtvoreni\KuceOdDzevadova\fw\GW\MDK-ARM>(
echo #define FW_DATE                                	0x00210306  
 echo #define FW_TIME                        			0x00163612  
) 1>"..\..\Common\fwbuild.h" 
H:\ProjektiOtvoreni\KuceOdDzevadova\fw\GW\MDK-ARM>cscript ..\..\Common\fwbuild.vbs 
Microsoft (R) Windows Script Host Version 5.812
Copyright (C) Microsoft Corporation. All rights reserved.
H:\ProjektiOtvoreni\KuceOdDzevadova\fw\GW\MDK-ARM>..\..\Common\incbild.exe "..\..\Common\common.h" 
assembling startup_stm32f429_439xx.s...
compiling stm32f4xx_crc.c...
compiling stm32f4xx_exti.c...
compiling stm32f4xx_dbgmcu.c...
compiling misc.c...
compiling stm32f4xx_cryp.c...
compiling stm32f4xx_flash.c...
compiling system_stm32f4xx.c...
compiling stm32f4xx_pwr.c...
compiling stm32f4xx_syscfg.c...
compiling stm32f4xx_usart.c...
compiling stm32f4xx_gpio.c...
compiling stm32f4xx_dma.c...
compiling stm32f4xx_rcc.c...
compiling stm32f4xx_tim.c...
compiling stm32f4xx_spi.c...
compiling stm32f4xx_sdio.c...
compiling stm32f4xx_dma2d.c...
compiling stm32f4xx_i2c.c...
compiling stm32f4xx_ltdc.c...
compiling stm32f4xx_adc.c...
compiling stm32f4xx_fmc.c...
compiling GUIConf.c...
compiling api_lib.c...
compiling api_msg.c...
compiling err.c...
compiling netbuf.c...
compiling netdb.c...
compiling stm32f4xx_iwdg.c...
compiling stm32f4xx_dcmi.c...
compiling sockets.c...
compiling netifapi.c...
compiling tcpip.c...
compiling GUI_X_Touch.c...
compiling stm32f4xx_rtc.c...
compiling def.c...
compiling dhcp.c...
compiling GUI_X.c...
compiling dns.c...
compiling init.c...
compiling mem.c...
compiling memp.c...
compiling netif.c...
compiling raw.c...
compiling pbuf.c...
compiling stats.c...
compiling sys.c...
compiling timers.c...
compiling tcp.c...
compiling udp.c...
compiling tcp_out.c...
compiling etharp.c...
compiling tcp_in.c...
compiling slipif.c...
compiling autoip.c...
compiling igmp.c...
compiling icmp.c...
compiling inet.c...
compiling GUIDRV_stm32f429i.c...
compiling inet_chksum.c...
compiling ip.c...
compiling ip_addr.c...
compiling ip_frag.c...
compiling delay.c...
compiling buzzer.c...
compiling rtc.c...
compiling sdio_sd.c...
compiling stm32f429i_sdram.c...
compiling ethernetif.c...
compiling stm32f429i_lcd.c...
compiling uart.c...
compiling gpio.c...
compiling spi_flash.c...
compiling i2cee.c...
compiling tftputils.c...
compiling fs.c...
compiling netbios.c...
compiling netconf.c...
compiling fatfs_drv.c...
compiling sys_arch.c...
compiling fs5206.c...
compiling usd_ok.c...
compiling usd_error.c...
compiling net_error.c...
compiling tftpserver.c...
compiling stm32f4x7_eth.c...
compiling net_connected.c...
compiling ff.c...
compiling httpd_cgi_ssi.c...
compiling TinyFrame.c...
compiling eth_bsp.c...
compiling httpd.c...
compiling stm32f4xx_it.c...
compiling common.c...
compiling display.c...
compiling main.c...
linking...
Program Size: Code=107376 RO-data=75144 RW-data=2098444 ZI-data=184188  
FromELF: creating hex file...
After Build - User command #1: Run\gw.bat
".\Exe\gw.axf" - 0 Error(s), 0 Warning(s).

<h2>Software Packages used:</h2>

Package Vendor: ARM
                http://www.keil.com/pack/ARM.CMSIS.5.7.0.pack
                ARM.CMSIS.5.7.0
                CMSIS (Cortex Microcontroller Software Interface Standard)
   * Component: CORE Version: 5.4.0

Package Vendor: Keil
                http://www.keil.com/pack/Keil.STM32F4xx_DFP.2.15.0.pack
                Keil.STM32F4xx_DFP.2.15.0
                STMicroelectronics STM32F4 Series Device Support, Drivers and Examples

<h2>Collection of Component include folders:</h2>
  .\RTE\_GW
  H:\Repository\Packs\ARM\CMSIS\5.7.0\CMSIS\Core\Include
  H:\Repository\Packs\Keil\STM32F4xx_DFP\2.15.0\Drivers\CMSIS\Device\ST\STM32F4xx\Include

<h2>Collection of Component Files used:</h2>

   * Component: ARM::CMSIS:CORE:5.4.0
Build Time Elapsed:  00:00:31
</pre>
</body>
</html>
