<!doctype html public "-//w3c//dtd html 4.0 transitional//en">
<html><head>
<title>Static Call Graph - [.\Exe\gw.axf]</title></head>
<body><HR>
<H1>Static Call Graph for image .\Exe\gw.axf</H1><HR>
<BR><P>#&#060CALLGRAPH&#062# ARM Linker, 5060750: Last Updated: Sat Mar 06 16:36:41 2021
<BR><P>
<H3>Maximum Stack Usage =       1232 bytes + Unknown(Cycles, Untraceable Function Pointers)</H3><H3>
Call chain for Maximum Stack Depth:</H3>
HTTP_CGI_Handler &rArr; DISP_ProgbarSetNewState &rArr; GUI_Exec &rArr; GUI_Exec1 &rArr; WM_Exec &rArr; _DrawNext &rArr; WM__Paint &rArr; GUI_MEMDEV_Draw &rArr; GUI_MEMDEV_CopyToLCD &rArr; GUI_MEMDEV_CopyToLCDAt &rArr; GUI_MEMDEV__WriteToActiveOpaque &rArr; _WriteToActiveOpaque_8 &rArr; LCD__DrawBitmap_1bpp &rArr; LCD_FillRect
<P>
<H3>
Mutually Recursive functions
</H3> <LI><a href="#[29]">ADC_IRQHandler</a>&nbsp;&nbsp;&nbsp;&rArr;&nbsp;&nbsp;&nbsp;<a href="#[29]">ADC_IRQHandler</a><BR>
 <LI><a href="#[404]">_Findy1</a>&nbsp;&nbsp;&nbsp;&rArr;&nbsp;&nbsp;&nbsp;<a href="#[404]">_Findy1</a><BR>
 <LI><a href="#[406]">_Findx1</a>&nbsp;&nbsp;&nbsp;&rArr;&nbsp;&nbsp;&nbsp;<a href="#[406]">_Findx1</a><BR>
 <LI><a href="#[405]">_Findx0</a>&nbsp;&nbsp;&nbsp;&rArr;&nbsp;&nbsp;&nbsp;<a href="#[405]">_Findx0</a><BR>
 <LI><a href="#[3c9]">WM__InvalidateRect</a>&nbsp;&nbsp;&nbsp;&rArr;&nbsp;&nbsp;&nbsp;<a href="#[3c9]">WM__InvalidateRect</a><BR>
 <LI><a href="#[3b4]">WM_InvalidateWindowAndDescsEx</a>&nbsp;&nbsp;&nbsp;&rArr;&nbsp;&nbsp;&nbsp;<a href="#[3b4]">WM_InvalidateWindowAndDescsEx</a><BR>
 <LI><a href="#[3ae]">WM__InvalidateDrawAndDescs</a>&nbsp;&nbsp;&nbsp;&rArr;&nbsp;&nbsp;&nbsp;<a href="#[3ae]">WM__InvalidateDrawAndDescs</a><BR>
 <LI><a href="#[393]">WM_SendToParent</a>&nbsp;&nbsp;&nbsp;&rArr;&nbsp;&nbsp;&nbsp;<a href="#[3b8]">WM__SendMessage</a><BR>
 <LI><a href="#[399]">_DeleteAllChildren</a>&nbsp;&nbsp;&nbsp;&rArr;&nbsp;&nbsp;&nbsp;<a href="#[395]">WM_DeleteWindow</a><BR>
 <LI><a href="#[3d4]">_PopFreeBlock</a>&nbsp;&nbsp;&nbsp;&rArr;&nbsp;&nbsp;&nbsp;<a href="#[400]">_EnlargeBlocks</a><BR>
 <LI><a href="#[1e4]">_Alloc</a>&nbsp;&nbsp;&nbsp;&rArr;&nbsp;&nbsp;&nbsp;<a href="#[1ee]">_InitOnce</a><BR>
 <LI><a href="#[3cf]">_PaintTransChildren</a>&nbsp;&nbsp;&nbsp;&rArr;&nbsp;&nbsp;&nbsp;<a href="#[3cf]">_PaintTransChildren</a><BR>
 <LI><a href="#[381]">WM__UpdateChildPositions</a>&nbsp;&nbsp;&nbsp;&rArr;&nbsp;&nbsp;&nbsp;<a href="#[3ba]">WM_ResizeWindow</a><BR>
 <LI><a href="#[3cb]">_MoveDescendents</a>&nbsp;&nbsp;&nbsp;&rArr;&nbsp;&nbsp;&nbsp;<a href="#[3cb]">_MoveDescendents</a><BR>
 <LI><a href="#[3b3]">WM_InvalidateWindowAndDescs</a>&nbsp;&nbsp;&nbsp;&rArr;&nbsp;&nbsp;&nbsp;<a href="#[3b3]">WM_InvalidateWindowAndDescs</a><BR>
 <LI><a href="#[39e]">WM__ForEachDesc</a>&nbsp;&nbsp;&nbsp;&rArr;&nbsp;&nbsp;&nbsp;<a href="#[39e]">WM__ForEachDesc</a><BR>
 <LI><a href="#[41f]">_Screen2hWin</a>&nbsp;&nbsp;&nbsp;&rArr;&nbsp;&nbsp;&nbsp;<a href="#[41f]">_Screen2hWin</a><BR>
 <LI><a href="#[3de]">_InvertAlpha</a>&nbsp;&nbsp;&nbsp;&rArr;&nbsp;&nbsp;&nbsp;<a href="#[3de]">_InvertAlpha</a><BR>
</UL>
<P>
<H3>
Function Pointers
</H3><UL>
 <LI><a href="#[29]">ADC_IRQHandler</a> from startup_stm32f429_439xx.o(.text) referenced from startup_stm32f429_439xx.o(RESET)
 <LI><a href="#[75]">APP_GetData</a> from display.o(i.APP_GetData) referenced from display.o(i.DISP_Init)
 <LI><a href="#[11]">BusFault_Handler</a> from stm32f4xx_it.o(i.BusFault_Handler) referenced from startup_stm32f429_439xx.o(RESET)
 <LI><a href="#[2b]">CAN1_RX0_IRQHandler</a> from startup_stm32f429_439xx.o(.text) referenced from startup_stm32f429_439xx.o(RESET)
 <LI><a href="#[2c]">CAN1_RX1_IRQHandler</a> from startup_stm32f429_439xx.o(.text) referenced from startup_stm32f429_439xx.o(RESET)
 <LI><a href="#[2d]">CAN1_SCE_IRQHandler</a> from startup_stm32f429_439xx.o(.text) referenced from startup_stm32f429_439xx.o(RESET)
 <LI><a href="#[2a]">CAN1_TX_IRQHandler</a> from startup_stm32f429_439xx.o(.text) referenced from startup_stm32f429_439xx.o(RESET)
 <LI><a href="#[57]">CAN2_RX0_IRQHandler</a> from startup_stm32f429_439xx.o(.text) referenced from startup_stm32f429_439xx.o(RESET)
 <LI><a href="#[58]">CAN2_RX1_IRQHandler</a> from startup_stm32f429_439xx.o(.text) referenced from startup_stm32f429_439xx.o(RESET)
 <LI><a href="#[59]">CAN2_SCE_IRQHandler</a> from startup_stm32f429_439xx.o(.text) referenced from startup_stm32f429_439xx.o(RESET)
 <LI><a href="#[56]">CAN2_TX_IRQHandler</a> from startup_stm32f429_439xx.o(.text) referenced from startup_stm32f429_439xx.o(RESET)
 <LI><a href="#[66]">CRYP_IRQHandler</a> from startup_stm32f429_439xx.o(.text) referenced from startup_stm32f429_439xx.o(RESET)
 <LI><a href="#[65]">DCMI_IRQHandler</a> from startup_stm32f429_439xx.o(.text) referenced from startup_stm32f429_439xx.o(RESET)
 <LI><a href="#[22]">DMA1_Stream0_IRQHandler</a> from startup_stm32f429_439xx.o(.text) referenced from startup_stm32f429_439xx.o(RESET)
 <LI><a href="#[23]">DMA1_Stream1_IRQHandler</a> from startup_stm32f429_439xx.o(.text) referenced from startup_stm32f429_439xx.o(RESET)
 <LI><a href="#[24]">DMA1_Stream2_IRQHandler</a> from startup_stm32f429_439xx.o(.text) referenced from startup_stm32f429_439xx.o(RESET)
 <LI><a href="#[25]">DMA1_Stream3_IRQHandler</a> from startup_stm32f429_439xx.o(.text) referenced from startup_stm32f429_439xx.o(RESET)
 <LI><a href="#[26]">DMA1_Stream4_IRQHandler</a> from startup_stm32f429_439xx.o(.text) referenced from startup_stm32f429_439xx.o(RESET)
 <LI><a href="#[27]">DMA1_Stream5_IRQHandler</a> from startup_stm32f429_439xx.o(.text) referenced from startup_stm32f429_439xx.o(RESET)
 <LI><a href="#[28]">DMA1_Stream6_IRQHandler</a> from startup_stm32f429_439xx.o(.text) referenced from startup_stm32f429_439xx.o(RESET)
 <LI><a href="#[46]">DMA1_Stream7_IRQHandler</a> from startup_stm32f429_439xx.o(.text) referenced from startup_stm32f429_439xx.o(RESET)
 <LI><a href="#[71]">DMA2D_IRQHandler</a> from stm32f4xx_it.o(i.DMA2D_IRQHandler) referenced from startup_stm32f429_439xx.o(RESET)
 <LI><a href="#[4f]">DMA2_Stream0_IRQHandler</a> from startup_stm32f429_439xx.o(.text) referenced from startup_stm32f429_439xx.o(RESET)
 <LI><a href="#[50]">DMA2_Stream1_IRQHandler</a> from stm32f4xx_it.o(i.DMA2_Stream1_IRQHandler) referenced from startup_stm32f429_439xx.o(RESET)
 <LI><a href="#[51]">DMA2_Stream2_IRQHandler</a> from stm32f4xx_it.o(i.DMA2_Stream2_IRQHandler) referenced from startup_stm32f429_439xx.o(RESET)
 <LI><a href="#[52]">DMA2_Stream3_IRQHandler</a> from fatfs_drv.o(i.DMA2_Stream3_IRQHandler) referenced from startup_stm32f429_439xx.o(RESET)
 <LI><a href="#[53]">DMA2_Stream4_IRQHandler</a> from stm32f4xx_it.o(i.DMA2_Stream4_IRQHandler) referenced from startup_stm32f429_439xx.o(RESET)
 <LI><a href="#[5b]">DMA2_Stream5_IRQHandler</a> from startup_stm32f429_439xx.o(.text) referenced from startup_stm32f429_439xx.o(RESET)
 <LI><a href="#[5c]">DMA2_Stream6_IRQHandler</a> from startup_stm32f429_439xx.o(.text) referenced from startup_stm32f429_439xx.o(RESET)
 <LI><a href="#[5d]">DMA2_Stream7_IRQHandler</a> from startup_stm32f429_439xx.o(.text) referenced from startup_stm32f429_439xx.o(RESET)
 <LI><a href="#[14]">DebugMon_Handler</a> from stm32f4xx_it.o(i.DebugMon_Handler) referenced from startup_stm32f429_439xx.o(RESET)
 <LI><a href="#[54]">ETH_IRQHandler</a> from startup_stm32f429_439xx.o(.text) referenced from startup_stm32f429_439xx.o(RESET)
 <LI><a href="#[55]">ETH_WKUP_IRQHandler</a> from startup_stm32f429_439xx.o(.text) referenced from startup_stm32f429_439xx.o(RESET)
 <LI><a href="#[1d]">EXTI0_IRQHandler</a> from stm32f4xx_it.o(i.EXTI0_IRQHandler) referenced from startup_stm32f429_439xx.o(RESET)
 <LI><a href="#[3f]">EXTI15_10_IRQHandler</a> from stm32f4xx_it.o(i.EXTI15_10_IRQHandler) referenced from startup_stm32f429_439xx.o(RESET)
 <LI><a href="#[1e]">EXTI1_IRQHandler</a> from startup_stm32f429_439xx.o(.text) referenced from startup_stm32f429_439xx.o(RESET)
 <LI><a href="#[1f]">EXTI2_IRQHandler</a> from startup_stm32f429_439xx.o(.text) referenced from startup_stm32f429_439xx.o(RESET)
 <LI><a href="#[20]">EXTI3_IRQHandler</a> from startup_stm32f429_439xx.o(.text) referenced from startup_stm32f429_439xx.o(RESET)
 <LI><a href="#[21]">EXTI4_IRQHandler</a> from startup_stm32f429_439xx.o(.text) referenced from startup_stm32f429_439xx.o(RESET)
 <LI><a href="#[2e]">EXTI9_5_IRQHandler</a> from stm32f4xx_it.o(i.EXTI9_5_IRQHandler) referenced from startup_stm32f429_439xx.o(RESET)
 <LI><a href="#[1b]">FLASH_IRQHandler</a> from startup_stm32f429_439xx.o(.text) referenced from startup_stm32f429_439xx.o(RESET)
 <LI><a href="#[47]">FMC_IRQHandler</a> from startup_stm32f429_439xx.o(.text) referenced from startup_stm32f429_439xx.o(RESET)
 <LI><a href="#[68]">FPU_IRQHandler</a> from startup_stm32f429_439xx.o(.text) referenced from startup_stm32f429_439xx.o(RESET)
 <LI><a href="#[98]">GEN_Listener</a> from httpd_cgi_ssi.o(i.GEN_Listener) referenced from httpd_cgi_ssi.o(i.TINYFRAME_Init)
 <LI><a href="#[126]">GUIMONO_DispChar</a> from gui_charm.o(i.GUIMONO_DispChar) referenced from f6x8.o(.constdata)
 <LI><a href="#[127]">GUIMONO_GetCharDistX</a> from gui_charm.o(i.GUIMONO_GetCharDistX) referenced from f6x8.o(.constdata)
 <LI><a href="#[128]">GUIMONO_GetFontInfo</a> from gui_charm.o(i.GUIMONO_GetFontInfo) referenced from f6x8.o(.constdata)
 <LI><a href="#[129]">GUIMONO_IsInFont</a> from gui_charm.o(i.GUIMONO_IsInFont) referenced from f6x8.o(.constdata)
 <LI><a href="#[118]">GUIPROP_DispChar</a> from gui_charp.o(i.GUIPROP_DispChar) referenced 5 times from f13_1.o(.constdata)
 <LI><a href="#[119]">GUIPROP_GetCharDistX</a> from gui_charp.o(i.GUIPROP_GetCharDistX) referenced 5 times from f13_1.o(.constdata)
 <LI><a href="#[11a]">GUIPROP_GetFontInfo</a> from gui_charp.o(i.GUIPROP_GetFontInfo) referenced 5 times from f13_1.o(.constdata)
 <LI><a href="#[11b]">GUIPROP_IsInFont</a> from gui_charp.o(i.GUIPROP_IsInFont) referenced 5 times from f13_1.o(.constdata)
 <LI><a href="#[c4]">GUI_MEMDEV_Paint1Static</a> from guidev_staticdevices.o(i.GUI_MEMDEV_Paint1Static) referenced from wm.o(i._Paint1)
 <LI><a href="#[c2]">GUI_MEMDEV__WriteToActiveAlpha</a> from guidev_writetoactivealpha.o(i.GUI_MEMDEV__WriteToActiveAlpha) referenced from guidev_32.o(i._GetDevFunc)
 <LI><a href="#[c1]">GUI_MEMDEV__WriteToActiveOpaque</a> from guidev_writetoactiveopaque.o(i.GUI_MEMDEV__WriteToActiveOpaque) referenced from guidev_16.o(i._GetDevFunc)
 <LI><a href="#[150]">GUI_USAGE_BM_AddHLine</a> from guidev_usagebm.o(i.GUI_USAGE_BM_AddHLine) referenced from guidev_usagebm.o(.constdata)
 <LI><a href="#[14f]">GUI_USAGE_BM_AddPixel</a> from guidev_usagebm.o(i.GUI_USAGE_BM_AddPixel) referenced from guidev_usagebm.o(.constdata)
 <LI><a href="#[151]">GUI_USAGE_BM_Clear</a> from guidev_usagebm.o(i.GUI_USAGE_BM_Clear) referenced from guidev_usagebm.o(.constdata)
 <LI><a href="#[153]">GUI_USAGE_BM_GetNextDirty</a> from guidev_usagebm.o(i.GUI_USAGE_BM_GetNextDirty) referenced from guidev_usagebm.o(.constdata)
 <LI><a href="#[c]">GUI_X_ExecIdle</a> from gui_x.o(i.GUI_X_ExecIdle) referenced 2 times from gui_waitevent.o(.data)
 <LI><a href="#[0]">GUI__MixColors</a> from gui__alpha.o(i.GUI__MixColors) referenced 2 times from gui__alpha.o(.data)
 <LI><a href="#[1]">GUI__MixColorsBulk</a> from gui__alpha.o(i.GUI__MixColorsBulk) referenced 2 times from gui__alpha.o(.data)
 <LI><a href="#[67]">HASH_RNG_IRQHandler</a> from startup_stm32f429_439xx.o(.text) referenced from startup_stm32f429_439xx.o(RESET)
 <LI><a href="#[d5]">HTTP_CGI_Handler</a> from httpd_cgi_ssi.o(i.HTTP_CGI_Handler) referenced from httpd_cgi_ssi.o(.constdata)
 <LI><a href="#[ce]">HTTP_ResponseHandler</a> from httpd_cgi_ssi.o(i.HTTP_ResponseHandler) referenced from httpd_cgi_ssi.o(i.httpd_ssi_init)
 <LI><a href="#[f]">HardFault_Handler</a> from stm32f4xx_it.o(i.HardFault_Handler) referenced from startup_stm32f429_439xx.o(RESET)
 <LI><a href="#[37]">I2C1_ER_IRQHandler</a> from startup_stm32f429_439xx.o(.text) referenced from startup_stm32f429_439xx.o(RESET)
 <LI><a href="#[36]">I2C1_EV_IRQHandler</a> from startup_stm32f429_439xx.o(.text) referenced from startup_stm32f429_439xx.o(RESET)
 <LI><a href="#[39]">I2C2_ER_IRQHandler</a> from startup_stm32f429_439xx.o(.text) referenced from startup_stm32f429_439xx.o(RESET)
 <LI><a href="#[38]">I2C2_EV_IRQHandler</a> from startup_stm32f429_439xx.o(.text) referenced from startup_stm32f429_439xx.o(RESET)
 <LI><a href="#[60]">I2C3_ER_IRQHandler</a> from startup_stm32f429_439xx.o(.text) referenced from startup_stm32f429_439xx.o(RESET)
 <LI><a href="#[5f]">I2C3_EV_IRQHandler</a> from startup_stm32f429_439xx.o(.text) referenced from startup_stm32f429_439xx.o(RESET)
 <LI><a href="#[7e]">ID_Listener</a> from httpd_cgi_ssi.o(i.ID_Listener) referenced 2 times from httpd_cgi_ssi.o(i.HTTP_CGI_Handler)
 <LI><a href="#[db]">LCD_Color2Index_8666</a> from guicc_8666.o(i.LCD_Color2Index_8666) referenced from guicc_8666.o(.constdata)
 <LI><a href="#[77]">LCD_DrawHLine</a> from lcd.o(i.LCD_DrawHLine) referenced from gui_core.o(.constdata)
 <LI><a href="#[77]">LCD_DrawHLine</a> from lcd.o(i.LCD_DrawHLine) referenced from gui_drawgradient.o(i.GUI_DrawGradientV)
 <LI><a href="#[f2]">LCD_DrawPixel</a> from lcd.o(i.LCD_DrawPixel) referenced from gui_core.o(.constdata)
 <LI><a href="#[76]">LCD_DrawVLine</a> from lcd.o(i.LCD_DrawVLine) referenced from gui_drawgradient.o(i.GUI_DrawGradientH)
 <LI><a href="#[7]">LCD_GetpPalConvTableBM</a> from lcd_color.o(i.LCD_GetpPalConvTableBM) referenced 2 times from gui_core.o(.data)
 <LI><a href="#[dc]">LCD_Index2Color_8666</a> from guicc_8666.o(i.LCD_Index2Color_8666) referenced from guicc_8666.o(.constdata)
 <LI><a href="#[7b]">LCD_Index2Color_888</a> from guicc_888_index2color.o(i.LCD_Index2Color_888) referenced from gui__alpha.o(i.GUI__DoAlphaBlending)
 <LI><a href="#[78]">LCD_Index2Color_8888</a> from guicc_8888_index2color.o(i.LCD_Index2Color_8888) referenced from guicc_8888.o(.constdata)
 <LI><a href="#[78]">LCD_Index2Color_8888</a> from guicc_8888_index2color.o(i.LCD_Index2Color_8888) referenced from guidev_writetoactivealpha.o(i.GUI_MEMDEV__WriteToActiveAlpha)
 <LI><a href="#[78]">LCD_Index2Color_8888</a> from guicc_8888_index2color.o(i.LCD_Index2Color_8888) referenced from gui__alpha.o(i.GUI__DoAlphaBlending)
 <LI><a href="#[9d]">LCD_Index2Color_M555</a> from guicc_m555_index2color.o(i.LCD_Index2Color_M555) referenced from gui_bmp.o(i._Draw)
 <LI><a href="#[f4]">LCD_Index2Color_M565</a> from guicc_m565.o(i.LCD_Index2Color_M565) referenced from guicc_m565.o(.constdata)
 <LI><a href="#[f9]">LCD_Index2Color_M888</a> from guicc_m888_index2color.o(i.LCD_Index2Color_M888) referenced from guicc_m888.o(.constdata)
 <LI><a href="#[ee]">LCD_Index2Color_M8888I</a> from guicc_m8888i_index2color.o(i.LCD_Index2Color_M8888I) referenced from guicc_m8888i.o(.constdata)
 <LI><a href="#[70]">LTDC_ER_IRQHandler</a> from startup_stm32f429_439xx.o(.text) referenced from startup_stm32f429_439xx.o(RESET)
 <LI><a href="#[6f]">LTDC_IRQHandler</a> from stm32f4xx_it.o(i.LTDC_IRQHandler) referenced from startup_stm32f429_439xx.o(RESET)
 <LI><a href="#[10]">MemManage_Handler</a> from stm32f4xx_it.o(i.MemManage_Handler) referenced from startup_stm32f429_439xx.o(RESET)
 <LI><a href="#[e]">NMI_Handler</a> from stm32f4xx_it.o(i.NMI_Handler) referenced from startup_stm32f429_439xx.o(RESET)
 <LI><a href="#[5a]">OTG_FS_IRQHandler</a> from startup_stm32f429_439xx.o(.text) referenced from startup_stm32f429_439xx.o(RESET)
 <LI><a href="#[41]">OTG_FS_WKUP_IRQHandler</a> from startup_stm32f429_439xx.o(.text) referenced from startup_stm32f429_439xx.o(RESET)
 <LI><a href="#[62]">OTG_HS_EP1_IN_IRQHandler</a> from startup_stm32f429_439xx.o(.text) referenced from startup_stm32f429_439xx.o(RESET)
 <LI><a href="#[61]">OTG_HS_EP1_OUT_IRQHandler</a> from startup_stm32f429_439xx.o(.text) referenced from startup_stm32f429_439xx.o(RESET)
 <LI><a href="#[64]">OTG_HS_IRQHandler</a> from startup_stm32f429_439xx.o(.text) referenced from startup_stm32f429_439xx.o(RESET)
 <LI><a href="#[63]">OTG_HS_WKUP_IRQHandler</a> from startup_stm32f429_439xx.o(.text) referenced from startup_stm32f429_439xx.o(RESET)
 <LI><a href="#[96]">PROGBAR_Callback</a> from progbar.o(i.PROGBAR_Callback) referenced from progbar.o(i.PROGBAR_CreateUser)
 <LI><a href="#[8]">PROGBAR_DrawSkinFlex</a> from progbar_skinflex.o(i.PROGBAR_DrawSkinFlex) referenced 2 times from progbar.o(.data)
 <LI><a href="#[8]">PROGBAR_DrawSkinFlex</a> from progbar_skinflex.o(i.PROGBAR_DrawSkinFlex) referenced from display.o(i.DISP_Init)
 <LI><a href="#[18]">PVD_IRQHandler</a> from startup_stm32f429_439xx.o(.text) referenced from startup_stm32f429_439xx.o(RESET)
 <LI><a href="#[15]">PendSV_Handler</a> from stm32f4xx_it.o(i.PendSV_Handler) referenced from startup_stm32f429_439xx.o(RESET)
 <LI><a href="#[1c]">RCC_IRQHandler</a> from startup_stm32f429_439xx.o(.text) referenced from startup_stm32f429_439xx.o(RESET)
 <LI><a href="#[40]">RTC_Alarm_IRQHandler</a> from stm32f4xx_it.o(i.RTC_Alarm_IRQHandler) referenced from startup_stm32f429_439xx.o(RESET)
 <LI><a href="#[1a]">RTC_WKUP_IRQHandler</a> from startup_stm32f429_439xx.o(.text) referenced from startup_stm32f429_439xx.o(RESET)
 <LI><a href="#[d]">Reset_Handler</a> from startup_stm32f429_439xx.o(.text) referenced from startup_stm32f429_439xx.o(RESET)
 <LI><a href="#[6e]">SAI1_IRQHandler</a> from startup_stm32f429_439xx.o(.text) referenced from startup_stm32f429_439xx.o(RESET)
 <LI><a href="#[48]">SDIO_IRQHandler</a> from fatfs_drv.o(i.SDIO_IRQHandler) referenced from startup_stm32f429_439xx.o(RESET)
 <LI><a href="#[3a]">SPI1_IRQHandler</a> from startup_stm32f429_439xx.o(.text) referenced from startup_stm32f429_439xx.o(RESET)
 <LI><a href="#[3b]">SPI2_IRQHandler</a> from startup_stm32f429_439xx.o(.text) referenced from startup_stm32f429_439xx.o(RESET)
 <LI><a href="#[4a]">SPI3_IRQHandler</a> from startup_stm32f429_439xx.o(.text) referenced from startup_stm32f429_439xx.o(RESET)
 <LI><a href="#[6b]">SPI4_IRQHandler</a> from startup_stm32f429_439xx.o(.text) referenced from startup_stm32f429_439xx.o(RESET)
 <LI><a href="#[6c]">SPI5_IRQHandler</a> from startup_stm32f429_439xx.o(.text) referenced from startup_stm32f429_439xx.o(RESET)
 <LI><a href="#[6d]">SPI6_IRQHandler</a> from startup_stm32f429_439xx.o(.text) referenced from startup_stm32f429_439xx.o(RESET)
 <LI><a href="#[13]">SVC_Handler</a> from stm32f4xx_it.o(i.SVC_Handler) referenced from startup_stm32f429_439xx.o(RESET)
 <LI><a href="#[16]">SysTick_Handler</a> from stm32f4xx_it.o(i.SysTick_Handler) referenced from startup_stm32f429_439xx.o(RESET)
 <LI><a href="#[73]">SystemInit</a> from system_stm32f4xx.o(i.SystemInit) referenced from startup_stm32f429_439xx.o(.text)
 <LI><a href="#[19]">TAMP_STAMP_IRQHandler</a> from startup_stm32f429_439xx.o(.text) referenced from startup_stm32f429_439xx.o(RESET)
 <LI><a href="#[2f]">TIM1_BRK_TIM9_IRQHandler</a> from startup_stm32f429_439xx.o(.text) referenced from startup_stm32f429_439xx.o(RESET)
 <LI><a href="#[32]">TIM1_CC_IRQHandler</a> from startup_stm32f429_439xx.o(.text) referenced from startup_stm32f429_439xx.o(RESET)
 <LI><a href="#[31]">TIM1_TRG_COM_TIM11_IRQHandler</a> from startup_stm32f429_439xx.o(.text) referenced from startup_stm32f429_439xx.o(RESET)
 <LI><a href="#[30]">TIM1_UP_TIM10_IRQHandler</a> from startup_stm32f429_439xx.o(.text) referenced from startup_stm32f429_439xx.o(RESET)
 <LI><a href="#[33]">TIM2_IRQHandler</a> from startup_stm32f429_439xx.o(.text) referenced from startup_stm32f429_439xx.o(RESET)
 <LI><a href="#[34]">TIM3_IRQHandler</a> from startup_stm32f429_439xx.o(.text) referenced from startup_stm32f429_439xx.o(RESET)
 <LI><a href="#[35]">TIM4_IRQHandler</a> from startup_stm32f429_439xx.o(.text) referenced from startup_stm32f429_439xx.o(RESET)
 <LI><a href="#[49]">TIM5_IRQHandler</a> from startup_stm32f429_439xx.o(.text) referenced from startup_stm32f429_439xx.o(RESET)
 <LI><a href="#[4d]">TIM6_DAC_IRQHandler</a> from startup_stm32f429_439xx.o(.text) referenced from startup_stm32f429_439xx.o(RESET)
 <LI><a href="#[4e]">TIM7_IRQHandler</a> from startup_stm32f429_439xx.o(.text) referenced from startup_stm32f429_439xx.o(RESET)
 <LI><a href="#[42]">TIM8_BRK_TIM12_IRQHandler</a> from startup_stm32f429_439xx.o(.text) referenced from startup_stm32f429_439xx.o(RESET)
 <LI><a href="#[45]">TIM8_CC_IRQHandler</a> from startup_stm32f429_439xx.o(.text) referenced from startup_stm32f429_439xx.o(RESET)
 <LI><a href="#[44]">TIM8_TRG_COM_TIM14_IRQHandler</a> from startup_stm32f429_439xx.o(.text) referenced from startup_stm32f429_439xx.o(RESET)
 <LI><a href="#[43]">TIM8_UP_TIM13_IRQHandler</a> from startup_stm32f429_439xx.o(.text) referenced from startup_stm32f429_439xx.o(RESET)
 <LI><a href="#[4b]">UART4_IRQHandler</a> from startup_stm32f429_439xx.o(.text) referenced from startup_stm32f429_439xx.o(RESET)
 <LI><a href="#[4c]">UART5_IRQHandler</a> from startup_stm32f429_439xx.o(.text) referenced from startup_stm32f429_439xx.o(RESET)
 <LI><a href="#[69]">UART7_IRQHandler</a> from startup_stm32f429_439xx.o(.text) referenced from startup_stm32f429_439xx.o(RESET)
 <LI><a href="#[6a]">UART8_IRQHandler</a> from startup_stm32f429_439xx.o(.text) referenced from startup_stm32f429_439xx.o(RESET)
 <LI><a href="#[3c]">USART1_IRQHandler</a> from startup_stm32f429_439xx.o(.text) referenced from startup_stm32f429_439xx.o(RESET)
 <LI><a href="#[3d]">USART2_IRQHandler</a> from stm32f4xx_it.o(i.USART2_IRQHandler) referenced from startup_stm32f429_439xx.o(RESET)
 <LI><a href="#[3e]">USART3_IRQHandler</a> from startup_stm32f429_439xx.o(.text) referenced from startup_stm32f429_439xx.o(RESET)
 <LI><a href="#[5e]">USART6_IRQHandler</a> from startup_stm32f429_439xx.o(.text) referenced from startup_stm32f429_439xx.o(RESET)
 <LI><a href="#[12]">UsageFault_Handler</a> from stm32f4xx_it.o(i.UsageFault_Handler) referenced from startup_stm32f429_439xx.o(RESET)
 <LI><a href="#[79]">WM_HandlePID</a> from wm_touch.o(i.WM_HandlePID) referenced from gui_pid.o(i.GUI_PID_StoreState)
 <LI><a href="#[c5]">WM__Paint1</a> from wm.o(i.WM__Paint1) referenced from wm.o(i._Paint1)
 <LI><a href="#[17]">WWDG_IRQHandler</a> from startup_stm32f429_439xx.o(.text) referenced from startup_stm32f429_439xx.o(RESET)
 <LI><a href="#[121]">_CalcSizeOfChar</a> from gui_uc_encodenone.o(i._CalcSizeOfChar) referenced from gui_uc_encodenone.o(.constdata)
 <LI><a href="#[f6]">_Color2IndexBulk</a> from guicc_m565.o(i._Color2IndexBulk) referenced 3 times from guicc_m565.o(.constdata)
 <LI><a href="#[d9]">_Color2IndexBulk_1616I</a> from guicc_1616i.o(i._Color2IndexBulk_1616I) referenced from guicc_1616i.o(.constdata)
 <LI><a href="#[e1]">_Color2IndexBulk_88666I</a> from guicc_88666i.o(i._Color2IndexBulk_88666I) referenced from guicc_88666i.o(.constdata)
 <LI><a href="#[e6]">_Color2IndexBulk_M1555I</a> from guicc_m1555i.o(i._Color2IndexBulk_M1555I) referenced from guicc_m1555i.o(.constdata)
 <LI><a href="#[86]">_Color2IndexBulk_M1555I_DMA2D</a> from guidrv_stm32f429i.o(i._Color2IndexBulk_M1555I_DMA2D) referenced from guidrv_stm32f429i.o(i.LCD_X_Config)
 <LI><a href="#[eb]">_Color2IndexBulk_M4444I</a> from guicc_m4444i.o(i._Color2IndexBulk_M4444I) referenced from guicc_m4444i.o(.constdata)
 <LI><a href="#[8a]">_Color2IndexBulk_M4444I_DMA2D</a> from guidrv_stm32f429i.o(i._Color2IndexBulk_M4444I_DMA2D) referenced from guidrv_stm32f429i.o(i.LCD_X_Config)
 <LI><a href="#[88]">_Color2IndexBulk_M565_DMA2D</a> from guidrv_stm32f429i.o(i._Color2IndexBulk_M565_DMA2D) referenced from guidrv_stm32f429i.o(i.LCD_X_Config)
 <LI><a href="#[f0]">_Color2IndexBulk_M8888I</a> from guicc_m8888i.o(i._Color2IndexBulk_M8888I) referenced from guicc_m8888i.o(.constdata)
 <LI><a href="#[8e]">_Color2IndexBulk_M8888I_DMA2D</a> from guidrv_stm32f429i.o(i._Color2IndexBulk_M8888I_DMA2D) referenced from guidrv_stm32f429i.o(i.LCD_X_Config)
 <LI><a href="#[8c]">_Color2IndexBulk_M888_DMA2D</a> from guidrv_stm32f429i.o(i._Color2IndexBulk_M888_DMA2D) referenced from guidrv_stm32f429i.o(i.LCD_X_Config)
 <LI><a href="#[123]">_Color2Index_0</a> from guicc_0.o(i._Color2Index_0) referenced from guicc_0.o(.constdata)
 <LI><a href="#[11c]">_Color2Index_16</a> from guicc_16.o(i._Color2Index_16) referenced from guicc_16.o(.constdata)
 <LI><a href="#[d6]">_Color2Index_1616I</a> from guicc_1616i.o(i._Color2Index_1616I) referenced from guicc_1616i.o(.constdata)
 <LI><a href="#[de]">_Color2Index_88666I</a> from guicc_88666i.o(i._Color2Index_88666I) referenced from guicc_88666i.o(.constdata)
 <LI><a href="#[14b]">_Color2Index_8888</a> from guicc_8888.o(i._Color2Index_8888) referenced from guicc_8888.o(.constdata)
 <LI><a href="#[e3]">_Color2Index_M1555I</a> from guicc_m1555i.o(i._Color2Index_M1555I) referenced from guicc_m1555i.o(.constdata)
 <LI><a href="#[e8]">_Color2Index_M4444I</a> from guicc_m4444i.o(i._Color2Index_M4444I) referenced from guicc_m4444i.o(.constdata)
 <LI><a href="#[f3]">_Color2Index_M565</a> from guicc_m565.o(i._Color2Index_M565) referenced from guicc_m565.o(.constdata)
 <LI><a href="#[f8]">_Color2Index_M888</a> from guicc_m888.o(i._Color2Index_M888) referenced from guicc_m888.o(.constdata)
 <LI><a href="#[ed]">_Color2Index_M8888I</a> from guicc_m8888i.o(i._Color2Index_M8888I) referenced from guicc_m8888i.o(.constdata)
 <LI><a href="#[ac]">_CopyBuffer</a> from guidrv_lin_16.o(i._CopyBuffer) referenced 2 times from guidrv_lin_16.o(i._GetDevFunc)
 <LI><a href="#[a]">_Create</a> from progbar_skin.o(i._Create) referenced 2 times from progbar_skin.o(.data)
 <LI><a href="#[8f]">_DMA_AlphaBlending</a> from guidrv_stm32f429i.o(i._DMA_AlphaBlending) referenced from guidrv_stm32f429i.o(i.LCD_X_Config)
 <LI><a href="#[91]">_DMA_MixColors</a> from guidrv_stm32f429i.o(i._DMA_MixColors) referenced from guidrv_stm32f429i.o(i.LCD_X_Config)
 <LI><a href="#[100]">_DrawBitmap</a> from guidrv_lin_16.o(i._DrawBitmap) referenced 4 times from guidrv_lin_16.o(.constdata)
 <LI><a href="#[144]">_DrawDown</a> from widget_effect_none.o(i._DrawDown) referenced 2 times from widget_effect_none.o(.constdata)
 <LI><a href="#[145]">_DrawDownRect</a> from widget_effect_none.o(i._DrawDownRect) referenced 2 times from widget_effect_none.o(.constdata)
 <LI><a href="#[146]">_DrawFlat</a> from widget_effect_none.o(i._DrawFlat) referenced from widget_effect_none.o(.constdata)
 <LI><a href="#[101]">_DrawHLine</a> from guidrv_lin_16.o(i._DrawHLine) referenced 4 times from guidrv_lin_16.o(.constdata)
 <LI><a href="#[2]">_DrawLine_RGB</a> from gui_bmp.o(i._DrawLine_RGB) referenced 2 times from gui_bmp.o(.data)
 <LI><a href="#[2]">_DrawLine_RGB</a> from gui_bmp.o(i._DrawLine_RGB) referenced from gui_bmp.o(i._DrawBitmap_RGB)
 <LI><a href="#[142]">_DrawUp</a> from widget_effect_none.o(i._DrawUp) referenced 2 times from widget_effect_none.o(.constdata)
 <LI><a href="#[143]">_DrawUpRect</a> from widget_effect_none.o(i._DrawUpRect) referenced 2 times from widget_effect_none.o(.constdata)
 <LI><a href="#[102]">_DrawVLine</a> from guidrv_lin_16.o(i._DrawVLine) referenced 4 times from guidrv_lin_16.o(.constdata)
 <LI><a href="#[122]">_Encode</a> from gui_uc_encodenone.o(i._Encode) referenced from gui_uc_encodenone.o(.constdata)
 <LI><a href="#[103]">_FillRect</a> from guidrv_lin_16.o(i._FillRect) referenced 4 times from guidrv_lin_16.o(.constdata)
 <LI><a href="#[152]">_GUI_USAGE_BM_Delete</a> from guidev_usagebm.o(i._GUI_USAGE_BM_Delete) referenced from guidev_usagebm.o(.constdata)
 <LI><a href="#[11f]">_GetCharCode</a> from gui_uc_encodenone.o(i._GetCharCode) referenced from gui_uc_encodenone.o(.constdata)
 <LI><a href="#[120]">_GetCharSize</a> from gui_uc_encodenone.o(i._GetCharSize) referenced from gui_uc_encodenone.o(.constdata)
 <LI><a href="#[10a]">_GetDevData</a> from guidrv_lin_16.o(i._GetDevData) referenced 4 times from guidrv_lin_16.o(.constdata)
 <LI><a href="#[108]">_GetDevFunc</a> from guidrv_lin_16.o(i._GetDevFunc) referenced 4 times from guidrv_lin_16.o(.constdata)
 <LI><a href="#[109]">_GetDevProp</a> from guidrv_lin_16.o(i._GetDevProp) referenced 4 times from guidrv_lin_16.o(.constdata)
 <LI><a href="#[125]">_GetIndexMask_0</a> from guicc_0.o(i._GetIndexMask_0) referenced from guicc_0.o(.constdata)
 <LI><a href="#[11e]">_GetIndexMask_16</a> from guicc_16.o(i._GetIndexMask_16) referenced from guicc_16.o(.constdata)
 <LI><a href="#[d8]">_GetIndexMask_1616I</a> from guicc_1616i.o(i._GetIndexMask_1616I) referenced from guicc_1616i.o(.constdata)
 <LI><a href="#[dd]">_GetIndexMask_8666</a> from guicc_8666.o(i._GetIndexMask_8666) referenced from guicc_8666.o(.constdata)
 <LI><a href="#[e0]">_GetIndexMask_88666I</a> from guicc_88666i.o(i._GetIndexMask_88666I) referenced from guicc_88666i.o(.constdata)
 <LI><a href="#[14c]">_GetIndexMask_8888</a> from guicc_8888.o(i._GetIndexMask_8888) referenced from guicc_8888.o(.constdata)
 <LI><a href="#[e5]">_GetIndexMask_M1555I</a> from guicc_m1555i.o(i._GetIndexMask_M1555I) referenced from guicc_m1555i.o(.constdata)
 <LI><a href="#[ea]">_GetIndexMask_M4444I</a> from guicc_m4444i.o(i._GetIndexMask_M4444I) referenced from guicc_m4444i.o(.constdata)
 <LI><a href="#[f5]">_GetIndexMask_M565</a> from guicc_m565.o(i._GetIndexMask_M565) referenced from guicc_m565.o(.constdata)
 <LI><a href="#[fa]">_GetIndexMask_M888</a> from guicc_m888.o(i._GetIndexMask_M888) referenced from guicc_m888.o(.constdata)
 <LI><a href="#[ef]">_GetIndexMask_M8888I</a> from guicc_m8888i.o(i._GetIndexMask_M8888I) referenced from guicc_m8888i.o(.constdata)
 <LI><a href="#[104]">_GetPixelIndex</a> from guidrv_lin_16.o(i._GetPixelIndex) referenced 4 times from guidrv_lin_16.o(.constdata)
 <LI><a href="#[a3]">_GetPos</a> from guidrv_lin_16.o(i._GetPos) referenced 2 times from guidrv_lin_16.o(i._GetDevFunc)
 <LI><a href="#[10b]">_GetRect</a> from guidrv_lin_16.o(i._GetRect) referenced 4 times from guidrv_lin_16.o(.constdata)
 <LI><a href="#[9e]">_Index2ColorBitfields</a> from gui_bmp.o(i._Index2ColorBitfields) referenced from gui_bmp.o(i._Draw)
 <LI><a href="#[f7]">_Index2ColorBulk</a> from guicc_m565.o(i._Index2ColorBulk) referenced 3 times from guicc_m565.o(.constdata)
 <LI><a href="#[da]">_Index2ColorBulk_1616I</a> from guicc_1616i.o(i._Index2ColorBulk_1616I) referenced from guicc_1616i.o(.constdata)
 <LI><a href="#[e2]">_Index2ColorBulk_88666I</a> from guicc_88666i.o(i._Index2ColorBulk_88666I) referenced from guicc_88666i.o(.constdata)
 <LI><a href="#[e7]">_Index2ColorBulk_M1555I</a> from guicc_m1555i.o(i._Index2ColorBulk_M1555I) referenced from guicc_m1555i.o(.constdata)
 <LI><a href="#[85]">_Index2ColorBulk_M1555I_DMA2D</a> from guidrv_stm32f429i.o(i._Index2ColorBulk_M1555I_DMA2D) referenced from guidrv_stm32f429i.o(i.LCD_X_Config)
 <LI><a href="#[ec]">_Index2ColorBulk_M4444I</a> from guicc_m4444i.o(i._Index2ColorBulk_M4444I) referenced from guicc_m4444i.o(.constdata)
 <LI><a href="#[89]">_Index2ColorBulk_M4444I_DMA2D</a> from guidrv_stm32f429i.o(i._Index2ColorBulk_M4444I_DMA2D) referenced from guidrv_stm32f429i.o(i.LCD_X_Config)
 <LI><a href="#[87]">_Index2ColorBulk_M565_DMA2D</a> from guidrv_stm32f429i.o(i._Index2ColorBulk_M565_DMA2D) referenced from guidrv_stm32f429i.o(i.LCD_X_Config)
 <LI><a href="#[f1]">_Index2ColorBulk_M8888I</a> from guicc_m8888i.o(i._Index2ColorBulk_M8888I) referenced from guicc_m8888i.o(.constdata)
 <LI><a href="#[8d]">_Index2ColorBulk_M8888I_DMA2D</a> from guidrv_stm32f429i.o(i._Index2ColorBulk_M8888I_DMA2D) referenced from guidrv_stm32f429i.o(i.LCD_X_Config)
 <LI><a href="#[8b]">_Index2ColorBulk_M888_DMA2D</a> from guidrv_stm32f429i.o(i._Index2ColorBulk_M888_DMA2D) referenced from guidrv_stm32f429i.o(i.LCD_X_Config)
 <LI><a href="#[124]">_Index2Color_0</a> from guicc_0.o(i._Index2Color_0) referenced from guicc_0.o(.constdata)
 <LI><a href="#[11d]">_Index2Color_16</a> from guicc_16.o(i._Index2Color_16) referenced from guicc_16.o(.constdata)
 <LI><a href="#[d7]">_Index2Color_1616I</a> from guicc_1616i.o(i._Index2Color_1616I) referenced from guicc_1616i.o(.constdata)
 <LI><a href="#[df]">_Index2Color_88666I</a> from guicc_88666i.o(i._Index2Color_88666I) referenced from guicc_88666i.o(.constdata)
 <LI><a href="#[e4]">_Index2Color_M1555I</a> from guicc_m1555i.o(i._Index2Color_M1555I) referenced from guicc_m1555i.o(.constdata)
 <LI><a href="#[e9]">_Index2Color_M4444I</a> from guicc_m4444i.o(i._Index2Color_M4444I) referenced from guicc_m4444i.o(.constdata)
 <LI><a href="#[a6]">_Init</a> from guidrv_lin_16.o(i._Init) referenced 2 times from guidrv_lin_16.o(i._GetDevFunc)
 <LI><a href="#[80]">_LCD_CopyBuffer</a> from guidrv_stm32f429i.o(i._LCD_CopyBuffer) referenced from guidrv_stm32f429i.o(i.LCD_X_Config)
 <LI><a href="#[81]">_LCD_CopyRect</a> from guidrv_stm32f429i.o(i._LCD_CopyRect) referenced from guidrv_stm32f429i.o(i.LCD_X_Config)
 <LI><a href="#[84]">_LCD_DrawBitmap16bpp</a> from guidrv_stm32f429i.o(i._LCD_DrawBitmap16bpp) referenced from guidrv_stm32f429i.o(i.LCD_X_Config)
 <LI><a href="#[83]">_LCD_DrawBitmap8bpp</a> from guidrv_stm32f429i.o(i._LCD_DrawBitmap8bpp) referenced from guidrv_stm32f429i.o(i.LCD_X_Config)
 <LI><a href="#[82]">_LCD_FillRect</a> from guidrv_stm32f429i.o(i._LCD_FillRect) referenced from guidrv_stm32f429i.o(i.LCD_X_Config)
 <LI><a href="#[82]">_LCD_FillRect</a> from guidrv_stm32f429i.o(i._LCD_FillRect) referenced from guidrv_stm32f429i.o(i._LCD_FillRect)
 <LI><a href="#[90]">_LCD_GetpPalConvTable</a> from guidrv_stm32f429i.o(i._LCD_GetpPalConvTable) referenced from guidrv_stm32f429i.o(i.LCD_X_Config)
 <LI><a href="#[92]">_LCD_MixColorsBulk</a> from guidrv_stm32f429i.o(i._LCD_MixColorsBulk) referenced from guidrv_stm32f429i.o(i.LCD_X_Config)
 <LI><a href="#[b]">_Log2VisBuffered</a> from gui_charline.o(i._Log2VisBuffered) referenced 2 times from gui_charline.o(.data)
 <LI><a href="#[6]">_NextPixel_End</a> from gui_bmp.o(i._NextPixel_End) referenced 2 times from gui_bmp.o(.data)
 <LI><a href="#[5]">_NextPixel_NextLine</a> from gui_bmp.o(i._NextPixel_NextLine) referenced 2 times from gui_bmp.o(.data)
 <LI><a href="#[4]">_NextPixel_SetPixel</a> from gui_bmp.o(i._NextPixel_SetPixel) referenced 2 times from gui_bmp.o(.data)
 <LI><a href="#[3]">_NextPixel_Start</a> from gui_bmp.o(i._NextPixel_Start) referenced 2 times from gui_bmp.o(.data)
 <LI><a href="#[a8]">_Off</a> from guidrv_lin_16.o(i._Off) referenced 2 times from guidrv_lin_16.o(i._GetDevFunc)
 <LI><a href="#[a7]">_On</a> from guidrv_lin_16.o(i._On) referenced 2 times from guidrv_lin_16.o(i._GetDevFunc)
 <LI><a href="#[7a]">_OnExit</a> from gui_core.o(i._OnExit) referenced from gui_core.o(i.GUI__Config)
 <LI><a href="#[7c]">_OnExit</a> from gui__alpha.o(i._OnExit) referenced from gui__alpha.o(i.GUI__GetAlphaBuffer)
 <LI><a href="#[7f]">_OnExit</a> from lcd_color.o(i._OnExit) referenced from lcd_color.o(i.LCD_InitColors)
 <LI><a href="#[9a]">_OnExit</a> from wm.o(i._OnExit) referenced from wm.o(i.WM_Init)
 <LI><a href="#[c3]">_OnExit</a> from gui_alloc.o(i._OnExit) referenced from gui_alloc.o(i._InitOnce)
 <LI><a href="#[9]">_Paint</a> from progbar_skin.o(i._Paint) referenced 2 times from progbar_skin.o(.data)
 <LI><a href="#[af]">_ReadRect</a> from guidrv_lin_16.o(i._ReadRect) referenced 2 times from guidrv_lin_16.o(i._GetDevFunc)
 <LI><a href="#[a4]">_SetAlpha</a> from guidrv_lin_16.o(i._SetAlpha) referenced 2 times from guidrv_lin_16.o(i._GetDevFunc)
 <LI><a href="#[a9]">_SetAlphaMode</a> from guidrv_lin_16.o(i._SetAlphaMode) referenced 2 times from guidrv_lin_16.o(i._GetDevFunc)
 <LI><a href="#[fe]">_SetBkColor</a> from lcd.o(i._SetBkColor) referenced from lcd.o(.constdata)
 <LI><a href="#[ab]">_SetChroma</a> from guidrv_lin_16.o(i._SetChroma) referenced 2 times from guidrv_lin_16.o(i._GetDevFunc)
 <LI><a href="#[aa]">_SetChromaMode</a> from guidrv_lin_16.o(i._SetChromaMode) referenced 2 times from guidrv_lin_16.o(i._GetDevFunc)
 <LI><a href="#[fd]">_SetColor</a> from lcd.o(i._SetColor) referenced from lcd.o(.constdata)
 <LI><a href="#[ae]">_SetDevFunc</a> from guidrv_lin_16.o(i._SetDevFunc) referenced 2 times from guidrv_lin_16.o(i._GetDevFunc)
 <LI><a href="#[ff]">_SetDrawMode</a> from lcd.o(i._SetDrawMode) referenced from lcd.o(.constdata)
 <LI><a href="#[107]">_SetOrg</a> from guidrv_lin_16.o(i._SetOrg) referenced 4 times from guidrv_lin_16.o(.constdata)
 <LI><a href="#[105]">_SetPixelIndex</a> from guidrv_lin_16.o(i._SetPixelIndex) referenced 4 times from guidrv_lin_16.o(.constdata)
 <LI><a href="#[a2]">_SetPos</a> from guidrv_lin_16.o(i._SetPos) referenced 2 times from guidrv_lin_16.o(i._GetDevFunc)
 <LI><a href="#[a1]">_SetSize</a> from guidrv_lin_16.o(i._SetSize) referenced 2 times from guidrv_lin_16.o(i._GetDevFunc)
 <LI><a href="#[9f]">_SetVRAMAddr</a> from guidrv_lin_16.o(i._SetVRAMAddr) referenced 2 times from guidrv_lin_16.o(i._GetDevFunc)
 <LI><a href="#[a0]">_SetVSize</a> from guidrv_lin_16.o(i._SetVSize) referenced 2 times from guidrv_lin_16.o(i._GetDevFunc)
 <LI><a href="#[a5]">_SetVis</a> from guidrv_lin_16.o(i._SetVis) referenced 2 times from guidrv_lin_16.o(i._GetDevFunc)
 <LI><a href="#[ad]">_ShowBuffer</a> from guidrv_lin_16.o(i._ShowBuffer) referenced 2 times from guidrv_lin_16.o(i._GetDevFunc)
 <LI><a href="#[106]">_XorPixel</a> from guidrv_lin_16.o(i._XorPixel) referenced 4 times from guidrv_lin_16.o(.constdata)
 <LI><a href="#[74]">__main</a> from entry.o(.ARM.Collect$$$$00000000) referenced from startup_stm32f429_439xx.o(.text)
 <LI><a href="#[99]">_cbBackWin</a> from wm.o(i._cbBackWin) referenced from wm.o(i.WM_Init)
 <LI><a href="#[9c]">_cbInvalidateOne</a> from wm_bringtotop.o(i._cbInvalidateOne) referenced from wm_bringtotop.o(i._BringToTop)
 <LI><a href="#[9b]">_cbPaintMemDev</a> from wm.o(i._cbPaintMemDev) referenced from wm.o(i.WM__Paint)
 <LI><a href="#[c7]">_sputc</a> from printf8.o(i._sputc) referenced from printf8.o(i.__0sprintf$8)
 <LI><a href="#[c8]">etharp_output</a> from etharp.o(i.etharp_output) referenced from ethernetif.o(i.ethernetif_init)
 <LI><a href="#[93]">ethernet_input</a> from etharp.o(i.ethernet_input) referenced from netconf.o(i.LwIP_Init)
 <LI><a href="#[94]">ethernetif_init</a> from ethernetif.o(i.ethernetif_init) referenced from netconf.o(i.LwIP_Init)
 <LI><a href="#[c6]">fputc</a> from fputc.o(i.fputc) referenced from printf8.o(i.__0printf$8)
 <LI><a href="#[7d]">http_accept</a> from httpd.o(i.http_accept) referenced from httpd.o(i.HTTPD_Init_addr)
 <LI><a href="#[cb]">http_err</a> from httpd.o(i.http_err) referenced from httpd.o(i.http_accept)
 <LI><a href="#[cc]">http_poll</a> from httpd.o(i.http_poll) referenced from httpd.o(i.http_accept)
 <LI><a href="#[cc]">http_poll</a> from httpd.o(i.http_poll) referenced from httpd.o(i.http_close_conn)
 <LI><a href="#[ca]">http_recv</a> from httpd.o(i.http_recv) referenced from httpd.o(i.http_accept)
 <LI><a href="#[cd]">http_sent</a> from httpd.o(i.http_sent) referenced from httpd.o(i.http_accept)
 <LI><a href="#[cf]">ipfrag_free_pbuf_custom</a> from ip_frag.o(i.ipfrag_free_pbuf_custom) referenced from ip_frag.o(i.ip_frag)
 <LI><a href="#[c9]">low_level_output</a> from ethernetif.o(i.low_level_output) referenced from ethernetif.o(i.ethernetif_init)
 <LI><a href="#[72]">main</a> from main.o(i.main) referenced from entry9a.o(.ARM.Collect$$$$0000000B)
 <LI><a href="#[95]">netbios_recv</a> from netbios.o(i.netbios_recv) referenced from netbios.o(i.NETBIOS_Init)
 <LI><a href="#[97]">recv_callback_tftp</a> from tftpserver.o(i.recv_callback_tftp) referenced from tftpserver.o(i.TFTPD_Init)
 <LI><a href="#[97]">recv_callback_tftp</a> from tftpserver.o(i.recv_callback_tftp) referenced from tftpserver.o(i.tftp_cleanup_rd)
 <LI><a href="#[97]">recv_callback_tftp</a> from tftpserver.o(i.recv_callback_tftp) referenced from tftpserver.o(i.tftp_cleanup_wr)
 <LI><a href="#[d3]">rrq_recv_callback</a> from tftpserver.o(i.rrq_recv_callback) referenced from tftpserver.o(i.tftp_process_read)
 <LI><a href="#[d1]">tcp_accept_null</a> from tcp.o(i.tcp_accept_null) referenced from tcp.o(i.tcp_listen_with_backlog)
 <LI><a href="#[d0]">tcp_recv_null</a> from tcp.o(i.tcp_recv_null) referenced from tcp.o(i.tcp_alloc)
 <LI><a href="#[d2]">tcpip_tcp_timer</a> from timers.o(i.tcpip_tcp_timer) referenced from timers.o(i.tcp_timer_needed)
 <LI><a href="#[d2]">tcpip_tcp_timer</a> from timers.o(i.tcpip_tcp_timer) referenced from timers.o(i.tcpip_tcp_timer)
 <LI><a href="#[d4]">wrq_recv_callback</a> from tftpserver.o(i.wrq_recv_callback) referenced from tftpserver.o(i.tftp_process_write)
</UL>
<P>
<H3>
Global Symbols
</H3>
<P><STRONG><a name="[74]"></a>__main</STRONG> (Thumb, 0 bytes, Stack size unknown bytes, entry.o(.ARM.Collect$$$$00000000))
<BR>[Address Reference Count : 1]<UL><LI> startup_stm32f429_439xx.o(.text)
</UL>
<P><STRONG><a name="[4f7]"></a>_main_stk</STRONG> (Thumb, 0 bytes, Stack size unknown bytes, entry2.o(.ARM.Collect$$$$00000001))

<P><STRONG><a name="[154]"></a>_main_scatterload</STRONG> (Thumb, 0 bytes, Stack size unknown bytes, entry5.o(.ARM.Collect$$$$00000004))
<BR><BR>[Calls]<UL><LI><a href="#[155]">&gt;&gt;</a>&nbsp;&nbsp;&nbsp;__scatterload
</UL>

<P><STRONG><a name="[168]"></a>__main_after_scatterload</STRONG> (Thumb, 0 bytes, Stack size unknown bytes, entry5.o(.ARM.Collect$$$$00000004))
<BR><BR>[Called By]<UL><LI><a href="#[155]">&gt;&gt;</a>&nbsp;&nbsp;&nbsp;__scatterload
</UL>

<P><STRONG><a name="[4f8]"></a>_main_clock</STRONG> (Thumb, 0 bytes, Stack size unknown bytes, entry7b.o(.ARM.Collect$$$$00000008))

<P><STRONG><a name="[4f9]"></a>_main_cpp_init</STRONG> (Thumb, 0 bytes, Stack size unknown bytes, entry8b.o(.ARM.Collect$$$$0000000A))

<P><STRONG><a name="[4fa]"></a>_main_init</STRONG> (Thumb, 0 bytes, Stack size unknown bytes, entry9a.o(.ARM.Collect$$$$0000000B))

<P><STRONG><a name="[4fb]"></a>__rt_final_cpp</STRONG> (Thumb, 0 bytes, Stack size unknown bytes, entry10a.o(.ARM.Collect$$$$0000000D))

<P><STRONG><a name="[4fc]"></a>__rt_final_exit</STRONG> (Thumb, 0 bytes, Stack size unknown bytes, entry11a.o(.ARM.Collect$$$$0000000F))

<P><STRONG><a name="[d]"></a>Reset_Handler</STRONG> (Thumb, 8 bytes, Stack size 0 bytes, startup_stm32f429_439xx.o(.text))
<BR>[Address Reference Count : 1]<UL><LI> startup_stm32f429_439xx.o(RESET)
</UL>
<P><STRONG><a name="[29]"></a>ADC_IRQHandler</STRONG> (Thumb, 0 bytes, Stack size 0 bytes, startup_stm32f429_439xx.o(.text))
<BR><BR>[Calls]<UL><LI><a href="#[29]">&gt;&gt;</a>&nbsp;&nbsp;&nbsp;ADC_IRQHandler
</UL>
<BR>[Called By]<UL><LI><a href="#[29]">&gt;&gt;</a>&nbsp;&nbsp;&nbsp;ADC_IRQHandler
</UL>
<BR>[Address Reference Count : 1]<UL><LI> startup_stm32f429_439xx.o(RESET)
</UL>
<P><STRONG><a name="[2b]"></a>CAN1_RX0_IRQHandler</STRONG> (Thumb, 0 bytes, Stack size 0 bytes, startup_stm32f429_439xx.o(.text))
<BR>[Address Reference Count : 1]<UL><LI> startup_stm32f429_439xx.o(RESET)
</UL>
<P><STRONG><a name="[2c]"></a>CAN1_RX1_IRQHandler</STRONG> (Thumb, 0 bytes, Stack size 0 bytes, startup_stm32f429_439xx.o(.text))
<BR>[Address Reference Count : 1]<UL><LI> startup_stm32f429_439xx.o(RESET)
</UL>
<P><STRONG><a name="[2d]"></a>CAN1_SCE_IRQHandler</STRONG> (Thumb, 0 bytes, Stack size 0 bytes, startup_stm32f429_439xx.o(.text))
<BR>[Address Reference Count : 1]<UL><LI> startup_stm32f429_439xx.o(RESET)
</UL>
<P><STRONG><a name="[2a]"></a>CAN1_TX_IRQHandler</STRONG> (Thumb, 0 bytes, Stack size 0 bytes, startup_stm32f429_439xx.o(.text))
<BR>[Address Reference Count : 1]<UL><LI> startup_stm32f429_439xx.o(RESET)
</UL>
<P><STRONG><a name="[57]"></a>CAN2_RX0_IRQHandler</STRONG> (Thumb, 0 bytes, Stack size 0 bytes, startup_stm32f429_439xx.o(.text))
<BR>[Address Reference Count : 1]<UL><LI> startup_stm32f429_439xx.o(RESET)
</UL>
<P><STRONG><a name="[58]"></a>CAN2_RX1_IRQHandler</STRONG> (Thumb, 0 bytes, Stack size 0 bytes, startup_stm32f429_439xx.o(.text))
<BR>[Address Reference Count : 1]<UL><LI> startup_stm32f429_439xx.o(RESET)
</UL>
<P><STRONG><a name="[59]"></a>CAN2_SCE_IRQHandler</STRONG> (Thumb, 0 bytes, Stack size 0 bytes, startup_stm32f429_439xx.o(.text))
<BR>[Address Reference Count : 1]<UL><LI> startup_stm32f429_439xx.o(RESET)
</UL>
<P><STRONG><a name="[56]"></a>CAN2_TX_IRQHandler</STRONG> (Thumb, 0 bytes, Stack size 0 bytes, startup_stm32f429_439xx.o(.text))
<BR>[Address Reference Count : 1]<UL><LI> startup_stm32f429_439xx.o(RESET)
</UL>
<P><STRONG><a name="[66]"></a>CRYP_IRQHandler</STRONG> (Thumb, 0 bytes, Stack size 0 bytes, startup_stm32f429_439xx.o(.text))
<BR>[Address Reference Count : 1]<UL><LI> startup_stm32f429_439xx.o(RESET)
</UL>
<P><STRONG><a name="[65]"></a>DCMI_IRQHandler</STRONG> (Thumb, 0 bytes, Stack size 0 bytes, startup_stm32f429_439xx.o(.text))
<BR>[Address Reference Count : 1]<UL><LI> startup_stm32f429_439xx.o(RESET)
</UL>
<P><STRONG><a name="[22]"></a>DMA1_Stream0_IRQHandler</STRONG> (Thumb, 0 bytes, Stack size 0 bytes, startup_stm32f429_439xx.o(.text))
<BR>[Address Reference Count : 1]<UL><LI> startup_stm32f429_439xx.o(RESET)
</UL>
<P><STRONG><a name="[23]"></a>DMA1_Stream1_IRQHandler</STRONG> (Thumb, 0 bytes, Stack size 0 bytes, startup_stm32f429_439xx.o(.text))
<BR>[Address Reference Count : 1]<UL><LI> startup_stm32f429_439xx.o(RESET)
</UL>
<P><STRONG><a name="[24]"></a>DMA1_Stream2_IRQHandler</STRONG> (Thumb, 0 bytes, Stack size 0 bytes, startup_stm32f429_439xx.o(.text))
<BR>[Address Reference Count : 1]<UL><LI> startup_stm32f429_439xx.o(RESET)
</UL>
<P><STRONG><a name="[25]"></a>DMA1_Stream3_IRQHandler</STRONG> (Thumb, 0 bytes, Stack size 0 bytes, startup_stm32f429_439xx.o(.text))
<BR>[Address Reference Count : 1]<UL><LI> startup_stm32f429_439xx.o(RESET)
</UL>
<P><STRONG><a name="[26]"></a>DMA1_Stream4_IRQHandler</STRONG> (Thumb, 0 bytes, Stack size 0 bytes, startup_stm32f429_439xx.o(.text))
<BR>[Address Reference Count : 1]<UL><LI> startup_stm32f429_439xx.o(RESET)
</UL>
<P><STRONG><a name="[27]"></a>DMA1_Stream5_IRQHandler</STRONG> (Thumb, 0 bytes, Stack size 0 bytes, startup_stm32f429_439xx.o(.text))
<BR>[Address Reference Count : 1]<UL><LI> startup_stm32f429_439xx.o(RESET)
</UL>
<P><STRONG><a name="[28]"></a>DMA1_Stream6_IRQHandler</STRONG> (Thumb, 0 bytes, Stack size 0 bytes, startup_stm32f429_439xx.o(.text))
<BR>[Address Reference Count : 1]<UL><LI> startup_stm32f429_439xx.o(RESET)
</UL>
<P><STRONG><a name="[46]"></a>DMA1_Stream7_IRQHandler</STRONG> (Thumb, 0 bytes, Stack size 0 bytes, startup_stm32f429_439xx.o(.text))
<BR>[Address Reference Count : 1]<UL><LI> startup_stm32f429_439xx.o(RESET)
</UL>
<P><STRONG><a name="[4f]"></a>DMA2_Stream0_IRQHandler</STRONG> (Thumb, 0 bytes, Stack size 0 bytes, startup_stm32f429_439xx.o(.text))
<BR>[Address Reference Count : 1]<UL><LI> startup_stm32f429_439xx.o(RESET)
</UL>
<P><STRONG><a name="[5b]"></a>DMA2_Stream5_IRQHandler</STRONG> (Thumb, 0 bytes, Stack size 0 bytes, startup_stm32f429_439xx.o(.text))
<BR>[Address Reference Count : 1]<UL><LI> startup_stm32f429_439xx.o(RESET)
</UL>
<P><STRONG><a name="[5c]"></a>DMA2_Stream6_IRQHandler</STRONG> (Thumb, 0 bytes, Stack size 0 bytes, startup_stm32f429_439xx.o(.text))
<BR>[Address Reference Count : 1]<UL><LI> startup_stm32f429_439xx.o(RESET)
</UL>
<P><STRONG><a name="[5d]"></a>DMA2_Stream7_IRQHandler</STRONG> (Thumb, 0 bytes, Stack size 0 bytes, startup_stm32f429_439xx.o(.text))
<BR>[Address Reference Count : 1]<UL><LI> startup_stm32f429_439xx.o(RESET)
</UL>
<P><STRONG><a name="[54]"></a>ETH_IRQHandler</STRONG> (Thumb, 0 bytes, Stack size 0 bytes, startup_stm32f429_439xx.o(.text))
<BR>[Address Reference Count : 1]<UL><LI> startup_stm32f429_439xx.o(RESET)
</UL>
<P><STRONG><a name="[55]"></a>ETH_WKUP_IRQHandler</STRONG> (Thumb, 0 bytes, Stack size 0 bytes, startup_stm32f429_439xx.o(.text))
<BR>[Address Reference Count : 1]<UL><LI> startup_stm32f429_439xx.o(RESET)
</UL>
<P><STRONG><a name="[1e]"></a>EXTI1_IRQHandler</STRONG> (Thumb, 0 bytes, Stack size 0 bytes, startup_stm32f429_439xx.o(.text))
<BR>[Address Reference Count : 1]<UL><LI> startup_stm32f429_439xx.o(RESET)
</UL>
<P><STRONG><a name="[1f]"></a>EXTI2_IRQHandler</STRONG> (Thumb, 0 bytes, Stack size 0 bytes, startup_stm32f429_439xx.o(.text))
<BR>[Address Reference Count : 1]<UL><LI> startup_stm32f429_439xx.o(RESET)
</UL>
<P><STRONG><a name="[20]"></a>EXTI3_IRQHandler</STRONG> (Thumb, 0 bytes, Stack size 0 bytes, startup_stm32f429_439xx.o(.text))
<BR>[Address Reference Count : 1]<UL><LI> startup_stm32f429_439xx.o(RESET)
</UL>
<P><STRONG><a name="[21]"></a>EXTI4_IRQHandler</STRONG> (Thumb, 0 bytes, Stack size 0 bytes, startup_stm32f429_439xx.o(.text))
<BR>[Address Reference Count : 1]<UL><LI> startup_stm32f429_439xx.o(RESET)
</UL>
<P><STRONG><a name="[1b]"></a>FLASH_IRQHandler</STRONG> (Thumb, 0 bytes, Stack size 0 bytes, startup_stm32f429_439xx.o(.text))
<BR>[Address Reference Count : 1]<UL><LI> startup_stm32f429_439xx.o(RESET)
</UL>
<P><STRONG><a name="[47]"></a>FMC_IRQHandler</STRONG> (Thumb, 0 bytes, Stack size 0 bytes, startup_stm32f429_439xx.o(.text))
<BR>[Address Reference Count : 1]<UL><LI> startup_stm32f429_439xx.o(RESET)
</UL>
<P><STRONG><a name="[68]"></a>FPU_IRQHandler</STRONG> (Thumb, 0 bytes, Stack size 0 bytes, startup_stm32f429_439xx.o(.text))
<BR>[Address Reference Count : 1]<UL><LI> startup_stm32f429_439xx.o(RESET)
</UL>
<P><STRONG><a name="[67]"></a>HASH_RNG_IRQHandler</STRONG> (Thumb, 0 bytes, Stack size 0 bytes, startup_stm32f429_439xx.o(.text))
<BR>[Address Reference Count : 1]<UL><LI> startup_stm32f429_439xx.o(RESET)
</UL>
<P><STRONG><a name="[37]"></a>I2C1_ER_IRQHandler</STRONG> (Thumb, 0 bytes, Stack size 0 bytes, startup_stm32f429_439xx.o(.text))
<BR>[Address Reference Count : 1]<UL><LI> startup_stm32f429_439xx.o(RESET)
</UL>
<P><STRONG><a name="[36]"></a>I2C1_EV_IRQHandler</STRONG> (Thumb, 0 bytes, Stack size 0 bytes, startup_stm32f429_439xx.o(.text))
<BR>[Address Reference Count : 1]<UL><LI> startup_stm32f429_439xx.o(RESET)
</UL>
<P><STRONG><a name="[39]"></a>I2C2_ER_IRQHandler</STRONG> (Thumb, 0 bytes, Stack size 0 bytes, startup_stm32f429_439xx.o(.text))
<BR>[Address Reference Count : 1]<UL><LI> startup_stm32f429_439xx.o(RESET)
</UL>
<P><STRONG><a name="[38]"></a>I2C2_EV_IRQHandler</STRONG> (Thumb, 0 bytes, Stack size 0 bytes, startup_stm32f429_439xx.o(.text))
<BR>[Address Reference Count : 1]<UL><LI> startup_stm32f429_439xx.o(RESET)
</UL>
<P><STRONG><a name="[60]"></a>I2C3_ER_IRQHandler</STRONG> (Thumb, 0 bytes, Stack size 0 bytes, startup_stm32f429_439xx.o(.text))
<BR>[Address Reference Count : 1]<UL><LI> startup_stm32f429_439xx.o(RESET)
</UL>
<P><STRONG><a name="[5f]"></a>I2C3_EV_IRQHandler</STRONG> (Thumb, 0 bytes, Stack size 0 bytes, startup_stm32f429_439xx.o(.text))
<BR>[Address Reference Count : 1]<UL><LI> startup_stm32f429_439xx.o(RESET)
</UL>
<P><STRONG><a name="[70]"></a>LTDC_ER_IRQHandler</STRONG> (Thumb, 0 bytes, Stack size 0 bytes, startup_stm32f429_439xx.o(.text))
<BR>[Address Reference Count : 1]<UL><LI> startup_stm32f429_439xx.o(RESET)
</UL>
<P><STRONG><a name="[5a]"></a>OTG_FS_IRQHandler</STRONG> (Thumb, 0 bytes, Stack size 0 bytes, startup_stm32f429_439xx.o(.text))
<BR>[Address Reference Count : 1]<UL><LI> startup_stm32f429_439xx.o(RESET)
</UL>
<P><STRONG><a name="[41]"></a>OTG_FS_WKUP_IRQHandler</STRONG> (Thumb, 0 bytes, Stack size 0 bytes, startup_stm32f429_439xx.o(.text))
<BR>[Address Reference Count : 1]<UL><LI> startup_stm32f429_439xx.o(RESET)
</UL>
<P><STRONG><a name="[62]"></a>OTG_HS_EP1_IN_IRQHandler</STRONG> (Thumb, 0 bytes, Stack size 0 bytes, startup_stm32f429_439xx.o(.text))
<BR>[Address Reference Count : 1]<UL><LI> startup_stm32f429_439xx.o(RESET)
</UL>
<P><STRONG><a name="[61]"></a>OTG_HS_EP1_OUT_IRQHandler</STRONG> (Thumb, 0 bytes, Stack size 0 bytes, startup_stm32f429_439xx.o(.text))
<BR>[Address Reference Count : 1]<UL><LI> startup_stm32f429_439xx.o(RESET)
</UL>
<P><STRONG><a name="[64]"></a>OTG_HS_IRQHandler</STRONG> (Thumb, 0 bytes, Stack size 0 bytes, startup_stm32f429_439xx.o(.text))
<BR>[Address Reference Count : 1]<UL><LI> startup_stm32f429_439xx.o(RESET)
</UL>
<P><STRONG><a name="[63]"></a>OTG_HS_WKUP_IRQHandler</STRONG> (Thumb, 0 bytes, Stack size 0 bytes, startup_stm32f429_439xx.o(.text))
<BR>[Address Reference Count : 1]<UL><LI> startup_stm32f429_439xx.o(RESET)
</UL>
<P><STRONG><a name="[18]"></a>PVD_IRQHandler</STRONG> (Thumb, 0 bytes, Stack size 0 bytes, startup_stm32f429_439xx.o(.text))
<BR>[Address Reference Count : 1]<UL><LI> startup_stm32f429_439xx.o(RESET)
</UL>
<P><STRONG><a name="[1c]"></a>RCC_IRQHandler</STRONG> (Thumb, 0 bytes, Stack size 0 bytes, startup_stm32f429_439xx.o(.text))
<BR>[Address Reference Count : 1]<UL><LI> startup_stm32f429_439xx.o(RESET)
</UL>
<P><STRONG><a name="[1a]"></a>RTC_WKUP_IRQHandler</STRONG> (Thumb, 0 bytes, Stack size 0 bytes, startup_stm32f429_439xx.o(.text))
<BR>[Address Reference Count : 1]<UL><LI> startup_stm32f429_439xx.o(RESET)
</UL>
<P><STRONG><a name="[6e]"></a>SAI1_IRQHandler</STRONG> (Thumb, 0 bytes, Stack size 0 bytes, startup_stm32f429_439xx.o(.text))
<BR>[Address Reference Count : 1]<UL><LI> startup_stm32f429_439xx.o(RESET)
</UL>
<P><STRONG><a name="[3a]"></a>SPI1_IRQHandler</STRONG> (Thumb, 0 bytes, Stack size 0 bytes, startup_stm32f429_439xx.o(.text))
<BR>[Address Reference Count : 1]<UL><LI> startup_stm32f429_439xx.o(RESET)
</UL>
<P><STRONG><a name="[3b]"></a>SPI2_IRQHandler</STRONG> (Thumb, 0 bytes, Stack size 0 bytes, startup_stm32f429_439xx.o(.text))
<BR>[Address Reference Count : 1]<UL><LI> startup_stm32f429_439xx.o(RESET)
</UL>
<P><STRONG><a name="[4a]"></a>SPI3_IRQHandler</STRONG> (Thumb, 0 bytes, Stack size 0 bytes, startup_stm32f429_439xx.o(.text))
<BR>[Address Reference Count : 1]<UL><LI> startup_stm32f429_439xx.o(RESET)
</UL>
<P><STRONG><a name="[6b]"></a>SPI4_IRQHandler</STRONG> (Thumb, 0 bytes, Stack size 0 bytes, startup_stm32f429_439xx.o(.text))
<BR>[Address Reference Count : 1]<UL><LI> startup_stm32f429_439xx.o(RESET)
</UL>
<P><STRONG><a name="[6c]"></a>SPI5_IRQHandler</STRONG> (Thumb, 0 bytes, Stack size 0 bytes, startup_stm32f429_439xx.o(.text))
<BR>[Address Reference Count : 1]<UL><LI> startup_stm32f429_439xx.o(RESET)
</UL>
<P><STRONG><a name="[6d]"></a>SPI6_IRQHandler</STRONG> (Thumb, 0 bytes, Stack size 0 bytes, startup_stm32f429_439xx.o(.text))
<BR>[Address Reference Count : 1]<UL><LI> startup_stm32f429_439xx.o(RESET)
</UL>
<P><STRONG><a name="[19]"></a>TAMP_STAMP_IRQHandler</STRONG> (Thumb, 0 bytes, Stack size 0 bytes, startup_stm32f429_439xx.o(.text))
<BR>[Address Reference Count : 1]<UL><LI> startup_stm32f429_439xx.o(RESET)
</UL>
<P><STRONG><a name="[2f]"></a>TIM1_BRK_TIM9_IRQHandler</STRONG> (Thumb, 0 bytes, Stack size 0 bytes, startup_stm32f429_439xx.o(.text))
<BR>[Address Reference Count : 1]<UL><LI> startup_stm32f429_439xx.o(RESET)
</UL>
<P><STRONG><a name="[32]"></a>TIM1_CC_IRQHandler</STRONG> (Thumb, 0 bytes, Stack size 0 bytes, startup_stm32f429_439xx.o(.text))
<BR>[Address Reference Count : 1]<UL><LI> startup_stm32f429_439xx.o(RESET)
</UL>
<P><STRONG><a name="[31]"></a>TIM1_TRG_COM_TIM11_IRQHandler</STRONG> (Thumb, 0 bytes, Stack size 0 bytes, startup_stm32f429_439xx.o(.text))
<BR>[Address Reference Count : 1]<UL><LI> startup_stm32f429_439xx.o(RESET)
</UL>
<P><STRONG><a name="[30]"></a>TIM1_UP_TIM10_IRQHandler</STRONG> (Thumb, 0 bytes, Stack size 0 bytes, startup_stm32f429_439xx.o(.text))
<BR>[Address Reference Count : 1]<UL><LI> startup_stm32f429_439xx.o(RESET)
</UL>
<P><STRONG><a name="[33]"></a>TIM2_IRQHandler</STRONG> (Thumb, 0 bytes, Stack size 0 bytes, startup_stm32f429_439xx.o(.text))
<BR>[Address Reference Count : 1]<UL><LI> startup_stm32f429_439xx.o(RESET)
</UL>
<P><STRONG><a name="[34]"></a>TIM3_IRQHandler</STRONG> (Thumb, 0 bytes, Stack size 0 bytes, startup_stm32f429_439xx.o(.text))
<BR>[Address Reference Count : 1]<UL><LI> startup_stm32f429_439xx.o(RESET)
</UL>
<P><STRONG><a name="[35]"></a>TIM4_IRQHandler</STRONG> (Thumb, 0 bytes, Stack size 0 bytes, startup_stm32f429_439xx.o(.text))
<BR>[Address Reference Count : 1]<UL><LI> startup_stm32f429_439xx.o(RESET)
</UL>
<P><STRONG><a name="[49]"></a>TIM5_IRQHandler</STRONG> (Thumb, 0 bytes, Stack size 0 bytes, startup_stm32f429_439xx.o(.text))
<BR>[Address Reference Count : 1]<UL><LI> startup_stm32f429_439xx.o(RESET)
</UL>
<P><STRONG><a name="[4d]"></a>TIM6_DAC_IRQHandler</STRONG> (Thumb, 0 bytes, Stack size 0 bytes, startup_stm32f429_439xx.o(.text))
<BR>[Address Reference Count : 1]<UL><LI> startup_stm32f429_439xx.o(RESET)
</UL>
<P><STRONG><a name="[4e]"></a>TIM7_IRQHandler</STRONG> (Thumb, 0 bytes, Stack size 0 bytes, startup_stm32f429_439xx.o(.text))
<BR>[Address Reference Count : 1]<UL><LI> startup_stm32f429_439xx.o(RESET)
</UL>
<P><STRONG><a name="[42]"></a>TIM8_BRK_TIM12_IRQHandler</STRONG> (Thumb, 0 bytes, Stack size 0 bytes, startup_stm32f429_439xx.o(.text))
<BR>[Address Reference Count : 1]<UL><LI> startup_stm32f429_439xx.o(RESET)
</UL>
<P><STRONG><a name="[45]"></a>TIM8_CC_IRQHandler</STRONG> (Thumb, 0 bytes, Stack size 0 bytes, startup_stm32f429_439xx.o(.text))
<BR>[Address Reference Count : 1]<UL><LI> startup_stm32f429_439xx.o(RESET)
</UL>
<P><STRONG><a name="[44]"></a>TIM8_TRG_COM_TIM14_IRQHandler</STRONG> (Thumb, 0 bytes, Stack size 0 bytes, startup_stm32f429_439xx.o(.text))
<BR>[Address Reference Count : 1]<UL><LI> startup_stm32f429_439xx.o(RESET)
</UL>
<P><STRONG><a name="[43]"></a>TIM8_UP_TIM13_IRQHandler</STRONG> (Thumb, 0 bytes, Stack size 0 bytes, startup_stm32f429_439xx.o(.text))
<BR>[Address Reference Count : 1]<UL><LI> startup_stm32f429_439xx.o(RESET)
</UL>
<P><STRONG><a name="[4b]"></a>UART4_IRQHandler</STRONG> (Thumb, 0 bytes, Stack size 0 bytes, startup_stm32f429_439xx.o(.text))
<BR>[Address Reference Count : 1]<UL><LI> startup_stm32f429_439xx.o(RESET)
</UL>
<P><STRONG><a name="[4c]"></a>UART5_IRQHandler</STRONG> (Thumb, 0 bytes, Stack size 0 bytes, startup_stm32f429_439xx.o(.text))
<BR>[Address Reference Count : 1]<UL><LI> startup_stm32f429_439xx.o(RESET)
</UL>
<P><STRONG><a name="[69]"></a>UART7_IRQHandler</STRONG> (Thumb, 0 bytes, Stack size 0 bytes, startup_stm32f429_439xx.o(.text))
<BR>[Address Reference Count : 1]<UL><LI> startup_stm32f429_439xx.o(RESET)
</UL>
<P><STRONG><a name="[6a]"></a>UART8_IRQHandler</STRONG> (Thumb, 0 bytes, Stack size 0 bytes, startup_stm32f429_439xx.o(.text))
<BR>[Address Reference Count : 1]<UL><LI> startup_stm32f429_439xx.o(RESET)
</UL>
<P><STRONG><a name="[3c]"></a>USART1_IRQHandler</STRONG> (Thumb, 0 bytes, Stack size 0 bytes, startup_stm32f429_439xx.o(.text))
<BR>[Address Reference Count : 1]<UL><LI> startup_stm32f429_439xx.o(RESET)
</UL>
<P><STRONG><a name="[3e]"></a>USART3_IRQHandler</STRONG> (Thumb, 0 bytes, Stack size 0 bytes, startup_stm32f429_439xx.o(.text))
<BR>[Address Reference Count : 1]<UL><LI> startup_stm32f429_439xx.o(RESET)
</UL>
<P><STRONG><a name="[5e]"></a>USART6_IRQHandler</STRONG> (Thumb, 0 bytes, Stack size 0 bytes, startup_stm32f429_439xx.o(.text))
<BR>[Address Reference Count : 1]<UL><LI> startup_stm32f429_439xx.o(RESET)
</UL>
<P><STRONG><a name="[17]"></a>WWDG_IRQHandler</STRONG> (Thumb, 0 bytes, Stack size 0 bytes, startup_stm32f429_439xx.o(.text))
<BR>[Address Reference Count : 1]<UL><LI> startup_stm32f429_439xx.o(RESET)
</UL>
<P><STRONG><a name="[4fd]"></a>___aeabi_memcpy8$move</STRONG> (Thumb, 0 bytes, Stack size 8 bytes, memmovea.o(.text), UNUSED)

<P><STRONG><a name="[1f5]"></a>__aeabi_memcpy</STRONG> (Thumb, 64 bytes, Stack size 8 bytes, memmovea.o(.text))
<BR><BR>[Stack]<UL><LI>Max Depth = 8<LI>Call Chain = __aeabi_memcpy
</UL>
<BR>[Called By]<UL><LI><a href="#[4a7]">&gt;&gt;</a>&nbsp;&nbsp;&nbsp;lwip_chksum_copy
<LI><a href="#[477]">&gt;&gt;</a>&nbsp;&nbsp;&nbsp;pbuf_copy_partial
<LI><a href="#[44d]">&gt;&gt;</a>&nbsp;&nbsp;&nbsp;pbuf_copy
<LI><a href="#[c9]">&gt;&gt;</a>&nbsp;&nbsp;&nbsp;low_level_output
<LI><a href="#[452]">&gt;&gt;</a>&nbsp;&nbsp;&nbsp;low_level_input
<LI><a href="#[4a1]">&gt;&gt;</a>&nbsp;&nbsp;&nbsp;ip_reass_free_complete_datagram
<LI><a href="#[49e]">&gt;&gt;</a>&nbsp;&nbsp;&nbsp;ip_reass_enqueue_new_datagram
<LI><a href="#[498]">&gt;&gt;</a>&nbsp;&nbsp;&nbsp;ip_reass
<LI><a href="#[490]">&gt;&gt;</a>&nbsp;&nbsp;&nbsp;ip_frag
<LI><a href="#[486]">&gt;&gt;</a>&nbsp;&nbsp;&nbsp;icmp_send_response
<LI><a href="#[467]">&gt;&gt;</a>&nbsp;&nbsp;&nbsp;get_tag_insert
<LI><a href="#[466]">&gt;&gt;</a>&nbsp;&nbsp;&nbsp;fs_read
<LI><a href="#[4f3]">&gt;&gt;</a>&nbsp;&nbsp;&nbsp;tftp_set_data_message
<LI><a href="#[d4]">&gt;&gt;</a>&nbsp;&nbsp;&nbsp;wrq_recv_callback
<LI><a href="#[4f1]">&gt;&gt;</a>&nbsp;&nbsp;&nbsp;tftp_send_message
<LI><a href="#[95]">&gt;&gt;</a>&nbsp;&nbsp;&nbsp;netbios_recv
<LI><a href="#[bd]">&gt;&gt;</a>&nbsp;&nbsp;&nbsp;_CopyBuffer
<LI><a href="#[100]">&gt;&gt;</a>&nbsp;&nbsp;&nbsp;_DrawBitmap
<LI><a href="#[ac]">&gt;&gt;</a>&nbsp;&nbsp;&nbsp;_CopyBuffer
<LI><a href="#[293]">&gt;&gt;</a>&nbsp;&nbsp;&nbsp;GUI__SetText
<LI><a href="#[1f3]">&gt;&gt;</a>&nbsp;&nbsp;&nbsp;GUI_ALLOC_Realloc
<LI><a href="#[136]">&gt;&gt;</a>&nbsp;&nbsp;&nbsp;_DrawBitmap
<LI><a href="#[12a]">&gt;&gt;</a>&nbsp;&nbsp;&nbsp;_DrawBitmap
</UL>

<P><STRONG><a name="[264]"></a>__aeabi_memcpy4</STRONG> (Thumb, 0 bytes, Stack size 8 bytes, memmovea.o(.text))
<BR><BR>[Stack]<UL><LI>Max Depth = 8<LI>Call Chain = __aeabi_memcpy4
</UL>
<BR>[Called By]<UL><LI><a href="#[4e2]">&gt;&gt;</a>&nbsp;&nbsp;&nbsp;tcp_seg_copy
<LI><a href="#[467]">&gt;&gt;</a>&nbsp;&nbsp;&nbsp;get_tag_insert
<LI><a href="#[400]">&gt;&gt;</a>&nbsp;&nbsp;&nbsp;_EnlargeBlocks
<LI><a href="#[308]">&gt;&gt;</a>&nbsp;&nbsp;&nbsp;PROGBAR_CreateUser
<LI><a href="#[266]">&gt;&gt;</a>&nbsp;&nbsp;&nbsp;GUI_SaveContext_W
<LI><a href="#[263]">&gt;&gt;</a>&nbsp;&nbsp;&nbsp;GUI_RestoreContext
<LI><a href="#[3ed]">&gt;&gt;</a>&nbsp;&nbsp;&nbsp;_DrawBitLine32BPP_DDB
</UL>

<P><STRONG><a name="[41e]"></a>__aeabi_memmove</STRONG> (Thumb, 0 bytes, Stack size 8 bytes, memmovea.o(.text))
<BR><BR>[Stack]<UL><LI>Max Depth = 8<LI>Call Chain = __aeabi_memmove
</UL>
<BR>[Called By]<UL><LI><a href="#[1ef]">&gt;&gt;</a>&nbsp;&nbsp;&nbsp;_RemoveHoles
</UL>

<P><STRONG><a name="[4fe]"></a>__aeabi_memmove4</STRONG> (Thumb, 0 bytes, Stack size 8 bytes, memmovea.o(.text), UNUSED)

<P><STRONG><a name="[4ff]"></a>__aeabi_memmove8</STRONG> (Thumb, 0 bytes, Stack size 8 bytes, memmovea.o(.text), UNUSED)

<P><STRONG><a name="[157]"></a>__aeabi_memset</STRONG> (Thumb, 14 bytes, Stack size 0 bytes, memseta.o(.text))
<BR><BR>[Called By]<UL><LI><a href="#[158]">&gt;&gt;</a>&nbsp;&nbsp;&nbsp;_memset$wrapper
<LI><a href="#[156]">&gt;&gt;</a>&nbsp;&nbsp;&nbsp;__aeabi_memclr
<LI><a href="#[150]">&gt;&gt;</a>&nbsp;&nbsp;&nbsp;GUI_USAGE_BM_AddHLine
</UL>

<P><STRONG><a name="[500]"></a>__aeabi_memset4</STRONG> (Thumb, 0 bytes, Stack size 0 bytes, memseta.o(.text), UNUSED)

<P><STRONG><a name="[501]"></a>__aeabi_memset8</STRONG> (Thumb, 0 bytes, Stack size 0 bytes, memseta.o(.text), UNUSED)

<P><STRONG><a name="[156]"></a>__aeabi_memclr</STRONG> (Thumb, 4 bytes, Stack size 0 bytes, memseta.o(.text), UNUSED)
<BR><BR>[Calls]<UL><LI><a href="#[157]">&gt;&gt;</a>&nbsp;&nbsp;&nbsp;__aeabi_memset
</UL>

<P><STRONG><a name="[1d4]"></a>__aeabi_memclr4</STRONG> (Thumb, 0 bytes, Stack size 0 bytes, memseta.o(.text))
<BR><BR>[Called By]<UL><LI><a href="#[1cb]">&gt;&gt;</a>&nbsp;&nbsp;&nbsp;FS5206_ReadXY
<LI><a href="#[2eb]">&gt;&gt;</a>&nbsp;&nbsp;&nbsp;_LCD_InitController
<LI><a href="#[4c5]">&gt;&gt;</a>&nbsp;&nbsp;&nbsp;tcp_alloc
<LI><a href="#[49e]">&gt;&gt;</a>&nbsp;&nbsp;&nbsp;ip_reass_enqueue_new_datagram
<LI><a href="#[303]">&gt;&gt;</a>&nbsp;&nbsp;&nbsp;udp_new
<LI><a href="#[2f7]">&gt;&gt;</a>&nbsp;&nbsp;&nbsp;LwIP_Init
<LI><a href="#[2a2]">&gt;&gt;</a>&nbsp;&nbsp;&nbsp;TF_QuerySimple
<LI><a href="#[370]">&gt;&gt;</a>&nbsp;&nbsp;&nbsp;TF_InitStatic
<LI><a href="#[468]">&gt;&gt;</a>&nbsp;&nbsp;&nbsp;http_state_alloc
<LI><a href="#[36b]">&gt;&gt;</a>&nbsp;&nbsp;&nbsp;TF_HandleReceivedMessage
<LI><a href="#[1a4]">&gt;&gt;</a>&nbsp;&nbsp;&nbsp;TF_SendSimple
<LI><a href="#[3e8]">&gt;&gt;</a>&nbsp;&nbsp;&nbsp;_DrawBitmap_RGB
<LI><a href="#[3e6]">&gt;&gt;</a>&nbsp;&nbsp;&nbsp;_DrawBitmap_Pal
<LI><a href="#[3e7]">&gt;&gt;</a>&nbsp;&nbsp;&nbsp;_DrawBitmap_16bpp
<LI><a href="#[b3]">&gt;&gt;</a>&nbsp;&nbsp;&nbsp;_SetPos
<LI><a href="#[a2]">&gt;&gt;</a>&nbsp;&nbsp;&nbsp;_SetPos
<LI><a href="#[151]">&gt;&gt;</a>&nbsp;&nbsp;&nbsp;GUI_USAGE_BM_Clear
</UL>

<P><STRONG><a name="[502]"></a>__aeabi_memclr8</STRONG> (Thumb, 0 bytes, Stack size 0 bytes, memseta.o(.text), UNUSED)

<P><STRONG><a name="[158]"></a>_memset$wrapper</STRONG> (Thumb, 18 bytes, Stack size 8 bytes, memseta.o(.text), UNUSED)
<BR><BR>[Calls]<UL><LI><a href="#[157]">&gt;&gt;</a>&nbsp;&nbsp;&nbsp;__aeabi_memset
</UL>

<P><STRONG><a name="[472]"></a>strstr</STRONG> (Thumb, 36 bytes, Stack size 12 bytes, strstr.o(.text))
<BR><BR>[Stack]<UL><LI>Max Depth = 12<LI>Call Chain = strstr
</UL>
<BR>[Called By]<UL><LI><a href="#[470]">&gt;&gt;</a>&nbsp;&nbsp;&nbsp;http_find_file
</UL>

<P><STRONG><a name="[454]"></a>strchr</STRONG> (Thumb, 20 bytes, Stack size 0 bytes, strchr.o(.text))
<BR><BR>[Called By]<UL><LI><a href="#[470]">&gt;&gt;</a>&nbsp;&nbsp;&nbsp;http_find_file
<LI><a href="#[453]">&gt;&gt;</a>&nbsp;&nbsp;&nbsp;extract_uri_parameters
</UL>

<P><STRONG><a name="[1a3]"></a>strlen</STRONG> (Thumb, 14 bytes, Stack size 0 bytes, strlen.o(.text))
<BR><BR>[Called By]<UL><LI><a href="#[467]">&gt;&gt;</a>&nbsp;&nbsp;&nbsp;get_tag_insert
<LI><a href="#[4ea]">&gt;&gt;</a>&nbsp;&nbsp;&nbsp;tftp_construct_error_message
<LI><a href="#[ce]">&gt;&gt;</a>&nbsp;&nbsp;&nbsp;HTTP_ResponseHandler
<LI><a href="#[474]">&gt;&gt;</a>&nbsp;&nbsp;&nbsp;strnstr
<LI><a href="#[19c]">&gt;&gt;</a>&nbsp;&nbsp;&nbsp;DISP_UpdateDateTime
</UL>

<P><STRONG><a name="[2a1]"></a>strcmp</STRONG> (Thumb, 28 bytes, Stack size 8 bytes, strcmp.o(.text))
<BR><BR>[Stack]<UL><LI>Max Depth = 8<LI>Call Chain = strcmp
</UL>
<BR>[Called By]<UL><LI><a href="#[470]">&gt;&gt;</a>&nbsp;&nbsp;&nbsp;http_find_file
<LI><a href="#[467]">&gt;&gt;</a>&nbsp;&nbsp;&nbsp;get_tag_insert
<LI><a href="#[463]">&gt;&gt;</a>&nbsp;&nbsp;&nbsp;fs_open
<LI><a href="#[95]">&gt;&gt;</a>&nbsp;&nbsp;&nbsp;netbios_recv
<LI><a href="#[d5]">&gt;&gt;</a>&nbsp;&nbsp;&nbsp;HTTP_CGI_Handler
</UL>

<P><STRONG><a name="[27e]"></a>memcmp</STRONG> (Thumb, 26 bytes, Stack size 12 bytes, memcmp.o(.text))
<BR><BR>[Stack]<UL><LI>Max Depth = 12<LI>Call Chain = memcmp
</UL>
<BR>[Called By]<UL><LI><a href="#[27b]">&gt;&gt;</a>&nbsp;&nbsp;&nbsp;GUI_TOUCH_StoreStateEx
<LI><a href="#[93]">&gt;&gt;</a>&nbsp;&nbsp;&nbsp;ethernet_input
</UL>

<P><STRONG><a name="[1a2]"></a>strcpy</STRONG> (Thumb, 18 bytes, Stack size 0 bytes, strcpy.o(.text))
<BR><BR>[Called By]<UL><LI><a href="#[4ed]">&gt;&gt;</a>&nbsp;&nbsp;&nbsp;tftp_set_errormsg
<LI><a href="#[4ba]">&gt;&gt;</a>&nbsp;&nbsp;&nbsp;tftp_extract_filename
<LI><a href="#[1a5]">&gt;&gt;</a>&nbsp;&nbsp;&nbsp;DISP_UpdateLog
<LI><a href="#[ce]">&gt;&gt;</a>&nbsp;&nbsp;&nbsp;HTTP_ResponseHandler
<LI><a href="#[19c]">&gt;&gt;</a>&nbsp;&nbsp;&nbsp;DISP_UpdateDateTime
<LI><a href="#[293]">&gt;&gt;</a>&nbsp;&nbsp;&nbsp;GUI__SetText
</UL>

<P><STRONG><a name="[478]"></a>strncmp</STRONG> (Thumb, 30 bytes, Stack size 12 bytes, strncmp.o(.text))
<BR><BR>[Stack]<UL><LI>Max Depth = 12<LI>Call Chain = strncmp
</UL>
<BR>[Called By]<UL><LI><a href="#[475]">&gt;&gt;</a>&nbsp;&nbsp;&nbsp;http_parse_request
<LI><a href="#[474]">&gt;&gt;</a>&nbsp;&nbsp;&nbsp;strnstr
</UL>

<P><STRONG><a name="[159]"></a>atoi</STRONG> (Thumb, 26 bytes, Stack size 16 bytes, atoi.o(.text))
<BR><BR>[Stack]<UL><LI>Max Depth = 88<LI>Call Chain = atoi &rArr; strtol &rArr; _strtoul
</UL>
<BR>[Calls]<UL><LI><a href="#[15b]">&gt;&gt;</a>&nbsp;&nbsp;&nbsp;strtol
<LI><a href="#[15a]">&gt;&gt;</a>&nbsp;&nbsp;&nbsp;__aeabi_errno_addr
</UL>
<BR>[Called By]<UL><LI><a href="#[d5]">&gt;&gt;</a>&nbsp;&nbsp;&nbsp;HTTP_CGI_Handler
</UL>

<P><STRONG><a name="[15c]"></a>__aeabi_dadd</STRONG> (Thumb, 322 bytes, Stack size 48 bytes, dadd.o(.text))
<BR><BR>[Stack]<UL><LI>Max Depth = 88<LI>Call Chain = __aeabi_dadd &rArr; _double_epilogue &rArr; _double_round
</UL>
<BR>[Calls]<UL><LI><a href="#[15e]">&gt;&gt;</a>&nbsp;&nbsp;&nbsp;__aeabi_lasr
<LI><a href="#[15d]">&gt;&gt;</a>&nbsp;&nbsp;&nbsp;__aeabi_llsl
<LI><a href="#[160]">&gt;&gt;</a>&nbsp;&nbsp;&nbsp;_double_round
<LI><a href="#[15f]">&gt;&gt;</a>&nbsp;&nbsp;&nbsp;_double_epilogue
</UL>
<BR>[Called By]<UL><LI><a href="#[277]">&gt;&gt;</a>&nbsp;&nbsp;&nbsp;GUI_TOUCH_TransformPoint
<LI><a href="#[162]">&gt;&gt;</a>&nbsp;&nbsp;&nbsp;__aeabi_drsub
<LI><a href="#[161]">&gt;&gt;</a>&nbsp;&nbsp;&nbsp;__aeabi_dsub
</UL>

<P><STRONG><a name="[161]"></a>__aeabi_dsub</STRONG> (Thumb, 6 bytes, Stack size 0 bytes, dadd.o(.text), UNUSED)
<BR><BR>[Calls]<UL><LI><a href="#[15c]">&gt;&gt;</a>&nbsp;&nbsp;&nbsp;__aeabi_dadd
</UL>

<P><STRONG><a name="[162]"></a>__aeabi_drsub</STRONG> (Thumb, 6 bytes, Stack size 0 bytes, dadd.o(.text), UNUSED)
<BR><BR>[Calls]<UL><LI><a href="#[15c]">&gt;&gt;</a>&nbsp;&nbsp;&nbsp;__aeabi_dadd
</UL>

<P><STRONG><a name="[163]"></a>__aeabi_d2iz</STRONG> (Thumb, 62 bytes, Stack size 16 bytes, dfixi.o(.text))
<BR><BR>[Stack]<UL><LI>Max Depth = 16<LI>Call Chain = __aeabi_d2iz
</UL>
<BR>[Calls]<UL><LI><a href="#[164]">&gt;&gt;</a>&nbsp;&nbsp;&nbsp;__aeabi_llsr
</UL>
<BR>[Called By]<UL><LI><a href="#[277]">&gt;&gt;</a>&nbsp;&nbsp;&nbsp;GUI_TOUCH_TransformPoint
</UL>

<P><STRONG><a name="[27f]"></a>__aeabi_f2d</STRONG> (Thumb, 38 bytes, Stack size 0 bytes, f2d.o(.text))
<BR><BR>[Called By]<UL><LI><a href="#[277]">&gt;&gt;</a>&nbsp;&nbsp;&nbsp;GUI_TOUCH_TransformPoint
</UL>

<P><STRONG><a name="[165]"></a>__aeabi_uldivmod</STRONG> (Thumb, 98 bytes, Stack size 40 bytes, uldiv.o(.text), UNUSED)
<BR><BR>[Calls]<UL><LI><a href="#[164]">&gt;&gt;</a>&nbsp;&nbsp;&nbsp;__aeabi_llsr
<LI><a href="#[15d]">&gt;&gt;</a>&nbsp;&nbsp;&nbsp;__aeabi_llsl
</UL>
<BR>[Called By]<UL><LI><a href="#[425]">&gt;&gt;</a>&nbsp;&nbsp;&nbsp;_printf_core
</UL>

<P><STRONG><a name="[15d]"></a>__aeabi_llsl</STRONG> (Thumb, 30 bytes, Stack size 0 bytes, llshl.o(.text))
<BR><BR>[Called By]<UL><LI><a href="#[15c]">&gt;&gt;</a>&nbsp;&nbsp;&nbsp;__aeabi_dadd
<LI><a href="#[165]">&gt;&gt;</a>&nbsp;&nbsp;&nbsp;__aeabi_uldivmod
<LI><a href="#[15f]">&gt;&gt;</a>&nbsp;&nbsp;&nbsp;_double_epilogue
</UL>

<P><STRONG><a name="[503]"></a>_ll_shift_l</STRONG> (Thumb, 0 bytes, Stack size 0 bytes, llshl.o(.text), UNUSED)

<P><STRONG><a name="[164]"></a>__aeabi_llsr</STRONG> (Thumb, 32 bytes, Stack size 0 bytes, llushr.o(.text))
<BR><BR>[Called By]<UL><LI><a href="#[163]">&gt;&gt;</a>&nbsp;&nbsp;&nbsp;__aeabi_d2iz
<LI><a href="#[165]">&gt;&gt;</a>&nbsp;&nbsp;&nbsp;__aeabi_uldivmod
<LI><a href="#[15f]">&gt;&gt;</a>&nbsp;&nbsp;&nbsp;_double_epilogue
</UL>

<P><STRONG><a name="[504]"></a>_ll_ushift_r</STRONG> (Thumb, 0 bytes, Stack size 0 bytes, llushr.o(.text), UNUSED)

<P><STRONG><a name="[15e]"></a>__aeabi_lasr</STRONG> (Thumb, 36 bytes, Stack size 0 bytes, llsshr.o(.text))
<BR><BR>[Called By]<UL><LI><a href="#[15c]">&gt;&gt;</a>&nbsp;&nbsp;&nbsp;__aeabi_dadd
</UL>

<P><STRONG><a name="[505]"></a>_ll_sshift_r</STRONG> (Thumb, 0 bytes, Stack size 0 bytes, llsshr.o(.text), UNUSED)

<P><STRONG><a name="[15b]"></a>strtol</STRONG> (Thumb, 112 bytes, Stack size 32 bytes, strtol.o(.text))
<BR><BR>[Stack]<UL><LI>Max Depth = 72<LI>Call Chain = strtol &rArr; _strtoul
</UL>
<BR>[Calls]<UL><LI><a href="#[167]">&gt;&gt;</a>&nbsp;&nbsp;&nbsp;_strtoul
<LI><a href="#[166]">&gt;&gt;</a>&nbsp;&nbsp;&nbsp;__rt_ctype_table
<LI><a href="#[15a]">&gt;&gt;</a>&nbsp;&nbsp;&nbsp;__aeabi_errno_addr
</UL>
<BR>[Called By]<UL><LI><a href="#[159]">&gt;&gt;</a>&nbsp;&nbsp;&nbsp;atoi
</UL>

<P><STRONG><a name="[506]"></a>__I$use$fp</STRONG> (Thumb, 0 bytes, Stack size 8 bytes, iusefp.o(.text), UNUSED)

<P><STRONG><a name="[160]"></a>_double_round</STRONG> (Thumb, 30 bytes, Stack size 8 bytes, depilogue.o(.text))
<BR><BR>[Stack]<UL><LI>Max Depth = 8<LI>Call Chain = _double_round
</UL>
<BR>[Called By]<UL><LI><a href="#[15c]">&gt;&gt;</a>&nbsp;&nbsp;&nbsp;__aeabi_dadd
<LI><a href="#[15f]">&gt;&gt;</a>&nbsp;&nbsp;&nbsp;_double_epilogue
</UL>

<P><STRONG><a name="[15f]"></a>_double_epilogue</STRONG> (Thumb, 156 bytes, Stack size 32 bytes, depilogue.o(.text))
<BR><BR>[Stack]<UL><LI>Max Depth = 40<LI>Call Chain = _double_epilogue &rArr; _double_round
</UL>
<BR>[Calls]<UL><LI><a href="#[164]">&gt;&gt;</a>&nbsp;&nbsp;&nbsp;__aeabi_llsr
<LI><a href="#[15d]">&gt;&gt;</a>&nbsp;&nbsp;&nbsp;__aeabi_llsl
<LI><a href="#[160]">&gt;&gt;</a>&nbsp;&nbsp;&nbsp;_double_round
</UL>
<BR>[Called By]<UL><LI><a href="#[15c]">&gt;&gt;</a>&nbsp;&nbsp;&nbsp;__aeabi_dadd
</UL>

<P><STRONG><a name="[155]"></a>__scatterload</STRONG> (Thumb, 28 bytes, Stack size 0 bytes, init.o(.text))
<BR><BR>[Calls]<UL><LI><a href="#[168]">&gt;&gt;</a>&nbsp;&nbsp;&nbsp;__main_after_scatterload
</UL>
<BR>[Called By]<UL><LI><a href="#[154]">&gt;&gt;</a>&nbsp;&nbsp;&nbsp;_main_scatterload
</UL>

<P><STRONG><a name="[507]"></a>__scatterload_rt2</STRONG> (Thumb, 0 bytes, Stack size 0 bytes, init.o(.text), UNUSED)

<P><STRONG><a name="[166]"></a>__rt_ctype_table</STRONG> (Thumb, 4 bytes, Stack size 0 bytes, ctype_o.o(.text))
<BR><BR>[Called By]<UL><LI><a href="#[15b]">&gt;&gt;</a>&nbsp;&nbsp;&nbsp;strtol
</UL>

<P><STRONG><a name="[508]"></a>__semihosting_library_function</STRONG> (Thumb, 0 bytes, Stack size 0 bytes, semi.o(.text), UNUSED)

<P><STRONG><a name="[167]"></a>_strtoul</STRONG> (Thumb, 158 bytes, Stack size 40 bytes, _strtoul.o(.text))
<BR><BR>[Stack]<UL><LI>Max Depth = 40<LI>Call Chain = _strtoul
</UL>
<BR>[Calls]<UL><LI><a href="#[169]">&gt;&gt;</a>&nbsp;&nbsp;&nbsp;_chval
<LI><a href="#[15a]">&gt;&gt;</a>&nbsp;&nbsp;&nbsp;__aeabi_errno_addr
</UL>
<BR>[Called By]<UL><LI><a href="#[15b]">&gt;&gt;</a>&nbsp;&nbsp;&nbsp;strtol
</UL>

<P><STRONG><a name="[509]"></a>__I$use$semihosting$fputc</STRONG> (Thumb, 0 bytes, Stack size 0 bytes, iusesemip.o(.text), UNUSED)

<P><STRONG><a name="[169]"></a>_chval</STRONG> (Thumb, 28 bytes, Stack size 0 bytes, _chval.o(.text))
<BR><BR>[Called By]<UL><LI><a href="#[167]">&gt;&gt;</a>&nbsp;&nbsp;&nbsp;_strtoul
</UL>

<P><STRONG><a name="[50a]"></a>__decompress</STRONG> (Thumb, 0 bytes, Stack size unknown bytes, __dczerorl2.o(.text), UNUSED)

<P><STRONG><a name="[50b]"></a>__decompress1</STRONG> (Thumb, 86 bytes, Stack size unknown bytes, __dczerorl2.o(.text), UNUSED)

<P><STRONG><a name="[75]"></a>APP_GetData</STRONG> (Thumb, 36 bytes, Stack size 24 bytes, display.o(i.APP_GetData))
<BR><BR>[Stack]<UL><LI>Max Depth = 332<LI>Call Chain = APP_GetData &rArr; f_lseek &rArr; create_chain &rArr; put_fat &rArr; move_window &rArr; sync_window &rArr; disk_write &rArr; SD_WriteMultiBlocks &rArr; SD_LowLevel_DMA_TxConfig &rArr; DMA_DeInit
</UL>
<BR>[Calls]<UL><LI><a href="#[16b]">&gt;&gt;</a>&nbsp;&nbsp;&nbsp;f_read
<LI><a href="#[16a]">&gt;&gt;</a>&nbsp;&nbsp;&nbsp;f_lseek
</UL>
<BR>[Address Reference Count : 1]<UL><LI> display.o(i.DISP_Init)
</UL>
<P><STRONG><a name="[16c]"></a>BUZZER_Init</STRONG> (Thumb, 56 bytes, Stack size 16 bytes, buzzer.o(i.BUZZER_Init))
<BR><BR>[Stack]<UL><LI>Max Depth = 40<LI>Call Chain = BUZZER_Init &rArr; GPIO_Init
</UL>
<BR>[Calls]<UL><LI><a href="#[16d]">&gt;&gt;</a>&nbsp;&nbsp;&nbsp;RCC_AHB1PeriphClockCmd
<LI><a href="#[16f]">&gt;&gt;</a>&nbsp;&nbsp;&nbsp;GPIO_ResetBits
<LI><a href="#[16e]">&gt;&gt;</a>&nbsp;&nbsp;&nbsp;GPIO_Init
</UL>
<BR>[Called By]<UL><LI><a href="#[72]">&gt;&gt;</a>&nbsp;&nbsp;&nbsp;main
</UL>

<P><STRONG><a name="[1a1]"></a>Bcd2Dec</STRONG> (Thumb, 18 bytes, Stack size 0 bytes, common.o(i.Bcd2Dec))
<BR><BR>[Called By]<UL><LI><a href="#[19c]">&gt;&gt;</a>&nbsp;&nbsp;&nbsp;DISP_UpdateDateTime
</UL>

<P><STRONG><a name="[11]"></a>BusFault_Handler</STRONG> (Thumb, 8 bytes, Stack size 0 bytes, stm32f4xx_it.o(i.BusFault_Handler))
<BR><BR>[Calls]<UL><LI><a href="#[170]">&gt;&gt;</a>&nbsp;&nbsp;&nbsp;ErrorHandler
</UL>
<BR>[Address Reference Count : 1]<UL><LI> startup_stm32f429_439xx.o(RESET)
</UL>
<P><STRONG><a name="[17b]"></a>DISP_FileTransferState</STRONG> (Thumb, 168 bytes, Stack size 8 bytes, display.o(i.DISP_FileTransferState))
<BR><BR>[Stack]<UL><LI>Max Depth = 672<LI>Call Chain = DISP_FileTransferState &rArr; GUI_Exec &rArr; GUI_Exec1 &rArr; WM_Exec &rArr; _DrawNext &rArr; WM__Paint &rArr; GUI_MEMDEV_Draw &rArr; GUI_MEMDEV_CopyToLCD &rArr; GUI_MEMDEV_CopyToLCDAt &rArr; GUI_MEMDEV__WriteToActiveOpaque &rArr; _WriteToActiveOpaque_8 &rArr; LCD__DrawBitmap_1bpp &rArr; LCD_FillRect
</UL>
<BR>[Calls]<UL><LI><a href="#[17f]">&gt;&gt;</a>&nbsp;&nbsp;&nbsp;GUI_SetFont
<LI><a href="#[180]">&gt;&gt;</a>&nbsp;&nbsp;&nbsp;GUI_SetColor
<LI><a href="#[182]">&gt;&gt;</a>&nbsp;&nbsp;&nbsp;GUI_DispString
<LI><a href="#[17e]">&gt;&gt;</a>&nbsp;&nbsp;&nbsp;GUI_SetTextMode
<LI><a href="#[17d]">&gt;&gt;</a>&nbsp;&nbsp;&nbsp;GUI_SetTextAlign
<LI><a href="#[181]">&gt;&gt;</a>&nbsp;&nbsp;&nbsp;GUI_GotoXY
<LI><a href="#[183]">&gt;&gt;</a>&nbsp;&nbsp;&nbsp;GUI_Exec
<LI><a href="#[17c]">&gt;&gt;</a>&nbsp;&nbsp;&nbsp;GUI_ClearRect
</UL>
<BR>[Called By]<UL><LI><a href="#[ce]">&gt;&gt;</a>&nbsp;&nbsp;&nbsp;HTTP_ResponseHandler
<LI><a href="#[d5]">&gt;&gt;</a>&nbsp;&nbsp;&nbsp;HTTP_CGI_Handler
</UL>

<P><STRONG><a name="[184]"></a>DISP_Init</STRONG> (Thumb, 258 bytes, Stack size 32 bytes, display.o(i.DISP_Init))
<BR><BR>[Stack]<UL><LI>Max Depth = 468<LI>Call Chain = DISP_Init &rArr; f_open &rArr; follow_path &rArr; dir_find &rArr; dir_next &rArr; create_chain &rArr; put_fat &rArr; move_window &rArr; sync_window &rArr; disk_write &rArr; SD_WriteMultiBlocks &rArr; SD_LowLevel_DMA_TxConfig &rArr; DMA_DeInit
</UL>
<BR>[Calls]<UL><LI><a href="#[193]">&gt;&gt;</a>&nbsp;&nbsp;&nbsp;f_opendir
<LI><a href="#[194]">&gt;&gt;</a>&nbsp;&nbsp;&nbsp;f_open
<LI><a href="#[188]">&gt;&gt;</a>&nbsp;&nbsp;&nbsp;f_mount
<LI><a href="#[17f]">&gt;&gt;</a>&nbsp;&nbsp;&nbsp;GUI_SetFont
<LI><a href="#[180]">&gt;&gt;</a>&nbsp;&nbsp;&nbsp;GUI_SetColor
<LI><a href="#[189]">&gt;&gt;</a>&nbsp;&nbsp;&nbsp;GUI_SetBkColor
<LI><a href="#[187]">&gt;&gt;</a>&nbsp;&nbsp;&nbsp;GUI_Clear
<LI><a href="#[192]">&gt;&gt;</a>&nbsp;&nbsp;&nbsp;WM_HideWindow
<LI><a href="#[18c]">&gt;&gt;</a>&nbsp;&nbsp;&nbsp;PROGBAR_SetTextColor
<LI><a href="#[18e]">&gt;&gt;</a>&nbsp;&nbsp;&nbsp;PROGBAR_SetTextAlign
<LI><a href="#[190]">&gt;&gt;</a>&nbsp;&nbsp;&nbsp;PROGBAR_SetText
<LI><a href="#[191]">&gt;&gt;</a>&nbsp;&nbsp;&nbsp;PROGBAR_SetSkin
<LI><a href="#[18b]">&gt;&gt;</a>&nbsp;&nbsp;&nbsp;PROGBAR_SetMinMax
<LI><a href="#[18f]">&gt;&gt;</a>&nbsp;&nbsp;&nbsp;PROGBAR_SetFont
<LI><a href="#[18d]">&gt;&gt;</a>&nbsp;&nbsp;&nbsp;PROGBAR_SetBarColor
<LI><a href="#[18a]">&gt;&gt;</a>&nbsp;&nbsp;&nbsp;PROGBAR_CreateEx
<LI><a href="#[17e]">&gt;&gt;</a>&nbsp;&nbsp;&nbsp;GUI_SetTextMode
<LI><a href="#[186]">&gt;&gt;</a>&nbsp;&nbsp;&nbsp;GUI_SelectLayer
<LI><a href="#[185]">&gt;&gt;</a>&nbsp;&nbsp;&nbsp;GUI_Init
<LI><a href="#[195]">&gt;&gt;</a>&nbsp;&nbsp;&nbsp;GUI_BMP_DrawEx
</UL>
<BR>[Called By]<UL><LI><a href="#[72]">&gt;&gt;</a>&nbsp;&nbsp;&nbsp;main
</UL>

<P><STRONG><a name="[196]"></a>DISP_ProgbarSetNewState</STRONG> (Thumb, 62 bytes, Stack size 8 bytes, display.o(i.DISP_ProgbarSetNewState))
<BR><BR>[Stack]<UL><LI>Max Depth = 672<LI>Call Chain = DISP_ProgbarSetNewState &rArr; GUI_Exec &rArr; GUI_Exec1 &rArr; WM_Exec &rArr; _DrawNext &rArr; WM__Paint &rArr; GUI_MEMDEV_Draw &rArr; GUI_MEMDEV_CopyToLCD &rArr; GUI_MEMDEV_CopyToLCDAt &rArr; GUI_MEMDEV__WriteToActiveOpaque &rArr; _WriteToActiveOpaque_8 &rArr; LCD__DrawBitmap_1bpp &rArr; LCD_FillRect
</UL>
<BR>[Calls]<UL><LI><a href="#[198]">&gt;&gt;</a>&nbsp;&nbsp;&nbsp;WM_ShowWindow
<LI><a href="#[192]">&gt;&gt;</a>&nbsp;&nbsp;&nbsp;WM_HideWindow
<LI><a href="#[197]">&gt;&gt;</a>&nbsp;&nbsp;&nbsp;PROGBAR_SetValue
<LI><a href="#[183]">&gt;&gt;</a>&nbsp;&nbsp;&nbsp;GUI_Exec
<LI><a href="#[17c]">&gt;&gt;</a>&nbsp;&nbsp;&nbsp;GUI_ClearRect
</UL>
<BR>[Called By]<UL><LI><a href="#[d5]">&gt;&gt;</a>&nbsp;&nbsp;&nbsp;HTTP_CGI_Handler
</UL>

<P><STRONG><a name="[199]"></a>DISP_Service</STRONG> (Thumb, 86 bytes, Stack size 8 bytes, display.o(i.DISP_Service))
[...]
<LI><a href="#[248]">&gt;&gt;</a>&nbsp;&nbsp;&nbsp;GUI_MEMDEV_SetOrg
<LI><a href="#[23b]">&gt;&gt;</a>&nbsp;&nbsp;&nbsp;GUI_MEMDEV__CreateFixed
<LI><a href="#[238]">&gt;&gt;</a>&nbsp;&nbsp;&nbsp;GUI_MEMDEV_Select
<LI><a href="#[c5]">&gt;&gt;</a>&nbsp;&nbsp;&nbsp;WM__Paint1
</UL>
<BR>[Called By]<UL><LI><a href="#[c4]">&gt;&gt;</a>&nbsp;&nbsp;&nbsp;GUI_MEMDEV_Paint1Static
</UL>

<P><STRONG><a name="[3d7]"></a>_Convert16</STRONG> (Thumb, 62 bytes, Stack size 40 bytes, guidev_writetoactiveopaque.o(i._Convert16))
<BR><BR>[Stack]<UL><LI>Max Depth = 48<LI>Call Chain = _Convert16 &rArr; GUI__CompactPixelIndices
</UL>
<BR>[Calls]<UL><LI><a href="#[3d8]">&gt;&gt;</a>&nbsp;&nbsp;&nbsp;GUI__CompactPixelIndices
</UL>
<BR>[Called By]<UL><LI><a href="#[257]">&gt;&gt;</a>&nbsp;&nbsp;&nbsp;_WriteToActiveOpaque_8
</UL>

<P><STRONG><a name="[3d9]"></a>_Convert8</STRONG> (Thumb, 62 bytes, Stack size 40 bytes, guidev_writetoactiveopaque.o(i._Convert8))
<BR><BR>[Stack]<UL><LI>Max Depth = 48<LI>Call Chain = _Convert8 &rArr; GUI__CompactPixelIndices
</UL>
<BR>[Calls]<UL><LI><a href="#[3d8]">&gt;&gt;</a>&nbsp;&nbsp;&nbsp;GUI__CompactPixelIndices
</UL>
<BR>[Called By]<UL><LI><a href="#[257]">&gt;&gt;</a>&nbsp;&nbsp;&nbsp;_WriteToActiveOpaque_8
</UL>

<P><STRONG><a name="[257]"></a>_WriteToActiveOpaque_8</STRONG> (Thumb, 824 bytes, Stack size 168 bytes, guidev_writetoactiveopaque.o(i._WriteToActiveOpaque_8))
<BR><BR>[Stack]<UL><LI>Max Depth = 288<LI>Call Chain = _WriteToActiveOpaque_8 &rArr; LCD__DrawBitmap_1bpp &rArr; LCD_FillRect
</UL>
<BR>[Calls]<UL><LI><a href="#[1de]">&gt;&gt;</a>&nbsp;&nbsp;&nbsp;LCD_DrawBitmap
<LI><a href="#[3ff]">&gt;&gt;</a>&nbsp;&nbsp;&nbsp;GUI_GetpfColor2IndexEx
<LI><a href="#[1e8]">&gt;&gt;</a>&nbsp;&nbsp;&nbsp;GUI_ALLOC_UnlockH
<LI><a href="#[1e6]">&gt;&gt;</a>&nbsp;&nbsp;&nbsp;GUI_ALLOC_LockH
<LI><a href="#[1e9]">&gt;&gt;</a>&nbsp;&nbsp;&nbsp;GUI_ALLOC_Free
<LI><a href="#[1e3]">&gt;&gt;</a>&nbsp;&nbsp;&nbsp;GUI_ALLOC_AllocNoInit
<LI><a href="#[28a]">&gt;&gt;</a>&nbsp;&nbsp;&nbsp;GUI_GetpfIndex2ColorEx
<LI><a href="#[289]">&gt;&gt;</a>&nbsp;&nbsp;&nbsp;GUI_GetBitsPerPixelEx
<LI><a href="#[2f2]">&gt;&gt;</a>&nbsp;&nbsp;&nbsp;LCD__DrawBitmap_1bpp
<LI><a href="#[3d9]">&gt;&gt;</a>&nbsp;&nbsp;&nbsp;_Convert8
<LI><a href="#[3d7]">&gt;&gt;</a>&nbsp;&nbsp;&nbsp;_Convert16
<LI><a href="#[24b]">&gt;&gt;</a>&nbsp;&nbsp;&nbsp;GUI_MEMDEV_GetDataPtr
</UL>
<BR>[Called By]<UL><LI><a href="#[c1]">&gt;&gt;</a>&nbsp;&nbsp;&nbsp;GUI_MEMDEV__WriteToActiveOpaque
</UL>

<P><STRONG><a name="[258]"></a>_WriteToActiveOpaque_HT</STRONG> (Thumb, 826 bytes, Stack size 144 bytes, guidev_writetoactiveopaque.o(i._WriteToActiveOpaque_HT))
<BR><BR>[Stack]<UL><LI>Max Depth = 248<LI>Call Chain = _WriteToActiveOpaque_HT &rArr; LCD_DrawBitmap &rArr; LCD_FillRect
</UL>
<BR>[Calls]<UL><LI><a href="#[1de]">&gt;&gt;</a>&nbsp;&nbsp;&nbsp;LCD_DrawBitmap
<LI><a href="#[1e8]">&gt;&gt;</a>&nbsp;&nbsp;&nbsp;GUI_ALLOC_UnlockH
<LI><a href="#[1e6]">&gt;&gt;</a>&nbsp;&nbsp;&nbsp;GUI_ALLOC_LockH
<LI><a href="#[1e9]">&gt;&gt;</a>&nbsp;&nbsp;&nbsp;GUI_ALLOC_Free
<LI><a href="#[1e3]">&gt;&gt;</a>&nbsp;&nbsp;&nbsp;GUI_ALLOC_AllocNoInit
<LI><a href="#[289]">&gt;&gt;</a>&nbsp;&nbsp;&nbsp;GUI_GetBitsPerPixelEx
</UL>
<BR>[Called By]<UL><LI><a href="#[c1]">&gt;&gt;</a>&nbsp;&nbsp;&nbsp;GUI_MEMDEV__WriteToActiveOpaque
</UL>

<P><STRONG><a name="[149]"></a>_DrawDown</STRONG> (Thumb, 16 bytes, Stack size 16 bytes, widget_effect_simple.o(i._DrawDown))
<BR><BR>[Stack]<UL><LI>Max Depth = 304<LI>Call Chain = _DrawDown &rArr; _DrawDownRect &rArr; GUI_DrawRect &rArr; WM__InitIVRSearch &rArr; WM__GetNextIVR &rArr; WM__ActivateClipRect &rArr; _SetClipRectUserIntersect &rArr; LCD_SetClipRectEx &rArr; GUI__IntersectRects
</UL>
<BR>[Calls]<UL><LI><a href="#[39f]">&gt;&gt;</a>&nbsp;&nbsp;&nbsp;WM_GetClientRect
<LI><a href="#[14a]">&gt;&gt;</a>&nbsp;&nbsp;&nbsp;_DrawDownRect
</UL>
<BR>[Address Reference Count : 1]<UL><LI> widget_effect_simple.o(.constdata)
</UL>
<P><STRONG><a name="[14a]"></a>_DrawDownRect</STRONG> (Thumb, 50 bytes, Stack size 120 bytes, widget_effect_simple.o(i._DrawDownRect))
<BR><BR>[Stack]<UL><LI>Max Depth = 288<LI>Call Chain = _DrawDownRect &rArr; GUI_DrawRect &rArr; WM__InitIVRSearch &rArr; WM__GetNextIVR &rArr; WM__ActivateClipRect &rArr; _SetClipRectUserIntersect &rArr; LCD_SetClipRectEx &rArr; GUI__IntersectRects
</UL>
<BR>[Calls]<UL><LI><a href="#[269]">&gt;&gt;</a>&nbsp;&nbsp;&nbsp;LCD_SetColor
<LI><a href="#[266]">&gt;&gt;</a>&nbsp;&nbsp;&nbsp;GUI_SaveContext_W
<LI><a href="#[263]">&gt;&gt;</a>&nbsp;&nbsp;&nbsp;GUI_RestoreContext
<LI><a href="#[216]">&gt;&gt;</a>&nbsp;&nbsp;&nbsp;GUI_DrawRect
</UL>
<BR>[Called By]<UL><LI><a href="#[149]">&gt;&gt;</a>&nbsp;&nbsp;&nbsp;_DrawDown
</UL>
<BR>[Address Reference Count : 1]<UL><LI> widget_effect_simple.o(.constdata)
</UL>
<P><STRONG><a name="[147]"></a>_DrawUp</STRONG> (Thumb, 16 bytes, Stack size 16 bytes, widget_effect_simple.o(i._DrawUp))
<BR><BR>[Stack]<UL><LI>Max Depth = 304<LI>Call Chain = _DrawUp &rArr; _DrawUpRect &rArr; GUI_DrawRect &rArr; WM__InitIVRSearch &rArr; WM__GetNextIVR &rArr; WM__ActivateClipRect &rArr; _SetClipRectUserIntersect &rArr; LCD_SetClipRectEx &rArr; GUI__IntersectRects
</UL>
<BR>[Calls]<UL><LI><a href="#[39f]">&gt;&gt;</a>&nbsp;&nbsp;&nbsp;WM_GetClientRect
<LI><a href="#[148]">&gt;&gt;</a>&nbsp;&nbsp;&nbsp;_DrawUpRect
</UL>
<BR>[Address Reference Count : 1]<UL><LI> widget_effect_simple.o(.constdata)
</UL>
<P><STRONG><a name="[148]"></a>_DrawUpRect</STRONG> (Thumb, 50 bytes, Stack size 120 bytes, widget_effect_simple.o(i._DrawUpRect))
<BR><BR>[Stack]<UL><LI>Max Depth = 288<LI>Call Chain = _DrawUpRect &rArr; GUI_DrawRect &rArr; WM__InitIVRSearch &rArr; WM__GetNextIVR &rArr; WM__ActivateClipRect &rArr; _SetClipRectUserIntersect &rArr; LCD_SetClipRectEx &rArr; GUI__IntersectRects
</UL>
<BR>[Calls]<UL><LI><a href="#[269]">&gt;&gt;</a>&nbsp;&nbsp;&nbsp;LCD_SetColor
<LI><a href="#[266]">&gt;&gt;</a>&nbsp;&nbsp;&nbsp;GUI_SaveContext_W
<LI><a href="#[263]">&gt;&gt;</a>&nbsp;&nbsp;&nbsp;GUI_RestoreContext
<LI><a href="#[216]">&gt;&gt;</a>&nbsp;&nbsp;&nbsp;GUI_DrawRect
</UL>
<BR>[Called By]<UL><LI><a href="#[147]">&gt;&gt;</a>&nbsp;&nbsp;&nbsp;_DrawUp
</UL>
<BR>[Address Reference Count : 1]<UL><LI> widget_effect_simple.o(.constdata)
</UL>
<P><STRONG><a name="[38e]"></a>_BringToTop</STRONG> (Thumb, 106 bytes, Stack size 24 bytes, wm_bringtotop.o(i._BringToTop))
<BR><BR>[Stack]<UL><LI>Max Depth = 184<LI>Call Chain = _BringToTop &rArr; WM_InvalidateWindow &rArr; WM_InvalidateRect &rArr; WM__InvalidateRectEx &rArr; WM__InvalidateRect &rArr;  WM__InvalidateRect (Cycle)
</UL>
<BR>[Calls]<UL><LI><a href="#[1e8]">&gt;&gt;</a>&nbsp;&nbsp;&nbsp;GUI_ALLOC_UnlockH
<LI><a href="#[1e6]">&gt;&gt;</a>&nbsp;&nbsp;&nbsp;GUI_ALLOC_LockH
<LI><a href="#[30e]">&gt;&gt;</a>&nbsp;&nbsp;&nbsp;WM_InvalidateWindow
<LI><a href="#[3c5]">&gt;&gt;</a>&nbsp;&nbsp;&nbsp;WM__RemoveWindowFromList
<LI><a href="#[38f]">&gt;&gt;</a>&nbsp;&nbsp;&nbsp;WM__InsertWindowIntoList
<LI><a href="#[39d]">&gt;&gt;</a>&nbsp;&nbsp;&nbsp;WM_ForEachDesc
</UL>
<BR>[Called By]<UL><LI><a href="#[383]">&gt;&gt;</a>&nbsp;&nbsp;&nbsp;WM_BringToTop
</UL>

<P><STRONG><a name="[9c]"></a>_cbInvalidateOne</STRONG> (Thumb, 4 bytes, Stack size 0 bytes, wm_bringtotop.o(i._cbInvalidateOne))
<BR><BR>[Stack]<UL><LI>Max Depth = 160<LI>Call Chain = _cbInvalidateOne &rArr; WM_InvalidateWindow &rArr; WM_InvalidateRect &rArr; WM__InvalidateRectEx &rArr; WM__InvalidateRect &rArr;  WM__InvalidateRect (Cycle)
</UL>
<BR>[Calls]<UL><LI><a href="#[30e]">&gt;&gt;</a>&nbsp;&nbsp;&nbsp;WM_InvalidateWindow
</UL>
<BR>[Address Reference Count : 1]<UL><LI> wm_bringtotop.o(i._BringToTop)
</UL>
<P><STRONG><a name="[26d]"></a>_RemoveFromLinList</STRONG> (Thumb, 86 bytes, Stack size 24 bytes, gui_timer.o(i._RemoveFromLinList))
<BR><BR>[Stack]<UL><LI>Max Depth = 24<LI>Call Chain = _RemoveFromLinList
</UL>
<BR>[Calls]<UL><LI><a href="#[1e8]">&gt;&gt;</a>&nbsp;&nbsp;&nbsp;GUI_ALLOC_UnlockH
<LI><a href="#[1e6]">&gt;&gt;</a>&nbsp;&nbsp;&nbsp;GUI_ALLOC_LockH
</UL>
<BR>[Called By]<UL><LI><a href="#[26c]">&gt;&gt;</a>&nbsp;&nbsp;&nbsp;GUI_TIMER_Delete
</UL>

<P><STRONG><a name="[26e]"></a>_Unlink</STRONG> (Thumb, 74 bytes, Stack size 24 bytes, gui_timer.o(i._Unlink))
<BR><BR>[Stack]<UL><LI>Max Depth = 24<LI>Call Chain = _Unlink
</UL>
<BR>[Calls]<UL><LI><a href="#[1e8]">&gt;&gt;</a>&nbsp;&nbsp;&nbsp;GUI_ALLOC_UnlockH
<LI><a href="#[1e6]">&gt;&gt;</a>&nbsp;&nbsp;&nbsp;GUI_ALLOC_LockH
</UL>
<BR>[Called By]<UL><LI><a href="#[26c]">&gt;&gt;</a>&nbsp;&nbsp;&nbsp;GUI_TIMER_Delete
</UL>

<P><STRONG><a name="[14d]"></a>_Color2IndexBulk</STRONG> (Thumb, 14 bytes, Stack size 8 bytes, guicc_8888.o(i._Color2IndexBulk))
<BR><BR>[Stack]<UL><LI>Max Depth = 8<LI>Call Chain = _Color2IndexBulk
</UL>
<BR>[Address Reference Count : 1]<UL><LI> guicc_8888.o(.constdata)
</UL>
<P><STRONG><a name="[14b]"></a>_Color2Index_8888</STRONG> (Thumb, 2 bytes, Stack size 0 bytes, guicc_8888.o(i._Color2Index_8888))
<BR>[Address Reference Count : 1]<UL><LI> guicc_8888.o(.constdata)
</UL>
<P><STRONG><a name="[14c]"></a>_GetIndexMask_8888</STRONG> (Thumb, 6 bytes, Stack size 0 bytes, guicc_8888.o(i._GetIndexMask_8888))
<BR>[Address Reference Count : 1]<UL><LI> guicc_8888.o(.constdata)
</UL>
<P><STRONG><a name="[14e]"></a>_Index2ColorBulk</STRONG> (Thumb, 14 bytes, Stack size 8 bytes, guicc_8888.o(i._Index2ColorBulk))
<BR><BR>[Stack]<UL><LI>Max Depth = 8<LI>Call Chain = _Index2ColorBulk
</UL>
<BR>[Address Reference Count : 1]<UL><LI> guicc_8888.o(.constdata)
</UL>
<P><STRONG><a name="[150]"></a>GUI_USAGE_BM_AddHLine</STRONG> (Thumb, 116 bytes, Stack size 16 bytes, guidev_usagebm.o(i.GUI_USAGE_BM_AddHLine))
<BR><BR>[Stack]<UL><LI>Max Depth = 16<LI>Call Chain = GUI_USAGE_BM_AddHLine
</UL>
<BR>[Calls]<UL><LI><a href="#[157]">&gt;&gt;</a>&nbsp;&nbsp;&nbsp;__aeabi_memset
</UL>
<BR>[Address Reference Count : 1]<UL><LI> guidev_usagebm.o(.constdata)
</UL>
<P><STRONG><a name="[14f]"></a>GUI_USAGE_BM_AddPixel</STRONG> (Thumb, 44 bytes, Stack size 8 bytes, guidev_usagebm.o(i.GUI_USAGE_BM_AddPixel))
<BR><BR>[Stack]<UL><LI>Max Depth = 8<LI>Call Chain = GUI_USAGE_BM_AddPixel
</UL>
<BR>[Address Reference Count : 1]<UL><LI> guidev_usagebm.o(.constdata)
</UL>
<P><STRONG><a name="[151]"></a>GUI_USAGE_BM_Clear</STRONG> (Thumb, 14 bytes, Stack size 0 bytes, guidev_usagebm.o(i.GUI_USAGE_BM_Clear))
<BR><BR>[Calls]<UL><LI><a href="#[1d4]">&gt;&gt;</a>&nbsp;&nbsp;&nbsp;__aeabi_memclr4
</UL>
<BR>[Address Reference Count : 1]<UL><LI> guidev_usagebm.o(.constdata)
</UL>
<P><STRONG><a name="[153]"></a>GUI_USAGE_BM_GetNextDirty</STRONG> (Thumb, 154 bytes, Stack size 16 bytes, guidev_usagebm.o(i.GUI_USAGE_BM_GetNextDirty))
<BR><BR>[Stack]<UL><LI>Max Depth = 16<LI>Call Chain = GUI_USAGE_BM_GetNextDirty
</UL>
<BR>[Address Reference Count : 1]<UL><LI> guidev_usagebm.o(.constdata)
</UL>
<P><STRONG><a name="[152]"></a>_GUI_USAGE_BM_Delete</STRONG> (Thumb, 4 bytes, Stack size 0 bytes, guidev_usagebm.o(i._GUI_USAGE_BM_Delete))
<BR><BR>[Stack]<UL><LI>Max Depth = 40<LI>Call Chain = _GUI_USAGE_BM_Delete &rArr; GUI_ALLOC_Free &rArr; _AddFreeMemory &rArr; _RemoveFreeBlock
</UL>
<BR>[Calls]<UL><LI><a href="#[1e9]">&gt;&gt;</a>&nbsp;&nbsp;&nbsp;GUI_ALLOC_Free
</UL>
<BR>[Address Reference Count : 1]<UL><LI> guidev_usagebm.o(.constdata)
</UL>
<P><STRONG><a name="[3cb]"></a>_MoveDescendents</STRONG> (Thumb, 110 bytes, Stack size 72 bytes, wm_move.o(i._MoveDescendents))
<BR><BR>[Stack]<UL><LI>Max Depth = 256 + In Cycle
<LI>Call Chain = _MoveDescendents &rArr;  _MoveDescendents (Cycle)
</UL>
<BR>[Calls]<UL><LI><a href="#[1e8]">&gt;&gt;</a>&nbsp;&nbsp;&nbsp;GUI_ALLOC_UnlockH
<LI><a href="#[1e6]">&gt;&gt;</a>&nbsp;&nbsp;&nbsp;GUI_ALLOC_LockH
<LI><a href="#[3b8]">&gt;&gt;</a>&nbsp;&nbsp;&nbsp;WM__SendMessage
<LI><a href="#[3c3]">&gt;&gt;</a>&nbsp;&nbsp;&nbsp;GUI_MoveRect
<LI><a href="#[3cb]">&gt;&gt;</a>&nbsp;&nbsp;&nbsp;_MoveDescendents
</UL>
<BR>[Called By]<UL><LI><a href="#[3b7]">&gt;&gt;</a>&nbsp;&nbsp;&nbsp;WM__MoveWindow
<LI><a href="#[3cb]">&gt;&gt;</a>&nbsp;&nbsp;&nbsp;_MoveDescendents
</UL>

<P><STRONG><a name="[41f]"></a>_Screen2hWin</STRONG> (Thumb, 90 bytes, Stack size 32 bytes, wm_screen2win.o(i._Screen2hWin))
<BR><BR>[Stack]<UL><LI>Max Depth = 32 + In Cycle
<LI>Call Chain = _Screen2hWin &rArr;  _Screen2hWin (Cycle)
</UL>
<BR>[Calls]<UL><LI><a href="#[1f2]">&gt;&gt;</a>&nbsp;&nbsp;&nbsp;GUI_ALLOC_h2p
<LI><a href="#[1e8]">&gt;&gt;</a>&nbsp;&nbsp;&nbsp;GUI_ALLOC_UnlockH
<LI><a href="#[1e6]">&gt;&gt;</a>&nbsp;&nbsp;&nbsp;GUI_ALLOC_LockH
<LI><a href="#[420]">&gt;&gt;</a>&nbsp;&nbsp;&nbsp;WM__IsInWindow
<LI><a href="#[41f]">&gt;&gt;</a>&nbsp;&nbsp;&nbsp;_Screen2hWin
</UL>
<BR>[Called By]<UL><LI><a href="#[3bb]">&gt;&gt;</a>&nbsp;&nbsp;&nbsp;_Screen2hWinStop
<LI><a href="#[41f]">&gt;&gt;</a>&nbsp;&nbsp;&nbsp;_Screen2hWin
</UL>

<P><STRONG><a name="[3bb]"></a>_Screen2hWinStop</STRONG> (Thumb, 30 bytes, Stack size 16 bytes, wm_screen2win.o(i._Screen2hWinStop))
<BR><BR>[Stack]<UL><LI>Max Depth = 48<LI>Call Chain = _Screen2hWinStop &rArr; _Screen2hWin &rArr;  _Screen2hWin (Cycle)
</UL>
<BR>[Calls]<UL><LI><a href="#[421]">&gt;&gt;</a>&nbsp;&nbsp;&nbsp;WM_GetDesktopWindowEx
<LI><a href="#[41f]">&gt;&gt;</a>&nbsp;&nbsp;&nbsp;_Screen2hWin
</UL>
<BR>[Called By]<UL><LI><a href="#[3a5]">&gt;&gt;</a>&nbsp;&nbsp;&nbsp;WM_Screen2hWin
</UL>

<P><STRONG><a name="[3b9]"></a>WM__ReleaseCapture</STRONG> (Thumb, 36 bytes, Stack size 32 bytes, wm_setcapture.o(i.WM__ReleaseCapture))
<BR><BR>[Stack]<UL><LI>Max Depth = 216<LI>Call Chain = WM__ReleaseCapture &rArr; WM__SendMessage &rArr; WM_DefaultProc &rArr; WM_InvalidateWindow &rArr; WM_InvalidateRect &rArr; WM__InvalidateRectEx &rArr; WM__InvalidateRect &rArr;  WM__InvalidateRect (Cycle)
</UL>
<BR>[Calls]<UL><LI><a href="#[3b8]">&gt;&gt;</a>&nbsp;&nbsp;&nbsp;WM__SendMessage
</UL>
<BR>[Called By]<UL><LI><a href="#[3ab]">&gt;&gt;</a>&nbsp;&nbsp;&nbsp;WM_ReleaseCapture
</UL>

<P><STRONG><a name="[3dc]"></a>_CreateBuffer</STRONG> (Thumb, 162 bytes, Stack size 24 bytes, gui_sprite.o(i._CreateBuffer))
<BR><BR>[Stack]<UL><LI>Max Depth = 176<LI>Call Chain = _CreateBuffer &rArr; GUI_ALLOC_GetMaxSize &rArr; _InitOnce &rArr; _EnlargeBlocks &rArr; _Alloc &rArr;  _InitOnce (Cycle)
</UL>
<BR>[Calls]<UL><LI><a href="#[23a]">&gt;&gt;</a>&nbsp;&nbsp;&nbsp;GUI_DEVICE__GetpDriver
<LI><a href="#[1e6]">&gt;&gt;</a>&nbsp;&nbsp;&nbsp;GUI_ALLOC_LockH
<LI><a href="#[1f1]">&gt;&gt;</a>&nbsp;&nbsp;&nbsp;GUI_ALLOC_GetMaxSize
<LI><a href="#[1e3]">&gt;&gt;</a>&nbsp;&nbsp;&nbsp;GUI_ALLOC_AllocNoInit
</UL>
<BR>[Called By]<UL><LI><a href="#[265]">&gt;&gt;</a>&nbsp;&nbsp;&nbsp;_SetPosition
</UL>

<P><STRONG><a name="[407]"></a>_FlushBuffer</STRONG> (Thumb, 122 bytes, Stack size 48 bytes, gui_sprite.o(i._FlushBuffer))
<BR><BR>[Stack]<UL><LI>Max Depth = 56<LI>Call Chain = _FlushBuffer &rArr; GUI__CompactPixelIndices
</UL>
<BR>[Calls]<UL><LI><a href="#[3d8]">&gt;&gt;</a>&nbsp;&nbsp;&nbsp;GUI__CompactPixelIndices
</UL>
<BR>[Called By]<UL><LI><a href="#[422]">&gt;&gt;</a>&nbsp;&nbsp;&nbsp;_SetBkIndexBuffered
<LI><a href="#[41d]">&gt;&gt;</a>&nbsp;&nbsp;&nbsp;_ReleaseBuffer
</UL>

<P><STRONG><a name="[408]"></a>_GetBkIndex</STRONG> (Thumb, 108 bytes, Stack size 32 bytes, gui_sprite.o(i._GetBkIndex))
<BR><BR>[Stack]<UL><LI>Max Depth = 48<LI>Call Chain = _GetBkIndex &rArr; GUI_GetBitmapPixelIndex &rArr; GUI_GetBitmapPixelIndexEx
</UL>
<BR>[Calls]<UL><LI><a href="#[21a]">&gt;&gt;</a>&nbsp;&nbsp;&nbsp;GUI_GetBitmapPixelIndex
</UL>
<BR>[Called By]<UL><LI><a href="#[265]">&gt;&gt;</a>&nbsp;&nbsp;&nbsp;_SetPosition
</UL>

<P><STRONG><a name="[409]"></a>_GetBkIndexAlpha</STRONG> (Thumb, 128 bytes, Stack size 32 bytes, gui_sprite.o(i._GetBkIndexAlpha))
<BR><BR>[Stack]<UL><LI>Max Depth = 48<LI>Call Chain = _GetBkIndexAlpha &rArr; GUI_GetBitmapPixelIndex &rArr; GUI_GetBitmapPixelIndexEx
</UL>
<BR>[Calls]<UL><LI><a href="#[21a]">&gt;&gt;</a>&nbsp;&nbsp;&nbsp;GUI_GetBitmapPixelIndex
</UL>
<BR>[Called By]<UL><LI><a href="#[265]">&gt;&gt;</a>&nbsp;&nbsp;&nbsp;_SetPosition
</UL>

<P><STRONG><a name="[40b]"></a>_GetDeviceRect</STRONG> (Thumb, 58 bytes, Stack size 16 bytes, gui_sprite.o(i._GetDeviceRect))
<BR><BR>[Stack]<UL><LI>Max Depth = 32<LI>Call Chain = _GetDeviceRect &rArr; LCD_GetYSizeEx &rArr; _GetDevProp
</UL>
<BR>[Calls]<UL><LI><a href="#[241]">&gt;&gt;</a>&nbsp;&nbsp;&nbsp;LCD_GetYSizeEx
<LI><a href="#[240]">&gt;&gt;</a>&nbsp;&nbsp;&nbsp;LCD_GetXSizeEx
</UL>
<BR>[Called By]<UL><LI><a href="#[265]">&gt;&gt;</a>&nbsp;&nbsp;&nbsp;_SetPosition
</UL>

<P><STRONG><a name="[41d]"></a>_ReleaseBuffer</STRONG> (Thumb, 28 bytes, Stack size 16 bytes, gui_sprite.o(i._ReleaseBuffer))
<BR><BR>[Stack]<UL><LI>Max Depth = 72<LI>Call Chain = _ReleaseBuffer &rArr; _FlushBuffer &rArr; GUI__CompactPixelIndices
</UL>
<BR>[Calls]<UL><LI><a href="#[1e8]">&gt;&gt;</a>&nbsp;&nbsp;&nbsp;GUI_ALLOC_UnlockH
<LI><a href="#[1e9]">&gt;&gt;</a>&nbsp;&nbsp;&nbsp;GUI_ALLOC_Free
<LI><a href="#[407]">&gt;&gt;</a>&nbsp;&nbsp;&nbsp;_FlushBuffer
</UL>
<BR>[Called By]<UL><LI><a href="#[265]">&gt;&gt;</a>&nbsp;&nbsp;&nbsp;_SetPosition
</UL>

<P><STRONG><a name="[422]"></a>_SetBkIndexBuffered</STRONG> (Thumb, 74 bytes, Stack size 24 bytes, gui_sprite.o(i._SetBkIndexBuffered))
<BR><BR>[Stack]<UL><LI>Max Depth = 80<LI>Call Chain = _SetBkIndexBuffered &rArr; _FlushBuffer &rArr; GUI__CompactPixelIndices
</UL>
<BR>[Calls]<UL><LI><a href="#[407]">&gt;&gt;</a>&nbsp;&nbsp;&nbsp;_FlushBuffer
</UL>
<BR>[Called By]<UL><LI><a href="#[265]">&gt;&gt;</a>&nbsp;&nbsp;&nbsp;_SetPosition
</UL>

<P><STRONG><a name="[265]"></a>_SetPosition</STRONG> (Thumb, 1110 bytes, Stack size 216 bytes, gui_sprite.o(i._SetPosition))
<BR><BR>[Stack]<UL><LI>Max Depth = 392<LI>Call Chain = _SetPosition &rArr; _CreateBuffer &rArr; GUI_ALLOC_GetMaxSize &rArr; _InitOnce &rArr; _EnlargeBlocks &rArr; _Alloc &rArr;  _InitOnce (Cycle)
</UL>
<BR>[Calls]<UL><LI><a href="#[1e8]">&gt;&gt;</a>&nbsp;&nbsp;&nbsp;GUI_ALLOC_UnlockH
<LI><a href="#[1e6]">&gt;&gt;</a>&nbsp;&nbsp;&nbsp;GUI_ALLOC_LockH
<LI><a href="#[0]">&gt;&gt;</a>&nbsp;&nbsp;&nbsp;GUI__MixColors
<LI><a href="#[238]">&gt;&gt;</a>&nbsp;&nbsp;&nbsp;GUI_MEMDEV_Select
<LI><a href="#[21a]">&gt;&gt;</a>&nbsp;&nbsp;&nbsp;GUI_GetBitmapPixelIndex
<LI><a href="#[422]">&gt;&gt;</a>&nbsp;&nbsp;&nbsp;_SetBkIndexBuffered
<LI><a href="#[41d]">&gt;&gt;</a>&nbsp;&nbsp;&nbsp;_ReleaseBuffer
<LI><a href="#[40b]">&gt;&gt;</a>&nbsp;&nbsp;&nbsp;_GetDeviceRect
<LI><a href="#[409]">&gt;&gt;</a>&nbsp;&nbsp;&nbsp;_GetBkIndexAlpha
<LI><a href="#[408]">&gt;&gt;</a>&nbsp;&nbsp;&nbsp;_GetBkIndex
<LI><a href="#[3dc]">&gt;&gt;</a>&nbsp;&nbsp;&nbsp;_CreateBuffer
</UL>
<BR>[Called By]<UL><LI><a href="#[204]">&gt;&gt;</a>&nbsp;&nbsp;&nbsp;GUI_SPRITE_SetPosition
</UL>

<P><STRONG><a name="[425]"></a>_printf_core</STRONG> (Thumb, 996 bytes, Stack size 104 bytes, printf8.o(i._printf_core), UNUSED)
<BR><BR>[Calls]<UL><LI><a href="#[165]">&gt;&gt;</a>&nbsp;&nbsp;&nbsp;__aeabi_uldivmod
<LI><a href="#[427]">&gt;&gt;</a>&nbsp;&nbsp;&nbsp;_printf_pre_padding
<LI><a href="#[428]">&gt;&gt;</a>&nbsp;&nbsp;&nbsp;_printf_post_padding
</UL>
<BR>[Called By]<UL><LI><a href="#[426]">&gt;&gt;</a>&nbsp;&nbsp;&nbsp;__0sprintf$8
<LI><a href="#[424]">&gt;&gt;</a>&nbsp;&nbsp;&nbsp;__0printf$8
</UL>

<P><STRONG><a name="[428]"></a>_printf_post_padding</STRONG> (Thumb, 36 bytes, Stack size 24 bytes, printf8.o(i._printf_post_padding), UNUSED)
<BR><BR>[Called By]<UL><LI><a href="#[425]">&gt;&gt;</a>&nbsp;&nbsp;&nbsp;_printf_core
</UL>

<P><STRONG><a name="[427]"></a>_printf_pre_padding</STRONG> (Thumb, 46 bytes, Stack size 24 bytes, printf8.o(i._printf_pre_padding), UNUSED)
<BR><BR>[Called By]<UL><LI><a href="#[425]">&gt;&gt;</a>&nbsp;&nbsp;&nbsp;_printf_core
</UL>

<P><STRONG><a name="[c7]"></a>_sputc</STRONG> (Thumb, 10 bytes, Stack size 0 bytes, printf8.o(i._sputc))
<BR><BR>[Called By]<UL><LI><a href="#[426]">&gt;&gt;</a>&nbsp;&nbsp;&nbsp;__0sprintf$8
</UL>
<BR>[Address Reference Count : 1]<UL><LI> printf8.o(i.__0sprintf$8)
</UL><P>
<H3>
Undefined Global Symbols
</H3><HR></body></html>
