GUIDEMO.c:156:13:_DrawBkCircle	64	static
GUIDEMO.c:299:13:_cbFrameWinControl	24	static
GUIDEMO.c:140:13:_DrawBk	24	static
GUIDEMO.c:387:12:_FRAMEWIN_DrawSkinFlex	16	static
GUIDEMO.c:243:13:_cbBk	0	static
GUIDEMO.c:361:13:_cbFrameWinInfo	24	static
GUIDEMO.c:126:13:_DrawBkSimple	8	static
GUIDEMO.c:459:6:GUIDEMO_SetDrawLogo	0	static
GUIDEMO.c:467:6:GUIDEMO_AddIntToString	16	static
GUIDEMO.c:494:6:GUIDEMO_AddStringToString	8	static
GUIDEMO.c:515:5:GUIDEMO_CheckCancel	8	static
GUIDEMO.c:273:12:_cbEffect	32	static
GUIDEMO.c:537:6:GUIDEMO_ClearText	0	static
GUIDEMO.c:581:6:GUIDEMO_DrawBk	0	static
GUIDEMO.c:589:5:GUIDEMO_GetConfFlag	0	static
GUIDEMO.c:597:5:GUIDEMO_GetTime	8	static
GUIDEMO.c:548:6:GUIDEMO_Delay	24	static
GUIDEMO.c:605:6:GUIDEMO_HideControlWin	8	static
GUIDEMO.c:614:6:GUIDEMO_HideInfoWin	8	static
GUIDEMO.c:636:6:GUIDEMO_ShowControlWin	8	static
GUIDEMO.c:645:6:GUIDEMO_ShowInfo	16	static
GUIDEMO.c:658:6:GUIDEMO_ShowInfoWin	0	static
GUIDEMO.c:715:6:GUIDEMO_UpdateControlText	32	static
GUIDEMO.c:626:6:GUIDEMO_NotifyStartNext	0	static
GUIDEMO.c:736:6:GUIDEMO_Wait	8	static
GUIDEMO.c:670:6:GUIDEMO_ShowIntro	24	static
GUIDEMO.c:745:6:GUIDEMO_Main	104	static
