stm32l152d_eval.c:184:6:STM_EVAL_LEDInit	24	static
stm32l152d_eval.c:211:6:STM_EVAL_LEDOn	0	static
stm32l152d_eval.c:226:6:STM_EVAL_LEDOff	0	static
stm32l152d_eval.c:241:6:STM_EVAL_LEDToggle	0	static
stm32l152d_eval.c:263:6:STM_EVAL_PBInit	40	static
stm32l152d_eval.c:324:10:STM_EVAL_PBGetState	8	static
stm32l152d_eval.c:340:6:STM_EVAL_COMInit	32	static
stm32l152d_eval.c:380:6:SD_LowLevel_DeInit	24	static
stm32l152d_eval.c:424:6:SD_LowLevel_Init	32	static
stm32l152d_eval.c:474:6:SD_LowLevel_DMA_TxConfig	64	static
stm32l152d_eval.c:507:6:SD_LowLevel_DMA_RxConfig	64	static
stm32l152d_eval.c:539:6:LM75_LowLevel_DeInit	16	static
stm32l152d_eval.c:572:6:LM75_LowLevel_Init	16	static
stm32l152d_eval.c:615:6:sEE_SPI_LowLevel_DeInit	24	static
stm32l152d_eval.c:649:6:sEE_SPI_LowLevel_Init	64	static
stm32l152d_eval.c:715:6:sEE_LowLevel_DeInit	32	static
stm32l152d_eval.c:765:6:sEE_LowLevel_Init	48	static
stm32l152d_eval.c:841:6:sEE_LowLevel_DMAConfig	0	static
