stm32l152d_eval_lcd.c:1656:13:delay	16	static
stm32l152d_eval_lcd.c:542:6:LCD_SetColors	8	static
stm32l152d_eval_lcd.c:556:6:LCD_GetColors	0	static
stm32l152d_eval_lcd.c:566:6:LCD_SetTextColor	8	static
stm32l152d_eval_lcd.c:577:6:LCD_SetBackColor	8	static
stm32l152d_eval_lcd.c:587:6:LCD_SetFont	0	static
stm32l152d_eval_lcd.c:597:8:LCD_GetFont	0	static
stm32l152d_eval_lcd.c:668:6:LCD_SetCursor	8	static
stm32l152d_eval_lcd.c:643:6:LCD_Clear	8	static
stm32l152d_eval_lcd.c:691:6:LCD_DrawChar	32	static
stm32l152d_eval_lcd.c:730:6:LCD_DisplayChar	4	static
stm32l152d_eval_lcd.c:609:6:LCD_ClearLine	24	static
stm32l152d_eval_lcd.c:744:6:LCD_DisplayStringLine	24	static
stm32l152d_eval_lcd.c:785:6:LCD_SetDisplayWindow	16	static
stm32l152d_eval_lcd.c:834:6:LCD_WindowModeDisable	8	static
stm32l152d_eval_lcd.c:853:6:LCD_DrawLine	32	static
stm32l152d_eval_lcd.c:1641:13:PutPixel	0	static
stm32l152d_eval_lcd.c:901:6:LCD_DrawRect	24	static
stm32l152d_eval_lcd.c:917:6:LCD_DrawCircle	64	static
stm32l152d_eval_lcd.c:975:6:LCD_DrawMonoPict	24	static
stm32l152d_eval_lcd.c:1010:6:LCD_WriteBMP	8	static
stm32l152d_eval_lcd.c:1048:6:LCD_DrawFullRect	32	static
stm32l152d_eval_lcd.c:1079:6:LCD_DrawFullCircle	48	static
stm32l152d_eval_lcd.c:1129:6:LCD_DrawUniLine	48	static
stm32l152d_eval_lcd.c:1228:13:LCD_PolyLineRelativeClosed	32	static
stm32l152d_eval_lcd.c:1202:6:LCD_PolyLine	16	static
stm32l152d_eval_lcd.c:1258:6:LCD_ClosedPolyLine	16	static
stm32l152d_eval_lcd.c:1270:6:LCD_PolyLineRelative	0	static
stm32l152d_eval_lcd.c:1281:6:LCD_ClosedPolyLineRelative	0	static
stm32l152d_eval_lcd.c:1292:6:LCD_FillPolyLine	472	static
stm32l152d_eval_lcd.c:1400:6:LCD_WriteReg	0	static
stm32l152d_eval_lcd.c:1413:10:LCD_ReadReg	0	static
stm32l152d_eval_lcd.c:1426:6:LCD_WriteRAM_Prepare	0	static
stm32l152d_eval_lcd.c:1436:6:LCD_WriteRAM	0	static
stm32l152d_eval_lcd.c:1447:10:LCD_ReadRAM	0	static
stm32l152d_eval_lcd.c:1460:6:LCD_PowerOn	24	static
stm32l152d_eval_lcd.c:1484:6:LCD_DisplayOn	8	static
stm32l152d_eval_lcd.c:1504:6:LCD_DisplayOff	8	static
stm32l152d_eval_lcd.c:130:6:STM32L152D_LCD_DeInit	24	static
stm32l152d_eval_lcd.c:1524:6:LCD_CtrlLinesConfig	24	static
stm32l152d_eval_lcd.c:1589:6:LCD_FSMCConfig	104	static
stm32l152d_eval_lcd.c:196:6:STM32L152D_LCD_Init	48	static
