<html>
<body>
<pre>
<h1>µVision Build Log</h1>
<h2>Tool Versions:</h2>
IDE-Version: µVision V5.23.0.0
Copyright (C) 2017 ARM Ltd and ARM Germany GmbH. All rights reserved.
License Information: no_first_name no_last_name, no_company, LIC=AK1EV-P15VE-YDBK5-G7RAB-CKLDZ-N8BWZ
 
Tool Versions:
Toolchain:       MDK-ARM Professional  Version: 5.23
Toolchain Path:  C:\Keil\ARM\ARMCC\Bin
C Compiler:      Armcc.exe V5.06 update 4 (build 422)
Assembler:       Armasm.exe V5.06 update 4 (build 422)
Linker/Locator:  ArmLink.exe V5.06 update 4 (build 422)
Library Manager: ArmAr.exe V5.06 update 4 (build 422)
Hex Converter:   FromElf.exe V5.06 update 4 (build 422)
CPU DLL:         SARMCM3.DLL V5.23
Dialog DLL:      DCM.DLL V1.15.0.0
Target DLL:      STLink\ST-LINKIII-KEIL_SWO.dll V2.0.18.0
Dialog DLL:      TCM.DLL V1.27.0.0
 
<h2>Project:</h2>
F:\SkyDrive\Elektronika\Mikrokontroleri\ARM Cortex\fw\STemWin_Library_V1.1.2\Project\STM324xG-EVAL\Standalone\MDK-ARM\Project.uvproj
Project File Date:  03/13/2017

<h2>Output:</h2>
*** Using Compiler 'V5.06 update 4 (build 422)', folder: 'C:\Keil\ARM\ARMCC\Bin'
Rebuild target 'STM324xG-EVAL'
compiling GUIDEMO_Conf.c...
compiling GUIDEMO_ColorBar.c...
compiling GUIDEMO_Cursor.c...
compiling GUIDEMO_AntialiasedText.c...
compiling GUIDEMO_BarGraph.c...
compiling GUIDEMO_Bitmap.c...
compiling GUIDEMO_Automotive.c...
compiling GUIDEMO_Fading.c...
compiling GUIDEMO_ImageFlow.c...
compiling GUIDEMO_Intro.c...
compiling GUIDEMO_Graph.c...
compiling GUIDEMO_Listview.c...
compiling GUIDEMO_Skinning.c...
compiling GUIDEMO_Speed.c...
compiling GUIDEMO_Resource.c...
compiling GUIDEMO_RadialMenu.c...
compiling GUIDEMO_Speedometer.c...
compiling GUIDEMO_Start.c...
compiling GUIDEMO_IconView.c...
compiling GUIDEMO_WashingMachine.c...
compiling GUIDEMO_VScreen.c...
compiling GUIDEMO_TransparentDialog.c...
compiling GUIDEMO_ZoomAndRotate.c...
assembling startup_stm32f4xx_mdkarm.s...
compiling GUIDEMO.c...
compiling GUIDEMO_Treeview.c...
compiling GUI_X.c...
compiling GUIConf_stm3240g_eval.c...
compiling system_stm32f4xx.c...
compiling stm324xg_eval_fsmc_sram.c...
compiling stm324xg_eval.c...
compiling bsp.c...
compiling stm324xg_eval_ioe.c...
compiling main.c...
compiling stm32xxx_it.c...
compiling LCDConf_stm3240g_eval.c...
compiling stm324xg_eval_lcd.c...
compiling misc.c...
compiling stm324xg_eval_sdio_sd.c...
compiling stm32f4xx_crc.c...
compiling stm32f4xx_adc.c...
compiling stm32f4xx_can.c...
compiling stm32f4xx_cryp.c...
compiling stm32f4xx_cryp_des.c...
compiling stm32f4xx_cryp_tdes.c...
compiling stm32f4xx_cryp_aes.c...
compiling stm32f4xx_dac.c...
compiling stm32f4xx_dbgmcu.c...
compiling stm32f4xx_dcmi.c...
compiling stm32f4xx_dma.c...
compiling stm32f4xx_exti.c...
compiling stm32f4xx_flash.c...
compiling stm32f4xx_fsmc.c...
compiling stm32f4xx_hash_md5.c...
compiling stm32f4xx_gpio.c...
compiling stm32f4xx_hash.c...
compiling stm32f4xx_hash_sha1.c...
compiling stm32f4xx_i2c.c...
compiling stm32f4xx_iwdg.c...
compiling stm32f4xx_pwr.c...
compiling stm32f4xx_sdio.c...
compiling stm32f4xx_rng.c...
compiling stm32f4xx_spi.c...
compiling stm32f4xx_rcc.c...
compiling stm32f4xx_rtc.c...
compiling stm32f4xx_syscfg.c...
compiling stm32f4xx_usart.c...
compiling stm32f4xx_tim.c...
compiling stm32f4xx_wwdg.c...
linking...
Program Size: Code=135376 RO-data=615828 RW-data=3580 ZI-data=530060  
".\STM324xG-EVAL\STM324xG-EVAL.axf" - 0 Error(s), 0 Warning(s).
Build Time Elapsed:  00:00:12
</pre>
</body>
</html>
