<!doctype html public "-//w3c//dtd html 4.0 transitional//en">
<html><head>
<title>Static Call Graph - [.\STM324xG-EVAL\STM324xG-EVAL.axf]</title></head>
<body><HR>
<H1>Static Call Graph for image .\STM324xG-EVAL\STM324xG-EVAL.axf</H1><HR>
<BR><P>#&#060CALLGRAPH&#062# ARM Linker, 5060422: Last Updated: Mon Mar 13 16:20:34 2017
<BR><P>
<H3>Maximum Stack Usage =          0 bytes + Unknown(Cycles, Untraceable Function Pointers)</H3><H3>
Call chain for Maximum Stack Depth:</H3>

<P>
<H3>
Mutually Recursive functions
</H3> <LI><a href="#[4b]">ADC_IRQHandler</a>&nbsp;&nbsp;&nbsp;&rArr;&nbsp;&nbsp;&nbsp;<a href="#[4b]">ADC_IRQHandler</a><BR>
 <LI><a href="#[549]">WM__InvalidateRect</a>&nbsp;&nbsp;&nbsp;&rArr;&nbsp;&nbsp;&nbsp;<a href="#[549]">WM__InvalidateRect</a><BR>
 <LI><a href="#[51c]">WM_InvalidateWindowAndDescsEx</a>&nbsp;&nbsp;&nbsp;&rArr;&nbsp;&nbsp;&nbsp;<a href="#[51c]">WM_InvalidateWindowAndDescsEx</a><BR>
 <LI><a href="#[516]">WM__InvalidateDrawAndDescs</a>&nbsp;&nbsp;&nbsp;&rArr;&nbsp;&nbsp;&nbsp;<a href="#[516]">WM__InvalidateDrawAndDescs</a><BR>
 <LI><a href="#[235]">WM__SendMessage</a>&nbsp;&nbsp;&nbsp;&rArr;&nbsp;&nbsp;&nbsp;<a href="#[214]">WM_DefaultProc</a><BR>
 <LI><a href="#[4ff]">WM__ForEachDesc</a>&nbsp;&nbsp;&nbsp;&rArr;&nbsp;&nbsp;&nbsp;<a href="#[4ff]">WM__ForEachDesc</a><BR>
 <LI><a href="#[52b]">WM_ResizeWindow</a>&nbsp;&nbsp;&nbsp;&rArr;&nbsp;&nbsp;&nbsp;<a href="#[4d8]">WM__UpdateChildPositions</a><BR>
 <LI><a href="#[54a]">_MoveDescendents</a>&nbsp;&nbsp;&nbsp;&rArr;&nbsp;&nbsp;&nbsp;<a href="#[54a]">_MoveDescendents</a><BR>
 <LI><a href="#[5b2]">_EnlargeBlocks</a>&nbsp;&nbsp;&nbsp;&rArr;&nbsp;&nbsp;&nbsp;<a href="#[318]">_Alloc</a><BR>
 <LI><a href="#[5be]">_Findy1</a>&nbsp;&nbsp;&nbsp;&rArr;&nbsp;&nbsp;&nbsp;<a href="#[5be]">_Findy1</a><BR>
 <LI><a href="#[5c0]">_Findx1</a>&nbsp;&nbsp;&nbsp;&rArr;&nbsp;&nbsp;&nbsp;<a href="#[5c0]">_Findx1</a><BR>
 <LI><a href="#[5bf]">_Findx0</a>&nbsp;&nbsp;&nbsp;&rArr;&nbsp;&nbsp;&nbsp;<a href="#[5bf]">_Findx0</a><BR>
 <LI><a href="#[33]">BusFault_Handler</a>&nbsp;&nbsp;&nbsp;&rArr;&nbsp;&nbsp;&nbsp;<a href="#[33]">BusFault_Handler</a><BR>
 <LI><a href="#[509]">_GetDialogItem</a>&nbsp;&nbsp;&nbsp;&rArr;&nbsp;&nbsp;&nbsp;<a href="#[509]">_GetDialogItem</a><BR>
 <LI><a href="#[500]">_GetDialogItem</a>&nbsp;&nbsp;&nbsp;&rArr;&nbsp;&nbsp;&nbsp;<a href="#[500]">_GetDialogItem</a><BR>
 <LI><a href="#[51b]">WM_InvalidateWindowAndDescs</a>&nbsp;&nbsp;&nbsp;&rArr;&nbsp;&nbsp;&nbsp;<a href="#[51b]">WM_InvalidateWindowAndDescs</a><BR>
 <LI><a href="#[4f9]">_DeleteAllChildren</a>&nbsp;&nbsp;&nbsp;&rArr;&nbsp;&nbsp;&nbsp;<a href="#[2d4]">WM_DeleteWindow</a><BR>
 <LI><a href="#[54e]">_PaintTransChildren</a>&nbsp;&nbsp;&nbsp;&rArr;&nbsp;&nbsp;&nbsp;<a href="#[54e]">_PaintTransChildren</a><BR>
 <LI><a href="#[5e8]">_Screen2hWin</a>&nbsp;&nbsp;&nbsp;&rArr;&nbsp;&nbsp;&nbsp;<a href="#[5e8]">_Screen2hWin</a><BR>
 <LI><a href="#[31]">HardFault_Handler</a>&nbsp;&nbsp;&nbsp;&rArr;&nbsp;&nbsp;&nbsp;<a href="#[31]">HardFault_Handler</a><BR>
 <LI><a href="#[32]">MemManage_Handler</a>&nbsp;&nbsp;&nbsp;&rArr;&nbsp;&nbsp;&nbsp;<a href="#[32]">MemManage_Handler</a><BR>
 <LI><a href="#[34]">UsageFault_Handler</a>&nbsp;&nbsp;&nbsp;&rArr;&nbsp;&nbsp;&nbsp;<a href="#[34]">UsageFault_Handler</a><BR>
</UL>
<P>
<H3>
Function Pointers
</H3><UL>
 <LI><a href="#[4b]">ADC_IRQHandler</a> from startup_stm32f4xx_mdkarm.o(.text) referenced from startup_stm32f4xx_mdkarm.o(RESET)
 <LI><a href="#[8f]">BUTTON_Callback</a> from button.o(i.BUTTON_Callback) referenced from button.o(i.BUTTON_CreateUser)
 <LI><a href="#[10e]">BUTTON_CreateIndirect</a> from button_createindirect.o(i.BUTTON_CreateIndirect) referenced 2 times from guidemo.o(.constdata)
 <LI><a href="#[9e]">BUTTON_DrawSkinFlex</a> from button_skinflex.o(i.BUTTON_DrawSkinFlex) referenced from guidemo.o(i.GUIDEMO_Main)
 <LI><a href="#[33]">BusFault_Handler</a> from stm32xxx_it.o(i.BusFault_Handler) referenced from startup_stm32f4xx_mdkarm.o(RESET)
 <LI><a href="#[4d]">CAN1_RX0_IRQHandler</a> from startup_stm32f4xx_mdkarm.o(.text) referenced from startup_stm32f4xx_mdkarm.o(RESET)
 <LI><a href="#[4e]">CAN1_RX1_IRQHandler</a> from startup_stm32f4xx_mdkarm.o(.text) referenced from startup_stm32f4xx_mdkarm.o(RESET)
 <LI><a href="#[4f]">CAN1_SCE_IRQHandler</a> from startup_stm32f4xx_mdkarm.o(.text) referenced from startup_stm32f4xx_mdkarm.o(RESET)
 <LI><a href="#[4c]">CAN1_TX_IRQHandler</a> from startup_stm32f4xx_mdkarm.o(.text) referenced from startup_stm32f4xx_mdkarm.o(RESET)
 <LI><a href="#[79]">CAN2_RX0_IRQHandler</a> from startup_stm32f4xx_mdkarm.o(.text) referenced from startup_stm32f4xx_mdkarm.o(RESET)
 <LI><a href="#[7a]">CAN2_RX1_IRQHandler</a> from startup_stm32f4xx_mdkarm.o(.text) referenced from startup_stm32f4xx_mdkarm.o(RESET)
 <LI><a href="#[7b]">CAN2_SCE_IRQHandler</a> from startup_stm32f4xx_mdkarm.o(.text) referenced from startup_stm32f4xx_mdkarm.o(RESET)
 <LI><a href="#[78]">CAN2_TX_IRQHandler</a> from startup_stm32f4xx_mdkarm.o(.text) referenced from startup_stm32f4xx_mdkarm.o(RESET)
 <LI><a href="#[88]">CRYP_IRQHandler</a> from startup_stm32f4xx_mdkarm.o(.text) referenced from startup_stm32f4xx_mdkarm.o(RESET)
 <LI><a href="#[87]">DCMI_IRQHandler</a> from startup_stm32f4xx_mdkarm.o(.text) referenced from startup_stm32f4xx_mdkarm.o(RESET)
 <LI><a href="#[44]">DMA1_Stream0_IRQHandler</a> from startup_stm32f4xx_mdkarm.o(.text) referenced from startup_stm32f4xx_mdkarm.o(RESET)
 <LI><a href="#[45]">DMA1_Stream1_IRQHandler</a> from startup_stm32f4xx_mdkarm.o(.text) referenced from startup_stm32f4xx_mdkarm.o(RESET)
 <LI><a href="#[46]">DMA1_Stream2_IRQHandler</a> from startup_stm32f4xx_mdkarm.o(.text) referenced from startup_stm32f4xx_mdkarm.o(RESET)
 <LI><a href="#[47]">DMA1_Stream3_IRQHandler</a> from startup_stm32f4xx_mdkarm.o(.text) referenced from startup_stm32f4xx_mdkarm.o(RESET)
 <LI><a href="#[48]">DMA1_Stream4_IRQHandler</a> from startup_stm32f4xx_mdkarm.o(.text) referenced from startup_stm32f4xx_mdkarm.o(RESET)
 <LI><a href="#[49]">DMA1_Stream5_IRQHandler</a> from startup_stm32f4xx_mdkarm.o(.text) referenced from startup_stm32f4xx_mdkarm.o(RESET)
 <LI><a href="#[4a]">DMA1_Stream6_IRQHandler</a> from startup_stm32f4xx_mdkarm.o(.text) referenced from startup_stm32f4xx_mdkarm.o(RESET)
 <LI><a href="#[68]">DMA1_Stream7_IRQHandler</a> from startup_stm32f4xx_mdkarm.o(.text) referenced from startup_stm32f4xx_mdkarm.o(RESET)
 <LI><a href="#[71]">DMA2_Stream0_IRQHandler</a> from startup_stm32f4xx_mdkarm.o(.text) referenced from startup_stm32f4xx_mdkarm.o(RESET)
 <LI><a href="#[72]">DMA2_Stream1_IRQHandler</a> from startup_stm32f4xx_mdkarm.o(.text) referenced from startup_stm32f4xx_mdkarm.o(RESET)
 <LI><a href="#[73]">DMA2_Stream2_IRQHandler</a> from startup_stm32f4xx_mdkarm.o(.text) referenced from startup_stm32f4xx_mdkarm.o(RESET)
 <LI><a href="#[74]">DMA2_Stream3_IRQHandler</a> from startup_stm32f4xx_mdkarm.o(.text) referenced from startup_stm32f4xx_mdkarm.o(RESET)
 <LI><a href="#[75]">DMA2_Stream4_IRQHandler</a> from startup_stm32f4xx_mdkarm.o(.text) referenced from startup_stm32f4xx_mdkarm.o(RESET)
 <LI><a href="#[7d]">DMA2_Stream5_IRQHandler</a> from startup_stm32f4xx_mdkarm.o(.text) referenced from startup_stm32f4xx_mdkarm.o(RESET)
 <LI><a href="#[7e]">DMA2_Stream6_IRQHandler</a> from startup_stm32f4xx_mdkarm.o(.text) referenced from startup_stm32f4xx_mdkarm.o(RESET)
 <LI><a href="#[7f]">DMA2_Stream7_IRQHandler</a> from startup_stm32f4xx_mdkarm.o(.text) referenced from startup_stm32f4xx_mdkarm.o(RESET)
 <LI><a href="#[36]">DebugMon_Handler</a> from stm32xxx_it.o(i.DebugMon_Handler) referenced from startup_stm32f4xx_mdkarm.o(RESET)
 <LI><a href="#[76]">ETH_IRQHandler</a> from startup_stm32f4xx_mdkarm.o(.text) referenced from startup_stm32f4xx_mdkarm.o(RESET)
 <LI><a href="#[77]">ETH_WKUP_IRQHandler</a> from startup_stm32f4xx_mdkarm.o(.text) referenced from startup_stm32f4xx_mdkarm.o(RESET)
 <LI><a href="#[3f]">EXTI0_IRQHandler</a> from startup_stm32f4xx_mdkarm.o(.text) referenced from startup_stm32f4xx_mdkarm.o(RESET)
 <LI><a href="#[61]">EXTI15_10_IRQHandler</a> from startup_stm32f4xx_mdkarm.o(.text) referenced from startup_stm32f4xx_mdkarm.o(RESET)
 <LI><a href="#[40]">EXTI1_IRQHandler</a> from startup_stm32f4xx_mdkarm.o(.text) referenced from startup_stm32f4xx_mdkarm.o(RESET)
 <LI><a href="#[41]">EXTI2_IRQHandler</a> from startup_stm32f4xx_mdkarm.o(.text) referenced from startup_stm32f4xx_mdkarm.o(RESET)
 <LI><a href="#[42]">EXTI3_IRQHandler</a> from startup_stm32f4xx_mdkarm.o(.text) referenced from startup_stm32f4xx_mdkarm.o(RESET)
 <LI><a href="#[43]">EXTI4_IRQHandler</a> from startup_stm32f4xx_mdkarm.o(.text) referenced from startup_stm32f4xx_mdkarm.o(RESET)
 <LI><a href="#[50]">EXTI9_5_IRQHandler</a> from startup_stm32f4xx_mdkarm.o(.text) referenced from startup_stm32f4xx_mdkarm.o(RESET)
 <LI><a href="#[3d]">FLASH_IRQHandler</a> from startup_stm32f4xx_mdkarm.o(.text) referenced from startup_stm32f4xx_mdkarm.o(RESET)
 <LI><a href="#[8a]">FPU_IRQHandler</a> from startup_stm32f4xx_mdkarm.o(.text) referenced from startup_stm32f4xx_mdkarm.o(RESET)
 <LI><a href="#[92]">FRAMEWIN_Callback</a> from framewin.o(i.FRAMEWIN_Callback) referenced from framewin.o(i.FRAMEWIN_CreateUser)
 <LI><a href="#[10d]">FRAMEWIN_CreateIndirect</a> from framewin_createindirect.o(i.FRAMEWIN_CreateIndirect) referenced 4 times from guidemo.o(.constdata)
 <LI><a href="#[1c]">FRAMEWIN_DrawSkinFlex</a> from framewin_skinflex.o(i.FRAMEWIN_DrawSkinFlex) referenced 2 times from framewin_skin.o(.data)
 <LI><a href="#[e2]">FRAMEWIN_OwnerDraw</a> from framewin_skinclassic.o(i.FRAMEWIN_OwnerDraw) referenced from framewin_skinclassic.o(i._Create)
 <LI><a href="#[1a]">FRAMEWIN__GetBorderSize</a> from framewin.o(i.FRAMEWIN__GetBorderSize) referenced 2 times from framewin.o(.data)
 <LI><a href="#[93]">FRAMEWIN__cbClient</a> from framewin.o(i.FRAMEWIN__cbClient) referenced from framewin.o(i.FRAMEWIN_CreateUser)
 <LI><a href="#[69]">FSMC_IRQHandler</a> from startup_stm32f4xx_mdkarm.o(.text) referenced from startup_stm32f4xx_mdkarm.o(RESET)
 <LI><a href="#[94]">GRAPH_Callback</a> from graph.o(i.GRAPH_Callback) referenced from graph.o(i.GRAPH_CreateUser)
 <LI><a href="#[8]">GUIDEMO_AntialiasedText</a> from guidemo_antialiasedtext.o(i.GUIDEMO_AntialiasedText) referenced 2 times from guidemo_conf.o(.data)
 <LI><a href="#[12]">GUIDEMO_Automotive</a> from guidemo_automotive.o(i.GUIDEMO_Automotive) referenced 2 times from guidemo_conf.o(.data)
 <LI><a href="#[7]">GUIDEMO_BarGraph</a> from guidemo_bargraph.o(i.GUIDEMO_BarGraph) referenced 2 times from guidemo_conf.o(.data)
 <LI><a href="#[f]">GUIDEMO_Bitmap</a> from guidemo_bitmap.o(i.GUIDEMO_Bitmap) referenced 2 times from guidemo_conf.o(.data)
 <LI><a href="#[11]">GUIDEMO_ColorBar</a> from guidemo_colorbar.o(i.GUIDEMO_ColorBar) referenced 2 times from guidemo_conf.o(.data)
 <LI><a href="#[10]">GUIDEMO_Cursor</a> from guidemo_cursor.o(i.GUIDEMO_Cursor) referenced 2 times from guidemo_conf.o(.data)
 <LI><a href="#[d]">GUIDEMO_Graph</a> from guidemo_graph.o(i.GUIDEMO_Graph) referenced 2 times from guidemo_conf.o(.data)
 <LI><a href="#[a]">GUIDEMO_IconView</a> from guidemo_iconview.o(i.GUIDEMO_IconView) referenced 2 times from guidemo_conf.o(.data)
 <LI><a href="#[c]">GUIDEMO_Listview</a> from guidemo_listview.o(i.GUIDEMO_Listview) referenced 2 times from guidemo_conf.o(.data)
 <LI><a href="#[6]">GUIDEMO_RadialMenu</a> from guidemo_radialmenu.o(i.GUIDEMO_RadialMenu) referenced 2 times from guidemo_conf.o(.data)
 <LI><a href="#[e]">GUIDEMO_Speed</a> from guidemo_speed.o(i.GUIDEMO_Speed) referenced 2 times from guidemo_conf.o(.data)
 <LI><a href="#[9]">GUIDEMO_TransparentDialog</a> from guidemo_transparentdialog.o(i.GUIDEMO_TransparentDialog) referenced 2 times from guidemo_conf.o(.data)
 <LI><a href="#[b]">GUIDEMO_Treeview</a> from guidemo_treeview.o(i.GUIDEMO_Treeview) referenced 2 times from guidemo_conf.o(.data)
 <LI><a href="#[cc]">GUIDRV_FlexColor_SetFunc66708</a> from guidrv_flexcolor_func66708.o(i.GUIDRV_FlexColor_SetFunc66708) referenced from lcdconf_stm3240g_eval.o(i.LCD_X_Config)
 <LI><a href="#[cb]">GUIDRV_FlexColor_SetMode16bppC0B16</a> from guidrv_flexcolor_16bpp_c0b16.o(i.GUIDRV_FlexColor_SetMode16bppC0B16) referenced from lcdconf_stm3240g_eval.o(i.LCD_X_Config)
 <LI><a href="#[ad]">GUIDRV_FlexColor__GetPixelIndexNoCache</a> from guidrv_flexcolor.o(i.GUIDRV_FlexColor__GetPixelIndexNoCache) referenced from guidrv_flexcolor_16bpp_c0b16.o(i.GUIDRV_FlexColor_SetMode16bppC0B16)
 <LI><a href="#[b1]">GUIDRV_FlexColor__SetLog2Phys</a> from guidrv_flexcolor.o(i.GUIDRV_FlexColor__SetLog2Phys) referenced from guidrv_flexcolor.o(i.GUIDRV_FlexColor__InitOnce)
 <LI><a href="#[ae]">GUIDRV_FlexColor__SetPixelIndexNoCache</a> from guidrv_flexcolor.o(i.GUIDRV_FlexColor__SetPixelIndexNoCache) referenced from guidrv_flexcolor_16bpp_c0b16.o(i.GUIDRV_FlexColor_SetMode16bppC0B16)
 <LI><a href="#[19b]">GUIMONO_DispChar</a> from gui_charm.o(i.GUIMONO_DispChar) referenced from f6x8.o(.constdata)
 <LI><a href="#[19c]">GUIMONO_GetCharDistX</a> from gui_charm.o(i.GUIMONO_GetCharDistX) referenced from f6x8.o(.constdata)
 <LI><a href="#[19d]">GUIMONO_GetFontInfo</a> from gui_charm.o(i.GUIMONO_GetFontInfo) referenced from f6x8.o(.constdata)
 <LI><a href="#[19e]">GUIMONO_IsInFont</a> from gui_charm.o(i.GUIMONO_IsInFont) referenced from f6x8.o(.constdata)
 <LI><a href="#[120]">GUIPROP_AA2_EXT_DispChar</a> from guiaa_char2ext.o(i.GUIPROP_AA2_EXT_DispChar) referenced from guidemo_resource.o(.constdata)
 <LI><a href="#[111]">GUIPROP_AA4_DispChar</a> from guiaa_char4.o(i.GUIPROP_AA4_DispChar) referenced from guidemo_bargraph.o(.constdata)
 <LI><a href="#[11b]">GUIPROP_AA4_EXT_DispChar</a> from guiaa_char4ext.o(i.GUIPROP_AA4_EXT_DispChar) referenced 3 times from guidemo_resource.o(.constdata)
 <LI><a href="#[112]">GUIPROP_AA4_GetCharDistX</a> from guiaa_char4.o(i.GUIPROP_AA4_GetCharDistX) referenced from guidemo_bargraph.o(.constdata)
 <LI><a href="#[113]">GUIPROP_AA4_GetFontInfo</a> from guiaa_char4.o(i.GUIPROP_AA4_GetFontInfo) referenced from guidemo_bargraph.o(.constdata)
 <LI><a href="#[114]">GUIPROP_AA4_IsInFont</a> from guiaa_char4.o(i.GUIPROP_AA4_IsInFont) referenced from guidemo_bargraph.o(.constdata)
 <LI><a href="#[117]">GUIPROP_DispChar</a> from gui_charp.o(i.GUIPROP_DispChar) referenced 9 times from guidemo_resource.o(.constdata)
 <LI><a href="#[11c]">GUIPROP_EXT_GetCharDistX</a> from gui_charpext.o(i.GUIPROP_EXT_GetCharDistX) referenced 4 times from guidemo_resource.o(.constdata)
 <LI><a href="#[11f]">GUIPROP_EXT_GetCharInfo</a> from gui_charpext.o(i.GUIPROP_EXT_GetCharInfo) referenced 4 times from guidemo_resource.o(.constdata)
 <LI><a href="#[11d]">GUIPROP_EXT_GetFontInfo</a> from gui_charpext.o(i.GUIPROP_EXT_GetFontInfo) referenced 4 times from guidemo_resource.o(.constdata)
 <LI><a href="#[11e]">GUIPROP_EXT_IsInFont</a> from gui_charpext.o(i.GUIPROP_EXT_IsInFont) referenced 4 times from guidemo_resource.o(.constdata)
 <LI><a href="#[16]">GUIPROP_EXT__ClearLine</a> from gui_encext.o(i.GUIPROP_EXT__ClearLine) referenced 2 times from gui_encext.o(.data)
 <LI><a href="#[13f]">GUIPROP_EXT__DispLine</a> from gui_encext.o(i.GUIPROP_EXT__DispLine) referenced from gui_encext.o(.constdata)
 <LI><a href="#[118]">GUIPROP_GetCharDistX</a> from gui_charp.o(i.GUIPROP_GetCharDistX) referenced 9 times from guidemo_resource.o(.constdata)
 <LI><a href="#[119]">GUIPROP_GetFontInfo</a> from gui_charp.o(i.GUIPROP_GetFontInfo) referenced 9 times from guidemo_resource.o(.constdata)
 <LI><a href="#[11a]">GUIPROP_IsInFont</a> from gui_charp.o(i.GUIPROP_IsInFont) referenced 9 times from guidemo_resource.o(.constdata)
 <LI><a href="#[d2]">GUI_DrawGradientH</a> from gui_drawgradient.o(i.GUI_DrawGradientH) referenced from scrollbar_skinflex.o(i.SCROLLBAR_DrawSkinFlex)
 <LI><a href="#[d5]">GUI_DrawGradientV</a> from gui_drawgradient.o(i.GUI_DrawGradientV) referenced from scrollbar_skinflex.o(i.SCROLLBAR_DrawSkinFlex)
 <LI><a href="#[21]">GUI_DrawStreamedBitmap</a> from gui_stream.o(i.GUI_DrawStreamedBitmap) referenced 2 times from iconview.o(.data)
 <LI><a href="#[fd]">GUI_MEMDEV_Paint1Static</a> from guidev_staticdevices.o(i.GUI_MEMDEV_Paint1Static) referenced from wm.o(i._Paint1)
 <LI><a href="#[f2]">GUI_MEMDEV__WriteToActiveAlpha</a> from guidev_writetoactivealpha.o(i.GUI_MEMDEV__WriteToActiveAlpha) referenced from guidev_32.o(i._GetDevFunc)
 <LI><a href="#[f3]">GUI_MEMDEV__WriteToActiveOpaque</a> from guidev_writetoactiveopaque.o(i.GUI_MEMDEV__WriteToActiveOpaque) referenced from guidev_16.o(i._GetDevFunc)
 <LI><a href="#[152]">GUI_SIF__GetCharDistX_ExtFrm</a> from gui_sif_propextfrminfo.o(i.GUI_SIF__GetCharDistX_ExtFrm) referenced from gui_sif_propfrm.o(.constdata)
 <LI><a href="#[153]">GUI_SIF__GetFontInfo_ExtFrm</a> from gui_sif_propextfrminfo.o(i.GUI_SIF__GetFontInfo_ExtFrm) referenced from gui_sif_propfrm.o(.constdata)
 <LI><a href="#[154]">GUI_SIF__IsInFont_ExtFrm</a> from gui_sif_propextfrminfo.o(i.GUI_SIF__IsInFont_ExtFrm) referenced from gui_sif_propfrm.o(.constdata)
 <LI><a href="#[36f]">GUI_SetAlpha</a> from gui_setalpha.o(i.GUI_SetAlpha) referenced from gui_setalpha.o(i.GUI_SetAlpha)
 <LI><a href="#[bc]">GUI_TIMER_Exec</a> from gui_timer.o(i.GUI_TIMER_Exec) referenced from gui_timer.o(i.GUI_TIMER_Create)
 <LI><a href="#[1b8]">GUI_USAGE_BM_AddHLine</a> from guidev_usagebm.o(i.GUI_USAGE_BM_AddHLine) referenced from guidev_usagebm.o(.constdata)
 <LI><a href="#[1b7]">GUI_USAGE_BM_AddPixel</a> from guidev_usagebm.o(i.GUI_USAGE_BM_AddPixel) referenced from guidev_usagebm.o(.constdata)
 <LI><a href="#[1b9]">GUI_USAGE_BM_Clear</a> from guidev_usagebm.o(i.GUI_USAGE_BM_Clear) referenced from guidev_usagebm.o(.constdata)
 <LI><a href="#[1bb]">GUI_USAGE_BM_GetNextDirty</a> from guidev_usagebm.o(i.GUI_USAGE_BM_GetNextDirty) referenced from guidev_usagebm.o(.constdata)
 <LI><a href="#[2d]">GUI_X_ExecIdle</a> from gui_x.o(i.GUI_X_ExecIdle) referenced 2 times from gui_waitevent.o(.data)
 <LI><a href="#[28]">GUI__MixColors</a> from gui__alpha.o(i.GUI__MixColors) referenced 2 times from gui__alpha.o(.data)
 <LI><a href="#[29]">GUI__MixColorsBulk</a> from gui__alpha.o(i.GUI__MixColorsBulk) referenced 2 times from gui__alpha.o(.data)
 <LI><a href="#[89]">HASH_RNG_IRQHandler</a> from startup_stm32f4xx_mdkarm.o(.text) referenced from startup_stm32f4xx_mdkarm.o(RESET)
 <LI><a href="#[c1]">HEADER_Callback</a> from header.o(i.HEADER_Callback) referenced from header.o(i.HEADER_CreateUser)
 <LI><a href="#[a1]">HEADER_DrawSkinFlex</a> from header_skinflex.o(i.HEADER_DrawSkinFlex) referenced from guidemo.o(i.GUIDEMO_Main)
 <LI><a href="#[31]">HardFault_Handler</a> from stm32xxx_it.o(i.HardFault_Handler) referenced from startup_stm32f4xx_mdkarm.o(RESET)
 <LI><a href="#[59]">I2C1_ER_IRQHandler</a> from startup_stm32f4xx_mdkarm.o(.text) referenced from startup_stm32f4xx_mdkarm.o(RESET)
 <LI><a href="#[58]">I2C1_EV_IRQHandler</a> from startup_stm32f4xx_mdkarm.o(.text) referenced from startup_stm32f4xx_mdkarm.o(RESET)
 <LI><a href="#[5b]">I2C2_ER_IRQHandler</a> from startup_stm32f4xx_mdkarm.o(.text) referenced from startup_stm32f4xx_mdkarm.o(RESET)
 <LI><a href="#[5a]">I2C2_EV_IRQHandler</a> from startup_stm32f4xx_mdkarm.o(.text) referenced from startup_stm32f4xx_mdkarm.o(RESET)
 <LI><a href="#[82]">I2C3_ER_IRQHandler</a> from startup_stm32f4xx_mdkarm.o(.text) referenced from startup_stm32f4xx_mdkarm.o(RESET)
 <LI><a href="#[81]">I2C3_EV_IRQHandler</a> from startup_stm32f4xx_mdkarm.o(.text) referenced from startup_stm32f4xx_mdkarm.o(RESET)
 <LI><a href="#[c5]">ICONVIEW_Callback</a> from iconview.o(i.ICONVIEW_Callback) referenced from iconview.o(i.ICONVIEW_CreateUser)
 <LI><a href="#[b8]">LCD_DrawHLine</a> from lcd.o(i.LCD_DrawHLine) referenced from gui_core.o(.constdata)
 <LI><a href="#[b8]">LCD_DrawHLine</a> from lcd.o(i.LCD_DrawHLine) referenced from gui_drawgradient.o(i.GUI_DrawGradientV)
 <LI><a href="#[128]">LCD_DrawPixel</a> from lcd.o(i.LCD_DrawPixel) referenced from gui_core.o(.constdata)
 <LI><a href="#[b7]">LCD_DrawVLine</a> from lcd.o(i.LCD_DrawVLine) referenced from gui_drawgradient.o(i.GUI_DrawGradientH)
 <LI><a href="#[15]">LCD_GetpPalConvTableBM</a> from lcd_color.o(i.LCD_GetpPalConvTableBM) referenced 2 times from gui_core.o(.data)
 <LI><a href="#[124]">LCD_Index2Color_565</a> from guicc_565_index2color.o(i.LCD_Index2Color_565) referenced from guicc_565.o(.constdata)
 <LI><a href="#[bf]">LCD_Index2Color_888</a> from guicc_888_index2color.o(i.LCD_Index2Color_888) referenced from gui__alpha.o(i.GUI__DoAlphaBlending)
 <LI><a href="#[ba]">LCD_Index2Color_8888</a> from guicc_8888_index2color.o(i.LCD_Index2Color_8888) referenced 2 times from gui_drawbitmap_8888.o(.constdata)
 <LI><a href="#[ba]">LCD_Index2Color_8888</a> from guicc_8888_index2color.o(i.LCD_Index2Color_8888) referenced from guidev_writetoactivealpha.o(i.GUI_MEMDEV__WriteToActiveAlpha)
 <LI><a href="#[ba]">LCD_Index2Color_8888</a> from guicc_8888_index2color.o(i.LCD_Index2Color_8888) referenced from gui__alpha.o(i.GUI__DoAlphaBlending)
 <LI><a href="#[ba]">LCD_Index2Color_8888</a> from guicc_8888_index2color.o(i.LCD_Index2Color_8888) referenced from lcd_rlealpha.o(i._Draw)
 <LI><a href="#[ba]">LCD_Index2Color_8888</a> from guicc_8888_index2color.o(i.LCD_Index2Color_8888) referenced from gui_drawbitmap_8888.o(i._DrawBitmap_8888)
 <LI><a href="#[b5]">LCD_SetPixelAA</a> from lcd_aa.o(i.LCD_SetPixelAA) referenced from guiaa_char2.o(i.GUI_AA__DrawCharAA2)
 <LI><a href="#[b5]">LCD_SetPixelAA</a> from lcd_aa.o(i.LCD_SetPixelAA) referenced from guiaa_char4.o(i.GUI_AA__DrawCharAA4)
 <LI><a href="#[b5]">LCD_SetPixelAA</a> from lcd_aa.o(i.LCD_SetPixelAA) referenced from guiaa_lib.o(i._FlushLine)
 <LI><a href="#[b4]">LCD_SetPixelAA_Xor</a> from lcd_aa.o(i.LCD_SetPixelAA_Xor) referenced from guiaa_char2.o(i.GUI_AA__DrawCharAA2)
 <LI><a href="#[b4]">LCD_SetPixelAA_Xor</a> from lcd_aa.o(i.LCD_SetPixelAA_Xor) referenced from guiaa_char4.o(i.GUI_AA__DrawCharAA4)
 <LI><a href="#[cd]">LISTVIEW_Callback</a> from listview.o(i.LISTVIEW_Callback) referenced from listview.o(i.LISTVIEW_CreateUser)
 <LI><a href="#[116]">LISTVIEW_CompareDec</a> from listview_setsort.o(i.LISTVIEW_CompareDec) referenced from guidemo_listview.o(.constdata)
 <LI><a href="#[115]">LISTVIEW_CompareText</a> from listview_setsort.o(i.LISTVIEW_CompareText) referenced 2 times from guidemo_listview.o(.constdata)
 <LI><a href="#[ce]">LISTVIEW_OwnerDraw</a> from listview.o(i.LISTVIEW_OwnerDraw) referenced from listview.o(i.LISTVIEW_CreateUser)
 <LI><a href="#[ca]">LcdReadDataMultiple</a> from lcdconf_stm3240g_eval.o(i.LcdReadDataMultiple) referenced from lcdconf_stm3240g_eval.o(i.LCD_X_Config)
 <LI><a href="#[c8]">LcdWriteData</a> from lcdconf_stm3240g_eval.o(i.LcdWriteData) referenced from lcdconf_stm3240g_eval.o(i.LCD_X_Config)
 <LI><a href="#[c9]">LcdWriteDataMultiple</a> from lcdconf_stm3240g_eval.o(i.LcdWriteDataMultiple) referenced from lcdconf_stm3240g_eval.o(i.LCD_X_Config)
 <LI><a href="#[c7]">LcdWriteReg</a> from lcdconf_stm3240g_eval.o(i.LcdWriteReg) referenced from lcdconf_stm3240g_eval.o(i.LCD_X_Config)
 <LI><a href="#[32]">MemManage_Handler</a> from stm32xxx_it.o(i.MemManage_Handler) referenced from startup_stm32f4xx_mdkarm.o(RESET)
 <LI><a href="#[30]">NMI_Handler</a> from stm32xxx_it.o(i.NMI_Handler) referenced from startup_stm32f4xx_mdkarm.o(RESET)
 <LI><a href="#[7c]">OTG_FS_IRQHandler</a> from startup_stm32f4xx_mdkarm.o(.text) referenced from startup_stm32f4xx_mdkarm.o(RESET)
 <LI><a href="#[63]">OTG_FS_WKUP_IRQHandler</a> from startup_stm32f4xx_mdkarm.o(.text) referenced from startup_stm32f4xx_mdkarm.o(RESET)
 <LI><a href="#[84]">OTG_HS_EP1_IN_IRQHandler</a> from startup_stm32f4xx_mdkarm.o(.text) referenced from startup_stm32f4xx_mdkarm.o(RESET)
 <LI><a href="#[83]">OTG_HS_EP1_OUT_IRQHandler</a> from startup_stm32f4xx_mdkarm.o(.text) referenced from startup_stm32f4xx_mdkarm.o(RESET)
 <LI><a href="#[86]">OTG_HS_IRQHandler</a> from startup_stm32f4xx_mdkarm.o(.text) referenced from startup_stm32f4xx_mdkarm.o(RESET)
 <LI><a href="#[85]">OTG_HS_WKUP_IRQHandler</a> from startup_stm32f4xx_mdkarm.o(.text) referenced from startup_stm32f4xx_mdkarm.o(RESET)
 <LI><a href="#[cf]">PROGBAR_Callback</a> from progbar.o(i.PROGBAR_Callback) referenced from progbar.o(i.PROGBAR_CreateUser)
 <LI><a href="#[10f]">PROGBAR_CreateIndirect</a> from progbar_createindirect.o(i.PROGBAR_CreateIndirect) referenced from guidemo.o(.constdata)
 <LI><a href="#[9d]">PROGBAR_DrawSkinFlex</a> from progbar_skinflex.o(i.PROGBAR_DrawSkinFlex) referenced from guidemo.o(i.GUIDEMO_Main)
 <LI><a href="#[3a]">PVD_IRQHandler</a> from startup_stm32f4xx_mdkarm.o(.text) referenced from startup_stm32f4xx_mdkarm.o(RESET)
 <LI><a href="#[37]">PendSV_Handler</a> from stm32xxx_it.o(i.PendSV_Handler) referenced from startup_stm32f4xx_mdkarm.o(RESET)
 <LI><a href="#[3e]">RCC_IRQHandler</a> from startup_stm32f4xx_mdkarm.o(.text) referenced from startup_stm32f4xx_mdkarm.o(RESET)
 <LI><a href="#[62]">RTC_Alarm_IRQHandler</a> from startup_stm32f4xx_mdkarm.o(.text) referenced from startup_stm32f4xx_mdkarm.o(RESET)
 <LI><a href="#[3c]">RTC_WKUP_IRQHandler</a> from startup_stm32f4xx_mdkarm.o(.text) referenced from startup_stm32f4xx_mdkarm.o(RESET)
 <LI><a href="#[2f]">Reset_Handler</a> from startup_stm32f4xx_mdkarm.o(.text) referenced from startup_stm32f4xx_mdkarm.o(RESET)
 <LI><a href="#[d0]">SCROLLBAR_Callback</a> from scrollbar.o(i.SCROLLBAR_Callback) referenced from scrollbar.o(i.SCROLLBAR_CreateUser)
 <LI><a href="#[9f]">SCROLLBAR_DrawSkinFlex</a> from scrollbar_skinflex.o(i.SCROLLBAR_DrawSkinFlex) referenced from guidemo.o(i.GUIDEMO_Main)
 <LI><a href="#[6a]">SDIO_IRQHandler</a> from startup_stm32f4xx_mdkarm.o(.text) referenced from startup_stm32f4xx_mdkarm.o(RESET)
 <LI><a href="#[d7]">SLIDER_Callback</a> from slider.o(i.SLIDER_Callback) referenced from slider.o(i.SLIDER_CreateUser)
 <LI><a href="#[121]">SLIDER_CreateIndirect</a> from slider_createindirect.o(i.SLIDER_CreateIndirect) referenced 2 times from guidemo_transparentdialog.o(.constdata)
 <LI><a href="#[a0]">SLIDER_DrawSkinFlex</a> from slider_skinflex.o(i.SLIDER_DrawSkinFlex) referenced from guidemo.o(i.GUIDEMO_Main)
 <LI><a href="#[5c]">SPI1_IRQHandler</a> from startup_stm32f4xx_mdkarm.o(.text) referenced from startup_stm32f4xx_mdkarm.o(RESET)
 <LI><a href="#[5d]">SPI2_IRQHandler</a> from startup_stm32f4xx_mdkarm.o(.text) referenced from startup_stm32f4xx_mdkarm.o(RESET)
 <LI><a href="#[6c]">SPI3_IRQHandler</a> from startup_stm32f4xx_mdkarm.o(.text) referenced from startup_stm32f4xx_mdkarm.o(RESET)
 <LI><a href="#[35]">SVC_Handler</a> from stm32xxx_it.o(i.SVC_Handler) referenced from startup_stm32f4xx_mdkarm.o(RESET)
 <LI><a href="#[38]">SysTick_Handler</a> from stm32xxx_it.o(i.SysTick_Handler) referenced from startup_stm32f4xx_mdkarm.o(RESET)
 <LI><a href="#[8b]">SystemInit</a> from system_stm32f4xx.o(i.SystemInit) referenced from startup_stm32f4xx_mdkarm.o(.text)
 <LI><a href="#[3b]">TAMP_STAMP_IRQHandler</a> from startup_stm32f4xx_mdkarm.o(.text) referenced from startup_stm32f4xx_mdkarm.o(RESET)
 <LI><a href="#[d8]">TEXT_Callback</a> from text.o(i.TEXT_Callback) referenced from text.o(i.TEXT_CreateUser)
 <LI><a href="#[110]">TEXT_CreateIndirect</a> from text_createindirect.o(i.TEXT_CreateIndirect) referenced 4 times from guidemo.o(.constdata)
 <LI><a href="#[51]">TIM1_BRK_TIM9_IRQHandler</a> from startup_stm32f4xx_mdkarm.o(.text) referenced from startup_stm32f4xx_mdkarm.o(RESET)
 <LI><a href="#[54]">TIM1_CC_IRQHandler</a> from startup_stm32f4xx_mdkarm.o(.text) referenced from startup_stm32f4xx_mdkarm.o(RESET)
 <LI><a href="#[53]">TIM1_TRG_COM_TIM11_IRQHandler</a> from startup_stm32f4xx_mdkarm.o(.text) referenced from startup_stm32f4xx_mdkarm.o(RESET)
 <LI><a href="#[52]">TIM1_UP_TIM10_IRQHandler</a> from startup_stm32f4xx_mdkarm.o(.text) referenced from startup_stm32f4xx_mdkarm.o(RESET)
 <LI><a href="#[55]">TIM2_IRQHandler</a> from startup_stm32f4xx_mdkarm.o(.text) referenced from startup_stm32f4xx_mdkarm.o(RESET)
 <LI><a href="#[56]">TIM3_IRQHandler</a> from startup_stm32f4xx_mdkarm.o(.text) referenced from startup_stm32f4xx_mdkarm.o(RESET)
 <LI><a href="#[57]">TIM4_IRQHandler</a> from startup_stm32f4xx_mdkarm.o(.text) referenced from startup_stm32f4xx_mdkarm.o(RESET)
 <LI><a href="#[6b]">TIM5_IRQHandler</a> from startup_stm32f4xx_mdkarm.o(.text) referenced from startup_stm32f4xx_mdkarm.o(RESET)
 <LI><a href="#[6f]">TIM6_DAC_IRQHandler</a> from startup_stm32f4xx_mdkarm.o(.text) referenced from startup_stm32f4xx_mdkarm.o(RESET)
 <LI><a href="#[70]">TIM7_IRQHandler</a> from startup_stm32f4xx_mdkarm.o(.text) referenced from startup_stm32f4xx_mdkarm.o(RESET)
 <LI><a href="#[64]">TIM8_BRK_TIM12_IRQHandler</a> from startup_stm32f4xx_mdkarm.o(.text) referenced from startup_stm32f4xx_mdkarm.o(RESET)
 <LI><a href="#[67]">TIM8_CC_IRQHandler</a> from startup_stm32f4xx_mdkarm.o(.text) referenced from startup_stm32f4xx_mdkarm.o(RESET)
 <LI><a href="#[66]">TIM8_TRG_COM_TIM14_IRQHandler</a> from startup_stm32f4xx_mdkarm.o(.text) referenced from startup_stm32f4xx_mdkarm.o(RESET)
 <LI><a href="#[65]">TIM8_UP_TIM13_IRQHandler</a> from startup_stm32f4xx_mdkarm.o(.text) referenced from startup_stm32f4xx_mdkarm.o(RESET)
 <LI><a href="#[d9]">TREEVIEW_Callback</a> from treeview.o(i.TREEVIEW_Callback) referenced from treeview.o(i.TREEVIEW_CreateUser)
 <LI><a href="#[122]">TREEVIEW_CreateIndirect</a> from treeview_createindirect.o(i.TREEVIEW_CreateIndirect) referenced from guidemo_treeview.o(.constdata)
 <LI><a href="#[da]">TREEVIEW_OwnerDraw</a> from treeview.o(i.TREEVIEW_OwnerDraw) referenced from treeview.o(i.TREEVIEW_CreateUser)
 <LI><a href="#[6d]">UART4_IRQHandler</a> from startup_stm32f4xx_mdkarm.o(.text) referenced from startup_stm32f4xx_mdkarm.o(RESET)
 <LI><a href="#[6e]">UART5_IRQHandler</a> from startup_stm32f4xx_mdkarm.o(.text) referenced from startup_stm32f4xx_mdkarm.o(RESET)
 <LI><a href="#[5e]">USART1_IRQHandler</a> from startup_stm32f4xx_mdkarm.o(.text) referenced from startup_stm32f4xx_mdkarm.o(RESET)
 <LI><a href="#[5f]">USART2_IRQHandler</a> from startup_stm32f4xx_mdkarm.o(.text) referenced from startup_stm32f4xx_mdkarm.o(RESET)
 <LI><a href="#[60]">USART3_IRQHandler</a> from startup_stm32f4xx_mdkarm.o(.text) referenced from startup_stm32f4xx_mdkarm.o(RESET)
 <LI><a href="#[80]">USART6_IRQHandler</a> from startup_stm32f4xx_mdkarm.o(.text) referenced from startup_stm32f4xx_mdkarm.o(RESET)
 <LI><a href="#[34]">UsageFault_Handler</a> from stm32xxx_it.o(i.UsageFault_Handler) referenced from startup_stm32f4xx_mdkarm.o(RESET)
 <LI><a href="#[1c4]">WIDGET_EFFECT_3D_DrawUp</a> from widget_effect_3d.o(i.WIDGET_EFFECT_3D_DrawUp) referenced from widget_effect_3d.o(.constdata)
 <LI><a href="#[bb]">WM_HandlePID</a> from wm_touch.o(i.WM_HandlePID) referenced from gui_pid.o(i.GUI_PID_StoreState)
 <LI><a href="#[fe]">WM__Paint1</a> from wm.o(i.WM__Paint1) referenced from wm.o(i._Paint1)
 <LI><a href="#[39]">WWDG_IRQHandler</a> from startup_stm32f4xx_mdkarm.o(.text) referenced from startup_stm32f4xx_mdkarm.o(RESET)
 <LI><a href="#[13]">_AddData_Heartbeat</a> from guidemo_graph.o(i._AddData_Heartbeat) referenced 2 times from guidemo_graph.o(.data)
 <LI><a href="#[14]">_AddData_Sine</a> from guidemo_graph.o(i._AddData_Sine) referenced 2 times from guidemo_graph.o(.data)
 <LI><a href="#[e1]">_CalcPositions</a> from scrollbar_skin.o(i._CalcPositions) referenced 2 times from scrollbar_skin.o(i._Create)
 <LI><a href="#[196]">_CalcSizeOfChar</a> from gui_uc_encodenone.o(i._CalcSizeOfChar) referenced from gui_uc_encodenone.o(.constdata)
 <LI><a href="#[12b]">_Color2Index</a> from gui_enablealpha.o(i._Color2Index) referenced 2 times from gui_enablealpha.o(.constdata)
 <LI><a href="#[126]">_Color2IndexBulk</a> from guicc_565.o(i._Color2IndexBulk) referenced 4 times from guicc_565.o(.constdata)
 <LI><a href="#[1cd]">_Color2Index_0</a> from guicc_0.o(i._Color2Index_0) referenced from guicc_0.o(.constdata)
 <LI><a href="#[123]">_Color2Index_565</a> from guicc_565.o(i._Color2Index_565) referenced from guicc_565.o(.constdata)
 <LI><a href="#[161]">_Color2Index_8888</a> from guicc_8888.o(i._Color2Index_8888) referenced from guicc_8888.o(.constdata)
 <LI><a href="#[1bd]">_Create</a> from button_skinclassic.o(i._Create) referenced 6 times from button_skinclassic.o(.constdata)
 <LI><a href="#[19]">_Create</a> from button_skin.o(i._Create) referenced 12 times from button_skin.o(.data)
 <LI><a href="#[151]">_DispChar</a> from gui_sif_propfrm.o(i._DispChar) referenced from gui_sif_propfrm.o(.constdata)
 <LI><a href="#[ea]">_Draw</a> from lcd_rlealpha.o(i._Draw) referenced from lcd_rlealpha.o(i._DrawBitmap_RLEAlpha)
 <LI><a href="#[d4]">_DrawBackgroundH</a> from scrollbar_skinflex.o(i._DrawBackgroundH) referenced from scrollbar_skinflex.o(i.SCROLLBAR_DrawSkinFlex)
 <LI><a href="#[d1]">_DrawBackgroundV</a> from scrollbar_skinflex.o(i._DrawBackgroundV) referenced from scrollbar_skinflex.o(i.SCROLLBAR_DrawSkinFlex)
 <LI><a href="#[130]">_DrawBitmap</a> from gui_enablealpha.o(i._DrawBitmap) referenced 7 times from gui_enablealpha.o(.constdata)
 <LI><a href="#[ab]">_DrawBitmap</a> from guidrv_flexcolor_16bpp_c0b16.o(i._DrawBitmap) referenced from guidrv_flexcolor_16bpp_c0b16.o(i.GUIDRV_FlexColor_SetMode16bppC0B16)
 <LI><a href="#[c2]">_DrawBitmap</a> from iconview.o(i._DrawBitmap) referenced from iconview.o(i.ICONVIEW_AddBitmapItem)
 <LI><a href="#[12a]">_DrawBitmapHW_8888</a> from gui_drawbitmap_8888.o(i._DrawBitmapHW_8888) referenced from gui_drawbitmap_8888.o(.constdata)
 <LI><a href="#[129]">_DrawBitmap_8888</a> from gui_drawbitmap_8888.o(i._DrawBitmap_8888) referenced from gui_drawbitmap_8888.o(.constdata)
 <LI><a href="#[165]">_DrawBitmap_RLE4</a> from lcd_rle4.o(i._DrawBitmap_RLE4) referenced from lcd_rle4.o(.constdata)
 <LI><a href="#[166]">_DrawBitmap_RLE8</a> from lcd_rle8.o(i._DrawBitmap_RLE8) referenced from lcd_rle8.o(.constdata)
 <LI><a href="#[167]">_DrawBitmap_RLEAlpha</a> from lcd_rlealpha.o(i._DrawBitmap_RLEAlpha) referenced from lcd_rlealpha.o(.constdata)
 <LI><a href="#[a3]">_DrawBk</a> from guidemo.o(i._DrawBk) referenced from guidemo.o(i.GUIDEMO_Main)
 <LI><a href="#[a2]">_DrawBkCircle</a> from guidemo.o(i._DrawBkCircle) referenced from guidemo.o(i.GUIDEMO_Main)
 <LI><a href="#[a4]">_DrawBkSimple</a> from guidemo.o(i._DrawBkSimple) referenced from guidemo.o(i.GUIDEMO_Main)
 <LI><a href="#[e9]">_DrawClip</a> from lcd_rlealpha.o(i._DrawClip) referenced from lcd_rlealpha.o(i._DrawBitmap_RLEAlpha)
 <LI><a href="#[192]">_DrawDown</a> from widget_effect_simple.o(i._DrawDown) referenced 3 times from widget_effect_simple.o(.constdata)
 <LI><a href="#[193]">_DrawDownRect</a> from widget_effect_simple.o(i._DrawDownRect) referenced 3 times from widget_effect_simple.o(.constdata)
 <LI><a href="#[1cc]">_DrawFlat</a> from widget_effect_none.o(i._DrawFlat) referenced from widget_effect_none.o(.constdata)
 <LI><a href="#[d6]">_DrawGraspH</a> from scrollbar_skinflex.o(i._DrawGraspH) referenced from scrollbar_skinflex.o(i.SCROLLBAR_DrawSkinFlex)
 <LI><a href="#[d3]">_DrawGraspV</a> from scrollbar_skinflex.o(i._DrawGraspV) referenced from scrollbar_skinflex.o(i.SCROLLBAR_DrawSkinFlex)
 <LI><a href="#[131]">_DrawHLine</a> from gui_enablealpha.o(i._DrawHLine) referenced 7 times from gui_enablealpha.o(.constdata)
 <LI><a href="#[b3]">_DrawHLine</a> from guiaa_lib.o(i._DrawHLine) referenced from guiaa_lib.o(i.GUI_AA_Init)
 <LI><a href="#[c3]">_DrawText</a> from iconview.o(i._DrawText) referenced from iconview.o(i.ICONVIEW_AddBitmapItem)
 <LI><a href="#[190]">_DrawUp</a> from widget_effect_simple.o(i._DrawUp) referenced 2 times from widget_effect_simple.o(.constdata)
 <LI><a href="#[191]">_DrawUpRect</a> from widget_effect_simple.o(i._DrawUpRect) referenced 3 times from widget_effect_simple.o(.constdata)
 <LI><a href="#[132]">_DrawVLine</a> from gui_enablealpha.o(i._DrawVLine) referenced 7 times from gui_enablealpha.o(.constdata)
 <LI><a href="#[4]">_Draw_0</a> from guidemo_automotive.o(i._Draw_0) referenced 2 times from guidemo_automotive.o(.data)
 <LI><a href="#[5]">_Draw_1</a> from guidemo_automotive.o(i._Draw_1) referenced 2 times from guidemo_automotive.o(.data)
 <LI><a href="#[197]">_Encode</a> from gui_uc_encodenone.o(i._Encode) referenced from gui_uc_encodenone.o(.constdata)
 <LI><a href="#[9c]">_FRAMEWIN_DrawSkinFlex</a> from guidemo.o(i._FRAMEWIN_DrawSkinFlex) referenced from guidemo.o(i.GUIDEMO_Main)
 <LI><a href="#[f4]">_FillPolygon</a> from guidev_measure.o(i._FillPolygon) referenced from guidev_measure.o(i._GetDevFunc)
 <LI><a href="#[f5]">_FillPolygonAA</a> from guidev_measure.o(i._FillPolygonAA) referenced from guidev_measure.o(i._GetDevFunc)
 <LI><a href="#[133]">_FillRect</a> from gui_enablealpha.o(i._FillRect) referenced 7 times from gui_enablealpha.o(.constdata)
 <LI><a href="#[ac]">_FillRect</a> from guidrv_flexcolor_16bpp_c0b16.o(i._FillRect) referenced from guidrv_flexcolor_16bpp_c0b16.o(i.GUIDRV_FlexColor_SetMode16bppC0B16)
 <LI><a href="#[e4]">_Free</a> from listview_setsort.o(i._Free) referenced from listview_setsort.o(i._CreateSortObject)
 <LI><a href="#[1ba]">_GUI_USAGE_BM_Delete</a> from guidev_usagebm.o(i._GUI_USAGE_BM_Delete) referenced from guidev_usagebm.o(.constdata)
 <LI><a href="#[2]">_GetAngle_0</a> from guidemo_automotive.o(i._GetAngle_0) referenced 2 times from guidemo_automotive.o(.data)
 <LI><a href="#[3]">_GetAngle_1</a> from guidemo_automotive.o(i._GetAngle_1) referenced 2 times from guidemo_automotive.o(.data)
 <LI><a href="#[1b]">_GetBorderSize</a> from framewin_skin.o(i._GetBorderSize) referenced 4 times from framewin_skin.o(.data)
 <LI><a href="#[e7]">_GetByte_pPixel</a> from lcd_rle4.o(i._GetByte_pPixel) referenced from lcd_rle4.o(i._DrawBitmap_RLE4)
 <LI><a href="#[e8]">_GetByte_pPixel</a> from lcd_rle8.o(i._GetByte_pPixel) referenced from lcd_rle8.o(i._DrawBitmap_RLE8)
 <LI><a href="#[194]">_GetCharCode</a> from gui_uc_encodenone.o(i._GetCharCode) referenced from gui_uc_encodenone.o(.constdata)
 <LI><a href="#[195]">_GetCharSize</a> from gui_uc_encodenone.o(i._GetCharSize) referenced from gui_uc_encodenone.o(.constdata)
 <LI><a href="#[2b]">_GetCharWrap</a> from gui__wrap.o(i._GetCharWrap) referenced 2 times from gui__wrap.o(.data)
 <LI><a href="#[13a]">_GetDevData</a> from gui_enablealpha.o(i._GetDevData) referenced 7 times from gui_enablealpha.o(.constdata)
 <LI><a href="#[138]">_GetDevFunc</a> from gui_enablealpha.o(i._GetDevFunc) referenced 7 times from gui_enablealpha.o(.constdata)
 <LI><a href="#[ef]">_GetDevFunc_Init</a> from guidrv_flexcolor.o(i._GetDevFunc_Init) referenced from guidrv_flexcolor.o(i._GetDevFunc)
 <LI><a href="#[f6]">_GetDevFunc_SetRect</a> from guidrv_flexcolor.o(i._GetDevFunc_SetRect) referenced from guidrv_flexcolor.o(i._GetDevFunc_SetRectOutside)
 <LI><a href="#[f1]">_GetDevFunc_SetRectOutside</a> from guidrv_flexcolor.o(i._GetDevFunc_SetRectOutside) referenced from guidrv_flexcolor.o(i._GetDevFunc)
 <LI><a href="#[ee]">_GetDevFunc_SetSize</a> from guidrv_flexcolor.o(i._GetDevFunc_SetSize) referenced from guidrv_flexcolor.o(i._GetDevFunc)
 <LI><a href="#[ed]">_GetDevFunc_SetVSize</a> from guidrv_flexcolor.o(i._GetDevFunc_SetVSize) referenced from guidrv_flexcolor.o(i._GetDevFunc)
 <LI><a href="#[139]">_GetDevProp</a> from gui_enablealpha.o(i._GetDevProp) referenced 7 times from gui_enablealpha.o(.constdata)
 <LI><a href="#[c4]">_GetImageSizes</a> from iconview.o(i._GetImageSizes) referenced from iconview.o(i.ICONVIEW_AddBitmapItem)
 <LI><a href="#[12d]">_GetIndexMask</a> from gui_enablealpha.o(i._GetIndexMask) referenced 2 times from gui_enablealpha.o(.constdata)
 <LI><a href="#[1cf]">_GetIndexMask_0</a> from guicc_0.o(i._GetIndexMask_0) referenced from guicc_0.o(.constdata)
 <LI><a href="#[125]">_GetIndexMask_565</a> from guicc_565.o(i._GetIndexMask_565) referenced from guicc_565.o(.constdata)
 <LI><a href="#[162]">_GetIndexMask_8888</a> from guicc_8888.o(i._GetIndexMask_8888) referenced from guicc_8888.o(.constdata)
 <LI><a href="#[134]">_GetPixelIndex</a> from gui_enablealpha.o(i._GetPixelIndex) referenced 7 times from gui_enablealpha.o(.constdata)
 <LI><a href="#[13b]">_GetRect</a> from gui_enablealpha.o(i._GetRect) referenced 7 times from gui_enablealpha.o(.constdata)
 <LI><a href="#[2a]">_GetWordWrap</a> from gui__wrap.o(i._GetWordWrap) referenced 2 times from gui__wrap.o(.data)
 <LI><a href="#[12c]">_Index2Color</a> from gui_enablealpha.o(i._Index2Color) referenced 2 times from gui_enablealpha.o(.constdata)
 <LI><a href="#[127]">_Index2ColorBulk</a> from guicc_565.o(i._Index2ColorBulk) referenced 4 times from guicc_565.o(.constdata)
 <LI><a href="#[1ce]">_Index2Color_0</a> from guicc_0.o(i._Index2Color_0) referenced from guicc_0.o(.constdata)
 <LI><a href="#[95]">_InvalidateNewItem</a> from graph_data_yt.o(i._InvalidateNewItem) referenced from graph_data_yt.o(i.GRAPH_DATA_YT_Create)
 <LI><a href="#[174]">_Log2PhysX_X0Y0S0</a> from guidrv_flexcolor.o(i._Log2PhysX_X0Y0S0) referenced from guidrv_flexcolor.o(.constdata)
 <LI><a href="#[178]">_Log2PhysX_X0Y0S1</a> from guidrv_flexcolor.o(i._Log2PhysX_X0Y0S1) referenced from guidrv_flexcolor.o(.constdata)
 <LI><a href="#[176]">_Log2PhysX_X0Y1S0</a> from guidrv_flexcolor.o(i._Log2PhysX_X0Y1S0) referenced from guidrv_flexcolor.o(.constdata)
 <LI><a href="#[17a]">_Log2PhysX_X0Y1S1</a> from guidrv_flexcolor.o(i._Log2PhysX_X0Y1S1) referenced from guidrv_flexcolor.o(.constdata)
 <LI><a href="#[175]">_Log2PhysX_X1Y0S0</a> from guidrv_flexcolor.o(i._Log2PhysX_X1Y0S0) referenced from guidrv_flexcolor.o(.constdata)
 <LI><a href="#[179]">_Log2PhysX_X1Y0S1</a> from guidrv_flexcolor.o(i._Log2PhysX_X1Y0S1) referenced from guidrv_flexcolor.o(.constdata)
 <LI><a href="#[177]">_Log2PhysX_X1Y1S0</a> from guidrv_flexcolor.o(i._Log2PhysX_X1Y1S0) referenced from guidrv_flexcolor.o(.constdata)
 <LI><a href="#[17b]">_Log2PhysX_X1Y1S1</a> from guidrv_flexcolor.o(i._Log2PhysX_X1Y1S1) referenced from guidrv_flexcolor.o(.constdata)
 <LI><a href="#[17c]">_Log2PhysY_X0Y0S0</a> from guidrv_flexcolor.o(i._Log2PhysY_X0Y0S0) referenced from guidrv_flexcolor.o(.constdata)
 <LI><a href="#[180]">_Log2PhysY_X0Y0S1</a> from guidrv_flexcolor.o(i._Log2PhysY_X0Y0S1) referenced from guidrv_flexcolor.o(.constdata)
 <LI><a href="#[17e]">_Log2PhysY_X0Y1S0</a> from guidrv_flexcolor.o(i._Log2PhysY_X0Y1S0) referenced from guidrv_flexcolor.o(.constdata)
 <LI><a href="#[182]">_Log2PhysY_X0Y1S1</a> from guidrv_flexcolor.o(i._Log2PhysY_X0Y1S1) referenced from guidrv_flexcolor.o(.constdata)
 <LI><a href="#[17d]">_Log2PhysY_X1Y0S0</a> from guidrv_flexcolor.o(i._Log2PhysY_X1Y0S0) referenced from guidrv_flexcolor.o(.constdata)
 <LI><a href="#[181]">_Log2PhysY_X1Y0S1</a> from guidrv_flexcolor.o(i._Log2PhysY_X1Y0S1) referenced from guidrv_flexcolor.o(.constdata)
 <LI><a href="#[17f]">_Log2PhysY_X1Y1S0</a> from guidrv_flexcolor.o(i._Log2PhysY_X1Y1S0) referenced from guidrv_flexcolor.o(.constdata)
 <LI><a href="#[183]">_Log2PhysY_X1Y1S1</a> from guidrv_flexcolor.o(i._Log2PhysY_X1Y1S1) referenced from guidrv_flexcolor.o(.constdata)
 <LI><a href="#[2c]">_Log2VisBuffered</a> from gui_charline.o(i._Log2VisBuffered) referenced 2 times from gui_charline.o(.data)
 <LI><a href="#[ec]">_Motion_AutoWithinParent</a> from wm_motion.o(i._Motion_AutoWithinParent) referenced from wm_motion.o(i._GetConfirmation)
 <LI><a href="#[eb]">_Motion_ByWindow</a> from wm_motion.o(i._Motion_ByWindow) referenced from wm_motion.o(i._GetConfirmation)
 <LI><a href="#[97]">_OnDelete</a> from graph_data_yt.o(i._OnDelete) referenced from graph_data_yt.o(i.GRAPH_DATA_YT_Create)
 <LI><a href="#[b2]">_OnExit</a> from guiaa_lib.o(i._OnExit) referenced from guiaa_lib.o(i.GUI_AA_Init)
 <LI><a href="#[b6]">_OnExit</a> from gui_curs1.o(i._OnExit) referenced from gui_curs1.o(i.GUI_CURSOR_SelectEx)
 <LI><a href="#[b9]">_OnExit</a> from gui_enablealpha.o(i._OnExit) referenced from gui_enablealpha.o(i.GUI_EnableAlpha)
 <LI><a href="#[bd]">_OnExit</a> from gui_timer.o(i._OnExit) referenced from gui_timer.o(i.GUI_TIMER_Create)
 <LI><a href="#[be]">_OnExit</a> from gui_core.o(i._OnExit) referenced from gui_core.o(i.GUI__Config)
 <LI><a href="#[c0]">_OnExit</a> from gui__alpha.o(i._OnExit) referenced from gui__alpha.o(i.GUI__GetAlphaBuffer)
 <LI><a href="#[c6]">_OnExit</a> from lcd_color.o(i._OnExit) referenced from lcd_color.o(i.LCD_InitColors)
 <LI><a href="#[dd]">_OnExit</a> from wm.o(i._OnExit) referenced from wm.o(i.WM_Init)
 <LI><a href="#[f9]">_OnExit</a> from gui_setalpha.o(i._OnExit) referenced from gui_setalpha.o(i._InitAlpha)
 <LI><a href="#[fa]">_OnExit</a> from gui_alloc.o(i._OnExit) referenced from gui_alloc.o(i._InitOnce)
 <LI><a href="#[96]">_OnPaint</a> from graph_data_yt.o(i._OnPaint) referenced from graph_data_yt.o(i.GRAPH_DATA_YT_Create)
 <LI><a href="#[98]">_OnPaint</a> from graph_scale.o(i._OnPaint) referenced from graph_scale.o(i.GRAPH_SCALE_Create)
 <LI><a href="#[91]">_OnPidStateChange</a> from button.o(i._OnPidStateChange) referenced from button.o(i.BUTTON_SetReactOnLevel)
 <LI><a href="#[17]">_OnTouchDefault</a> from button.o(i._OnTouchDefault) referenced 2 times from button.o(.data)
 <LI><a href="#[90]">_OnTouchReactOnLevel</a> from button.o(i._OnTouchReactOnLevel) referenced from button.o(i.BUTTON_SetReactOnLevel)
 <LI><a href="#[1bc]">_Paint</a> from button_skinclassic.o(i._Paint) referenced 6 times from button_skinclassic.o(.constdata)
 <LI><a href="#[18]">_Paint</a> from button_skin.o(i._Paint) referenced 12 times from button_skin.o(.data)
 <LI><a href="#[af]">_ReadData</a> from guidrv_flexcolor_16bpp_c0b16.o(i._ReadData) referenced from guidrv_flexcolor_16bpp_c0b16.o(i.GUIDRV_FlexColor_SetMode16bppC0B16)
 <LI><a href="#[103]">_ReadPixelCust_16bpp</a> from guidrv_flexcolor.o(i._ReadPixelCust_16bpp) referenced from guidrv_flexcolor.o(i._SetDevFunc)
 <LI><a href="#[102]">_ReadPixelCust_18bpp</a> from guidrv_flexcolor.o(i._ReadPixelCust_18bpp) referenced from guidrv_flexcolor.o(i._SetDevFunc)
 <LI><a href="#[a9]">_ReadPixel_16bpp_B16</a> from guidrv_flexcolor_func66708.o(i._ReadPixel_16bpp_B16) referenced from guidrv_flexcolor_func66708.o(i.GUIDRV_FlexColor_SetFunc66708)
 <LI><a href="#[a8]">_ReadPixel_16bpp_B8</a> from guidrv_flexcolor_func66708.o(i._ReadPixel_16bpp_B8) referenced from guidrv_flexcolor_func66708.o(i.GUIDRV_FlexColor_SetFunc66708)
 <LI><a href="#[104]">_ReadRectCust_16bpp</a> from guidrv_flexcolor.o(i._ReadRectCust_16bpp) referenced from guidrv_flexcolor.o(i._SetDevFunc)
 <LI><a href="#[101]">_ReadRectCust_18bpp</a> from guidrv_flexcolor.o(i._ReadRectCust_18bpp) referenced from guidrv_flexcolor.o(i._SetDevFunc)
 <LI><a href="#[f7]">_ReadRectFromMemdev</a> from gui_setalpha.o(i._ReadRectFromMemdev) referenced from gui_setalpha.o(i._GetLine)
 <LI><a href="#[13d]">_SetBkColor</a> from gui_enablealpha.o(i._SetBkColor) referenced 2 times from gui_enablealpha.o(.constdata)
 <LI><a href="#[13c]">_SetColor</a> from gui_enablealpha.o(i._SetColor) referenced 2 times from gui_enablealpha.o(.constdata)
 <LI><a href="#[f0]">_SetDevFunc</a> from guidrv_flexcolor.o(i._SetDevFunc) referenced from guidrv_flexcolor.o(i._GetDevFunc)
 <LI><a href="#[13e]">_SetDrawMode</a> from gui_enablealpha.o(i._SetDrawMode) referenced 2 times from gui_enablealpha.o(.constdata)
 <LI><a href="#[aa]">_SetInterface</a> from guidrv_flexcolor_func66708.o(i._SetInterface) referenced from guidrv_flexcolor_func66708.o(i.GUIDRV_FlexColor_SetFunc66708)
 <LI><a href="#[137]">_SetOrg</a> from gui_enablealpha.o(i._SetOrg) referenced 7 times from gui_enablealpha.o(.constdata)
 <LI><a href="#[a7]">_SetOrientation</a> from guidrv_flexcolor_func66708.o(i._SetOrientation) referenced from guidrv_flexcolor_func66708.o(i.GUIDRV_FlexColor_SetFunc66708)
 <LI><a href="#[a5]">_SetPhysRAMAddr</a> from guidrv_flexcolor_func66708.o(i._SetPhysRAMAddr) referenced from guidrv_flexcolor_func66708.o(i.GUIDRV_FlexColor_SetFunc66708)
 <LI><a href="#[135]">_SetPixelIndex</a> from gui_enablealpha.o(i._SetPixelIndex) referenced 7 times from gui_enablealpha.o(.constdata)
 <LI><a href="#[a6]">_SetRect</a> from guidrv_flexcolor_func66708.o(i._SetRect) referenced from guidrv_flexcolor_func66708.o(i.GUIDRV_FlexColor_SetFunc66708)
 <LI><a href="#[105]">_SetReg_B16</a> from guidrv_flexcolor_func66708.o(i._SetReg_B16) referenced from guidrv_flexcolor_func66708.o(i._SetInterface)
 <LI><a href="#[107]">_SetReg_B8</a> from guidrv_flexcolor_func66708.o(i._SetReg_B8) referenced from guidrv_flexcolor_func66708.o(i._SetInterface)
 <LI><a href="#[e5]">_Sort</a> from listview_setsort.o(i._Sort) referenced from listview_setsort.o(i._CreateSortObject)
 <LI><a href="#[b0]">_WriteData</a> from guidrv_flexcolor_16bpp_c0b16.o(i._WriteData) referenced from guidrv_flexcolor_16bpp_c0b16.o(i.GUIDRV_FlexColor_SetMode16bppC0B16)
 <LI><a href="#[106]">_WritePara_B16</a> from guidrv_flexcolor_func66708.o(i._WritePara_B16) referenced from guidrv_flexcolor_func66708.o(i._SetInterface)
 <LI><a href="#[108]">_WritePara_B8</a> from guidrv_flexcolor_func66708.o(i._WritePara_B8) referenced from guidrv_flexcolor_func66708.o(i._SetInterface)
 <LI><a href="#[136]">_XorPixel</a> from gui_enablealpha.o(i._XorPixel) referenced 7 times from gui_enablealpha.o(.constdata)
 <LI><a href="#[1d4]">__main</a> from __main.o(!!!main) referenced from startup_stm32f4xx_mdkarm.o(.text)
 <LI><a href="#[9b]">_cbBk</a> from guidemo.o(i._cbBk) referenced from guidemo.o(i.GUIDEMO_Main)
 <LI><a href="#[f8]">_cbBk</a> from guidemo_graph.o(i._cbBk) referenced from guidemo_graph.o(i._GraphDemo)
 <LI><a href="#[10c]">_cbClient</a> from guidemo_transparentdialog.o(i._cbClient) referenced from guidemo_transparentdialog.o(i._TransparentDialog)
 <LI><a href="#[e6]">_cbDialog</a> from guidemo_treeview.o(i._cbDialog) referenced from guidemo_treeview.o(i._DemoTreeview)
 <LI><a href="#[ff]">_cbDraw</a> from guidemo_radialmenu.o(i._cbDraw) referenced from guidemo_radialmenu.o(i._RadialMenu)
 <LI><a href="#[9a]">_cbEffect</a> from guidemo.o(i._cbEffect) referenced from guidemo.o(i.GUIDEMO_Main)
 <LI><a href="#[10b]">_cbFrame</a> from guidemo_transparentdialog.o(i._cbFrame) referenced from guidemo_transparentdialog.o(i._TransparentDialog)
 <LI><a href="#[fb]">_cbFrameWinControl</a> from guidemo.o(i._cbFrameWinControl) referenced from guidemo.o(i._Main)
 <LI><a href="#[fc]">_cbFrameWinInfo</a> from guidemo.o(i._cbFrameWinInfo) referenced from guidemo.o(i._Main)
 <LI><a href="#[e0]">_cbInvalidateOne</a> from wm_bringtotop.o(i._cbInvalidateOne) referenced from wm_bringtotop.o(i._BringToTop)
 <LI><a href="#[de]">_cbMotion</a> from wm_motion.o(i._cbMotion) referenced from wm_motion.o(i.WM_MOTION_Enable)
 <LI><a href="#[de]">_cbMotion</a> from wm_motion.o(i._cbMotion) referenced from wm_motion.o(i.WM_MOTION_SetMotion)
 <LI><a href="#[de]">_cbMotion</a> from wm_motion.o(i._cbMotion) referenced from wm_motion.o(i.WM_MOTION_SetMovement)
 <LI><a href="#[100]">_cbMotion</a> from guidemo_radialmenu.o(i._cbMotion) referenced from guidemo_radialmenu.o(i._RadialMenu)
 <LI><a href="#[de]">_cbMotion</a> from wm_motion.o(i._cbMotion) referenced from wm_motion.o(i._cbMotion)
 <LI><a href="#[df]">_cbPaintMemDev</a> from wm.o(i._cbPaintMemDev) referenced from wm.o(i.WM__Paint)
 <LI><a href="#[db]">_cbTimer</a> from wm_timer.o(i._cbTimer) referenced from wm_timer.o(i.WM_CreateTimer)
 <LI><a href="#[109]">_cbTimer</a> from wm_motion.o(i._cbTimer) referenced from wm_motion.o(i._StartMotionTimer)
 <LI><a href="#[99]">_cbWin</a> from guidemo_iconview.o(i._cbWin) referenced from guidemo_iconview.o(i.GUIDEMO_IconView)
 <LI><a href="#[10a]">_cbWin</a> from guidemo_transparentdialog.o(i._cbWin) referenced from guidemo_transparentdialog.o(i._TransparentDialog)
 <LI><a href="#[8e]">_printf_input_char</a> from _printf_char_common.o(.text) referenced from _printf_char_common.o(.text)
 <LI><a href="#[8d]">_sputc</a> from _sputc.o(.text) referenced from noretval__2sprintf.o(.text)
 <LI><a href="#[dc]">cbBackWin</a> from wm.o(i.cbBackWin) referenced from wm.o(i.WM_Init)
</UL>
<P>
<H3>
Global Symbols
</H3>
<P><STRONG><a name="[1d4]"></a>__main</STRONG> (Thumb, 8 bytes, Stack size 0 bytes, __main.o(!!!main))
<BR><BR>[Calls]<UL><LI><a href="#[1d5]">&gt;&gt;</a>&nbsp;&nbsp;&nbsp;__scatterload
<LI><a href="#[1d6]">&gt;&gt;</a>&nbsp;&nbsp;&nbsp;__rt_entry
</UL>

<P><STRONG><a name="[1d5]"></a>__scatterload</STRONG> (Thumb, 0 bytes, Stack size 0 bytes, __scatter.o(!!!scatter))
<BR><BR>[Called By]<UL><LI><a href="#[1d4]">&gt;&gt;</a>&nbsp;&nbsp;&nbsp;__main
</UL>

<P><STRONG><a name="[1d7]"></a>__scatterload_rt2</STRONG> (Thumb, 44 bytes, Stack size 0 bytes, __scatter.o(!!!scatter), UNUSED)
<BR><BR>[Calls]<UL><LI><a href="#[1d6]">&gt;&gt;</a>&nbsp;&nbsp;&nbsp;__rt_entry
</UL>

<P><STRONG><a name="[1d8]"></a>_printf_i</STRONG> (Thumb, 0 bytes, Stack size 0 bytes, _printf_i.o(.ARM.Collect$$_printf_percent$$00000008))
<BR><BR>[Calls]<UL><LI><a href="#[1d9]">&gt;&gt;</a>&nbsp;&nbsp;&nbsp;_printf_int_dec
</UL>

<P><STRONG><a name="[1ec]"></a>_printf_percent</STRONG> (Thumb, 0 bytes, Stack size 0 bytes, _printf_percent.o(.ARM.Collect$$_printf_percent$$00000000))
<BR><BR>[Called By]<UL><LI><a href="#[1eb]">&gt;&gt;</a>&nbsp;&nbsp;&nbsp;__printf
</UL>

<P><STRONG><a name="[1e1]"></a>__rt_lib_init</STRONG> (Thumb, 0 bytes, Stack size 0 bytes, libinit.o(.ARM.Collect$$libinit$$00000000))
<BR><BR>[Called By]<UL><LI><a href="#[1e0]">&gt;&gt;</a>&nbsp;&nbsp;&nbsp;__rt_entry_li
</UL>

<P><STRONG><a name="[1da]"></a>__rt_lib_init_fp_1</STRONG> (Thumb, 0 bytes, Stack size 0 bytes, libinit2.o(.ARM.Collect$$libinit$$00000001))
<BR><BR>[Calls]<UL><LI><a href="#[1db]">&gt;&gt;</a>&nbsp;&nbsp;&nbsp;_fp_init
</UL>

<P><STRONG><a name="[1dc]"></a>__rt_lib_init_rand_2</STRONG> (Thumb, 0 bytes, Stack size 0 bytes, libinit2.o(.ARM.Collect$$libinit$$0000000D))
<BR><BR>[Calls]<UL><LI><a href="#[1dd]">&gt;&gt;</a>&nbsp;&nbsp;&nbsp;_rand_init
</UL>

<P><STRONG><a name="[1e6]"></a>__rt_lib_shutdown</STRONG> (Thumb, 0 bytes, Stack size 0 bytes, libshutdown.o(.ARM.Collect$$libshutdown$$00000000))
<BR><BR>[Called By]<UL><LI><a href="#[1e5]">&gt;&gt;</a>&nbsp;&nbsp;&nbsp;__rt_exit_ls
</UL>

<P><STRONG><a name="[1d6]"></a>__rt_entry</STRONG> (Thumb, 0 bytes, Stack size 0 bytes, __rtentry.o(.ARM.Collect$$rtentry$$00000000))
<BR><BR>[Called By]<UL><LI><a href="#[1d7]">&gt;&gt;</a>&nbsp;&nbsp;&nbsp;__scatterload_rt2
<LI><a href="#[1d4]">&gt;&gt;</a>&nbsp;&nbsp;&nbsp;__main
</UL>

<P><STRONG><a name="[1de]"></a>__rt_entry_sh</STRONG> (Thumb, 0 bytes, Stack size 0 bytes, __rtentry4.o(.ARM.Collect$$rtentry$$00000004))
<BR><BR>[Calls]<UL><LI><a href="#[1df]">&gt;&gt;</a>&nbsp;&nbsp;&nbsp;__user_setup_stackheap
</UL>

<P><STRONG><a name="[1e0]"></a>__rt_entry_li</STRONG> (Thumb, 0 bytes, Stack size 0 bytes, __rtentry2.o(.ARM.Collect$$rtentry$$0000000A))
<BR><BR>[Calls]<UL><LI><a href="#[1e1]">&gt;&gt;</a>&nbsp;&nbsp;&nbsp;__rt_lib_init
</UL>

<P><STRONG><a name="[1e2]"></a>__rt_entry_main</STRONG> (Thumb, 0 bytes, Stack size 0 bytes, __rtentry2.o(.ARM.Collect$$rtentry$$0000000D))
<BR><BR>[Calls]<UL><LI><a href="#[1e3]">&gt;&gt;</a>&nbsp;&nbsp;&nbsp;main
<LI><a href="#[1e4]">&gt;&gt;</a>&nbsp;&nbsp;&nbsp;exit
</UL>

<P><STRONG><a name="[1fe]"></a>__rt_exit</STRONG> (Thumb, 0 bytes, Stack size 0 bytes, rtexit.o(.ARM.Collect$$rtexit$$00000000))
<BR><BR>[Called By]<UL><LI><a href="#[1e4]">&gt;&gt;</a>&nbsp;&nbsp;&nbsp;exit
</UL>

<P><STRONG><a name="[1e5]"></a>__rt_exit_ls</STRONG> (Thumb, 0 bytes, Stack size 0 bytes, rtexit2.o(.ARM.Collect$$rtexit$$00000003))
<BR><BR>[Calls]<UL><LI><a href="#[1e6]">&gt;&gt;</a>&nbsp;&nbsp;&nbsp;__rt_lib_shutdown
</UL>

<P><STRONG><a name="[1e7]"></a>__rt_exit_exit</STRONG> (Thumb, 0 bytes, Stack size 0 bytes, rtexit2.o(.ARM.Collect$$rtexit$$00000004))
<BR><BR>[Calls]<UL><LI><a href="#[1e8]">&gt;&gt;</a>&nbsp;&nbsp;&nbsp;_sys_exit
</UL>

<P><STRONG><a name="[2f4]"></a>rand</STRONG> (Thumb, 48 bytes, Stack size 0 bytes, rand.o(.emb_text))
<BR><BR>[Called By]<UL><LI><a href="#[553]">&gt;&gt;</a>&nbsp;&nbsp;&nbsp;_AddRow
<LI><a href="#[e]">&gt;&gt;</a>&nbsp;&nbsp;&nbsp;GUIDEMO_Speed
</UL>

<P><STRONG><a name="[2f]"></a>Reset_Handler</STRONG> (Thumb, 8 bytes, Stack size 0 bytes, startup_stm32f4xx_mdkarm.o(.text))
<BR>[Address Reference Count : 1]<UL><LI> startup_stm32f4xx_mdkarm.o(RESET)
</UL>
<P><STRONG><a name="[4b]"></a>ADC_IRQHandler</STRONG> (Thumb, 0 bytes, Stack size 0 bytes, startup_stm32f4xx_mdkarm.o(.text))
<BR><BR>[Calls]<UL><LI><a href="#[4b]">&gt;&gt;</a>&nbsp;&nbsp;&nbsp;ADC_IRQHandler
</UL>
<BR>[Called By]<UL><LI><a href="#[4b]">&gt;&gt;</a>&nbsp;&nbsp;&nbsp;ADC_IRQHandler
</UL>
<BR>[Address Reference Count : 1]<UL><LI> startup_stm32f4xx_mdkarm.o(RESET)
</UL>
<P><STRONG><a name="[4d]"></a>CAN1_RX0_IRQHandler</STRONG> (Thumb, 0 bytes, Stack size 0 bytes, startup_stm32f4xx_mdkarm.o(.text))
<BR>[Address Reference Count : 1]<UL><LI> startup_stm32f4xx_mdkarm.o(RESET)
</UL>
<P><STRONG><a name="[4e]"></a>CAN1_RX1_IRQHandler</STRONG> (Thumb, 0 bytes, Stack size 0 bytes, startup_stm32f4xx_mdkarm.o(.text))
<BR>[Address Reference Count : 1]<UL><LI> startup_stm32f4xx_mdkarm.o(RESET)
</UL>
<P><STRONG><a name="[4f]"></a>CAN1_SCE_IRQHandler</STRONG> (Thumb, 0 bytes, Stack size 0 bytes, startup_stm32f4xx_mdkarm.o(.text))
<BR>[Address Reference Count : 1]<UL><LI> startup_stm32f4xx_mdkarm.o(RESET)
</UL>
<P><STRONG><a name="[4c]"></a>CAN1_TX_IRQHandler</STRONG> (Thumb, 0 bytes, Stack size 0 bytes, startup_stm32f4xx_mdkarm.o(.text))
<BR>[Address Reference Count : 1]<UL><LI> startup_stm32f4xx_mdkarm.o(RESET)
</UL>
<P><STRONG><a name="[79]"></a>CAN2_RX0_IRQHandler</STRONG> (Thumb, 0 bytes, Stack size 0 bytes, startup_stm32f4xx_mdkarm.o(.text))
<BR>[Address Reference Count : 1]<UL><LI> startup_stm32f4xx_mdkarm.o(RESET)
</UL>
<P><STRONG><a name="[7a]"></a>CAN2_RX1_IRQHandler</STRONG> (Thumb, 0 bytes, Stack size 0 bytes, startup_stm32f4xx_mdkarm.o(.text))
<BR>[Address Reference Count : 1]<UL><LI> startup_stm32f4xx_mdkarm.o(RESET)
</UL>
<P><STRONG><a name="[7b]"></a>CAN2_SCE_IRQHandler</STRONG> (Thumb, 0 bytes, Stack size 0 bytes, startup_stm32f4xx_mdkarm.o(.text))
<BR>[Address Reference Count : 1]<UL><LI> startup_stm32f4xx_mdkarm.o(RESET)
</UL>
<P><STRONG><a name="[78]"></a>CAN2_TX_IRQHandler</STRONG> (Thumb, 0 bytes, Stack size 0 bytes, startup_stm32f4xx_mdkarm.o(.text))
<BR>[Address Reference Count : 1]<UL><LI> startup_stm32f4xx_mdkarm.o(RESET)
</UL>
<P><STRONG><a name="[88]"></a>CRYP_IRQHandler</STRONG> (Thumb, 0 bytes, Stack size 0 bytes, startup_stm32f4xx_mdkarm.o(.text))
<BR>[Address Reference Count : 1]<UL><LI> startup_stm32f4xx_mdkarm.o(RESET)
</UL>
<P><STRONG><a name="[87]"></a>DCMI_IRQHandler</STRONG> (Thumb, 0 bytes, Stack size 0 bytes, startup_stm32f4xx_mdkarm.o(.text))
<BR>[Address Reference Count : 1]<UL><LI> startup_stm32f4xx_mdkarm.o(RESET)
</UL>
<P><STRONG><a name="[44]"></a>DMA1_Stream0_IRQHandler</STRONG> (Thumb, 0 bytes, Stack size 0 bytes, startup_stm32f4xx_mdkarm.o(.text))
<BR>[Address Reference Count : 1]<UL><LI> startup_stm32f4xx_mdkarm.o(RESET)
</UL>
<P><STRONG><a name="[45]"></a>DMA1_Stream1_IRQHandler</STRONG> (Thumb, 0 bytes, Stack size 0 bytes, startup_stm32f4xx_mdkarm.o(.text))
<BR>[Address Reference Count : 1]<UL><LI> startup_stm32f4xx_mdkarm.o(RESET)
</UL>
<P><STRONG><a name="[46]"></a>DMA1_Stream2_IRQHandler</STRONG> (Thumb, 0 bytes, Stack size 0 bytes, startup_stm32f4xx_mdkarm.o(.text))
<BR>[Address Reference Count : 1]<UL><LI> startup_stm32f4xx_mdkarm.o(RESET)
</UL>
<P><STRONG><a name="[47]"></a>DMA1_Stream3_IRQHandler</STRONG> (Thumb, 0 bytes, Stack size 0 bytes, startup_stm32f4xx_mdkarm.o(.text))
<BR>[Address Reference Count : 1]<UL><LI> startup_stm32f4xx_mdkarm.o(RESET)
</UL>
<P><STRONG><a name="[48]"></a>DMA1_Stream4_IRQHandler</STRONG> (Thumb, 0 bytes, Stack size 0 bytes, startup_stm32f4xx_mdkarm.o(.text))
<BR>[Address Reference Count : 1]<UL><LI> startup_stm32f4xx_mdkarm.o(RESET)
</UL>
<P><STRONG><a name="[49]"></a>DMA1_Stream5_IRQHandler</STRONG> (Thumb, 0 bytes, Stack size 0 bytes, startup_stm32f4xx_mdkarm.o(.text))
<BR>[Address Reference Count : 1]<UL><LI> startup_stm32f4xx_mdkarm.o(RESET)
</UL>
<P><STRONG><a name="[4a]"></a>DMA1_Stream6_IRQHandler</STRONG> (Thumb, 0 bytes, Stack size 0 bytes, startup_stm32f4xx_mdkarm.o(.text))
<BR>[Address Reference Count : 1]<UL><LI> startup_stm32f4xx_mdkarm.o(RESET)
</UL>
<P><STRONG><a name="[68]"></a>DMA1_Stream7_IRQHandler</STRONG> (Thumb, 0 bytes, Stack size 0 bytes, startup_stm32f4xx_mdkarm.o(.text))
<BR>[Address Reference Count : 1]<UL><LI> startup_stm32f4xx_mdkarm.o(RESET)
</UL>
<P><STRONG><a name="[71]"></a>DMA2_Stream0_IRQHandler</STRONG> (Thumb, 0 bytes, Stack size 0 bytes, startup_stm32f4xx_mdkarm.o(.text))
<BR>[Address Reference Count : 1]<UL><LI> startup_stm32f4xx_mdkarm.o(RESET)
</UL>
<P><STRONG><a name="[72]"></a>DMA2_Stream1_IRQHandler</STRONG> (Thumb, 0 bytes, Stack size 0 bytes, startup_stm32f4xx_mdkarm.o(.text))
<BR>[Address Reference Count : 1]<UL><LI> startup_stm32f4xx_mdkarm.o(RESET)
</UL>
<P><STRONG><a name="[73]"></a>DMA2_Stream2_IRQHandler</STRONG> (Thumb, 0 bytes, Stack size 0 bytes, startup_stm32f4xx_mdkarm.o(.text))
<BR>[Address Reference Count : 1]<UL><LI> startup_stm32f4xx_mdkarm.o(RESET)
</UL>
<P><STRONG><a name="[74]"></a>DMA2_Stream3_IRQHandler</STRONG> (Thumb, 0 bytes, Stack size 0 bytes, startup_stm32f4xx_mdkarm.o(.text))
<BR>[Address Reference Count : 1]<UL><LI> startup_stm32f4xx_mdkarm.o(RESET)
</UL>
<P><STRONG><a name="[75]"></a>DMA2_Stream4_IRQHandler</STRONG> (Thumb, 0 bytes, Stack size 0 bytes, startup_stm32f4xx_mdkarm.o(.text))
<BR>[Address Reference Count : 1]<UL><LI> startup_stm32f4xx_mdkarm.o(RESET)
</UL>
<P><STRONG><a name="[7d]"></a>DMA2_Stream5_IRQHandler</STRONG> (Thumb, 0 bytes, Stack size 0 bytes, startup_stm32f4xx_mdkarm.o(.text))
<BR>[Address Reference Count : 1]<UL><LI> startup_stm32f4xx_mdkarm.o(RESET)
</UL>
<P><STRONG><a name="[7e]"></a>DMA2_Stream6_IRQHandler</STRONG> (Thumb, 0 bytes, Stack size 0 bytes, startup_stm32f4xx_mdkarm.o(.text))
<BR>[Address Reference Count : 1]<UL><LI> startup_stm32f4xx_mdkarm.o(RESET)
</UL>
<P><STRONG><a name="[7f]"></a>DMA2_Stream7_IRQHandler</STRONG> (Thumb, 0 bytes, Stack size 0 bytes, startup_stm32f4xx_mdkarm.o(.text))
<BR>[Address Reference Count : 1]<UL><LI> startup_stm32f4xx_mdkarm.o(RESET)
</UL>
<P><STRONG><a name="[76]"></a>ETH_IRQHandler</STRONG> (Thumb, 0 bytes, Stack size 0 bytes, startup_stm32f4xx_mdkarm.o(.text))
<BR>[Address Reference Count : 1]<UL><LI> startup_stm32f4xx_mdkarm.o(RESET)
</UL>
<P><STRONG><a name="[77]"></a>ETH_WKUP_IRQHandler</STRONG> (Thumb, 0 bytes, Stack size 0 bytes, startup_stm32f4xx_mdkarm.o(.text))
<BR>[Address Reference Count : 1]<UL><LI> startup_stm32f4xx_mdkarm.o(RESET)
</UL>
<P><STRONG><a name="[3f]"></a>EXTI0_IRQHandler</STRONG> (Thumb, 0 bytes, Stack size 0 bytes, startup_stm32f4xx_mdkarm.o(.text))
<BR>[Address Reference Count : 1]<UL><LI> startup_stm32f4xx_mdkarm.o(RESET)
</UL>
<P><STRONG><a name="[61]"></a>EXTI15_10_IRQHandler</STRONG> (Thumb, 0 bytes, Stack size 0 bytes, startup_stm32f4xx_mdkarm.o(.text))
<BR>[Address Reference Count : 1]<UL><LI> startup_stm32f4xx_mdkarm.o(RESET)
</UL>
<P><STRONG><a name="[40]"></a>EXTI1_IRQHandler</STRONG> (Thumb, 0 bytes, Stack size 0 bytes, startup_stm32f4xx_mdkarm.o(.text))
<BR>[Address Reference Count : 1]<UL><LI> startup_stm32f4xx_mdkarm.o(RESET)
</UL>
<P><STRONG><a name="[41]"></a>EXTI2_IRQHandler</STRONG> (Thumb, 0 bytes, Stack size 0 bytes, startup_stm32f4xx_mdkarm.o(.text))
<BR>[Address Reference Count : 1]<UL><LI> startup_stm32f4xx_mdkarm.o(RESET)
</UL>
<P><STRONG><a name="[42]"></a>EXTI3_IRQHandler</STRONG> (Thumb, 0 bytes, Stack size 0 bytes, startup_stm32f4xx_mdkarm.o(.text))
<BR>[Address Reference Count : 1]<UL><LI> startup_stm32f4xx_mdkarm.o(RESET)
</UL>
<P><STRONG><a name="[43]"></a>EXTI4_IRQHandler</STRONG> (Thumb, 0 bytes, Stack size 0 bytes, startup_stm32f4xx_mdkarm.o(.text))
<BR>[Address Reference Count : 1]<UL><LI> startup_stm32f4xx_mdkarm.o(RESET)
</UL>
<P><STRONG><a name="[50]"></a>EXTI9_5_IRQHandler</STRONG> (Thumb, 0 bytes, Stack size 0 bytes, startup_stm32f4xx_mdkarm.o(.text))
<BR>[Address Reference Count : 1]<UL><LI> startup_stm32f4xx_mdkarm.o(RESET)
</UL>
<P><STRONG><a name="[3d]"></a>FLASH_IRQHandler</STRONG> (Thumb, 0 bytes, Stack size 0 bytes, startup_stm32f4xx_mdkarm.o(.text))
<BR>[Address Reference Count : 1]<UL><LI> startup_stm32f4xx_mdkarm.o(RESET)
</UL>
<P><STRONG><a name="[8a]"></a>FPU_IRQHandler</STRONG> (Thumb, 0 bytes, Stack size 0 bytes, startup_stm32f4xx_mdkarm.o(.text))
<BR>[Address Reference Count : 1]<UL><LI> startup_stm32f4xx_mdkarm.o(RESET)
</UL>
<P><STRONG><a name="[69]"></a>FSMC_IRQHandler</STRONG> (Thumb, 0 bytes, Stack size 0 bytes, startup_stm32f4xx_mdkarm.o(.text))
<BR>[Address Reference Count : 1]<UL><LI> startup_stm32f4xx_mdkarm.o(RESET)
</UL>
<P><STRONG><a name="[89]"></a>HASH_RNG_IRQHandler</STRONG> (Thumb, 0 bytes, Stack size 0 bytes, startup_stm32f4xx_mdkarm.o(.text))
<BR>[Address Reference Count : 1]<UL><LI> startup_stm32f4xx_mdkarm.o(RESET)
</UL>
<P><STRONG><a name="[59]"></a>I2C1_ER_IRQHandler</STRONG> (Thumb, 0 bytes, Stack size 0 bytes, startup_stm32f4xx_mdkarm.o(.text))
<BR>[Address Reference Count : 1]<UL><LI> startup_stm32f4xx_mdkarm.o(RESET)
</UL>
<P><STRONG><a name="[58]"></a>I2C1_EV_IRQHandler</STRONG> (Thumb, 0 bytes, Stack size 0 bytes, startup_stm32f4xx_mdkarm.o(.text))
<BR>[Address Reference Count : 1]<UL><LI> startup_stm32f4xx_mdkarm.o(RESET)
</UL>
<P><STRONG><a name="[5b]"></a>I2C2_ER_IRQHandler</STRONG> (Thumb, 0 bytes, Stack size 0 bytes, startup_stm32f4xx_mdkarm.o(.text))
<BR>[Address Reference Count : 1]<UL><LI> startup_stm32f4xx_mdkarm.o(RESET)
</UL>
<P><STRONG><a name="[5a]"></a>I2C2_EV_IRQHandler</STRONG> (Thumb, 0 bytes, Stack size 0 bytes, startup_stm32f4xx_mdkarm.o(.text))
<BR>[Address Reference Count : 1]<UL><LI> startup_stm32f4xx_mdkarm.o(RESET)
</UL>
<P><STRONG><a name="[82]"></a>I2C3_ER_IRQHandler</STRONG> (Thumb, 0 bytes, Stack size 0 bytes, startup_stm32f4xx_mdkarm.o(.text))
<BR>[Address Reference Count : 1]<UL><LI> startup_stm32f4xx_mdkarm.o(RESET)
</UL>
<P><STRONG><a name="[81]"></a>I2C3_EV_IRQHandler</STRONG> (Thumb, 0 bytes, Stack size 0 bytes, startup_stm32f4xx_mdkarm.o(.text))
<BR>[Address Reference Count : 1]<UL><LI> startup_stm32f4xx_mdkarm.o(RESET)
</UL>
<P><STRONG><a name="[7c]"></a>OTG_FS_IRQHandler</STRONG> (Thumb, 0 bytes, Stack size 0 bytes, startup_stm32f4xx_mdkarm.o(.text))
<BR>[Address Reference Count : 1]<UL><LI> startup_stm32f4xx_mdkarm.o(RESET)
</UL>
<P><STRONG><a name="[63]"></a>OTG_FS_WKUP_IRQHandler</STRONG> (Thumb, 0 bytes, Stack size 0 bytes, startup_stm32f4xx_mdkarm.o(.text))
<BR>[Address Reference Count : 1]<UL><LI> startup_stm32f4xx_mdkarm.o(RESET)
</UL>
<P><STRONG><a name="[84]"></a>OTG_HS_EP1_IN_IRQHandler</STRONG> (Thumb, 0 bytes, Stack size 0 bytes, startup_stm32f4xx_mdkarm.o(.text))
<BR>[Address Reference Count : 1]<UL><LI> startup_stm32f4xx_mdkarm.o(RESET)
</UL>
<P><STRONG><a name="[83]"></a>OTG_HS_EP1_OUT_IRQHandler</STRONG> (Thumb, 0 bytes, Stack size 0 bytes, startup_stm32f4xx_mdkarm.o(.text))
<BR>[Address Reference Count : 1]<UL><LI> startup_stm32f4xx_mdkarm.o(RESET)
</UL>
<P><STRONG><a name="[86]"></a>OTG_HS_IRQHandler</STRONG> (Thumb, 0 bytes, Stack size 0 bytes, startup_stm32f4xx_mdkarm.o(.text))
<BR>[Address Reference Count : 1]<UL><LI> startup_stm32f4xx_mdkarm.o(RESET)
</UL>
<P><STRONG><a name="[85]"></a>OTG_HS_WKUP_IRQHandler</STRONG> (Thumb, 0 bytes, Stack size 0 bytes, startup_stm32f4xx_mdkarm.o(.text))
<BR>[Address Reference Count : 1]<UL><LI> startup_stm32f4xx_mdkarm.o(RESET)
</UL>
<P><STRONG><a name="[3a]"></a>PVD_IRQHandler</STRONG> (Thumb, 0 bytes, Stack size 0 bytes, startup_stm32f4xx_mdkarm.o(.text))
<BR>[Address Reference Count : 1]<UL><LI> startup_stm32f4xx_mdkarm.o(RESET)
</UL>
<P><STRONG><a name="[3e]"></a>RCC_IRQHandler</STRONG> (Thumb, 0 bytes, Stack size 0 bytes, startup_stm32f4xx_mdkarm.o(.text))
<BR>[Address Reference Count : 1]<UL><LI> startup_stm32f4xx_mdkarm.o(RESET)
</UL>
<P><STRONG><a name="[62]"></a>RTC_Alarm_IRQHandler</STRONG> (Thumb, 0 bytes, Stack size 0 bytes, startup_stm32f4xx_mdkarm.o(.text))
<BR>[Address Reference Count : 1]<UL><LI> startup_stm32f4xx_mdkarm.o(RESET)
</UL>
<P><STRONG><a name="[3c]"></a>RTC_WKUP_IRQHandler</STRONG> (Thumb, 0 bytes, Stack size 0 bytes, startup_stm32f4xx_mdkarm.o(.text))
<BR>[Address Reference Count : 1]<UL><LI> startup_stm32f4xx_mdkarm.o(RESET)
</UL>
<P><STRONG><a name="[6a]"></a>SDIO_IRQHandler</STRONG> (Thumb, 0 bytes, Stack size 0 bytes, startup_stm32f4xx_mdkarm.o(.text))
<BR>[Address Reference Count : 1]<UL><LI> startup_stm32f4xx_mdkarm.o(RESET)
</UL>
<P><STRONG><a name="[5c]"></a>SPI1_IRQHandler</STRONG> (Thumb, 0 bytes, Stack size 0 bytes, startup_stm32f4xx_mdkarm.o(.text))
<BR>[Address Reference Count : 1]<UL><LI> startup_stm32f4xx_mdkarm.o(RESET)
</UL>
<P><STRONG><a name="[5d]"></a>SPI2_IRQHandler</STRONG> (Thumb, 0 bytes, Stack size 0 bytes, startup_stm32f4xx_mdkarm.o(.text))
<BR>[Address Reference Count : 1]<UL><LI> startup_stm32f4xx_mdkarm.o(RESET)
</UL>
<P><STRONG><a name="[6c]"></a>SPI3_IRQHandler</STRONG> (Thumb, 0 bytes, Stack size 0 bytes, startup_stm32f4xx_mdkarm.o(.text))
<BR>[Address Reference Count : 1]<UL><LI> startup_stm32f4xx_mdkarm.o(RESET)
</UL>
<P><STRONG><a name="[3b]"></a>TAMP_STAMP_IRQHandler</STRONG> (Thumb, 0 bytes, Stack size 0 bytes, startup_stm32f4xx_mdkarm.o(.text))
<BR>[Address Reference Count : 1]<UL><LI> startup_stm32f4xx_mdkarm.o(RESET)
</UL>
<P><STRONG><a name="[51]"></a>TIM1_BRK_TIM9_IRQHandler</STRONG> (Thumb, 0 bytes, Stack size 0 bytes, startup_stm32f4xx_mdkarm.o(.text))
<BR>[Address Reference Count : 1]<UL><LI> startup_stm32f4xx_mdkarm.o(RESET)
</UL>
<P><STRONG><a name="[54]"></a>TIM1_CC_IRQHandler</STRONG> (Thumb, 0 bytes, Stack size 0 bytes, startup_stm32f4xx_mdkarm.o(.text))
<BR>[Address Reference Count : 1]<UL><LI> startup_stm32f4xx_mdkarm.o(RESET)
</UL>
<P><STRONG><a name="[53]"></a>TIM1_TRG_COM_TIM11_IRQHandler</STRONG> (Thumb, 0 bytes, Stack size 0 bytes, startup_stm32f4xx_mdkarm.o(.text))
<BR>[Address Reference Count : 1]<UL><LI> startup_stm32f4xx_mdkarm.o(RESET)
</UL>
<P><STRONG><a name="[52]"></a>TIM1_UP_TIM10_IRQHandler</STRONG> (Thumb, 0 bytes, Stack size 0 bytes, startup_stm32f4xx_mdkarm.o(.text))
<BR>[Address Reference Count : 1]<UL><LI> startup_stm32f4xx_mdkarm.o(RESET)
</UL>
<P><STRONG><a name="[55]"></a>TIM2_IRQHandler</STRONG> (Thumb, 0 bytes, Stack size 0 bytes, startup_stm32f4xx_mdkarm.o(.text))
<BR>[Address Reference Count : 1]<UL><LI> startup_stm32f4xx_mdkarm.o(RESET)
</UL>
<P><STRONG><a name="[56]"></a>TIM3_IRQHandler</STRONG> (Thumb, 0 bytes, Stack size 0 bytes, startup_stm32f4xx_mdkarm.o(.text))
<BR>[Address Reference Count : 1]<UL><LI> startup_stm32f4xx_mdkarm.o(RESET)
</UL>
<P><STRONG><a name="[57]"></a>TIM4_IRQHandler</STRONG> (Thumb, 0 bytes, Stack size 0 bytes, startup_stm32f4xx_mdkarm.o(.text))
<BR>[Address Reference Count : 1]<UL><LI> startup_stm32f4xx_mdkarm.o(RESET)
</UL>
<P><STRONG><a name="[6b]"></a>TIM5_IRQHandler</STRONG> (Thumb, 0 bytes, Stack size 0 bytes, startup_stm32f4xx_mdkarm.o(.text))
<BR>[Address Reference Count : 1]<UL><LI> startup_stm32f4xx_mdkarm.o(RESET)
</UL>
<P><STRONG><a name="[6f]"></a>TIM6_DAC_IRQHandler</STRONG> (Thumb, 0 bytes, Stack size 0 bytes, startup_stm32f4xx_mdkarm.o(.text))
<BR>[Address Reference Count : 1]<UL><LI> startup_stm32f4xx_mdkarm.o(RESET)
</UL>
<P><STRONG><a name="[70]"></a>TIM7_IRQHandler</STRONG> (Thumb, 0 bytes, Stack size 0 bytes, startup_stm32f4xx_mdkarm.o(.text))
<BR>[Address Reference Count : 1]<UL><LI> startup_stm32f4xx_mdkarm.o(RESET)
</UL>
<P><STRONG><a name="[64]"></a>TIM8_BRK_TIM12_IRQHandler</STRONG> (Thumb, 0 bytes, Stack size 0 bytes, startup_stm32f4xx_mdkarm.o(.text))
<BR>[Address Reference Count : 1]<UL><LI> startup_stm32f4xx_mdkarm.o(RESET)
</UL>
<P><STRONG><a name="[67]"></a>TIM8_CC_IRQHandler</STRONG> (Thumb, 0 bytes, Stack size 0 bytes, startup_stm32f4xx_mdkarm.o(.text))
<BR>[Address Reference Count : 1]<UL><LI> startup_stm32f4xx_mdkarm.o(RESET)
</UL>
<P><STRONG><a name="[66]"></a>TIM8_TRG_COM_TIM14_IRQHandler</STRONG> (Thumb, 0 bytes, Stack size 0 bytes, startup_stm32f4xx_mdkarm.o(.text))
<BR>[Address Reference Count : 1]<UL><LI> startup_stm32f4xx_mdkarm.o(RESET)
</UL>
<P><STRONG><a name="[65]"></a>TIM8_UP_TIM13_IRQHandler</STRONG> (Thumb, 0 bytes, Stack size 0 bytes, startup_stm32f4xx_mdkarm.o(.text))
<BR>[Address Reference Count : 1]<UL><LI> startup_stm32f4xx_mdkarm.o(RESET)
</UL>
<P><STRONG><a name="[6d]"></a>UART4_IRQHandler</STRONG> (Thumb, 0 bytes, Stack size 0 bytes, startup_stm32f4xx_mdkarm.o(.text))
<BR>[Address Reference Count : 1]<UL><LI> startup_stm32f4xx_mdkarm.o(RESET)
</UL>
<P><STRONG><a name="[6e]"></a>UART5_IRQHandler</STRONG> (Thumb, 0 bytes, Stack size 0 bytes, startup_stm32f4xx_mdkarm.o(.text))
<BR>[Address Reference Count : 1]<UL><LI> startup_stm32f4xx_mdkarm.o(RESET)
</UL>
<P><STRONG><a name="[5e]"></a>USART1_IRQHandler</STRONG> (Thumb, 0 bytes, Stack size 0 bytes, startup_stm32f4xx_mdkarm.o(.text))
<BR>[Address Reference Count : 1]<UL><LI> startup_stm32f4xx_mdkarm.o(RESET)
</UL>
<P><STRONG><a name="[5f]"></a>USART2_IRQHandler</STRONG> (Thumb, 0 bytes, Stack size 0 bytes, startup_stm32f4xx_mdkarm.o(.text))
<BR>[Address Reference Count : 1]<UL><LI> startup_stm32f4xx_mdkarm.o(RESET)
</UL>
<P><STRONG><a name="[60]"></a>USART3_IRQHandler</STRONG> (Thumb, 0 bytes, Stack size 0 bytes, startup_stm32f4xx_mdkarm.o(.text))
<BR>[Address Reference Count : 1]<UL><LI> startup_stm32f4xx_mdkarm.o(RESET)
</UL>
<P><STRONG><a name="[80]"></a>USART6_IRQHandler</STRONG> (Thumb, 0 bytes, Stack size 0 bytes, startup_stm32f4xx_mdkarm.o(.text))
<BR>[Address Reference Count : 1]<UL><LI> startup_stm32f4xx_mdkarm.o(RESET)
</UL>
<P><STRONG><a name="[39]"></a>WWDG_IRQHandler</STRONG> (Thumb, 0 bytes, Stack size 0 bytes, startup_stm32f4xx_mdkarm.o(.text))
<BR>[Address Reference Count : 1]<UL><LI> startup_stm32f4xx_mdkarm.o(RESET)
</UL>
<P><STRONG><a name="[1fd]"></a>__user_initial_stackheap</STRONG> (Thumb, 0 bytes, Stack size 0 bytes, startup_stm32f4xx_mdkarm.o(.text))
<BR><BR>[Called By]<UL><LI><a href="#[1df]">&gt;&gt;</a>&nbsp;&nbsp;&nbsp;__user_setup_stackheap
</UL>

<P><STRONG><a name="[1e9]"></a>__2sprintf</STRONG> (Thumb, 34 bytes, Stack size 0 bytes, noretval__2sprintf.o(.text))
<BR><BR>[Calls]<UL><LI><a href="#[8d]">&gt;&gt;</a>&nbsp;&nbsp;&nbsp;_sputc
<LI><a href="#[1ea]">&gt;&gt;</a>&nbsp;&nbsp;&nbsp;_printf_char_common
</UL>
<BR>[Called By]<UL><LI><a href="#[553]">&gt;&gt;</a>&nbsp;&nbsp;&nbsp;_AddRow
</UL>

<P><STRONG><a name="[1eb]"></a>__printf</STRONG> (Thumb, 104 bytes, Stack size 0 bytes, __printf.o(.text))
<BR><BR>[Calls]<UL><LI><a href="#[1ec]">&gt;&gt;</a>&nbsp;&nbsp;&nbsp;_printf_percent
</UL>
<BR>[Called By]<UL><LI><a href="#[1ea]">&gt;&gt;</a>&nbsp;&nbsp;&nbsp;_printf_char_common
</UL>

<P><STRONG><a name="[1d9]"></a>_printf_int_dec</STRONG> (Thumb, 104 bytes, Stack size 0 bytes, _printf_dec.o(.text))
<BR><BR>[Calls]<UL><LI><a href="#[1ed]">&gt;&gt;</a>&nbsp;&nbsp;&nbsp;_printf_int_common
</UL>
<BR>[Called By]<UL><LI><a href="#[1d8]">&gt;&gt;</a>&nbsp;&nbsp;&nbsp;_printf_i
</UL>

<P><STRONG><a name="[1ee]"></a>srand</STRONG> (Thumb, 42 bytes, Stack size 0 bytes, rand.o(.text))
<BR><BR>[Called By]<UL><LI><a href="#[1dd]">&gt;&gt;</a>&nbsp;&nbsp;&nbsp;_rand_init
</UL>

<P><STRONG><a name="[1dd]"></a>_rand_init</STRONG> (Thumb, 4 bytes, Stack size 0 bytes, rand.o(.text))
<BR><BR>[Calls]<UL><LI><a href="#[1ee]">&gt;&gt;</a>&nbsp;&nbsp;&nbsp;srand
</UL>
<BR>[Called By]<UL><LI><a href="#[1dc]">&gt;&gt;</a>&nbsp;&nbsp;&nbsp;__rt_lib_init_rand_2
</UL>

<P><STRONG><a name="[3e9]"></a>memcmp</STRONG> (Thumb, 88 bytes, Stack size 0 bytes, memcmp.o(.text))
<BR><BR>[Called By]<UL><LI><a href="#[20b]">&gt;&gt;</a>&nbsp;&nbsp;&nbsp;GUI_TOUCH_StoreStateEx
</UL>

<P><STRONG><a name="[3fe]"></a>strcpy</STRONG> (Thumb, 72 bytes, Stack size 0 bytes, strcpy.o(.text))
<BR><BR>[Called By]<UL><LI><a href="#[47f]">&gt;&gt;</a>&nbsp;&nbsp;&nbsp;LISTVIEW_InsertRow
<LI><a href="#[468]">&gt;&gt;</a>&nbsp;&nbsp;&nbsp;LISTVIEW_AddRow
<LI><a href="#[553]">&gt;&gt;</a>&nbsp;&nbsp;&nbsp;_AddRow
<LI><a href="#[2cf]">&gt;&gt;</a>&nbsp;&nbsp;&nbsp;ICONVIEW_AddBitmapItem
<LI><a href="#[4b7]">&gt;&gt;</a>&nbsp;&nbsp;&nbsp;TEXT_CreateUser
<LI><a href="#[402]">&gt;&gt;</a>&nbsp;&nbsp;&nbsp;HEADER_AddItem
<LI><a href="#[22a]">&gt;&gt;</a>&nbsp;&nbsp;&nbsp;GUI__SetText
<LI><a href="#[4ca]">&gt;&gt;</a>&nbsp;&nbsp;&nbsp;TREEVIEW_ITEM_Create
</UL>

<P><STRONG><a name="[403]"></a>strlen</STRONG> (Thumb, 62 bytes, Stack size 0 bytes, strlen.o(.text))
<BR><BR>[Called By]<UL><LI><a href="#[2cf]">&gt;&gt;</a>&nbsp;&nbsp;&nbsp;ICONVIEW_AddBitmapItem
<LI><a href="#[4b7]">&gt;&gt;</a>&nbsp;&nbsp;&nbsp;TEXT_CreateUser
<LI><a href="#[402]">&gt;&gt;</a>&nbsp;&nbsp;&nbsp;HEADER_AddItem
<LI><a href="#[4ca]">&gt;&gt;</a>&nbsp;&nbsp;&nbsp;TREEVIEW_ITEM_Create
</UL>

<P><STRONG><a name="[2d7]"></a>strcat</STRONG> (Thumb, 24 bytes, Stack size 0 bytes, strcat.o(.text))
<BR><BR>[Called By]<UL><LI><a href="#[2d5]">&gt;&gt;</a>&nbsp;&nbsp;&nbsp;GUIDEMO_Intro
</UL>

<P><STRONG><a name="[1f2]"></a>__aeabi_memcpy</STRONG> (Thumb, 0 bytes, Stack size 0 bytes, rt_memcpy_v6.o(.text))
<BR><BR>[Called By]<UL><LI><a href="#[283]">&gt;&gt;</a>&nbsp;&nbsp;&nbsp;GRAPH_DATA_YT_Create
<LI><a href="#[f7]">&gt;&gt;</a>&nbsp;&nbsp;&nbsp;_ReadRectFromMemdev
<LI><a href="#[320]">&gt;&gt;</a>&nbsp;&nbsp;&nbsp;GUI_ALLOC_Realloc
<LI><a href="#[329]">&gt;&gt;</a>&nbsp;&nbsp;&nbsp;GUI_ARRAY_SetItem
<LI><a href="#[53d]">&gt;&gt;</a>&nbsp;&nbsp;&nbsp;WM__SetUserDataEx
<LI><a href="#[50b]">&gt;&gt;</a>&nbsp;&nbsp;&nbsp;WM__GetUserDataEx
<LI><a href="#[22a]">&gt;&gt;</a>&nbsp;&nbsp;&nbsp;GUI__SetText
<LI><a href="#[184]">&gt;&gt;</a>&nbsp;&nbsp;&nbsp;_DrawBitmap
<LI><a href="#[316]">&gt;&gt;</a>&nbsp;&nbsp;&nbsp;GUI_ALLOC_AllocInit
<LI><a href="#[19f]">&gt;&gt;</a>&nbsp;&nbsp;&nbsp;_DrawBitmap
<LI><a href="#[1f1]">&gt;&gt;</a>&nbsp;&nbsp;&nbsp;__rt_memmove
</UL>

<P><STRONG><a name="[1ef]"></a>__rt_memcpy</STRONG> (Thumb, 138 bytes, Stack size 0 bytes, rt_memcpy_v6.o(.text), UNUSED)
<BR><BR>[Calls]<UL><LI><a href="#[1f0]">&gt;&gt;</a>&nbsp;&nbsp;&nbsp;__aeabi_memcpy4
</UL>

<P><STRONG><a name="[297]"></a>__aeabi_memmove</STRONG> (Thumb, 0 bytes, Stack size 0 bytes, rt_memmove_v6.o(.text))
<BR><BR>[Called By]<UL><LI><a href="#[31c]">&gt;&gt;</a>&nbsp;&nbsp;&nbsp;_RemoveHoles
<LI><a href="#[282]">&gt;&gt;</a>&nbsp;&nbsp;&nbsp;GRAPH__AddValue
</UL>

<P><STRONG><a name="[1f1]"></a>__rt_memmove</STRONG> (Thumb, 132 bytes, Stack size 0 bytes, rt_memmove_v6.o(.text), UNUSED)
<BR><BR>[Calls]<UL><LI><a href="#[1f3]">&gt;&gt;</a>&nbsp;&nbsp;&nbsp;__memmove_aligned
<LI><a href="#[1f2]">&gt;&gt;</a>&nbsp;&nbsp;&nbsp;__aeabi_memcpy
</UL>

<P><STRONG><a name="[1f0]"></a>__aeabi_memcpy4</STRONG> (Thumb, 0 bytes, Stack size 0 bytes, rt_memcpy_w.o(.text))
<BR><BR>[Called By]<UL><LI><a href="#[2a8]">&gt;&gt;</a>&nbsp;&nbsp;&nbsp;_DemoBarGraph
<LI><a href="#[57f]">&gt;&gt;</a>&nbsp;&nbsp;&nbsp;_DrawAlphaCircles
<LI><a href="#[2d5]">&gt;&gt;</a>&nbsp;&nbsp;&nbsp;GUIDEMO_Intro
<LI><a href="#[24b]">&gt;&gt;</a>&nbsp;&nbsp;&nbsp;FRAMEWIN_SetSkinFlexProps
<LI><a href="#[245]">&gt;&gt;</a>&nbsp;&nbsp;&nbsp;FRAMEWIN_GetSkinFlexProps
<LI><a href="#[2fa]">&gt;&gt;</a>&nbsp;&nbsp;&nbsp;GUIDRV_FlexColor_SetFunc
<LI><a href="#[2f7]">&gt;&gt;</a>&nbsp;&nbsp;&nbsp;_DemoTreeview
<LI><a href="#[5b2]">&gt;&gt;</a>&nbsp;&nbsp;&nbsp;_EnlargeBlocks
<LI><a href="#[b1]">&gt;&gt;</a>&nbsp;&nbsp;&nbsp;GUIDRV_FlexColor__SetLog2Phys
<LI><a href="#[4ad]">&gt;&gt;</a>&nbsp;&nbsp;&nbsp;SLIDER_CreateUser
<LI><a href="#[492]">&gt;&gt;</a>&nbsp;&nbsp;&nbsp;PROGBAR_CreateUser
<LI><a href="#[472]">&gt;&gt;</a>&nbsp;&nbsp;&nbsp;LISTVIEW_CreateUser
<LI><a href="#[431]">&gt;&gt;</a>&nbsp;&nbsp;&nbsp;ICONVIEW_CreateUser
<LI><a href="#[27f]">&gt;&gt;</a>&nbsp;&nbsp;&nbsp;GRAPH_CreateUser
<LI><a href="#[23e]">&gt;&gt;</a>&nbsp;&nbsp;&nbsp;FRAMEWIN_CreateUser
<LI><a href="#[215]">&gt;&gt;</a>&nbsp;&nbsp;&nbsp;BUTTON_CreateUser
[...]
</UL>

<P><STRONG><a name="[407]"></a>_RestoreOldCursor</STRONG> (Thumb, 34 bytes, Stack size 0 bytes, header.o(i._RestoreOldCursor))
<BR><BR>[Calls]<UL><LI><a href="#[331]">&gt;&gt;</a>&nbsp;&nbsp;&nbsp;GUI_CURSOR_SelectEx
<LI><a href="#[5d7]">&gt;&gt;</a>&nbsp;&nbsp;&nbsp;GUI_CURSOR_GetStateEx
</UL>
<BR>[Called By]<UL><LI><a href="#[c1]">&gt;&gt;</a>&nbsp;&nbsp;&nbsp;HEADER_Callback
<LI><a href="#[405]">&gt;&gt;</a>&nbsp;&nbsp;&nbsp;_HandlePID
</UL>

<P><STRONG><a name="[1c1]"></a>_Create</STRONG> (Thumb, 2 bytes, Stack size 0 bytes, progbar_skinclassic.o(i._Create))
<BR>[Address Reference Count : 1]<UL><LI> progbar_skinclassic.o(.constdata)
</UL>
<P><STRONG><a name="[5ad]"></a>_DrawPart</STRONG> (Thumb, 56 bytes, Stack size 0 bytes, progbar_skinclassic.o(i._DrawPart))
<BR><BR>[Calls]<UL><LI><a href="#[33a]">&gt;&gt;</a>&nbsp;&nbsp;&nbsp;GUI_GotoXY
<LI><a href="#[257]">&gt;&gt;</a>&nbsp;&nbsp;&nbsp;GUI_Clear
<LI><a href="#[350]">&gt;&gt;</a>&nbsp;&nbsp;&nbsp;GUI_DispString
<LI><a href="#[248]">&gt;&gt;</a>&nbsp;&nbsp;&nbsp;LCD_SetColor
<LI><a href="#[247]">&gt;&gt;</a>&nbsp;&nbsp;&nbsp;LCD_SetBkColor
</UL>
<BR>[Called By]<UL><LI><a href="#[1c0]">&gt;&gt;</a>&nbsp;&nbsp;&nbsp;_Paint
</UL>

<P><STRONG><a name="[1c0]"></a>_Paint</STRONG> (Thumb, 268 bytes, Stack size 0 bytes, progbar_skinclassic.o(i._Paint))
<BR><BR>[Calls]<UL><LI><a href="#[224]">&gt;&gt;</a>&nbsp;&nbsp;&nbsp;GUI_SetTextMode
<LI><a href="#[221]">&gt;&gt;</a>&nbsp;&nbsp;&nbsp;GUI_SetFont
<LI><a href="#[20e]">&gt;&gt;</a>&nbsp;&nbsp;&nbsp;GUI_ALLOC_UnlockH
<LI><a href="#[20d]">&gt;&gt;</a>&nbsp;&nbsp;&nbsp;GUI_ALLOC_LockH
<LI><a href="#[35c]">&gt;&gt;</a>&nbsp;&nbsp;&nbsp;WM_SetUserClipRect
<LI><a href="#[498]">&gt;&gt;</a>&nbsp;&nbsp;&nbsp;PROGBAR__Value2Pos
<LI><a href="#[49a]">&gt;&gt;</a>&nbsp;&nbsp;&nbsp;PROGBAR__GetTextRect
<LI><a href="#[499]">&gt;&gt;</a>&nbsp;&nbsp;&nbsp;PROGBAR__GetTextLocked
<LI><a href="#[378]">&gt;&gt;</a>&nbsp;&nbsp;&nbsp;WM_GetClientRect
<LI><a href="#[4df]">&gt;&gt;</a>&nbsp;&nbsp;&nbsp;WIDGET__EFFECT_DrawDownRect
<LI><a href="#[366]">&gt;&gt;</a>&nbsp;&nbsp;&nbsp;GUI__ReduceRect
<LI><a href="#[5ad]">&gt;&gt;</a>&nbsp;&nbsp;&nbsp;_DrawPart
</UL>
<BR>[Address Reference Count : 1]<UL><LI> progbar_skinclassic.o(.constdata)
</UL>
<P><STRONG><a name="[576]"></a>_DeleteTimer</STRONG> (Thumb, 30 bytes, Stack size 0 bytes, scrollbar.o(i._DeleteTimer))
<BR><BR>[Calls]<UL><LI><a href="#[20e]">&gt;&gt;</a>&nbsp;&nbsp;&nbsp;GUI_ALLOC_UnlockH
<LI><a href="#[20d]">&gt;&gt;</a>&nbsp;&nbsp;&nbsp;GUI_ALLOC_LockH
<LI><a href="#[4bd]">&gt;&gt;</a>&nbsp;&nbsp;&nbsp;WM_DeleteTimer
</UL>
<BR>[Called By]<UL><LI><a href="#[49e]">&gt;&gt;</a>&nbsp;&nbsp;&nbsp;_OnTouch
<LI><a href="#[4a1]">&gt;&gt;</a>&nbsp;&nbsp;&nbsp;_OnTimer
</UL>

<P><STRONG><a name="[4a1]"></a>_OnTimer</STRONG> (Thumb, 102 bytes, Stack size 0 bytes, scrollbar.o(i._OnTimer))
<BR><BR>[Calls]<UL><LI><a href="#[20e]">&gt;&gt;</a>&nbsp;&nbsp;&nbsp;GUI_ALLOC_UnlockH
<LI><a href="#[20d]">&gt;&gt;</a>&nbsp;&nbsp;&nbsp;GUI_ALLOC_LockH
<LI><a href="#[52c]">&gt;&gt;</a>&nbsp;&nbsp;&nbsp;WM_RestartTimer
<LI><a href="#[49b]">&gt;&gt;</a>&nbsp;&nbsp;&nbsp;SCROLLBAR_AddValue
<LI><a href="#[576]">&gt;&gt;</a>&nbsp;&nbsp;&nbsp;_DeleteTimer
</UL>
<BR>[Called By]<UL><LI><a href="#[d0]">&gt;&gt;</a>&nbsp;&nbsp;&nbsp;SCROLLBAR_Callback
</UL>

<P><STRONG><a name="[49e]"></a>_OnTouch</STRONG> (Thumb, 522 bytes, Stack size 0 bytes, scrollbar.o(i._OnTouch))
<BR><BR>[Calls]<UL><LI><a href="#[20e]">&gt;&gt;</a>&nbsp;&nbsp;&nbsp;GUI_ALLOC_UnlockH
<LI><a href="#[20d]">&gt;&gt;</a>&nbsp;&nbsp;&nbsp;GUI_ALLOC_LockH
<LI><a href="#[530]">&gt;&gt;</a>&nbsp;&nbsp;&nbsp;WM_SetCapture
<LI><a href="#[56c]">&gt;&gt;</a>&nbsp;&nbsp;&nbsp;GUI__DivideRound32
<LI><a href="#[49c]">&gt;&gt;</a>&nbsp;&nbsp;&nbsp;SCROLLBAR_SetValue
<LI><a href="#[406]">&gt;&gt;</a>&nbsp;&nbsp;&nbsp;WM_NotifyParent
<LI><a href="#[228]">&gt;&gt;</a>&nbsp;&nbsp;&nbsp;WIDGET_OrState
<LI><a href="#[229]">&gt;&gt;</a>&nbsp;&nbsp;&nbsp;WIDGET_AndState
<LI><a href="#[4f0]">&gt;&gt;</a>&nbsp;&nbsp;&nbsp;WM_CreateTimer
<LI><a href="#[576]">&gt;&gt;</a>&nbsp;&nbsp;&nbsp;_DeleteTimer
</UL>
<BR>[Called By]<UL><LI><a href="#[d0]">&gt;&gt;</a>&nbsp;&nbsp;&nbsp;SCROLLBAR_Callback
</UL>

<P><STRONG><a name="[1c3]"></a>_Create</STRONG> (Thumb, 2 bytes, Stack size 0 bytes, slider_skinclassic.o(i._Create))
<BR>[Address Reference Count : 1]<UL><LI> slider_skinclassic.o(.constdata)
</UL>
<P><STRONG><a name="[1c2]"></a>_Paint</STRONG> (Thumb, 316 bytes, Stack size 0 bytes, slider_skinclassic.o(i._Paint))
<BR><BR>[Calls]<UL><LI><a href="#[257]">&gt;&gt;</a>&nbsp;&nbsp;&nbsp;GUI_Clear
<LI><a href="#[248]">&gt;&gt;</a>&nbsp;&nbsp;&nbsp;LCD_SetColor
<LI><a href="#[247]">&gt;&gt;</a>&nbsp;&nbsp;&nbsp;LCD_SetBkColor
<LI><a href="#[20e]">&gt;&gt;</a>&nbsp;&nbsp;&nbsp;GUI_ALLOC_UnlockH
<LI><a href="#[20d]">&gt;&gt;</a>&nbsp;&nbsp;&nbsp;GUI_ALLOC_LockH
<LI><a href="#[502]">&gt;&gt;</a>&nbsp;&nbsp;&nbsp;WM_GetHasTrans
<LI><a href="#[4e4]">&gt;&gt;</a>&nbsp;&nbsp;&nbsp;WIDGET__GetClientRect
<LI><a href="#[4df]">&gt;&gt;</a>&nbsp;&nbsp;&nbsp;WIDGET__EFFECT_DrawDownRect
<LI><a href="#[366]">&gt;&gt;</a>&nbsp;&nbsp;&nbsp;GUI__ReduceRect
<LI><a href="#[4e2]">&gt;&gt;</a>&nbsp;&nbsp;&nbsp;WIDGET__FillRectEx
<LI><a href="#[4e1]">&gt;&gt;</a>&nbsp;&nbsp;&nbsp;WIDGET__EFFECT_DrawUpRect
<LI><a href="#[4de]">&gt;&gt;</a>&nbsp;&nbsp;&nbsp;WIDGET__DrawVLine
<LI><a href="#[4dd]">&gt;&gt;</a>&nbsp;&nbsp;&nbsp;WIDGET__DrawFocusRect
</UL>
<BR>[Address Reference Count : 1]<UL><LI> slider_skinclassic.o(.constdata)
</UL>
<P><STRONG><a name="[1c6]"></a>_DrawDown</STRONG> (Thumb, 16 bytes, Stack size 0 bytes, widget_effect_3d.o(i._DrawDown))
<BR><BR>[Calls]<UL><LI><a href="#[378]">&gt;&gt;</a>&nbsp;&nbsp;&nbsp;WM_GetClientRect
<LI><a href="#[1c7]">&gt;&gt;</a>&nbsp;&nbsp;&nbsp;_DrawDownRect
</UL>
<BR>[Address Reference Count : 1]<UL><LI> widget_effect_3d.o(.constdata)
</UL>
<P><STRONG><a name="[1c7]"></a>_DrawDownRect</STRONG> (Thumb, 144 bytes, Stack size 0 bytes, widget_effect_3d.o(i._DrawDownRect))
<BR><BR>[Calls]<UL><LI><a href="#[21b]">&gt;&gt;</a>&nbsp;&nbsp;&nbsp;GUI_DrawHLine
<LI><a href="#[248]">&gt;&gt;</a>&nbsp;&nbsp;&nbsp;LCD_SetColor
<LI><a href="#[21c]">&gt;&gt;</a>&nbsp;&nbsp;&nbsp;GUI_DrawVLine
</UL>
<BR>[Called By]<UL><LI><a href="#[1c6]">&gt;&gt;</a>&nbsp;&nbsp;&nbsp;_DrawDown
</UL>
<BR>[Address Reference Count : 1]<UL><LI> widget_effect_3d.o(.constdata)
</UL>
<P><STRONG><a name="[1c5]"></a>_DrawUpRect</STRONG> (Thumb, 100 bytes, Stack size 0 bytes, widget_effect_3d.o(i._DrawUpRect))
<BR><BR>[Calls]<UL><LI><a href="#[21b]">&gt;&gt;</a>&nbsp;&nbsp;&nbsp;GUI_DrawHLine
<LI><a href="#[248]">&gt;&gt;</a>&nbsp;&nbsp;&nbsp;LCD_SetColor
<LI><a href="#[21c]">&gt;&gt;</a>&nbsp;&nbsp;&nbsp;GUI_DrawVLine
<LI><a href="#[21e]">&gt;&gt;</a>&nbsp;&nbsp;&nbsp;GUI_DrawRect
</UL>
<BR>[Called By]<UL><LI><a href="#[1c4]">&gt;&gt;</a>&nbsp;&nbsp;&nbsp;WIDGET_EFFECT_3D_DrawUp
</UL>
<BR>[Address Reference Count : 1]<UL><LI> widget_effect_3d.o(.constdata)
</UL>
<P><STRONG><a name="[1ca]"></a>_DrawDown</STRONG> (Thumb, 2 bytes, Stack size 0 bytes, widget_effect_none.o(i._DrawDown))
<BR>[Address Reference Count : 1]<UL><LI> widget_effect_none.o(.constdata)
</UL>
<P><STRONG><a name="[1cb]"></a>_DrawDownRect</STRONG> (Thumb, 2 bytes, Stack size 0 bytes, widget_effect_none.o(i._DrawDownRect))
<BR>[Address Reference Count : 1]<UL><LI> widget_effect_none.o(.constdata)
</UL>
<P><STRONG><a name="[1cc]"></a>_DrawFlat</STRONG> (Thumb, 2 bytes, Stack size 0 bytes, widget_effect_none.o(i._DrawFlat))
<BR>[Address Reference Count : 1]<UL><LI> widget_effect_none.o(.constdata)
</UL>
<P><STRONG><a name="[1c8]"></a>_DrawUp</STRONG> (Thumb, 2 bytes, Stack size 0 bytes, widget_effect_none.o(i._DrawUp))
<BR>[Address Reference Count : 1]<UL><LI> widget_effect_none.o(.constdata)
</UL>
<P><STRONG><a name="[1c9]"></a>_DrawUpRect</STRONG> (Thumb, 2 bytes, Stack size 0 bytes, widget_effect_none.o(i._DrawUpRect))
<BR>[Address Reference Count : 1]<UL><LI> widget_effect_none.o(.constdata)
</UL>
<P><STRONG><a name="[4ed]"></a>_BringToTop</STRONG> (Thumb, 106 bytes, Stack size 0 bytes, wm_bringtotop.o(i._BringToTop))
<BR><BR>[Calls]<UL><LI><a href="#[22b]">&gt;&gt;</a>&nbsp;&nbsp;&nbsp;WM_InvalidateWindow
<LI><a href="#[20e]">&gt;&gt;</a>&nbsp;&nbsp;&nbsp;GUI_ALLOC_UnlockH
<LI><a href="#[20d]">&gt;&gt;</a>&nbsp;&nbsp;&nbsp;GUI_ALLOC_LockH
<LI><a href="#[542]">&gt;&gt;</a>&nbsp;&nbsp;&nbsp;WM__RemoveWindowFromList
<LI><a href="#[4f1]">&gt;&gt;</a>&nbsp;&nbsp;&nbsp;WM__InsertWindowIntoList
<LI><a href="#[4fe]">&gt;&gt;</a>&nbsp;&nbsp;&nbsp;WM_ForEachDesc
</UL>
<BR>[Called By]<UL><LI><a href="#[4d9]">&gt;&gt;</a>&nbsp;&nbsp;&nbsp;WM_BringToTop
</UL>

<P><STRONG><a name="[e0]"></a>_cbInvalidateOne</STRONG> (Thumb, 4 bytes, Stack size 0 bytes, wm_bringtotop.o(i._cbInvalidateOne))
<BR><BR>[Calls]<UL><LI><a href="#[22b]">&gt;&gt;</a>&nbsp;&nbsp;&nbsp;WM_InvalidateWindow
</UL>
<BR>[Address Reference Count : 1]<UL><LI> wm_bringtotop.o(i._BringToTop)
</UL>
<P><STRONG><a name="[509]"></a>_GetDialogItem</STRONG> (Thumb, 80 bytes, Stack size 0 bytes, wm_getscrollbar.o(i._GetDialogItem))
<BR><BR>[Calls]<UL><LI><a href="#[503]">&gt;&gt;</a>&nbsp;&nbsp;&nbsp;WM_GetId
<LI><a href="#[31f]">&gt;&gt;</a>&nbsp;&nbsp;&nbsp;GUI_ALLOC_h2p
<LI><a href="#[509]">&gt;&gt;</a>&nbsp;&nbsp;&nbsp;_GetDialogItem
</UL>
<BR>[Called By]<UL><LI><a href="#[27b]">&gt;&gt;</a>&nbsp;&nbsp;&nbsp;WM_GetScrollbarV
<LI><a href="#[27c]">&gt;&gt;</a>&nbsp;&nbsp;&nbsp;WM_GetScrollbarH
<LI><a href="#[509]">&gt;&gt;</a>&nbsp;&nbsp;&nbsp;_GetDialogItem
</UL>

<P><STRONG><a name="[54a]"></a>_MoveDescendents</STRONG> (Thumb, 110 bytes, Stack size 0 bytes, wm_move.o(i._MoveDescendents))
<BR><BR>[Calls]<UL><LI><a href="#[223]">&gt;&gt;</a>&nbsp;&nbsp;&nbsp;GUI_MoveRect
<LI><a href="#[20e]">&gt;&gt;</a>&nbsp;&nbsp;&nbsp;GUI_ALLOC_UnlockH
<LI><a href="#[20d]">&gt;&gt;</a>&nbsp;&nbsp;&nbsp;GUI_ALLOC_LockH
<LI><a href="#[235]">&gt;&gt;</a>&nbsp;&nbsp;&nbsp;WM__SendMessage
<LI><a href="#[54a]">&gt;&gt;</a>&nbsp;&nbsp;&nbsp;_MoveDescendents
</UL>
<BR>[Called By]<UL><LI><a href="#[529]">&gt;&gt;</a>&nbsp;&nbsp;&nbsp;WM__MoveWindow
<LI><a href="#[54a]">&gt;&gt;</a>&nbsp;&nbsp;&nbsp;_MoveDescendents
</UL>

<P><STRONG><a name="[5e8]"></a>_Screen2hWin</STRONG> (Thumb, 90 bytes, Stack size 0 bytes, wm_screen2win.o(i._Screen2hWin))
<BR><BR>[Calls]<UL><LI><a href="#[31f]">&gt;&gt;</a>&nbsp;&nbsp;&nbsp;GUI_ALLOC_h2p
<LI><a href="#[20e]">&gt;&gt;</a>&nbsp;&nbsp;&nbsp;GUI_ALLOC_UnlockH
<LI><a href="#[20d]">&gt;&gt;</a>&nbsp;&nbsp;&nbsp;GUI_ALLOC_LockH
<LI><a href="#[5e9]">&gt;&gt;</a>&nbsp;&nbsp;&nbsp;WM__IsInWindow
<LI><a href="#[5e8]">&gt;&gt;</a>&nbsp;&nbsp;&nbsp;_Screen2hWin
</UL>
<BR>[Called By]<UL><LI><a href="#[52d]">&gt;&gt;</a>&nbsp;&nbsp;&nbsp;_Screen2hWinStop
<LI><a href="#[5e8]">&gt;&gt;</a>&nbsp;&nbsp;&nbsp;_Screen2hWin
</UL>

<P><STRONG><a name="[52d]"></a>_Screen2hWinStop</STRONG> (Thumb, 30 bytes, Stack size 0 bytes, wm_screen2win.o(i._Screen2hWinStop))
<BR><BR>[Calls]<UL><LI><a href="#[5ea]">&gt;&gt;</a>&nbsp;&nbsp;&nbsp;WM_GetDesktopWindowEx
<LI><a href="#[5e8]">&gt;&gt;</a>&nbsp;&nbsp;&nbsp;_Screen2hWin
</UL>
<BR>[Called By]<UL><LI><a href="#[50f]">&gt;&gt;</a>&nbsp;&nbsp;&nbsp;WM_Screen2hWin
</UL>

<P><STRONG><a name="[52a]"></a>WM__ReleaseCapture</STRONG> (Thumb, 36 bytes, Stack size 0 bytes, wm_setcapture.o(i.WM__ReleaseCapture))
<BR><BR>[Calls]<UL><LI><a href="#[235]">&gt;&gt;</a>&nbsp;&nbsp;&nbsp;WM__SendMessage
</UL>
<BR>[Called By]<UL><LI><a href="#[530]">&gt;&gt;</a>&nbsp;&nbsp;&nbsp;WM_SetCapture
<LI><a href="#[513]">&gt;&gt;</a>&nbsp;&nbsp;&nbsp;WM_ReleaseCapture
</UL>

<P><STRONG><a name="[5cb]"></a>_GetNextChild</STRONG> (Thumb, 34 bytes, Stack size 0 bytes, wm_setfocusonnextchild.o(i._GetNextChild))
<BR><BR>[Calls]<UL><LI><a href="#[31f]">&gt;&gt;</a>&nbsp;&nbsp;&nbsp;GUI_ALLOC_h2p
</UL>
<BR>[Called By]<UL><LI><a href="#[534]">&gt;&gt;</a>&nbsp;&nbsp;&nbsp;_SetFocusOnNextChild
</UL>

<P><STRONG><a name="[534]"></a>_SetFocusOnNextChild</STRONG> (Thumb, 90 bytes, Stack size 0 bytes, wm_setfocusonnextchild.o(i._SetFocusOnNextChild))
<BR><BR>[Calls]<UL><LI><a href="#[238]">&gt;&gt;</a>&nbsp;&nbsp;&nbsp;WM_SetFocus
<LI><a href="#[51e]">&gt;&gt;</a>&nbsp;&nbsp;&nbsp;WM_IsFocussable
<LI><a href="#[4f7]">&gt;&gt;</a>&nbsp;&nbsp;&nbsp;WM__GetTopLevelLayer
<LI><a href="#[535]">&gt;&gt;</a>&nbsp;&nbsp;&nbsp;WM__GetFocussedChild
<LI><a href="#[5cb]">&gt;&gt;</a>&nbsp;&nbsp;&nbsp;_GetNextChild
</UL>
<BR>[Called By]<UL><LI><a href="#[23a]">&gt;&gt;</a>&nbsp;&nbsp;&nbsp;WM_SetFocusOnNextChild
</UL>

<P><STRONG><a name="[536]"></a>_GetPrevChild</STRONG> (Thumb, 26 bytes, Stack size 0 bytes, wm_setfocusonprevchild.o(i._GetPrevChild))
<BR><BR>[Calls]<UL><LI><a href="#[4eb]">&gt;&gt;</a>&nbsp;&nbsp;&nbsp;WM__GetPrevSibling
<LI><a href="#[545]">&gt;&gt;</a>&nbsp;&nbsp;&nbsp;WM__GetLastSibling
</UL>
<BR>[Called By]<UL><LI><a href="#[258]">&gt;&gt;</a>&nbsp;&nbsp;&nbsp;WM_SetFocusOnPrevChild
</UL>

<P><STRONG><a name="[551]"></a>_SetScrollbar</STRONG> (Thumb, 54 bytes, Stack size 0 bytes, wm_setscrollbar.o(i._SetScrollbar))
<BR><BR>[Calls]<UL><LI><a href="#[2c0]">&gt;&gt;</a>&nbsp;&nbsp;&nbsp;WM_HideWindow
<LI><a href="#[2bb]">&gt;&gt;</a>&nbsp;&nbsp;&nbsp;WM_GetDialogItem
<LI><a href="#[541]">&gt;&gt;</a>&nbsp;&nbsp;&nbsp;WM__DeleteSecure
<LI><a href="#[4a2]">&gt;&gt;</a>&nbsp;&nbsp;&nbsp;SCROLLBAR_CreateAttached
</UL>
<BR>[Called By]<UL><LI><a href="#[539]">&gt;&gt;</a>&nbsp;&nbsp;&nbsp;WM__SetScrollbarV
<LI><a href="#[538]">&gt;&gt;</a>&nbsp;&nbsp;&nbsp;WM__SetScrollbarH
</UL>

<P><STRONG><a name="[db]"></a>_cbTimer</STRONG> (Thumb, 44 bytes, Stack size 0 bytes, wm_timer.o(i._cbTimer))
<BR><BR>[Calls]<UL><LI><a href="#[4dc]">&gt;&gt;</a>&nbsp;&nbsp;&nbsp;WM_SendMessage
<LI><a href="#[31f]">&gt;&gt;</a>&nbsp;&nbsp;&nbsp;GUI_ALLOC_h2p
</UL>
<BR>[Address Reference Count : 1]<UL><LI> wm_timer.o(i.WM_CreateTimer)
</UL>
<P><STRONG><a name="[1cd]"></a>_Color2Index_0</STRONG> (Thumb, 84 bytes, Stack size 0 bytes, guicc_0.o(i._Color2Index_0))
<BR><BR>[Calls]<UL><LI><a href="#[451]">&gt;&gt;</a>&nbsp;&nbsp;&nbsp;LCD_GetPalette
<LI><a href="#[44e]">&gt;&gt;</a>&nbsp;&nbsp;&nbsp;LCD_GetNumColors
<LI><a href="#[570]">&gt;&gt;</a>&nbsp;&nbsp;&nbsp;GUI_CalcColorDist
</UL>
<BR>[Address Reference Count : 1]<UL><LI> guicc_0.o(.constdata)
</UL>
<P><STRONG><a name="[1cf]"></a>_GetIndexMask_0</STRONG> (Thumb, 82 bytes, Stack size 0 bytes, guicc_0.o(i._GetIndexMask_0))
<BR><BR>[Calls]<UL><LI><a href="#[44e]">&gt;&gt;</a>&nbsp;&nbsp;&nbsp;LCD_GetNumColors
</UL>
<BR>[Address Reference Count : 1]<UL><LI> guicc_0.o(.constdata)
</UL>
<P><STRONG><a name="[1ce]"></a>_Index2Color_0</STRONG> (Thumb, 32 bytes, Stack size 0 bytes, guicc_0.o(i._Index2Color_0))
<BR><BR>[Calls]<UL><LI><a href="#[451]">&gt;&gt;</a>&nbsp;&nbsp;&nbsp;LCD_GetPalette
<LI><a href="#[44e]">&gt;&gt;</a>&nbsp;&nbsp;&nbsp;LCD_GetNumColors
</UL>
<BR>[Address Reference Count : 1]<UL><LI> guicc_0.o(.constdata)
</UL>
<P><STRONG><a name="[3c2]"></a>LCD_ReadRectEx</STRONG> (Thumb, 404 bytes, Stack size 0 bytes, lcd_readrect.o(i.LCD_ReadRectEx))
<BR><BR>[Calls]<UL><LI><a href="#[3f2]">&gt;&gt;</a>&nbsp;&nbsp;&nbsp;GUI_GetBitsPerPixelEx
</UL>
<BR>[Called By]<UL><LI><a href="#[3c1]">&gt;&gt;</a>&nbsp;&nbsp;&nbsp;GUI_ReadRectEx
</UL>

<P><STRONG><a name="[1d1]"></a>_Create</STRONG> (Thumb, 2 bytes, Stack size 0 bytes, header_skinclassic.o(i._Create))
<BR>[Address Reference Count : 1]<UL><LI> header_skinclassic.o(.constdata)
</UL>
<P><STRONG><a name="[5b0]"></a>_DrawTriangle</STRONG> (Thumb, 36 bytes, Stack size 0 bytes, header_skinclassic.o(i._DrawTriangle))
<BR><BR>[Calls]<UL><LI><a href="#[21b]">&gt;&gt;</a>&nbsp;&nbsp;&nbsp;GUI_DrawHLine
</UL>
<BR>[Called By]<UL><LI><a href="#[1d0]">&gt;&gt;</a>&nbsp;&nbsp;&nbsp;_Paint
</UL>

<P><STRONG><a name="[1d0]"></a>_Paint</STRONG> (Thumb, 632 bytes, Stack size 0 bytes, header_skinclassic.o(i._Paint))
<BR><BR>[Calls]<UL><LI><a href="#[225]">&gt;&gt;</a>&nbsp;&nbsp;&nbsp;GUI_DispStringInRect
<LI><a href="#[224]">&gt;&gt;</a>&nbsp;&nbsp;&nbsp;GUI_SetTextMode
<LI><a href="#[221]">&gt;&gt;</a>&nbsp;&nbsp;&nbsp;GUI_SetFont
<LI><a href="#[257]">&gt;&gt;</a>&nbsp;&nbsp;&nbsp;GUI_Clear
<LI><a href="#[222]">&gt;&gt;</a>&nbsp;&nbsp;&nbsp;GUI_GetClientRect
<LI><a href="#[248]">&gt;&gt;</a>&nbsp;&nbsp;&nbsp;LCD_SetColor
<LI><a href="#[247]">&gt;&gt;</a>&nbsp;&nbsp;&nbsp;LCD_SetBkColor
<LI><a href="#[20e]">&gt;&gt;</a>&nbsp;&nbsp;&nbsp;GUI_ALLOC_UnlockH
<LI><a href="#[20d]">&gt;&gt;</a>&nbsp;&nbsp;&nbsp;GUI_ALLOC_LockH
<LI><a href="#[35c]">&gt;&gt;</a>&nbsp;&nbsp;&nbsp;WM_SetUserClipRect
<LI><a href="#[349]">&gt;&gt;</a>&nbsp;&nbsp;&nbsp;GUI_DRAW__GetYSize
<LI><a href="#[348]">&gt;&gt;</a>&nbsp;&nbsp;&nbsp;GUI_DRAW__GetXSize
<LI><a href="#[325]">&gt;&gt;</a>&nbsp;&nbsp;&nbsp;GUI_ARRAY_GetpItemLocked
<LI><a href="#[287]">&gt;&gt;</a>&nbsp;&nbsp;&nbsp;GUI_ARRAY_GetNumItems
<LI><a href="#[220]">&gt;&gt;</a>&nbsp;&nbsp;&nbsp;GUI_DRAW__Draw
<LI><a href="#[4e1]">&gt;&gt;</a>&nbsp;&nbsp;&nbsp;WIDGET__EFFECT_DrawUpRect
<LI><a href="#[5b0]">&gt;&gt;</a>&nbsp;&nbsp;&nbsp;_DrawTriangle
</UL>
<BR>[Address Reference Count : 1]<UL><LI> header_skinclassic.o(.constdata)
</UL>
<P><STRONG><a name="[e3]"></a>_CalcPositions</STRONG> (Thumb, 310 bytes, Stack size 0 bytes, scrollbar_skinclassic.o(i._CalcPositions))
<BR><BR>[Calls]<UL><LI><a href="#[223]">&gt;&gt;</a>&nbsp;&nbsp;&nbsp;GUI_MoveRect
<LI><a href="#[20e]">&gt;&gt;</a>&nbsp;&nbsp;&nbsp;GUI_ALLOC_UnlockH
<LI><a href="#[20d]">&gt;&gt;</a>&nbsp;&nbsp;&nbsp;GUI_ALLOC_LockH
<LI><a href="#[504]">&gt;&gt;</a>&nbsp;&nbsp;&nbsp;WM_GetWindowRectEx
<LI><a href="#[56b]">&gt;&gt;</a>&nbsp;&nbsp;&nbsp;SCROLLBAR__Rect2VRect
<LI><a href="#[56c]">&gt;&gt;</a>&nbsp;&nbsp;&nbsp;GUI__DivideRound32
<LI><a href="#[27b]">&gt;&gt;</a>&nbsp;&nbsp;&nbsp;WM_GetScrollbarV
<LI><a href="#[27c]">&gt;&gt;</a>&nbsp;&nbsp;&nbsp;WM_GetScrollbarH
<LI><a href="#[56e]">&gt;&gt;</a>&nbsp;&nbsp;&nbsp;WIDGET__GetYSize
<LI><a href="#[56d]">&gt;&gt;</a>&nbsp;&nbsp;&nbsp;WIDGET__GetXSize
</UL>
<BR>[Address Reference Count : 1]<UL><LI> scrollbar_skinclassic.o(i._Create)
</UL>
<P><STRONG><a name="[1d3]"></a>_Create</STRONG> (Thumb, 20 bytes, Stack size 0 bytes, scrollbar_skinclassic.o(i._Create))
<BR><BR>[Calls]<UL><LI><a href="#[20e]">&gt;&gt;</a>&nbsp;&nbsp;&nbsp;GUI_ALLOC_UnlockH
<LI><a href="#[20d]">&gt;&gt;</a>&nbsp;&nbsp;&nbsp;GUI_ALLOC_LockH
</UL>
<BR>[Address Reference Count : 1]<UL><LI> scrollbar_skinclassic.o(.constdata)
</UL>
<P><STRONG><a name="[1d2]"></a>_Paint</STRONG> (Thumb, 372 bytes, Stack size 0 bytes, scrollbar_skinclassic.o(i._Paint))
<BR><BR>[Calls]<UL><LI><a href="#[248]">&gt;&gt;</a>&nbsp;&nbsp;&nbsp;LCD_SetColor
<LI><a href="#[20e]">&gt;&gt;</a>&nbsp;&nbsp;&nbsp;GUI_ALLOC_UnlockH
<LI><a href="#[20d]">&gt;&gt;</a>&nbsp;&nbsp;&nbsp;GUI_ALLOC_LockH
<LI><a href="#[4a7]">&gt;&gt;</a>&nbsp;&nbsp;&nbsp;WIDGET__DrawTriangle
<LI><a href="#[4e4]">&gt;&gt;</a>&nbsp;&nbsp;&nbsp;WIDGET__GetClientRect
<LI><a href="#[4e2]">&gt;&gt;</a>&nbsp;&nbsp;&nbsp;WIDGET__FillRectEx
<LI><a href="#[4e1]">&gt;&gt;</a>&nbsp;&nbsp;&nbsp;WIDGET__EFFECT_DrawUpRect
</UL>
<BR>[Address Reference Count : 1]<UL><LI> scrollbar_skinclassic.o(.constdata)
</UL>
<P><STRONG><a name="[607]"></a>_dadd1</STRONG> (Thumb, 0 bytes, Stack size 0 bytes, daddsub_clz.o(x$fpl$dadd), UNUSED)
<BR><BR>[Called By]<UL><LI><a href="#[608]">&gt;&gt;</a>&nbsp;&nbsp;&nbsp;_dsub
<LI><a href="#[606]">&gt;&gt;</a>&nbsp;&nbsp;&nbsp;_drsb
</UL>

<P><STRONG><a name="[5fd]"></a>_dsub1</STRONG> (Thumb, 0 bytes, Stack size 0 bytes, daddsub_clz.o(x$fpl$dsub), UNUSED)
<BR><BR>[Called By]<UL><LI><a href="#[606]">&gt;&gt;</a>&nbsp;&nbsp;&nbsp;_drsb
<LI><a href="#[5fc]">&gt;&gt;</a>&nbsp;&nbsp;&nbsp;_dadd
</UL>

<P><STRONG><a name="[8e]"></a>_printf_input_char</STRONG> (Thumb, 10 bytes, Stack size 0 bytes, _printf_char_common.o(.text))
<BR>[Address Reference Count : 1]<UL><LI> _printf_char_common.o(.text)
</UL><P>
<H3>
Undefined Global Symbols
</H3><HR></body></html>
